<!doctype html public "-//w3c//dtd html 4.0 transitional//en">
<html><head>
<title>Static Call Graph - [.\Objects\prj.axf]</title></head>
<body><HR>
<H1>Static Call Graph for image .\Objects\prj.axf</H1><HR>
<BR><P>#&#060CALLGRAPH&#062# ARM Linker, 6160001: Last Updated: Wed Jul 27 21:52:42 2022
<BR><P>
<H3>Maximum Stack Usage =        384 bytes + Unknown(Functions without stacksize, Cycles, Untraceable Function Pointers)</H3><H3>
Call chain for Maximum Stack Depth:</H3>
app &rArr; gcodeRun &rArr; gMachine &rArr; G1 &rArr; __2printf &rArr; _printf_char_file &rArr; _printf_char_common &rArr; __printf
<P>
<H3>
Functions with no stack information
</H3><UL>
 <LI><a href="#[da]">__user_initial_stackheap</a>
</UL>
</UL>
<P>
<H3>
Mutually Recursive functions
</H3> <LI><a href="#[153]">os_error</a>&nbsp;&nbsp;&nbsp;&rArr;&nbsp;&nbsp;&nbsp;<a href="#[153]">os_error</a><BR>
 <LI><a href="#[2d]">rt_alloc_box</a>&nbsp;&nbsp;&nbsp;&rArr;&nbsp;&nbsp;&nbsp;<a href="#[2d]">rt_alloc_box</a><BR>
 <LI><a href="#[1]">NMI_Handler</a>&nbsp;&nbsp;&nbsp;&rArr;&nbsp;&nbsp;&nbsp;<a href="#[1]">NMI_Handler</a><BR>
 <LI><a href="#[2]">HardFault_Handler</a>&nbsp;&nbsp;&nbsp;&rArr;&nbsp;&nbsp;&nbsp;<a href="#[2]">HardFault_Handler</a><BR>
 <LI><a href="#[3]">MemManage_Handler</a>&nbsp;&nbsp;&nbsp;&rArr;&nbsp;&nbsp;&nbsp;<a href="#[3]">MemManage_Handler</a><BR>
 <LI><a href="#[4]">BusFault_Handler</a>&nbsp;&nbsp;&nbsp;&rArr;&nbsp;&nbsp;&nbsp;<a href="#[4]">BusFault_Handler</a><BR>
 <LI><a href="#[5]">UsageFault_Handler</a>&nbsp;&nbsp;&nbsp;&rArr;&nbsp;&nbsp;&nbsp;<a href="#[5]">UsageFault_Handler</a><BR>
 <LI><a href="#[7]">DebugMon_Handler</a>&nbsp;&nbsp;&nbsp;&rArr;&nbsp;&nbsp;&nbsp;<a href="#[7]">DebugMon_Handler</a><BR>
 <LI><a href="#[20]">ADC_IRQHandler</a>&nbsp;&nbsp;&nbsp;&rArr;&nbsp;&nbsp;&nbsp;<a href="#[20]">ADC_IRQHandler</a><BR>
 <LI><a href="#[43]">os_idle_demon</a>&nbsp;&nbsp;&nbsp;&rArr;&nbsp;&nbsp;&nbsp;<a href="#[43]">os_idle_demon</a><BR>
</UL>
<P>
<H3>
Function Pointers
</H3><UL>
 <LI><a href="#[20]">ADC_IRQHandler</a> from startup_lpc17xx.o(.text) referenced from startup_lpc17xx.o(RESET)
 <LI><a href="#[21]">BOD_IRQHandler</a> from startup_lpc17xx.o(.text) referenced from startup_lpc17xx.o(RESET)
 <LI><a href="#[4]">BusFault_Handler</a> from startup_lpc17xx.o(.text) referenced from startup_lpc17xx.o(RESET)
 <LI><a href="#[2c]">CANActivity_IRQHandler</a> from startup_lpc17xx.o(.text) referenced from startup_lpc17xx.o(RESET)
 <LI><a href="#[23]">CAN_IRQHandler</a> from startup_lpc17xx.o(.text) referenced from startup_lpc17xx.o(RESET)
 <LI><a href="#[24]">DMA_IRQHandler</a> from startup_lpc17xx.o(.text) referenced from startup_lpc17xx.o(RESET)
 <LI><a href="#[7]">DebugMon_Handler</a> from startup_lpc17xx.o(.text) referenced from startup_lpc17xx.o(RESET)
 <LI><a href="#[1c]">EINT0_IRQHandler</a> from startup_lpc17xx.o(.text) referenced from startup_lpc17xx.o(RESET)
 <LI><a href="#[1d]">EINT1_IRQHandler</a> from startup_lpc17xx.o(.text) referenced from startup_lpc17xx.o(RESET)
 <LI><a href="#[1e]">EINT2_IRQHandler</a> from startup_lpc17xx.o(.text) referenced from startup_lpc17xx.o(RESET)
 <LI><a href="#[1f]">EINT3_IRQHandler</a> from startup_lpc17xx.o(.text) referenced from startup_lpc17xx.o(RESET)
 <LI><a href="#[26]">ENET_IRQHandler</a> from startup_lpc17xx.o(.text) referenced from startup_lpc17xx.o(RESET)
 <LI><a href="#[2]">HardFault_Handler</a> from startup_lpc17xx.o(.text) referenced from startup_lpc17xx.o(RESET)
 <LI><a href="#[14]">I2C0_IRQHandler</a> from startup_lpc17xx.o(.text) referenced from startup_lpc17xx.o(RESET)
 <LI><a href="#[15]">I2C1_IRQHandler</a> from startup_lpc17xx.o(.text) referenced from startup_lpc17xx.o(RESET)
 <LI><a href="#[16]">I2C2_IRQHandler</a> from startup_lpc17xx.o(.text) referenced from startup_lpc17xx.o(RESET)
 <LI><a href="#[25]">I2S_IRQHandler</a> from startup_lpc17xx.o(.text) referenced from startup_lpc17xx.o(RESET)
 <LI><a href="#[28]">MCPWM_IRQHandler</a> from startup_lpc17xx.o(.text) referenced from startup_lpc17xx.o(RESET)
 <LI><a href="#[3]">MemManage_Handler</a> from startup_lpc17xx.o(.text) referenced from startup_lpc17xx.o(RESET)
 <LI><a href="#[1]">NMI_Handler</a> from startup_lpc17xx.o(.text) referenced from startup_lpc17xx.o(RESET)
 <LI><a href="#[1a]">PLL0_IRQHandler</a> from startup_lpc17xx.o(.text) referenced from startup_lpc17xx.o(RESET)
 <LI><a href="#[2a]">PLL1_IRQHandler</a> from startup_lpc17xx.o(.text) referenced from startup_lpc17xx.o(RESET)
 <LI><a href="#[13]">PWM1_IRQHandler</a> from startup_lpc17xx.o(.text) referenced from startup_lpc17xx.o(RESET)
 <LI><a href="#[8]">PendSV_Handler</a> from hal_cm3.o(.emb_text) referenced from startup_lpc17xx.o(RESET)
 <LI><a href="#[29]">QEI_IRQHandler</a> from startup_lpc17xx.o(.text) referenced from startup_lpc17xx.o(RESET)
 <LI><a href="#[27]">RIT_IRQHandler</a> from startup_lpc17xx.o(.text) referenced from startup_lpc17xx.o(RESET)
 <LI><a href="#[1b]">RTC_IRQHandler</a> from startup_lpc17xx.o(.text) referenced from startup_lpc17xx.o(RESET)
 <LI><a href="#[0]">Reset_Handler</a> from startup_lpc17xx.o(.text) referenced from startup_lpc17xx.o(RESET)
 <LI><a href="#[17]">SPI_IRQHandler</a> from startup_lpc17xx.o(.text) referenced from startup_lpc17xx.o(RESET)
 <LI><a href="#[18]">SSP0_IRQHandler</a> from startup_lpc17xx.o(.text) referenced from startup_lpc17xx.o(RESET)
 <LI><a href="#[19]">SSP1_IRQHandler</a> from startup_lpc17xx.o(.text) referenced from startup_lpc17xx.o(RESET)
 <LI><a href="#[6]">SVC_Handler</a> from hal_cm3.o(.emb_text) referenced from startup_lpc17xx.o(RESET)
 <LI><a href="#[9]">SysTick_Handler</a> from hal_cm3.o(.emb_text) referenced from startup_lpc17xx.o(RESET)
 <LI><a href="#[2f]">SystemInit</a> from system_lpc17xx.o(.text.SystemInit) referenced from startup_lpc17xx.o(.text)
 <LI><a href="#[b]">TIMER0_IRQHandler</a> from gcmd.o(.text.TIMER0_IRQHandler) referenced from startup_lpc17xx.o(RESET)
 <LI><a href="#[c]">TIMER1_IRQHandler</a> from servo.o(.text.TIMER1_IRQHandler) referenced from startup_lpc17xx.o(RESET)
 <LI><a href="#[d]">TIMER2_IRQHandler</a> from startup_lpc17xx.o(.text) referenced from startup_lpc17xx.o(RESET)
 <LI><a href="#[e]">TIMER3_IRQHandler</a> from startup_lpc17xx.o(.text) referenced from startup_lpc17xx.o(RESET)
 <LI><a href="#[f]">UART0_IRQHandler</a> from startup_lpc17xx.o(.text) referenced from startup_lpc17xx.o(RESET)
 <LI><a href="#[10]">UART1_IRQHandler</a> from startup_lpc17xx.o(.text) referenced from startup_lpc17xx.o(RESET)
 <LI><a href="#[11]">UART2_IRQHandler</a> from startup_lpc17xx.o(.text) referenced from startup_lpc17xx.o(RESET)
 <LI><a href="#[12]">UART3_IRQHandler</a> from startup_lpc17xx.o(.text) referenced from startup_lpc17xx.o(RESET)
 <LI><a href="#[2b]">USBActivity_IRQHandler</a> from startup_lpc17xx.o(.text) referenced from startup_lpc17xx.o(RESET)
 <LI><a href="#[86]">USBD0_Core_Thread</a> from usbd_lib_core.o(i.USBD0_Core_Thread) referenced from usbd_config_0.o(.rodata.os_thread_def_USBD0_Core_Thread)
 <LI><a href="#[8c]">USBD0_SignalDeviceEvent</a> from usbd_config_0.o(.text.USBD0_SignalDeviceEvent) referenced from usbd_config_0.o(.rodata.usbd_cb_device_event_ptr)
 <LI><a href="#[8d]">USBD0_SignalEndpointEvent</a> from usbd_config_0.o(.text.USBD0_SignalEndpointEvent) referenced from usbd_config_0.o(.rodata.usbd_cb_endpoint_event_ptr)
 <LI><a href="#[57]">USBD_CDC0_ACM_DataReceived</a> from usbd_user_cdc_acm_0.o(.text.USBD_CDC0_ACM_DataReceived) referenced from usbd_config_0.o(.rodata.fpUSBD_CDC_ACM_DataReceived)
 <LI><a href="#[58]">USBD_CDC0_ACM_DataSent</a> from usbd_user_cdc_acm_0.o(.text.USBD_CDC0_ACM_DataSent) referenced from usbd_config_0.o(.rodata.fpUSBD_CDC_ACM_DataSent)
 <LI><a href="#[59]">USBD_CDC0_ACM_GetEncapsulatedResponse</a> from usbd_user_cdc_acm_0.o(.text.USBD_CDC0_ACM_GetEncapsulatedResponse) referenced from usbd_config_0.o(.rodata.fpUSBD_CDC_ACM_GetEncapsulatedResponse)
 <LI><a href="#[5a]">USBD_CDC0_ACM_GetLineCoding</a> from usbd_user_cdc_acm_0.o(.text.USBD_CDC0_ACM_GetLineCoding) referenced from usbd_config_0.o(.rodata.fpUSBD_CDC_ACM_GetLineCoding)
 <LI><a href="#[5b]">USBD_CDC0_ACM_Initialize</a> from usbd_user_cdc_acm_0.o(.text.USBD_CDC0_ACM_Initialize) referenced from usbd_config_0.o(.rodata.fpUSBD_CDC_ACM_Initialize)
 <LI><a href="#[5c]">USBD_CDC0_ACM_Reset</a> from usbd_user_cdc_acm_0.o(.text.USBD_CDC0_ACM_Reset) referenced from usbd_config_0.o(.rodata.fpUSBD_CDC_ACM_Reset)
 <LI><a href="#[5d]">USBD_CDC0_ACM_SendEncapsulatedCommand</a> from usbd_user_cdc_acm_0.o(.text.USBD_CDC0_ACM_SendEncapsulatedCommand) referenced from usbd_config_0.o(.rodata.fpUSBD_CDC_ACM_SendEncapsulatedCommand)
 <LI><a href="#[5e]">USBD_CDC0_ACM_SetControlLineState</a> from usbd_user_cdc_acm_0.o(.text.USBD_CDC0_ACM_SetControlLineState) referenced from usbd_config_0.o(.rodata.fpUSBD_CDC_ACM_SetControlLineState)
 <LI><a href="#[5f]">USBD_CDC0_ACM_SetLineCoding</a> from usbd_user_cdc_acm_0.o(.text.USBD_CDC0_ACM_SetLineCoding) referenced from usbd_config_0.o(.rodata.fpUSBD_CDC_ACM_SetLineCoding)
 <LI><a href="#[60]">USBD_CDC0_ACM_Uninitialize</a> from usbd_user_cdc_acm_0.o(.text.USBD_CDC0_ACM_Uninitialize) referenced from usbd_config_0.o(.rodata.fpUSBD_CDC_ACM_Uninitialize)
 <LI><a href="#[87]">USBD_CDC0_Bulk_Thread</a> from usbd_lib_cdc.o(i.USBD_CDC0_Bulk_Thread) referenced from usbd_config_0.o(.rodata.os_thread_def_USBD_CDC0_Bulk_Thread)
 <LI><a href="#[88]">USBD_CDC0_Int_Thread</a> from usbd_lib_cdc.o(i.USBD_CDC0_Int_Thread) referenced from usbd_config_0.o(.rodata.os_thread_def_USBD_CDC0_Int_Thread)
 <LI><a href="#[61]">USBD_CDC0_NCM_GetCrcMode</a> from usbd_config_0.o(.text.USBD_CDC0_NCM_GetCrcMode) referenced from usbd_config_0.o(.rodata.fpUSBD_CDC_NCM_GetCrcMode)
 <LI><a href="#[62]">USBD_CDC0_NCM_GetEthernetPowerManagementPatternFilter</a> from usbd_config_0.o(.text.USBD_CDC0_NCM_GetEthernetPowerManagementPatternFilter) referenced from usbd_config_0.o(.rodata.fpUSBD_CDC_NCM_GetEthernetPowerManagementPatternFilter)
 <LI><a href="#[63]">USBD_CDC0_NCM_GetEthernetStatistic</a> from usbd_config_0.o(.text.USBD_CDC0_NCM_GetEthernetStatistic) referenced from usbd_config_0.o(.rodata.fpUSBD_CDC_NCM_GetEthernetStatistic)
 <LI><a href="#[64]">USBD_CDC0_NCM_GetMaxDatagramSize</a> from usbd_config_0.o(.text.USBD_CDC0_NCM_GetMaxDatagramSize) referenced from usbd_config_0.o(.rodata.fpUSBD_CDC_NCM_GetMaxDatagramSize)
 <LI><a href="#[65]">USBD_CDC0_NCM_GetNetAddress</a> from usbd_config_0.o(.text.USBD_CDC0_NCM_GetNetAddress) referenced from usbd_config_0.o(.rodata.fpUSBD_CDC_NCM_GetNetAddress)
 <LI><a href="#[66]">USBD_CDC0_NCM_GetNtbFormat</a> from usbd_config_0.o(.text.USBD_CDC0_NCM_GetNtbFormat) referenced from usbd_config_0.o(.rodata.fpUSBD_CDC_NCM_GetNtbFormat)
 <LI><a href="#[67]">USBD_CDC0_NCM_GetNtbInputSize</a> from usbd_config_0.o(.text.USBD_CDC0_NCM_GetNtbInputSize) referenced from usbd_config_0.o(.rodata.fpUSBD_CDC_NCM_GetNtbInputSize)
 <LI><a href="#[68]">USBD_CDC0_NCM_GetNtbParameters</a> from usbd_config_0.o(.text.USBD_CDC0_NCM_GetNtbParameters) referenced from usbd_config_0.o(.rodata.fpUSBD_CDC_NCM_GetNtbParameters)
 <LI><a href="#[69]">USBD_CDC0_NCM_Initialize</a> from usbd_config_0.o(.text.USBD_CDC0_NCM_Initialize) referenced from usbd_config_0.o(.rodata.fpUSBD_CDC_NCM_Initialize)
 <LI><a href="#[6a]">USBD_CDC0_NCM_NTB_IN_Sent</a> from usbd_config_0.o(.text.USBD_CDC0_NCM_NTB_IN_Sent) referenced from usbd_config_0.o(.rodata.fpUSBD_CDC_NCM_NTB_IN_Sent)
 <LI><a href="#[6b]">USBD_CDC0_NCM_NTB_OUT_Received</a> from usbd_config_0.o(.text.USBD_CDC0_NCM_NTB_OUT_Received) referenced from usbd_config_0.o(.rodata.fpUSBD_CDC_NCM_NTB_OUT_Received)
 <LI><a href="#[6c]">USBD_CDC0_NCM_Reset</a> from usbd_config_0.o(.text.USBD_CDC0_NCM_Reset) referenced from usbd_config_0.o(.rodata.fpUSBD_CDC_NCM_Reset)
 <LI><a href="#[6d]">USBD_CDC0_NCM_SetCrcMode</a> from usbd_config_0.o(.text.USBD_CDC0_NCM_SetCrcMode) referenced from usbd_config_0.o(.rodata.fpUSBD_CDC_NCM_SetCrcMode)
 <LI><a href="#[6e]">USBD_CDC0_NCM_SetEthernetMulticastFilters</a> from usbd_config_0.o(.text.USBD_CDC0_NCM_SetEthernetMulticastFilters) referenced from usbd_config_0.o(.rodata.fpUSBD_CDC_NCM_SetEthernetMulticastFilters)
 <LI><a href="#[6f]">USBD_CDC0_NCM_SetEthernetPacketFilter</a> from usbd_config_0.o(.text.USBD_CDC0_NCM_SetEthernetPacketFilter) referenced from usbd_config_0.o(.rodata.fpUSBD_CDC_NCM_SetEthernetPacketFilter)
 <LI><a href="#[70]">USBD_CDC0_NCM_SetEthernetPowerManagementPatternFilter</a> from usbd_config_0.o(.text.USBD_CDC0_NCM_SetEthernetPowerManagementPatternFilter) referenced from usbd_config_0.o(.rodata.fpUSBD_CDC_NCM_SetEthernetPowerManagementPatternFilter)
 <LI><a href="#[71]">USBD_CDC0_NCM_SetMaxDatagramSize</a> from usbd_config_0.o(.text.USBD_CDC0_NCM_SetMaxDatagramSize) referenced from usbd_config_0.o(.rodata.fpUSBD_CDC_NCM_SetMaxDatagramSize)
 <LI><a href="#[72]">USBD_CDC0_NCM_SetNetAddress</a> from usbd_config_0.o(.text.USBD_CDC0_NCM_SetNetAddress) referenced from usbd_config_0.o(.rodata.fpUSBD_CDC_NCM_SetNetAddress)
 <LI><a href="#[73]">USBD_CDC0_NCM_SetNtbFormat</a> from usbd_config_0.o(.text.USBD_CDC0_NCM_SetNtbFormat) referenced from usbd_config_0.o(.rodata.fpUSBD_CDC_NCM_SetNtbFormat)
 <LI><a href="#[74]">USBD_CDC0_NCM_SetNtbInputSize</a> from usbd_config_0.o(.text.USBD_CDC0_NCM_SetNtbInputSize) referenced from usbd_config_0.o(.rodata.fpUSBD_CDC_NCM_SetNtbInputSize)
 <LI><a href="#[75]">USBD_CDC0_NCM_Start</a> from usbd_config_0.o(.text.USBD_CDC0_NCM_Start) referenced from usbd_config_0.o(.rodata.fpUSBD_CDC_NCM_Start)
 <LI><a href="#[76]">USBD_CDC0_NCM_Stop</a> from usbd_config_0.o(.text.USBD_CDC0_NCM_Stop) referenced from usbd_config_0.o(.rodata.fpUSBD_CDC_NCM_Stop)
 <LI><a href="#[77]">USBD_CDC0_NCM_Uninitialize</a> from usbd_config_0.o(.text.USBD_CDC0_NCM_Uninitialize) referenced from usbd_config_0.o(.rodata.fpUSBD_CDC_NCM_Uninitialize)
 <LI><a href="#[78]">USBD_Device0_ConfigurationChanged</a> from usbd_config_0.o(.text.USBD_Device0_ConfigurationChanged) referenced from usbd_config_0.o(.rodata.fpUSBD_Device_ConfigurationChanged)
 <LI><a href="#[79]">USBD_Device0_DisableRemoteWakeup</a> from usbd_config_0.o(.text.USBD_Device0_DisableRemoteWakeup) referenced from usbd_config_0.o(.rodata.fpUSBD_Device_DisableRemoteWakeup)
 <LI><a href="#[7a]">USBD_Device0_EnableRemoteWakeup</a> from usbd_config_0.o(.text.USBD_Device0_EnableRemoteWakeup) referenced from usbd_config_0.o(.rodata.fpUSBD_Device_EnableRemoteWakeup)
 <LI><a href="#[7b]">USBD_Device0_Endpoint0_InDataSent</a> from usbd_config_0.o(.text.USBD_Device0_Endpoint0_InDataSent) referenced from usbd_config_0.o(.rodata.fpUSBD_Device_Endpoint0_InDataSent)
 <LI><a href="#[7c]">USBD_Device0_Endpoint0_OutDataReceived</a> from usbd_config_0.o(.text.USBD_Device0_Endpoint0_OutDataReceived) referenced from usbd_config_0.o(.rodata.fpUSBD_Device_Endpoint0_OutDataReceived)
 <LI><a href="#[7d]">USBD_Device0_Endpoint0_SetupPacketProcessed</a> from usbd_config_0.o(.text.USBD_Device0_Endpoint0_SetupPacketProcessed) referenced from usbd_config_0.o(.rodata.fpUSBD_Device_Endpoint0_SetupPacketProcessed)
 <LI><a href="#[7e]">USBD_Device0_Endpoint0_SetupPacketReceived</a> from usbd_config_0.o(.text.USBD_Device0_Endpoint0_SetupPacketReceived) referenced from usbd_config_0.o(.rodata.fpUSBD_Device_Endpoint0_SetupPacketReceived)
 <LI><a href="#[7f]">USBD_Device0_HighSpeedActivated</a> from usbd_config_0.o(.text.USBD_Device0_HighSpeedActivated) referenced from usbd_config_0.o(.rodata.fpUSBD_Device_HighSpeedActivated)
 <LI><a href="#[80]">USBD_Device0_Initialize</a> from usbd_config_0.o(.text.USBD_Device0_Initialize) referenced from usbd_config_0.o(.rodata.fpUSBD_Device_Initialize)
 <LI><a href="#[81]">USBD_Device0_Reset</a> from usbd_config_0.o(.text.USBD_Device0_Reset) referenced from usbd_config_0.o(.rodata.fpUSBD_Device_Reset)
 <LI><a href="#[82]">USBD_Device0_Resumed</a> from usbd_config_0.o(.text.USBD_Device0_Resumed) referenced from usbd_config_0.o(.rodata.fpUSBD_Device_Resumed)
 <LI><a href="#[83]">USBD_Device0_Suspended</a> from usbd_config_0.o(.text.USBD_Device0_Suspended) referenced from usbd_config_0.o(.rodata.fpUSBD_Device_Suspended)
 <LI><a href="#[84]">USBD_Device0_Uninitialize</a> from usbd_config_0.o(.text.USBD_Device0_Uninitialize) referenced from usbd_config_0.o(.rodata.fpUSBD_Device_Uninitialize)
 <LI><a href="#[85]">USBD_Device0_VbusChanged</a> from usbd_config_0.o(.text.USBD_Device0_VbusChanged) referenced from usbd_config_0.o(.rodata.fpUSBD_Device_VbusChanged)
 <LI><a href="#[4a]">USBD_DeviceConnect</a> from usbd_lpc17xx.o(.text.USBD_DeviceConnect) referenced from usbd_lpc17xx.o(.rodata.Driver_USBD0)
 <LI><a href="#[4b]">USBD_DeviceDisconnect</a> from usbd_lpc17xx.o(.text.USBD_DeviceDisconnect) referenced from usbd_lpc17xx.o(.rodata.Driver_USBD0)
 <LI><a href="#[4c]">USBD_DeviceGetState</a> from usbd_lpc17xx.o(.text.USBD_DeviceGetState) referenced from usbd_lpc17xx.o(.rodata.Driver_USBD0)
 <LI><a href="#[4d]">USBD_DeviceRemoteWakeup</a> from usbd_lpc17xx.o(.text.USBD_DeviceRemoteWakeup) referenced from usbd_lpc17xx.o(.rodata.Driver_USBD0)
 <LI><a href="#[4e]">USBD_DeviceSetAddress</a> from usbd_lpc17xx.o(.text.USBD_DeviceSetAddress) referenced from usbd_lpc17xx.o(.rodata.Driver_USBD0)
 <LI><a href="#[50]">USBD_EndpointConfigure</a> from usbd_lpc17xx.o(.text.USBD_EndpointConfigure) referenced from usbd_lpc17xx.o(.rodata.Driver_USBD0)
 <LI><a href="#[52]">USBD_EndpointStall</a> from usbd_lpc17xx.o(.text.USBD_EndpointStall) referenced from usbd_lpc17xx.o(.rodata.Driver_USBD0)
 <LI><a href="#[53]">USBD_EndpointTransfer</a> from usbd_lpc17xx.o(.text.USBD_EndpointTransfer) referenced from usbd_lpc17xx.o(.rodata.Driver_USBD0)
 <LI><a href="#[55]">USBD_EndpointTransferAbort</a> from usbd_lpc17xx.o(.text.USBD_EndpointTransferAbort) referenced from usbd_lpc17xx.o(.rodata.Driver_USBD0)
 <LI><a href="#[54]">USBD_EndpointTransferGetResult</a> from usbd_lpc17xx.o(.text.USBD_EndpointTransferGetResult) referenced from usbd_lpc17xx.o(.rodata.Driver_USBD0)
 <LI><a href="#[51]">USBD_EndpointUnconfigure</a> from usbd_lpc17xx.o(.text.USBD_EndpointUnconfigure) referenced from usbd_lpc17xx.o(.rodata.Driver_USBD0)
 <LI><a href="#[46]">USBD_GetCapabilities</a> from usbd_lpc17xx.o(.text.USBD_GetCapabilities) referenced from usbd_lpc17xx.o(.rodata.Driver_USBD0)
 <LI><a href="#[56]">USBD_GetFrameNumber</a> from usbd_lpc17xx.o(.text.USBD_GetFrameNumber) referenced from usbd_lpc17xx.o(.rodata.Driver_USBD0)
 <LI><a href="#[45]">USBD_GetVersion</a> from usbd_lpc17xx.o(.text.USBD_GetVersion) referenced from usbd_lpc17xx.o(.rodata.Driver_USBD0)
 <LI><a href="#[47]">USBD_Initialize</a> from usbd_lpc17xx.o(.text.USBD_Initialize) referenced from usbd_lpc17xx.o(.rodata.Driver_USBD0)
 <LI><a href="#[49]">USBD_PowerControl</a> from usbd_lpc17xx.o(.text.USBD_PowerControl) referenced from usbd_lpc17xx.o(.rodata.Driver_USBD0)
 <LI><a href="#[4f]">USBD_ReadSetupPacket</a> from usbd_lpc17xx.o(.text.USBD_ReadSetupPacket) referenced from usbd_lpc17xx.o(.rodata.Driver_USBD0)
 <LI><a href="#[48]">USBD_Uninitialize</a> from usbd_lpc17xx.o(.text.USBD_Uninitialize) referenced from usbd_lpc17xx.o(.rodata.Driver_USBD0)
 <LI><a href="#[22]">USB_IRQHandler</a> from otg_lpc17xx.o(.text.USB_IRQHandler) referenced from startup_lpc17xx.o(RESET)
 <LI><a href="#[5]">UsageFault_Handler</a> from startup_lpc17xx.o(.text) referenced from startup_lpc17xx.o(RESET)
 <LI><a href="#[a]">WDT_IRQHandler</a> from startup_lpc17xx.o(.text) referenced from startup_lpc17xx.o(RESET)
 <LI><a href="#[30]">__main</a> from __main.o(!!!main) referenced from startup_lpc17xx.o(.text)
 <LI><a href="#[32]">_fputc$unlocked</a> from fputc.o(i.fputc) referenced from _printf_char_file_locked.o(.text)
 <LI><a href="#[31]">_printf_input_char</a> from _printf_char_common.o(.text) referenced from _printf_char_common.o(.text)
 <LI><a href="#[89]">app</a> from app.o(.text.app) referenced from main.o(.rodata.os_thread_def_app)
 <LI><a href="#[8a]">main</a> from main.o(.text.main) referenced from rtx_conf_cm.o(.rodata.os_thread_def_main)
 <LI><a href="#[44]">osThreadExit</a> from rt_cmsis.o(i.osThreadExit) referenced from rt_cmsis.o(i.svcThreadCreate)
 <LI><a href="#[8b]">osTimerThread</a> from rt_cmsis.o(i.osTimerThread) referenced from rtx_conf_cm.o(.rodata.os_thread_def_osTimerThread)
 <LI><a href="#[43]">os_idle_demon</a> from rtx_conf_cm.o(.text.os_idle_demon) referenced from rt_task.o(i.rt_sys_init)
 <LI><a href="#[2d]">rt_alloc_box</a> from rt_membox.o(i.rt_alloc_box) referenced from hal_cm3.o(.emb_text)
 <LI><a href="#[2e]">rt_free_box</a> from rt_membox.o(i.rt_free_box) referenced from hal_cm3.o(.emb_text)
 <LI><a href="#[34]">rt_mut_release</a> from rt_mutex.o(i.rt_mut_release) referenced 2 times from rtx_conf_cm.o(.text._mutex_release)
 <LI><a href="#[33]">rt_mut_wait</a> from rt_mutex.o(i.rt_mut_wait) referenced 2 times from rtx_conf_cm.o(.text._mutex_acquire)
 <LI><a href="#[35]">svcDelay</a> from rt_cmsis.o(i.svcDelay) referenced from rt_cmsis.o(i.osDelay)
 <LI><a href="#[36]">svcKernelInitialize</a> from rt_cmsis.o(i.svcKernelInitialize) referenced from rt_cmsis.o(i.osKernelInitialize)
 <LI><a href="#[37]">svcKernelStart</a> from rt_cmsis.o(i.svcKernelStart) referenced from rt_cmsis.o(i.osKernelStart)
 <LI><a href="#[38]">svcMessageGet</a> from rt_cmsis.o(i.svcMessageGet) referenced from rt_cmsis.o(i.osMessageGet)
 <LI><a href="#[39]">svcSemaphoreCreate</a> from rt_cmsis.o(i.svcSemaphoreCreate) referenced from rt_cmsis.o(i.osSemaphoreCreate)
 <LI><a href="#[3a]">svcSemaphoreDelete</a> from rt_cmsis.o(i.svcSemaphoreDelete) referenced from rt_cmsis.o(i.osSemaphoreDelete)
 <LI><a href="#[3b]">svcSemaphoreRelease</a> from rt_cmsis.o(i.svcSemaphoreRelease) referenced from rt_cmsis.o(i.osSemaphoreRelease)
 <LI><a href="#[3c]">svcSemaphoreWait</a> from rt_cmsis.o(i.svcSemaphoreWait) referenced from rt_cmsis.o(i.osSemaphoreWait)
 <LI><a href="#[3d]">svcSignalSet</a> from rt_cmsis.o(i.svcSignalSet) referenced from rt_cmsis.o(i.osSignalSet)
 <LI><a href="#[3e]">svcSignalWait</a> from rt_cmsis.o(i.svcSignalWait) referenced from rt_cmsis.o(i.osSignalWait)
 <LI><a href="#[3f]">svcThreadCreate</a> from rt_cmsis.o(i.svcThreadCreate) referenced from rt_cmsis.o(i.osThreadCreate)
 <LI><a href="#[40]">svcThreadGetId</a> from rt_cmsis.o(i.svcThreadGetId) referenced from rt_cmsis.o(i.osThreadExit)
 <LI><a href="#[41]">svcThreadTerminate</a> from rt_cmsis.o(i.svcThreadTerminate) referenced from rt_cmsis.o(i.osThreadExit)
 <LI><a href="#[41]">svcThreadTerminate</a> from rt_cmsis.o(i.svcThreadTerminate) referenced from rt_cmsis.o(i.osThreadTerminate)
 <LI><a href="#[42]">svcTimerCall</a> from rt_cmsis.o(i.svcTimerCall) referenced from rt_cmsis.o(i.osTimerCall)
</UL>
<P>
<H3>
Global Symbols
</H3>
<P><STRONG><a name="[30]"></a>__main</STRONG> (Thumb, 8 bytes, Stack size 0 bytes, __main.o(!!!main))
<BR><BR>[Calls]<UL><LI><a href="#[91]">&gt;&gt;</a>&nbsp;&nbsp;&nbsp;__rt_entry
<LI><a href="#[90]">&gt;&gt;</a>&nbsp;&nbsp;&nbsp;__scatterload
</UL>
<BR>[Address Reference Count : 1]<UL><LI> startup_lpc17xx.o(.text)
</UL>
<P><STRONG><a name="[90]"></a>__scatterload</STRONG> (Thumb, 0 bytes, Stack size unknown bytes, __scatter.o(!!!scatter))
<BR><BR>[Called By]<UL><LI><a href="#[30]">&gt;&gt;</a>&nbsp;&nbsp;&nbsp;__main
</UL>

<P><STRONG><a name="[92]"></a>__scatterload_rt2</STRONG> (Thumb, 44 bytes, Stack size unknown bytes, __scatter.o(!!!scatter), UNUSED)
<BR><BR>[Calls]<UL><LI><a href="#[91]">&gt;&gt;</a>&nbsp;&nbsp;&nbsp;__rt_entry
</UL>

<P><STRONG><a name="[206]"></a>__scatterload_rt2_thumb_only</STRONG> (Thumb, 0 bytes, Stack size unknown bytes, __scatter.o(!!!scatter), UNUSED)

<P><STRONG><a name="[207]"></a>__scatterload_null</STRONG> (Thumb, 0 bytes, Stack size unknown bytes, __scatter.o(!!!scatter), UNUSED)

<P><STRONG><a name="[93]"></a>__scatterload_copy</STRONG> (Thumb, 26 bytes, Stack size unknown bytes, __scatter_copy.o(!!handler_copy), UNUSED)
<BR><BR>[Calls]<UL><LI><a href="#[93]">&gt;&gt;</a>&nbsp;&nbsp;&nbsp;__scatterload_copy
</UL>
<BR>[Called By]<UL><LI><a href="#[93]">&gt;&gt;</a>&nbsp;&nbsp;&nbsp;__scatterload_copy
</UL>

<P><STRONG><a name="[208]"></a>__scatterload_zeroinit</STRONG> (Thumb, 28 bytes, Stack size unknown bytes, __scatter_zi.o(!!handler_zi), UNUSED)

<P><STRONG><a name="[94]"></a>_printf_f</STRONG> (Thumb, 0 bytes, Stack size unknown bytes, _printf_f.o(.ARM.Collect$$_printf_percent$$00000003))
<BR><BR>[Stack]<UL><LI>Max Depth = 324 + Unknown Stack Size
<LI>Call Chain = _printf_f &rArr; _printf_fp_dec &rArr; _printf_fp_dec_real &rArr; _fp_digits &rArr; _btod_etento &rArr; _btod_emul &rArr; _e2e
</UL>
<BR>[Calls]<UL><LI><a href="#[95]">&gt;&gt;</a>&nbsp;&nbsp;&nbsp;_printf_fp_dec
</UL>

<P><STRONG><a name="[b8]"></a>_printf_percent</STRONG> (Thumb, 0 bytes, Stack size unknown bytes, _printf_percent.o(.ARM.Collect$$_printf_percent$$00000000))
<BR><BR>[Called By]<UL><LI><a href="#[b7]">&gt;&gt;</a>&nbsp;&nbsp;&nbsp;__printf
</UL>

<P><STRONG><a name="[96]"></a>_printf_d</STRONG> (Thumb, 0 bytes, Stack size unknown bytes, _printf_d.o(.ARM.Collect$$_printf_percent$$00000009))
<BR><BR>[Stack]<UL><LI>Max Depth = 56 + Unknown Stack Size
<LI>Call Chain = _printf_d &rArr; _printf_int_dec &rArr; _printf_int_common
</UL>
<BR>[Calls]<UL><LI><a href="#[97]">&gt;&gt;</a>&nbsp;&nbsp;&nbsp;_printf_int_dec
</UL>

<P><STRONG><a name="[98]"></a>_printf_c</STRONG> (Thumb, 0 bytes, Stack size unknown bytes, _printf_c.o(.ARM.Collect$$_printf_percent$$00000013))
<BR><BR>[Stack]<UL><LI>Max Depth = 24 + Unknown Stack Size
<LI>Call Chain = _printf_c &rArr; _printf_char &rArr; _printf_cs_common &rArr; _printf_str
</UL>
<BR>[Calls]<UL><LI><a href="#[99]">&gt;&gt;</a>&nbsp;&nbsp;&nbsp;_printf_char
</UL>

<P><STRONG><a name="[209]"></a>_printf_percent_end</STRONG> (Thumb, 0 bytes, Stack size unknown bytes, _printf_percent_end.o(.ARM.Collect$$_printf_percent$$00000017))

<P><STRONG><a name="[a7]"></a>__rt_lib_init</STRONG> (Thumb, 0 bytes, Stack size unknown bytes, libinit.o(.ARM.Collect$$libinit$$00000000))
<BR><BR>[Called By]<UL><LI><a href="#[a6]">&gt;&gt;</a>&nbsp;&nbsp;&nbsp;__rt_entry_li
</UL>

<P><STRONG><a name="[20a]"></a>__rt_lib_init_fp_1</STRONG> (Thumb, 0 bytes, Stack size unknown bytes, libinit2.o(.ARM.Collect$$libinit$$00000002))

<P><STRONG><a name="[9a]"></a>__rt_lib_init_heap_2</STRONG> (Thumb, 0 bytes, Stack size unknown bytes, libinit2.o(.ARM.Collect$$libinit$$00000005))
<BR><BR>[Stack]<UL><LI>Max Depth = 64 + Unknown Stack Size
<LI>Call Chain = __rt_lib_init_heap_2 &rArr; _init_alloc &rArr; __rt_SIGRTMEM &rArr; __rt_SIGRTMEM_inner &rArr; __default_signal_display &rArr; _ttywrch
</UL>
<BR>[Calls]<UL><LI><a href="#[9b]">&gt;&gt;</a>&nbsp;&nbsp;&nbsp;_init_alloc
</UL>

<P><STRONG><a name="[20b]"></a>__rt_lib_init_preinit_1</STRONG> (Thumb, 0 bytes, Stack size unknown bytes, libinit2.o(.ARM.Collect$$libinit$$00000004))

<P><STRONG><a name="[20c]"></a>__rt_lib_init_heap_1</STRONG> (Thumb, 0 bytes, Stack size unknown bytes, libinit2.o(.ARM.Collect$$libinit$$0000000A))

<P><STRONG><a name="[9c]"></a>__rt_lib_init_lc_common</STRONG> (Thumb, 0 bytes, Stack size unknown bytes, libinit2.o(.ARM.Collect$$libinit$$0000000F))
<BR><BR>[Stack]<UL><LI>Max Depth = 8 + Unknown Stack Size
<LI>Call Chain = __rt_lib_init_lc_common &rArr; __rt_locale
</UL>
<BR>[Calls]<UL><LI><a href="#[9d]">&gt;&gt;</a>&nbsp;&nbsp;&nbsp;__rt_locale
</UL>

<P><STRONG><a name="[20d]"></a>__rt_lib_init_rand_1</STRONG> (Thumb, 0 bytes, Stack size unknown bytes, libinit2.o(.ARM.Collect$$libinit$$0000000E))

<P><STRONG><a name="[20e]"></a>__rt_lib_init_user_alloc_1</STRONG> (Thumb, 0 bytes, Stack size unknown bytes, libinit2.o(.ARM.Collect$$libinit$$0000000C))

<P><STRONG><a name="[20f]"></a>__rt_lib_init_lc_collate_1</STRONG> (Thumb, 0 bytes, Stack size unknown bytes, libinit2.o(.ARM.Collect$$libinit$$00000011))

<P><STRONG><a name="[210]"></a>__rt_lib_init_lc_ctype_1</STRONG> (Thumb, 0 bytes, Stack size unknown bytes, libinit2.o(.ARM.Collect$$libinit$$00000013))

<P><STRONG><a name="[211]"></a>__rt_lib_init_lc_monetary_1</STRONG> (Thumb, 0 bytes, Stack size unknown bytes, libinit2.o(.ARM.Collect$$libinit$$00000015))

<P><STRONG><a name="[9e]"></a>__rt_lib_init_lc_numeric_2</STRONG> (Thumb, 0 bytes, Stack size unknown bytes, libinit2.o(.ARM.Collect$$libinit$$00000016))
<BR><BR>[Stack]<UL><LI>Max Depth = 8 + Unknown Stack Size
<LI>Call Chain = __rt_lib_init_lc_numeric_2 &rArr; _get_lc_numeric
</UL>
<BR>[Calls]<UL><LI><a href="#[9f]">&gt;&gt;</a>&nbsp;&nbsp;&nbsp;_get_lc_numeric
</UL>

<P><STRONG><a name="[212]"></a>__rt_lib_init_atexit_1</STRONG> (Thumb, 0 bytes, Stack size unknown bytes, libinit2.o(.ARM.Collect$$libinit$$0000001B))

<P><STRONG><a name="[213]"></a>__rt_lib_init_clock_1</STRONG> (Thumb, 0 bytes, Stack size unknown bytes, libinit2.o(.ARM.Collect$$libinit$$00000021))

<P><STRONG><a name="[214]"></a>__rt_lib_init_fp_trap_1</STRONG> (Thumb, 0 bytes, Stack size unknown bytes, libinit2.o(.ARM.Collect$$libinit$$0000001F))

<P><STRONG><a name="[215]"></a>__rt_lib_init_getenv_1</STRONG> (Thumb, 0 bytes, Stack size unknown bytes, libinit2.o(.ARM.Collect$$libinit$$00000023))

<P><STRONG><a name="[216]"></a>__rt_lib_init_lc_numeric_1</STRONG> (Thumb, 0 bytes, Stack size unknown bytes, libinit2.o(.ARM.Collect$$libinit$$00000017))

<P><STRONG><a name="[217]"></a>__rt_lib_init_lc_time_1</STRONG> (Thumb, 0 bytes, Stack size unknown bytes, libinit2.o(.ARM.Collect$$libinit$$00000019))

<P><STRONG><a name="[218]"></a>__rt_lib_init_signal_1</STRONG> (Thumb, 0 bytes, Stack size unknown bytes, libinit2.o(.ARM.Collect$$libinit$$0000001D))

<P><STRONG><a name="[a0]"></a>__rt_lib_init_stdio_2</STRONG> (Thumb, 0 bytes, Stack size unknown bytes, libinit2.o(.ARM.Collect$$libinit$$00000024))
<BR><BR>[Stack]<UL><LI>Max Depth = 264 + Unknown Stack Size
<LI>Call Chain = __rt_lib_init_stdio_2 &rArr; _initio &rArr; freopen &rArr; _freopen_locked &rArr; _fclose_internal &rArr; _fflush &rArr; _writebuf &rArr; _sys_write &rArr; stdout_putchar &rArr; USBD_CDC_ACM_PutChar &rArr; USBD_CDC_ACM_WriteData &rArr; USBD_ThreadFlagsSet &rArr; osSignalSet &rArr; isrSignalSet &rArr; isr_evt_set &rArr; rt_psq_enq
</UL>
<BR>[Calls]<UL><LI><a href="#[a1]">&gt;&gt;</a>&nbsp;&nbsp;&nbsp;_initio
</UL>

<P><STRONG><a name="[219]"></a>__rt_lib_init_alloca_1</STRONG> (Thumb, 0 bytes, Stack size unknown bytes, libinit2.o(.ARM.Collect$$libinit$$0000002E))

<P><STRONG><a name="[21a]"></a>__rt_lib_init_argv_1</STRONG> (Thumb, 0 bytes, Stack size unknown bytes, libinit2.o(.ARM.Collect$$libinit$$0000002C))

<P><STRONG><a name="[21b]"></a>__rt_lib_init_cpp_1</STRONG> (Thumb, 0 bytes, Stack size unknown bytes, libinit2.o(.ARM.Collect$$libinit$$00000032))

<P><STRONG><a name="[21c]"></a>__rt_lib_init_exceptions_1</STRONG> (Thumb, 0 bytes, Stack size unknown bytes, libinit2.o(.ARM.Collect$$libinit$$00000030))

<P><STRONG><a name="[21d]"></a>__rt_lib_init_return</STRONG> (Thumb, 0 bytes, Stack size unknown bytes, libinit2.o(.ARM.Collect$$libinit$$00000033))

<P><STRONG><a name="[21e]"></a>__rt_lib_init_stdio_1</STRONG> (Thumb, 0 bytes, Stack size unknown bytes, libinit2.o(.ARM.Collect$$libinit$$00000025))

<P><STRONG><a name="[ad]"></a>__rt_lib_shutdown</STRONG> (Thumb, 0 bytes, Stack size unknown bytes, libshutdown.o(.ARM.Collect$$libshutdown$$00000000))
<BR><BR>[Called By]<UL><LI><a href="#[ac]">&gt;&gt;</a>&nbsp;&nbsp;&nbsp;__rt_exit_ls
</UL>

<P><STRONG><a name="[21f]"></a>__rt_lib_shutdown_cpp_1</STRONG> (Thumb, 0 bytes, Stack size unknown bytes, libshutdown2.o(.ARM.Collect$$libshutdown$$00000002))

<P><STRONG><a name="[a2]"></a>__rt_lib_shutdown_stdio_2</STRONG> (Thumb, 0 bytes, Stack size unknown bytes, libshutdown2.o(.ARM.Collect$$libshutdown$$00000003))
<BR><BR>[Stack]<UL><LI>Max Depth = 224 + Unknown Stack Size
<LI>Call Chain = __rt_lib_shutdown_stdio_2 &rArr; _terminateio &rArr; _fclose_internal &rArr; _fflush &rArr; _writebuf &rArr; _sys_write &rArr; stdout_putchar &rArr; USBD_CDC_ACM_PutChar &rArr; USBD_CDC_ACM_WriteData &rArr; USBD_ThreadFlagsSet &rArr; osSignalSet &rArr; isrSignalSet &rArr; isr_evt_set &rArr; rt_psq_enq
</UL>
<BR>[Calls]<UL><LI><a href="#[a3]">&gt;&gt;</a>&nbsp;&nbsp;&nbsp;_terminateio
</UL>

<P><STRONG><a name="[220]"></a>__rt_lib_shutdown_fp_trap_1</STRONG> (Thumb, 0 bytes, Stack size unknown bytes, libshutdown2.o(.ARM.Collect$$libshutdown$$00000007))

<P><STRONG><a name="[221]"></a>__rt_lib_shutdown_heap_1</STRONG> (Thumb, 0 bytes, Stack size unknown bytes, libshutdown2.o(.ARM.Collect$$libshutdown$$0000000F))

<P><STRONG><a name="[222]"></a>__rt_lib_shutdown_return</STRONG> (Thumb, 0 bytes, Stack size unknown bytes, libshutdown2.o(.ARM.Collect$$libshutdown$$00000010))

<P><STRONG><a name="[223]"></a>__rt_lib_shutdown_signal_1</STRONG> (Thumb, 0 bytes, Stack size unknown bytes, libshutdown2.o(.ARM.Collect$$libshutdown$$0000000A))

<P><STRONG><a name="[224]"></a>__rt_lib_shutdown_stdio_1</STRONG> (Thumb, 0 bytes, Stack size unknown bytes, libshutdown2.o(.ARM.Collect$$libshutdown$$00000004))

<P><STRONG><a name="[225]"></a>__rt_lib_shutdown_user_alloc_1</STRONG> (Thumb, 0 bytes, Stack size unknown bytes, libshutdown2.o(.ARM.Collect$$libshutdown$$0000000C))

<P><STRONG><a name="[91]"></a>__rt_entry</STRONG> (Thumb, 0 bytes, Stack size unknown bytes, __rtentry.o(.ARM.Collect$$rtentry$$00000000))
<BR><BR>[Called By]<UL><LI><a href="#[30]">&gt;&gt;</a>&nbsp;&nbsp;&nbsp;__main
<LI><a href="#[92]">&gt;&gt;</a>&nbsp;&nbsp;&nbsp;__scatterload_rt2
</UL>

<P><STRONG><a name="[226]"></a>__rt_entry_presh_1</STRONG> (Thumb, 0 bytes, Stack size unknown bytes, __rtentry2.o(.ARM.Collect$$rtentry$$00000002))

<P><STRONG><a name="[a4]"></a>__rt_entry_sh</STRONG> (Thumb, 0 bytes, Stack size unknown bytes, __rtentry4.o(.ARM.Collect$$rtentry$$00000004))
<BR><BR>[Stack]<UL><LI>Max Depth = 8 + Unknown Stack Size
<LI>Call Chain = __rt_entry_sh &rArr; __user_setup_stackheap
</UL>
<BR>[Calls]<UL><LI><a href="#[a5]">&gt;&gt;</a>&nbsp;&nbsp;&nbsp;__user_setup_stackheap
</UL>

<P><STRONG><a name="[a6]"></a>__rt_entry_li</STRONG> (Thumb, 0 bytes, Stack size unknown bytes, __rtentry2.o(.ARM.Collect$$rtentry$$0000000A))
<BR><BR>[Calls]<UL><LI><a href="#[a7]">&gt;&gt;</a>&nbsp;&nbsp;&nbsp;__rt_lib_init
</UL>

<P><STRONG><a name="[227]"></a>__rt_entry_postsh_1</STRONG> (Thumb, 0 bytes, Stack size unknown bytes, __rtentry2.o(.ARM.Collect$$rtentry$$00000009))

<P><STRONG><a name="[a8]"></a>__rt_entry_postli_1</STRONG> (Thumb, 0 bytes, Stack size unknown bytes, __rtentry2.o(.ARM.Collect$$rtentry$$0000000B))
<BR><BR>[Stack]<UL><LI>Max Depth = 80 + Unknown Stack Size
<LI>Call Chain = __rt_entry_postli_1 &rArr; _platform_post_lib_init &rArr; osKernelInitialize &rArr; svcKernelInitialize &rArr; svcThreadCreate &rArr; rt_tsk_create &rArr; rt_init_context &rArr; rt_init_stack
</UL>
<BR>[Calls]<UL><LI><a href="#[a9]">&gt;&gt;</a>&nbsp;&nbsp;&nbsp;_platform_post_lib_init
</UL>

<P><STRONG><a name="[aa]"></a>__rt_entry_main</STRONG> (Thumb, 0 bytes, Stack size unknown bytes, __rtentry2.o(.ARM.Collect$$rtentry$$0000000D))
<BR><BR>[Stack]<UL><LI>Max Depth = 144 + Unknown Stack Size
<LI>Call Chain = __rt_entry_main &rArr; main &rArr; USBD_Initialize &rArr; USBD_ClassInitialize &rArr; USBD_CDC_Initialize &rArr; USBD_ThreadCreate &rArr; osThreadCreate &rArr; svcThreadCreate &rArr; rt_tsk_create &rArr; rt_init_context &rArr; rt_init_stack
</UL>
<BR>[Calls]<UL><LI><a href="#[8a]">&gt;&gt;</a>&nbsp;&nbsp;&nbsp;main
<LI><a href="#[ab]">&gt;&gt;</a>&nbsp;&nbsp;&nbsp;exit
</UL>

<P><STRONG><a name="[ea]"></a>__rt_exit</STRONG> (Thumb, 0 bytes, Stack size unknown bytes, rtexit.o(.ARM.Collect$$rtexit$$00000000))
<BR><BR>[Called By]<UL><LI><a href="#[ab]">&gt;&gt;</a>&nbsp;&nbsp;&nbsp;exit
</UL>

<P><STRONG><a name="[ac]"></a>__rt_exit_ls</STRONG> (Thumb, 0 bytes, Stack size unknown bytes, rtexit2.o(.ARM.Collect$$rtexit$$00000003))
<BR><BR>[Calls]<UL><LI><a href="#[ad]">&gt;&gt;</a>&nbsp;&nbsp;&nbsp;__rt_lib_shutdown
</UL>

<P><STRONG><a name="[228]"></a>__rt_exit_prels_1</STRONG> (Thumb, 0 bytes, Stack size unknown bytes, rtexit2.o(.ARM.Collect$$rtexit$$00000002))

<P><STRONG><a name="[ae]"></a>__rt_exit_exit</STRONG> (Thumb, 0 bytes, Stack size unknown bytes, rtexit2.o(.ARM.Collect$$rtexit$$00000004))
<BR><BR>[Calls]<UL><LI><a href="#[af]">&gt;&gt;</a>&nbsp;&nbsp;&nbsp;_sys_exit
</UL>

<P><STRONG><a name="[229]"></a>rt_set_PSP</STRONG> (Thumb, 6 bytes, Stack size 0 bytes, hal_cm3.o(.emb_text), UNUSED)

<P><STRONG><a name="[1e9]"></a>rt_get_PSP</STRONG> (Thumb, 6 bytes, Stack size 0 bytes, hal_cm3.o(.emb_text))
<BR><BR>[Called By]<UL><LI><a href="#[1e8]">&gt;&gt;</a>&nbsp;&nbsp;&nbsp;rt_tsk_delete
</UL>

<P><STRONG><a name="[22a]"></a>os_set_env</STRONG> (Thumb, 24 bytes, Stack size 0 bytes, hal_cm3.o(.emb_text), UNUSED)

<P><STRONG><a name="[22b]"></a>_alloc_box</STRONG> (Thumb, 28 bytes, Stack size 0 bytes, hal_cm3.o(.emb_text), UNUSED)

<P><STRONG><a name="[22c]"></a>_free_box</STRONG> (Thumb, 28 bytes, Stack size 0 bytes, hal_cm3.o(.emb_text), UNUSED)

<P><STRONG><a name="[6]"></a>SVC_Handler</STRONG> (Thumb, 108 bytes, Stack size 0 bytes, hal_cm3.o(.emb_text))
<BR><BR>[Calls]<UL><LI><a href="#[b0]">&gt;&gt;</a>&nbsp;&nbsp;&nbsp;rt_stk_check
</UL>
<BR>[Address Reference Count : 1]<UL><LI> startup_lpc17xx.o(RESET)
</UL>
<P><STRONG><a name="[8]"></a>PendSV_Handler</STRONG> (Thumb, 56 bytes, Stack size 0 bytes, hal_cm3.o(.emb_text))
<BR><BR>[Stack]<UL><LI>Max Depth = 52<LI>Call Chain = PendSV_Handler &rArr; rt_pop_req &rArr; rt_mbx_psh &rArr; rt_put_prio
</UL>
<BR>[Calls]<UL><LI><a href="#[b0]">&gt;&gt;</a>&nbsp;&nbsp;&nbsp;rt_stk_check
<LI><a href="#[b1]">&gt;&gt;</a>&nbsp;&nbsp;&nbsp;rt_pop_req
</UL>
<BR>[Address Reference Count : 1]<UL><LI> startup_lpc17xx.o(RESET)
</UL>
<P><STRONG><a name="[9]"></a>SysTick_Handler</STRONG> (Thumb, 8 bytes, Stack size 0 bytes, hal_cm3.o(.emb_text))
<BR><BR>[Stack]<UL><LI>Max Depth = 72<LI>Call Chain = SysTick_Handler &rArr; rt_systick &rArr; sysTimerTick &rArr; isrMessagePut &rArr; isr_mbx_send &rArr; rt_psq_enq
</UL>
<BR>[Calls]<UL><LI><a href="#[b2]">&gt;&gt;</a>&nbsp;&nbsp;&nbsp;rt_systick
</UL>
<BR>[Address Reference Count : 1]<UL><LI> startup_lpc17xx.o(RESET)
</UL>
<P><STRONG><a name="[b3]"></a>OS_Tick_Handler</STRONG> (Thumb, 12 bytes, Stack size 0 bytes, hal_cm3.o(.emb_text), UNUSED)
<BR><BR>[Calls]<UL><LI><a href="#[b4]">&gt;&gt;</a>&nbsp;&nbsp;&nbsp;os_tick_irqack
<LI><a href="#[b2]">&gt;&gt;</a>&nbsp;&nbsp;&nbsp;rt_systick
</UL>

<P><STRONG><a name="[22d]"></a>__user_libspace</STRONG> (Thumb, 8 bytes, Stack size 0 bytes, libspace.o(.text), UNUSED)

<P><STRONG><a name="[ca]"></a>__user_perproc_libspace</STRONG> (Thumb, 0 bytes, Stack size 0 bytes, libspace.o(.text))
<BR><BR>[Called By]<UL><LI><a href="#[df]">&gt;&gt;</a>&nbsp;&nbsp;&nbsp;__rt_heap_descriptor
<LI><a href="#[a5]">&gt;&gt;</a>&nbsp;&nbsp;&nbsp;__user_setup_stackheap
<LI><a href="#[9d]">&gt;&gt;</a>&nbsp;&nbsp;&nbsp;__rt_locale
</UL>

<P><STRONG><a name="[b5]"></a>__2printf</STRONG> (Thumb, 20 bytes, Stack size 24 bytes, noretval__2printf.o(.text))
<BR><BR>[Stack]<UL><LI>Max Depth = 136 + Unknown Stack Size
<LI>Call Chain = __2printf &rArr; _printf_char_file &rArr; _printf_char_common &rArr; __printf
</UL>
<BR>[Calls]<UL><LI><a href="#[b6]">&gt;&gt;</a>&nbsp;&nbsp;&nbsp;_printf_char_file
</UL>
<BR>[Called By]<UL><LI><a href="#[105]">&gt;&gt;</a>&nbsp;&nbsp;&nbsp;G92y
<LI><a href="#[104]">&gt;&gt;</a>&nbsp;&nbsp;&nbsp;G92xy
<LI><a href="#[103]">&gt;&gt;</a>&nbsp;&nbsp;&nbsp;G92x
<LI><a href="#[100]">&gt;&gt;</a>&nbsp;&nbsp;&nbsp;G28y
<LI><a href="#[ff]">&gt;&gt;</a>&nbsp;&nbsp;&nbsp;G28xy
<LI><a href="#[fe]">&gt;&gt;</a>&nbsp;&nbsp;&nbsp;G28x
<LI><a href="#[fd]">&gt;&gt;</a>&nbsp;&nbsp;&nbsp;G28
<LI><a href="#[fc]">&gt;&gt;</a>&nbsp;&nbsp;&nbsp;G1
<LI><a href="#[f8]">&gt;&gt;</a>&nbsp;&nbsp;&nbsp;G0
<LI><a href="#[143]">&gt;&gt;</a>&nbsp;&nbsp;&nbsp;gcodeRun
</UL>

<P><STRONG><a name="[22e]"></a>__use_two_region_memory</STRONG> (Thumb, 2 bytes, Stack size 0 bytes, heapauxi.o(.text), UNUSED)

<P><STRONG><a name="[22f]"></a>__rt_heap_escrow</STRONG> (Thumb, 2 bytes, Stack size 0 bytes, heapauxi.o(.text), UNUSED)

<P><STRONG><a name="[230]"></a>__rt_heap_expand</STRONG> (Thumb, 2 bytes, Stack size 0 bytes, heapauxi.o(.text), UNUSED)

<P><STRONG><a name="[231]"></a>__I$use$semihosting</STRONG> (Thumb, 0 bytes, Stack size 0 bytes, use_no_semi.o(.text), UNUSED)

<P><STRONG><a name="[232]"></a>__use_no_semihosting_swi</STRONG> (Thumb, 2 bytes, Stack size 0 bytes, use_no_semi.o(.text), UNUSED)

<P><STRONG><a name="[233]"></a>_maybe_terminate_alloc</STRONG> (Thumb, 0 bytes, Stack size 0 bytes, maybetermalloc1.o(.text), UNUSED)

<P><STRONG><a name="[0]"></a>Reset_Handler</STRONG> (Thumb, 8 bytes, Stack size 0 bytes, startup_lpc17xx.o(.text))
<BR>[Address Reference Count : 1]<UL><LI> startup_lpc17xx.o(RESET)
</UL>
<P><STRONG><a name="[1]"></a>NMI_Handler</STRONG> (Thumb, 2 bytes, Stack size 0 bytes, startup_lpc17xx.o(.text))
<BR><BR>[Calls]<UL><LI><a href="#[1]">&gt;&gt;</a>&nbsp;&nbsp;&nbsp;NMI_Handler
</UL>
<BR>[Called By]<UL><LI><a href="#[1]">&gt;&gt;</a>&nbsp;&nbsp;&nbsp;NMI_Handler
</UL>
<BR>[Address Reference Count : 1]<UL><LI> startup_lpc17xx.o(RESET)
</UL>
<P><STRONG><a name="[2]"></a>HardFault_Handler</STRONG> (Thumb, 2 bytes, Stack size 0 bytes, startup_lpc17xx.o(.text))
<BR><BR>[Calls]<UL><LI><a href="#[2]">&gt;&gt;</a>&nbsp;&nbsp;&nbsp;HardFault_Handler
</UL>
<BR>[Called By]<UL><LI><a href="#[2]">&gt;&gt;</a>&nbsp;&nbsp;&nbsp;HardFault_Handler
</UL>
<BR>[Address Reference Count : 1]<UL><LI> startup_lpc17xx.o(RESET)
</UL>
<P><STRONG><a name="[3]"></a>MemManage_Handler</STRONG> (Thumb, 2 bytes, Stack size 0 bytes, startup_lpc17xx.o(.text))
<BR><BR>[Calls]<UL><LI><a href="#[3]">&gt;&gt;</a>&nbsp;&nbsp;&nbsp;MemManage_Handler
</UL>
<BR>[Called By]<UL><LI><a href="#[3]">&gt;&gt;</a>&nbsp;&nbsp;&nbsp;MemManage_Handler
</UL>
<BR>[Address Reference Count : 1]<UL><LI> startup_lpc17xx.o(RESET)
</UL>
<P><STRONG><a name="[4]"></a>BusFault_Handler</STRONG> (Thumb, 2 bytes, Stack size 0 bytes, startup_lpc17xx.o(.text))
<BR><BR>[Calls]<UL><LI><a href="#[4]">&gt;&gt;</a>&nbsp;&nbsp;&nbsp;BusFault_Handler
</UL>
<BR>[Called By]<UL><LI><a href="#[4]">&gt;&gt;</a>&nbsp;&nbsp;&nbsp;BusFault_Handler
</UL>
<BR>[Address Reference Count : 1]<UL><LI> startup_lpc17xx.o(RESET)
</UL>
<P><STRONG><a name="[5]"></a>UsageFault_Handler</STRONG> (Thumb, 2 bytes, Stack size 0 bytes, startup_lpc17xx.o(.text))
<BR><BR>[Calls]<UL><LI><a href="#[5]">&gt;&gt;</a>&nbsp;&nbsp;&nbsp;UsageFault_Handler
</UL>
<BR>[Called By]<UL><LI><a href="#[5]">&gt;&gt;</a>&nbsp;&nbsp;&nbsp;UsageFault_Handler
</UL>
<BR>[Address Reference Count : 1]<UL><LI> startup_lpc17xx.o(RESET)
</UL>
<P><STRONG><a name="[7]"></a>DebugMon_Handler</STRONG> (Thumb, 2 bytes, Stack size 0 bytes, startup_lpc17xx.o(.text))
<BR><BR>[Calls]<UL><LI><a href="#[7]">&gt;&gt;</a>&nbsp;&nbsp;&nbsp;DebugMon_Handler
</UL>
<BR>[Called By]<UL><LI><a href="#[7]">&gt;&gt;</a>&nbsp;&nbsp;&nbsp;DebugMon_Handler
</UL>
<BR>[Address Reference Count : 1]<UL><LI> startup_lpc17xx.o(RESET)
</UL>
<P><STRONG><a name="[20]"></a>ADC_IRQHandler</STRONG> (Thumb, 0 bytes, Stack size 0 bytes, startup_lpc17xx.o(.text))
<BR><BR>[Calls]<UL><LI><a href="#[20]">&gt;&gt;</a>&nbsp;&nbsp;&nbsp;ADC_IRQHandler
</UL>
<BR>[Called By]<UL><LI><a href="#[20]">&gt;&gt;</a>&nbsp;&nbsp;&nbsp;ADC_IRQHandler
</UL>
<BR>[Address Reference Count : 1]<UL><LI> startup_lpc17xx.o(RESET)
</UL>
<P><STRONG><a name="[21]"></a>BOD_IRQHandler</STRONG> (Thumb, 0 bytes, Stack size 0 bytes, startup_lpc17xx.o(.text))
<BR>[Address Reference Count : 1]<UL><LI> startup_lpc17xx.o(RESET)
</UL>
<P><STRONG><a name="[2c]"></a>CANActivity_IRQHandler</STRONG> (Thumb, 0 bytes, Stack size 0 bytes, startup_lpc17xx.o(.text))
<BR>[Address Reference Count : 1]<UL><LI> startup_lpc17xx.o(RESET)
</UL>
<P><STRONG><a name="[23]"></a>CAN_IRQHandler</STRONG> (Thumb, 0 bytes, Stack size 0 bytes, startup_lpc17xx.o(.text))
<BR>[Address Reference Count : 1]<UL><LI> startup_lpc17xx.o(RESET)
</UL>
<P><STRONG><a name="[24]"></a>DMA_IRQHandler</STRONG> (Thumb, 0 bytes, Stack size 0 bytes, startup_lpc17xx.o(.text))
<BR>[Address Reference Count : 1]<UL><LI> startup_lpc17xx.o(RESET)
</UL>
<P><STRONG><a name="[1c]"></a>EINT0_IRQHandler</STRONG> (Thumb, 0 bytes, Stack size 0 bytes, startup_lpc17xx.o(.text))
<BR>[Address Reference Count : 1]<UL><LI> startup_lpc17xx.o(RESET)
</UL>
<P><STRONG><a name="[1d]"></a>EINT1_IRQHandler</STRONG> (Thumb, 0 bytes, Stack size 0 bytes, startup_lpc17xx.o(.text))
<BR>[Address Reference Count : 1]<UL><LI> startup_lpc17xx.o(RESET)
</UL>
<P><STRONG><a name="[1e]"></a>EINT2_IRQHandler</STRONG> (Thumb, 0 bytes, Stack size 0 bytes, startup_lpc17xx.o(.text))
<BR>[Address Reference Count : 1]<UL><LI> startup_lpc17xx.o(RESET)
</UL>
<P><STRONG><a name="[1f]"></a>EINT3_IRQHandler</STRONG> (Thumb, 0 bytes, Stack size 0 bytes, startup_lpc17xx.o(.text))
<BR>[Address Reference Count : 1]<UL><LI> startup_lpc17xx.o(RESET)
</UL>
<P><STRONG><a name="[26]"></a>ENET_IRQHandler</STRONG> (Thumb, 0 bytes, Stack size 0 bytes, startup_lpc17xx.o(.text))
<BR>[Address Reference Count : 1]<UL><LI> startup_lpc17xx.o(RESET)
</UL>
<P><STRONG><a name="[14]"></a>I2C0_IRQHandler</STRONG> (Thumb, 0 bytes, Stack size 0 bytes, startup_lpc17xx.o(.text))
<BR>[Address Reference Count : 1]<UL><LI> startup_lpc17xx.o(RESET)
</UL>
<P><STRONG><a name="[15]"></a>I2C1_IRQHandler</STRONG> (Thumb, 0 bytes, Stack size 0 bytes, startup_lpc17xx.o(.text))
<BR>[Address Reference Count : 1]<UL><LI> startup_lpc17xx.o(RESET)
</UL>
<P><STRONG><a name="[16]"></a>I2C2_IRQHandler</STRONG> (Thumb, 0 bytes, Stack size 0 bytes, startup_lpc17xx.o(.text))
<BR>[Address Reference Count : 1]<UL><LI> startup_lpc17xx.o(RESET)
</UL>
<P><STRONG><a name="[25]"></a>I2S_IRQHandler</STRONG> (Thumb, 0 bytes, Stack size 0 bytes, startup_lpc17xx.o(.text))
<BR>[Address Reference Count : 1]<UL><LI> startup_lpc17xx.o(RESET)
</UL>
<P><STRONG><a name="[28]"></a>MCPWM_IRQHandler</STRONG> (Thumb, 0 bytes, Stack size 0 bytes, startup_lpc17xx.o(.text))
<BR>[Address Reference Count : 1]<UL><LI> startup_lpc17xx.o(RESET)
</UL>
<P><STRONG><a name="[1a]"></a>PLL0_IRQHandler</STRONG> (Thumb, 0 bytes, Stack size 0 bytes, startup_lpc17xx.o(.text))
<BR>[Address Reference Count : 1]<UL><LI> startup_lpc17xx.o(RESET)
</UL>
<P><STRONG><a name="[2a]"></a>PLL1_IRQHandler</STRONG> (Thumb, 0 bytes, Stack size 0 bytes, startup_lpc17xx.o(.text))
<BR>[Address Reference Count : 1]<UL><LI> startup_lpc17xx.o(RESET)
</UL>
<P><STRONG><a name="[13]"></a>PWM1_IRQHandler</STRONG> (Thumb, 0 bytes, Stack size 0 bytes, startup_lpc17xx.o(.text))
<BR>[Address Reference Count : 1]<UL><LI> startup_lpc17xx.o(RESET)
</UL>
<P><STRONG><a name="[29]"></a>QEI_IRQHandler</STRONG> (Thumb, 0 bytes, Stack size 0 bytes, startup_lpc17xx.o(.text))
<BR>[Address Reference Count : 1]<UL><LI> startup_lpc17xx.o(RESET)
</UL>
<P><STRONG><a name="[27]"></a>RIT_IRQHandler</STRONG> (Thumb, 0 bytes, Stack size 0 bytes, startup_lpc17xx.o(.text))
<BR>[Address Reference Count : 1]<UL><LI> startup_lpc17xx.o(RESET)
</UL>
<P><STRONG><a name="[1b]"></a>RTC_IRQHandler</STRONG> (Thumb, 0 bytes, Stack size 0 bytes, startup_lpc17xx.o(.text))
<BR>[Address Reference Count : 1]<UL><LI> startup_lpc17xx.o(RESET)
</UL>
<P><STRONG><a name="[17]"></a>SPI_IRQHandler</STRONG> (Thumb, 0 bytes, Stack size 0 bytes, startup_lpc17xx.o(.text))
<BR>[Address Reference Count : 1]<UL><LI> startup_lpc17xx.o(RESET)
</UL>
<P><STRONG><a name="[18]"></a>SSP0_IRQHandler</STRONG> (Thumb, 0 bytes, Stack size 0 bytes, startup_lpc17xx.o(.text))
<BR>[Address Reference Count : 1]<UL><LI> startup_lpc17xx.o(RESET)
</UL>
<P><STRONG><a name="[19]"></a>SSP1_IRQHandler</STRONG> (Thumb, 0 bytes, Stack size 0 bytes, startup_lpc17xx.o(.text))
<BR>[Address Reference Count : 1]<UL><LI> startup_lpc17xx.o(RESET)
</UL>
<P><STRONG><a name="[d]"></a>TIMER2_IRQHandler</STRONG> (Thumb, 0 bytes, Stack size 0 bytes, startup_lpc17xx.o(.text))
<BR>[Address Reference Count : 1]<UL><LI> startup_lpc17xx.o(RESET)
</UL>
<P><STRONG><a name="[e]"></a>TIMER3_IRQHandler</STRONG> (Thumb, 0 bytes, Stack size 0 bytes, startup_lpc17xx.o(.text))
<BR>[Address Reference Count : 1]<UL><LI> startup_lpc17xx.o(RESET)
</UL>
<P><STRONG><a name="[f]"></a>UART0_IRQHandler</STRONG> (Thumb, 0 bytes, Stack size 0 bytes, startup_lpc17xx.o(.text))
<BR>[Address Reference Count : 1]<UL><LI> startup_lpc17xx.o(RESET)
</UL>
<P><STRONG><a name="[10]"></a>UART1_IRQHandler</STRONG> (Thumb, 0 bytes, Stack size 0 bytes, startup_lpc17xx.o(.text))
<BR>[Address Reference Count : 1]<UL><LI> startup_lpc17xx.o(RESET)
</UL>
<P><STRONG><a name="[11]"></a>UART2_IRQHandler</STRONG> (Thumb, 0 bytes, Stack size 0 bytes, startup_lpc17xx.o(.text))
<BR>[Address Reference Count : 1]<UL><LI> startup_lpc17xx.o(RESET)
</UL>
<P><STRONG><a name="[12]"></a>UART3_IRQHandler</STRONG> (Thumb, 0 bytes, Stack size 0 bytes, startup_lpc17xx.o(.text))
<BR>[Address Reference Count : 1]<UL><LI> startup_lpc17xx.o(RESET)
</UL>
<P><STRONG><a name="[2b]"></a>USBActivity_IRQHandler</STRONG> (Thumb, 0 bytes, Stack size 0 bytes, startup_lpc17xx.o(.text))
<BR>[Address Reference Count : 1]<UL><LI> startup_lpc17xx.o(RESET)
</UL>
<P><STRONG><a name="[a]"></a>WDT_IRQHandler</STRONG> (Thumb, 0 bytes, Stack size 0 bytes, startup_lpc17xx.o(.text))
<BR>[Address Reference Count : 1]<UL><LI> startup_lpc17xx.o(RESET)
</UL>
<P><STRONG><a name="[da]"></a>__user_initial_stackheap</STRONG> (Thumb, 0 bytes, Stack size unknown bytes, startup_lpc17xx.o(.text))
<BR><BR>[Called By]<UL><LI><a href="#[a5]">&gt;&gt;</a>&nbsp;&nbsp;&nbsp;__user_setup_stackheap
</UL>

<P><STRONG><a name="[b7]"></a>__printf</STRONG> (Thumb, 104 bytes, Stack size 24 bytes, __printf.o(.text))
<BR><BR>[Stack]<UL><LI>Max Depth = 24 + Unknown Stack Size
<LI>Call Chain = __printf
</UL>
<BR>[Calls]<UL><LI><a href="#[b8]">&gt;&gt;</a>&nbsp;&nbsp;&nbsp;_printf_percent
</UL>
<BR>[Called By]<UL><LI><a href="#[cb]">&gt;&gt;</a>&nbsp;&nbsp;&nbsp;_printf_char_common
</UL>

<P><STRONG><a name="[c8]"></a>_printf_str</STRONG> (Thumb, 82 bytes, Stack size 16 bytes, _printf_str.o(.text))
<BR><BR>[Stack]<UL><LI>Max Depth = 16<LI>Call Chain = _printf_str
</UL>
<BR>[Called By]<UL><LI><a href="#[c7]">&gt;&gt;</a>&nbsp;&nbsp;&nbsp;_printf_cs_common
</UL>

<P><STRONG><a name="[97]"></a>_printf_int_dec</STRONG> (Thumb, 104 bytes, Stack size 24 bytes, _printf_dec.o(.text))
<BR><BR>[Stack]<UL><LI>Max Depth = 56<LI>Call Chain = _printf_int_dec &rArr; _printf_int_common
</UL>
<BR>[Calls]<UL><LI><a href="#[b9]">&gt;&gt;</a>&nbsp;&nbsp;&nbsp;_printf_int_common
</UL>
<BR>[Called By]<UL><LI><a href="#[96]">&gt;&gt;</a>&nbsp;&nbsp;&nbsp;_printf_d
</UL>

<P><STRONG><a name="[16a]"></a>__aeabi_memcpy</STRONG> (Thumb, 0 bytes, Stack size 0 bytes, rt_memcpy_v6.o(.text))
<BR><BR>[Called By]<UL><LI><a href="#[169]">&gt;&gt;</a>&nbsp;&nbsp;&nbsp;USBD_CDC_ACM_WriteData
<LI><a href="#[16b]">&gt;&gt;</a>&nbsp;&nbsp;&nbsp;USBD_CDC_EpBulkOut
<LI><a href="#[16c]">&gt;&gt;</a>&nbsp;&nbsp;&nbsp;USBD_CDC_EpBulkIn
</UL>

<P><STRONG><a name="[ba]"></a>__rt_memcpy</STRONG> (Thumb, 138 bytes, Stack size 0 bytes, rt_memcpy_v6.o(.text), UNUSED)
<BR><BR>[Calls]<UL><LI><a href="#[bb]">&gt;&gt;</a>&nbsp;&nbsp;&nbsp;__aeabi_memcpy4
</UL>

<P><STRONG><a name="[234]"></a>_memcpy_lastbytes</STRONG> (Thumb, 0 bytes, Stack size unknown bytes, rt_memcpy_v6.o(.text), UNUSED)

<P><STRONG><a name="[1af]"></a>__aeabi_memclr</STRONG> (Thumb, 0 bytes, Stack size unknown bytes, rt_memclr.o(.text))
<BR><BR>[Called By]<UL><LI><a href="#[150]">&gt;&gt;</a>&nbsp;&nbsp;&nbsp;USBD_Initialize
<LI><a href="#[182]">&gt;&gt;</a>&nbsp;&nbsp;&nbsp;USBD_ResetCore
</UL>

<P><STRONG><a name="[235]"></a>__rt_memclr</STRONG> (Thumb, 0 bytes, Stack size unknown bytes, rt_memclr.o(.text), UNUSED)

<P><STRONG><a name="[bc]"></a>_memset</STRONG> (Thumb, 64 bytes, Stack size 0 bytes, rt_memclr.o(.text), UNUSED)
<BR><BR>[Calls]<UL><LI><a href="#[bd]">&gt;&gt;</a>&nbsp;&nbsp;&nbsp;_memset_w
</UL>

<P><STRONG><a name="[d3]"></a>__aeabi_memclr4</STRONG> (Thumb, 0 bytes, Stack size unknown bytes, rt_memclr_w.o(.text))
<BR><BR>[Called By]<UL><LI><a href="#[128]">&gt;&gt;</a>&nbsp;&nbsp;&nbsp;USBD_CDC_Reset
<LI><a href="#[123]">&gt;&gt;</a>&nbsp;&nbsp;&nbsp;USBD_HW_Reset
<LI><a href="#[150]">&gt;&gt;</a>&nbsp;&nbsp;&nbsp;USBD_Initialize
<LI><a href="#[e9]">&gt;&gt;</a>&nbsp;&nbsp;&nbsp;_fopen$locked
<LI><a href="#[d8]">&gt;&gt;</a>&nbsp;&nbsp;&nbsp;_fclose_internal
<LI><a href="#[a1]">&gt;&gt;</a>&nbsp;&nbsp;&nbsp;_initio
</UL>

<P><STRONG><a name="[236]"></a>__aeabi_memclr8</STRONG> (Thumb, 0 bytes, Stack size unknown bytes, rt_memclr_w.o(.text), UNUSED)

<P><STRONG><a name="[237]"></a>__rt_memclr_w</STRONG> (Thumb, 0 bytes, Stack size unknown bytes, rt_memclr_w.o(.text), UNUSED)

<P><STRONG><a name="[bd]"></a>_memset_w</STRONG> (Thumb, 74 bytes, Stack size 4 bytes, rt_memclr_w.o(.text), UNUSED)
<BR><BR>[Called By]<UL><LI><a href="#[bc]">&gt;&gt;</a>&nbsp;&nbsp;&nbsp;_memset
</UL>

<P><STRONG><a name="[140]"></a>strcmp</STRONG> (Thumb, 128 bytes, Stack size 0 bytes, strcmpv7m.o(.text))
<BR><BR>[Called By]<UL><LI><a href="#[e7]">&gt;&gt;</a>&nbsp;&nbsp;&nbsp;_sys_open
<LI><a href="#[9f]">&gt;&gt;</a>&nbsp;&nbsp;&nbsp;_get_lc_numeric
</UL>

<P><STRONG><a name="[b9]"></a>_printf_int_common</STRONG> (Thumb, 178 bytes, Stack size 32 bytes, _printf_intcommon.o(.text))
<BR><BR>[Stack]<UL><LI>Max Depth = 32<LI>Call Chain = _printf_int_common
</UL>
<BR>[Called By]<UL><LI><a href="#[97]">&gt;&gt;</a>&nbsp;&nbsp;&nbsp;_printf_int_dec
</UL>

<P><STRONG><a name="[c4]"></a>_printf_fp_dec_real</STRONG> (Thumb, 620 bytes, Stack size 104 bytes, _printf_fp_dec.o(.text))
<BR><BR>[Stack]<UL><LI>Max Depth = 324<LI>Call Chain = _printf_fp_dec_real &rArr; _fp_digits &rArr; _btod_etento &rArr; _btod_emul &rArr; _e2e
</UL>
<BR>[Calls]<UL><LI><a href="#[c5]">&gt;&gt;</a>&nbsp;&nbsp;&nbsp;__ARM_fpclassify
<LI><a href="#[c6]">&gt;&gt;</a>&nbsp;&nbsp;&nbsp;_printf_fp_infnan
<LI><a href="#[9d]">&gt;&gt;</a>&nbsp;&nbsp;&nbsp;__rt_locale
<LI><a href="#[be]">&gt;&gt;</a>&nbsp;&nbsp;&nbsp;_fp_digits
</UL>
<BR>[Called By]<UL><LI><a href="#[95]">&gt;&gt;</a>&nbsp;&nbsp;&nbsp;_printf_fp_dec
</UL>

<P><STRONG><a name="[c7]"></a>_printf_cs_common</STRONG> (Thumb, 20 bytes, Stack size 8 bytes, _printf_char.o(.text))
<BR><BR>[Stack]<UL><LI>Max Depth = 24<LI>Call Chain = _printf_cs_common &rArr; _printf_str
</UL>
<BR>[Calls]<UL><LI><a href="#[c8]">&gt;&gt;</a>&nbsp;&nbsp;&nbsp;_printf_str
</UL>
<BR>[Called By]<UL><LI><a href="#[c9]">&gt;&gt;</a>&nbsp;&nbsp;&nbsp;_printf_string
<LI><a href="#[99]">&gt;&gt;</a>&nbsp;&nbsp;&nbsp;_printf_char
</UL>

<P><STRONG><a name="[99]"></a>_printf_char</STRONG> (Thumb, 16 bytes, Stack size 0 bytes, _printf_char.o(.text))
<BR><BR>[Stack]<UL><LI>Max Depth = 24<LI>Call Chain = _printf_char &rArr; _printf_cs_common &rArr; _printf_str
</UL>
<BR>[Calls]<UL><LI><a href="#[c7]">&gt;&gt;</a>&nbsp;&nbsp;&nbsp;_printf_cs_common
</UL>
<BR>[Called By]<UL><LI><a href="#[98]">&gt;&gt;</a>&nbsp;&nbsp;&nbsp;_printf_c
</UL>

<P><STRONG><a name="[c9]"></a>_printf_string</STRONG> (Thumb, 8 bytes, Stack size 0 bytes, _printf_char.o(.text), UNUSED)
<BR><BR>[Calls]<UL><LI><a href="#[c7]">&gt;&gt;</a>&nbsp;&nbsp;&nbsp;_printf_cs_common
</UL>

<P><STRONG><a name="[bb]"></a>__aeabi_memcpy4</STRONG> (Thumb, 0 bytes, Stack size 8 bytes, rt_memcpy_w.o(.text), UNUSED)
<BR><BR>[Called By]<UL><LI><a href="#[ba]">&gt;&gt;</a>&nbsp;&nbsp;&nbsp;__rt_memcpy
</UL>

<P><STRONG><a name="[238]"></a>__aeabi_memcpy8</STRONG> (Thumb, 0 bytes, Stack size 8 bytes, rt_memcpy_w.o(.text), UNUSED)

<P><STRONG><a name="[239]"></a>__rt_memcpy_w</STRONG> (Thumb, 100 bytes, Stack size 8 bytes, rt_memcpy_w.o(.text), UNUSED)

<P><STRONG><a name="[23a]"></a>_memcpy_lastbytes_aligned</STRONG> (Thumb, 0 bytes, Stack size unknown bytes, rt_memcpy_w.o(.text), UNUSED)

<P><STRONG><a name="[9d]"></a>__rt_locale</STRONG> (Thumb, 10 bytes, Stack size 8 bytes, rt_locale_twolibspace.o(.text))
<BR><BR>[Stack]<UL><LI>Max Depth = 8<LI>Call Chain = __rt_locale
</UL>
<BR>[Calls]<UL><LI><a href="#[ca]">&gt;&gt;</a>&nbsp;&nbsp;&nbsp;__user_perproc_libspace
</UL>
<BR>[Called By]<UL><LI><a href="#[9c]">&gt;&gt;</a>&nbsp;&nbsp;&nbsp;__rt_lib_init_lc_common
<LI><a href="#[c4]">&gt;&gt;</a>&nbsp;&nbsp;&nbsp;_printf_fp_dec_real
</UL>

<P><STRONG><a name="[c3]"></a>_ll_udiv10</STRONG> (Thumb, 138 bytes, Stack size 12 bytes, lludiv10.o(.text))
<BR><BR>[Stack]<UL><LI>Max Depth = 12<LI>Call Chain = _ll_udiv10
</UL>
<BR>[Called By]<UL><LI><a href="#[be]">&gt;&gt;</a>&nbsp;&nbsp;&nbsp;_fp_digits
</UL>

<P><STRONG><a name="[cb]"></a>_printf_char_common</STRONG> (Thumb, 32 bytes, Stack size 64 bytes, _printf_char_common.o(.text))
<BR><BR>[Stack]<UL><LI>Max Depth = 88 + Unknown Stack Size
<LI>Call Chain = _printf_char_common &rArr; __printf
</UL>
<BR>[Calls]<UL><LI><a href="#[b7]">&gt;&gt;</a>&nbsp;&nbsp;&nbsp;__printf
</UL>
<BR>[Called By]<UL><LI><a href="#[b6]">&gt;&gt;</a>&nbsp;&nbsp;&nbsp;_printf_char_file
</UL>

<P><STRONG><a name="[c6]"></a>_printf_fp_infnan</STRONG> (Thumb, 112 bytes, Stack size 24 bytes, _printf_fp_infnan.o(.text))
<BR><BR>[Stack]<UL><LI>Max Depth = 24<LI>Call Chain = _printf_fp_infnan
</UL>
<BR>[Called By]<UL><LI><a href="#[c4]">&gt;&gt;</a>&nbsp;&nbsp;&nbsp;_printf_fp_dec_real
</UL>

<P><STRONG><a name="[bf]"></a>_btod_etento</STRONG> (Thumb, 224 bytes, Stack size 72 bytes, bigflt0.o(.text))
<BR><BR>[Stack]<UL><LI>Max Depth = 124<LI>Call Chain = _btod_etento &rArr; _btod_emul &rArr; _e2e
</UL>
<BR>[Calls]<UL><LI><a href="#[c2]">&gt;&gt;</a>&nbsp;&nbsp;&nbsp;_btod_emul
<LI><a href="#[c1]">&gt;&gt;</a>&nbsp;&nbsp;&nbsp;_btod_ediv
</UL>
<BR>[Called By]<UL><LI><a href="#[be]">&gt;&gt;</a>&nbsp;&nbsp;&nbsp;_fp_digits
</UL>

<P><STRONG><a name="[cc]"></a>__flsbuf</STRONG> (Thumb, 470 bytes, Stack size 32 bytes, flsbuf.o(.text), UNUSED)
<BR><BR>[Calls]<UL><LI><a href="#[d0]">&gt;&gt;</a>&nbsp;&nbsp;&nbsp;_sys_istty
<LI><a href="#[cf]">&gt;&gt;</a>&nbsp;&nbsp;&nbsp;_sys_flen
<LI><a href="#[cd]">&gt;&gt;</a>&nbsp;&nbsp;&nbsp;_deferredlazyseek
<LI><a href="#[d2]">&gt;&gt;</a>&nbsp;&nbsp;&nbsp;_writebuf
<LI><a href="#[ce]">&gt;&gt;</a>&nbsp;&nbsp;&nbsp;_seterr
<LI><a href="#[d1]">&gt;&gt;</a>&nbsp;&nbsp;&nbsp;malloc
</UL>

<P><STRONG><a name="[1b4]"></a>__flsbuf_byte</STRONG> (Thumb, 0 bytes, Stack size 32 bytes, flsbuf.o(.text))
<BR><BR>[Stack]<UL><LI>Max Depth = 32<LI>Call Chain = __flsbuf_byte
</UL>
<BR>[Called By]<UL><LI><a href="#[32]">&gt;&gt;</a>&nbsp;&nbsp;&nbsp;_fputc$unlocked
</UL>

<P><STRONG><a name="[23b]"></a>__flsbuf_wide</STRONG> (Thumb, 0 bytes, Stack size 32 bytes, flsbuf.o(.text), UNUSED)

<P><STRONG><a name="[a1]"></a>_initio</STRONG> (Thumb, 240 bytes, Stack size 8 bytes, initio_locked.o(.text))
<BR><BR>[Stack]<UL><LI>Max Depth = 264 + Unknown Stack Size
<LI>Call Chain = _initio &rArr; freopen &rArr; _freopen_locked &rArr; _fclose_internal &rArr; _fflush &rArr; _writebuf &rArr; _sys_write &rArr; stdout_putchar &rArr; USBD_CDC_ACM_PutChar &rArr; USBD_CDC_ACM_WriteData &rArr; USBD_ThreadFlagsSet &rArr; osSignalSet &rArr; isrSignalSet &rArr; isr_evt_set &rArr; rt_psq_enq
</UL>
<BR>[Calls]<UL><LI><a href="#[d4]">&gt;&gt;</a>&nbsp;&nbsp;&nbsp;_mutex_initialize
<LI><a href="#[d3]">&gt;&gt;</a>&nbsp;&nbsp;&nbsp;__aeabi_memclr4
<LI><a href="#[d6]">&gt;&gt;</a>&nbsp;&nbsp;&nbsp;__rt_SIGRTRED
<LI><a href="#[d5]">&gt;&gt;</a>&nbsp;&nbsp;&nbsp;freopen
<LI><a href="#[d7]">&gt;&gt;</a>&nbsp;&nbsp;&nbsp;setvbuf
</UL>
<BR>[Called By]<UL><LI><a href="#[a0]">&gt;&gt;</a>&nbsp;&nbsp;&nbsp;__rt_lib_init_stdio_2
</UL>

<P><STRONG><a name="[a3]"></a>_terminateio</STRONG> (Thumb, 168 bytes, Stack size 24 bytes, initio_locked.o(.text))
<BR><BR>[Stack]<UL><LI>Max Depth = 224 + Unknown Stack Size
<LI>Call Chain = _terminateio &rArr; _fclose_internal &rArr; _fflush &rArr; _writebuf &rArr; _sys_write &rArr; stdout_putchar &rArr; USBD_CDC_ACM_PutChar &rArr; USBD_CDC_ACM_WriteData &rArr; USBD_ThreadFlagsSet &rArr; osSignalSet &rArr; isrSignalSet &rArr; isr_evt_set &rArr; rt_psq_enq
</UL>
<BR>[Calls]<UL><LI><a href="#[8f]">&gt;&gt;</a>&nbsp;&nbsp;&nbsp;_mutex_release
<LI><a href="#[8e]">&gt;&gt;</a>&nbsp;&nbsp;&nbsp;_mutex_acquire
<LI><a href="#[d8]">&gt;&gt;</a>&nbsp;&nbsp;&nbsp;_fclose_internal
<LI><a href="#[d9]">&gt;&gt;</a>&nbsp;&nbsp;&nbsp;free
</UL>
<BR>[Called By]<UL><LI><a href="#[a2]">&gt;&gt;</a>&nbsp;&nbsp;&nbsp;__rt_lib_shutdown_stdio_2
</UL>

<P><STRONG><a name="[a5]"></a>__user_setup_stackheap</STRONG> (Thumb, 74 bytes, Stack size 8 bytes, sys_stackheap_outer.o(.text))
<BR><BR>[Stack]<UL><LI>Max Depth = 8 + Unknown Stack Size
<LI>Call Chain = __user_setup_stackheap
</UL>
<BR>[Calls]<UL><LI><a href="#[da]">&gt;&gt;</a>&nbsp;&nbsp;&nbsp;__user_initial_stackheap
<LI><a href="#[ca]">&gt;&gt;</a>&nbsp;&nbsp;&nbsp;__user_perproc_libspace
</UL>
<BR>[Called By]<UL><LI><a href="#[a4]">&gt;&gt;</a>&nbsp;&nbsp;&nbsp;__rt_entry_sh
</UL>

<P><STRONG><a name="[dd]"></a>malloc_internal$concurrent</STRONG> (Thumb, 130 bytes, Stack size 24 bytes, h1_alloc_threads.o(.text), UNUSED)
<BR><BR>[Calls]<UL><LI><a href="#[8f]">&gt;&gt;</a>&nbsp;&nbsp;&nbsp;_mutex_release
<LI><a href="#[8e]">&gt;&gt;</a>&nbsp;&nbsp;&nbsp;_mutex_acquire
<LI><a href="#[de]">&gt;&gt;</a>&nbsp;&nbsp;&nbsp;__Heap_Full
<LI><a href="#[db]">&gt;&gt;</a>&nbsp;&nbsp;&nbsp;Heap1_SizeAdjust
</UL>
<BR>[Called By]<UL><LI><a href="#[d1]">&gt;&gt;</a>&nbsp;&nbsp;&nbsp;malloc
</UL>

<P><STRONG><a name="[d1]"></a>malloc</STRONG> (Thumb, 20 bytes, Stack size 8 bytes, h1_alloc_threads.o(.text), UNUSED)
<BR><BR>[Calls]<UL><LI><a href="#[df]">&gt;&gt;</a>&nbsp;&nbsp;&nbsp;__rt_heap_descriptor
<LI><a href="#[dd]">&gt;&gt;</a>&nbsp;&nbsp;&nbsp;malloc_internal$concurrent
</UL>
<BR>[Called By]<UL><LI><a href="#[e9]">&gt;&gt;</a>&nbsp;&nbsp;&nbsp;_fopen$locked
<LI><a href="#[cc]">&gt;&gt;</a>&nbsp;&nbsp;&nbsp;__flsbuf
</UL>

<P><STRONG><a name="[e0]"></a>free_internal$concurrent</STRONG> (Thumb, 98 bytes, Stack size 16 bytes, h1_free_threads.o(.text))
<BR><BR>[Stack]<UL><LI>Max Depth = 16<LI>Call Chain = free_internal$concurrent
</UL>
<BR>[Calls]<UL><LI><a href="#[8f]">&gt;&gt;</a>&nbsp;&nbsp;&nbsp;_mutex_release
<LI><a href="#[8e]">&gt;&gt;</a>&nbsp;&nbsp;&nbsp;_mutex_acquire
</UL>
<BR>[Called By]<UL><LI><a href="#[ed]">&gt;&gt;</a>&nbsp;&nbsp;&nbsp;__Heap_ProvideMemory
<LI><a href="#[d9]">&gt;&gt;</a>&nbsp;&nbsp;&nbsp;free
</UL>

<P><STRONG><a name="[d9]"></a>free</STRONG> (Thumb, 20 bytes, Stack size 8 bytes, h1_free_threads.o(.text))
<BR><BR>[Stack]<UL><LI>Max Depth = 24<LI>Call Chain = free &rArr; free_internal$concurrent
</UL>
<BR>[Calls]<UL><LI><a href="#[df]">&gt;&gt;</a>&nbsp;&nbsp;&nbsp;__rt_heap_descriptor
<LI><a href="#[e0]">&gt;&gt;</a>&nbsp;&nbsp;&nbsp;free_internal$concurrent
</UL>
<BR>[Called By]<UL><LI><a href="#[d8]">&gt;&gt;</a>&nbsp;&nbsp;&nbsp;_fclose_internal
<LI><a href="#[a3]">&gt;&gt;</a>&nbsp;&nbsp;&nbsp;_terminateio
</UL>

<P><STRONG><a name="[b6]"></a>_printf_char_file</STRONG> (Thumb, 58 bytes, Stack size 24 bytes, _printf_char_file_locked.o(.text))
<BR><BR>[Stack]<UL><LI>Max Depth = 112 + Unknown Stack Size
<LI>Call Chain = _printf_char_file &rArr; _printf_char_common &rArr; __printf
</UL>
<BR>[Calls]<UL><LI><a href="#[8f]">&gt;&gt;</a>&nbsp;&nbsp;&nbsp;_mutex_release
<LI><a href="#[8e]">&gt;&gt;</a>&nbsp;&nbsp;&nbsp;_mutex_acquire
<LI><a href="#[cb]">&gt;&gt;</a>&nbsp;&nbsp;&nbsp;_printf_char_common
</UL>
<BR>[Called By]<UL><LI><a href="#[b5]">&gt;&gt;</a>&nbsp;&nbsp;&nbsp;__2printf
</UL>

<P><STRONG><a name="[ce]"></a>_seterr</STRONG> (Thumb, 20 bytes, Stack size 0 bytes, stdio.o(.text))
<BR><BR>[Called By]<UL><LI><a href="#[e8]">&gt;&gt;</a>&nbsp;&nbsp;&nbsp;_fseek
<LI><a href="#[d2]">&gt;&gt;</a>&nbsp;&nbsp;&nbsp;_writebuf
<LI><a href="#[cc]">&gt;&gt;</a>&nbsp;&nbsp;&nbsp;__flsbuf
</UL>

<P><STRONG><a name="[d2]"></a>_writebuf</STRONG> (Thumb, 84 bytes, Stack size 32 bytes, stdio.o(.text))
<BR><BR>[Stack]<UL><LI>Max Depth = 152<LI>Call Chain = _writebuf &rArr; _sys_write &rArr; stdout_putchar &rArr; USBD_CDC_ACM_PutChar &rArr; USBD_CDC_ACM_WriteData &rArr; USBD_ThreadFlagsSet &rArr; osSignalSet &rArr; isrSignalSet &rArr; isr_evt_set &rArr; rt_psq_enq
</UL>
<BR>[Calls]<UL><LI><a href="#[e2]">&gt;&gt;</a>&nbsp;&nbsp;&nbsp;_sys_write
<LI><a href="#[e1]">&gt;&gt;</a>&nbsp;&nbsp;&nbsp;_sys_seek
<LI><a href="#[ce]">&gt;&gt;</a>&nbsp;&nbsp;&nbsp;_seterr
</UL>
<BR>[Called By]<UL><LI><a href="#[e3]">&gt;&gt;</a>&nbsp;&nbsp;&nbsp;_fflush
<LI><a href="#[cc]">&gt;&gt;</a>&nbsp;&nbsp;&nbsp;__flsbuf
</UL>

<P><STRONG><a name="[e3]"></a>_fflush</STRONG> (Thumb, 70 bytes, Stack size 16 bytes, stdio.o(.text))
<BR><BR>[Stack]<UL><LI>Max Depth = 168<LI>Call Chain = _fflush &rArr; _writebuf &rArr; _sys_write &rArr; stdout_putchar &rArr; USBD_CDC_ACM_PutChar &rArr; USBD_CDC_ACM_WriteData &rArr; USBD_ThreadFlagsSet &rArr; osSignalSet &rArr; isrSignalSet &rArr; isr_evt_set &rArr; rt_psq_enq
</UL>
<BR>[Calls]<UL><LI><a href="#[d2]">&gt;&gt;</a>&nbsp;&nbsp;&nbsp;_writebuf
</UL>
<BR>[Called By]<UL><LI><a href="#[d8]">&gt;&gt;</a>&nbsp;&nbsp;&nbsp;_fclose_internal
<LI><a href="#[cd]">&gt;&gt;</a>&nbsp;&nbsp;&nbsp;_deferredlazyseek
</UL>

<P><STRONG><a name="[cd]"></a>_deferredlazyseek</STRONG> (Thumb, 60 bytes, Stack size 8 bytes, stdio.o(.text), UNUSED)
<BR><BR>[Calls]<UL><LI><a href="#[e3]">&gt;&gt;</a>&nbsp;&nbsp;&nbsp;_fflush
</UL>
<BR>[Called By]<UL><LI><a href="#[cc]">&gt;&gt;</a>&nbsp;&nbsp;&nbsp;__flsbuf
</UL>

<P><STRONG><a name="[d8]"></a>_fclose_internal</STRONG> (Thumb, 76 bytes, Stack size 32 bytes, fclose.o(.text))
<BR><BR>[Stack]<UL><LI>Max Depth = 200 + Unknown Stack Size
<LI>Call Chain = _fclose_internal &rArr; _fflush &rArr; _writebuf &rArr; _sys_write &rArr; stdout_putchar &rArr; USBD_CDC_ACM_PutChar &rArr; USBD_CDC_ACM_WriteData &rArr; USBD_ThreadFlagsSet &rArr; osSignalSet &rArr; isrSignalSet &rArr; isr_evt_set &rArr; rt_psq_enq
</UL>
<BR>[Calls]<UL><LI><a href="#[e4]">&gt;&gt;</a>&nbsp;&nbsp;&nbsp;_sys_close
<LI><a href="#[d3]">&gt;&gt;</a>&nbsp;&nbsp;&nbsp;__aeabi_memclr4
<LI><a href="#[e3]">&gt;&gt;</a>&nbsp;&nbsp;&nbsp;_fflush
<LI><a href="#[d9]">&gt;&gt;</a>&nbsp;&nbsp;&nbsp;free
</UL>
<BR>[Called By]<UL><LI><a href="#[e6]">&gt;&gt;</a>&nbsp;&nbsp;&nbsp;_freopen_locked
<LI><a href="#[a3]">&gt;&gt;</a>&nbsp;&nbsp;&nbsp;_terminateio
</UL>

<P><STRONG><a name="[23c]"></a>fclose</STRONG> (Thumb, 0 bytes, Stack size 32 bytes, fclose.o(.text), UNUSED)

<P><STRONG><a name="[e5]"></a>puts</STRONG> (Thumb, 58 bytes, Stack size 16 bytes, puts_locked.o(.text))
<BR><BR>[Stack]<UL><LI>Max Depth = 48<LI>Call Chain = puts &rArr; _fputc$unlocked &rArr; __flsbuf_byte
</UL>
<BR>[Calls]<UL><LI><a href="#[8f]">&gt;&gt;</a>&nbsp;&nbsp;&nbsp;_mutex_release
<LI><a href="#[8e]">&gt;&gt;</a>&nbsp;&nbsp;&nbsp;_mutex_acquire
<LI><a href="#[32]">&gt;&gt;</a>&nbsp;&nbsp;&nbsp;_fputc$unlocked
</UL>
<BR>[Called By]<UL><LI><a href="#[102]">&gt;&gt;</a>&nbsp;&nbsp;&nbsp;G91
<LI><a href="#[101]">&gt;&gt;</a>&nbsp;&nbsp;&nbsp;G90
<LI><a href="#[143]">&gt;&gt;</a>&nbsp;&nbsp;&nbsp;gcodeRun
<LI><a href="#[89]">&gt;&gt;</a>&nbsp;&nbsp;&nbsp;app
</UL>

<P><STRONG><a name="[d7]"></a>setvbuf</STRONG> (Thumb, 104 bytes, Stack size 32 bytes, setvbuf_locked.o(.text))
<BR><BR>[Stack]<UL><LI>Max Depth = 32<LI>Call Chain = setvbuf
</UL>
<BR>[Calls]<UL><LI><a href="#[8f]">&gt;&gt;</a>&nbsp;&nbsp;&nbsp;_mutex_release
<LI><a href="#[8e]">&gt;&gt;</a>&nbsp;&nbsp;&nbsp;_mutex_acquire
</UL>
<BR>[Called By]<UL><LI><a href="#[a1]">&gt;&gt;</a>&nbsp;&nbsp;&nbsp;_initio
</UL>

<P><STRONG><a name="[d5]"></a>freopen</STRONG> (Thumb, 42 bytes, Stack size 24 bytes, fopen_locked.o(.text))
<BR><BR>[Stack]<UL><LI>Max Depth = 256 + Unknown Stack Size
<LI>Call Chain = freopen &rArr; _freopen_locked &rArr; _fclose_internal &rArr; _fflush &rArr; _writebuf &rArr; _sys_write &rArr; stdout_putchar &rArr; USBD_CDC_ACM_PutChar &rArr; USBD_CDC_ACM_WriteData &rArr; USBD_ThreadFlagsSet &rArr; osSignalSet &rArr; isrSignalSet &rArr; isr_evt_set &rArr; rt_psq_enq
</UL>
<BR>[Calls]<UL><LI><a href="#[8f]">&gt;&gt;</a>&nbsp;&nbsp;&nbsp;_mutex_release
<LI><a href="#[8e]">&gt;&gt;</a>&nbsp;&nbsp;&nbsp;_mutex_acquire
<LI><a href="#[e6]">&gt;&gt;</a>&nbsp;&nbsp;&nbsp;_freopen_locked
</UL>
<BR>[Called By]<UL><LI><a href="#[a1]">&gt;&gt;</a>&nbsp;&nbsp;&nbsp;_initio
</UL>

<P><STRONG><a name="[e9]"></a>_fopen$locked</STRONG> (Thumb, 100 bytes, Stack size 24 bytes, fopen_locked.o(.text), UNUSED)
<BR><BR>[Calls]<UL><LI><a href="#[8f]">&gt;&gt;</a>&nbsp;&nbsp;&nbsp;_mutex_release
<LI><a href="#[d4]">&gt;&gt;</a>&nbsp;&nbsp;&nbsp;_mutex_initialize
<LI><a href="#[8e]">&gt;&gt;</a>&nbsp;&nbsp;&nbsp;_mutex_acquire
<LI><a href="#[d3]">&gt;&gt;</a>&nbsp;&nbsp;&nbsp;__aeabi_memclr4
<LI><a href="#[e6]">&gt;&gt;</a>&nbsp;&nbsp;&nbsp;_freopen_locked
<LI><a href="#[d1]">&gt;&gt;</a>&nbsp;&nbsp;&nbsp;malloc
</UL>

<P><STRONG><a name="[ab]"></a>exit</STRONG> (Thumb, 18 bytes, Stack size 8 bytes, exit.o(.text))
<BR><BR>[Stack]<UL><LI>Max Depth = 8 + Unknown Stack Size
<LI>Call Chain = exit
</UL>
<BR>[Calls]<UL><LI><a href="#[ea]">&gt;&gt;</a>&nbsp;&nbsp;&nbsp;__rt_exit
</UL>
<BR>[Called By]<UL><LI><a href="#[aa]">&gt;&gt;</a>&nbsp;&nbsp;&nbsp;__rt_entry_main
</UL>

<P><STRONG><a name="[d6]"></a>__rt_SIGRTRED</STRONG> (Thumb, 14 bytes, Stack size 8 bytes, defsig_rtred_outer.o(.text))
<BR><BR>[Stack]<UL><LI>Max Depth = 40<LI>Call Chain = __rt_SIGRTRED &rArr; __rt_SIGRTRED_inner &rArr; __default_signal_display &rArr; _ttywrch
</UL>
<BR>[Calls]<UL><LI><a href="#[eb]">&gt;&gt;</a>&nbsp;&nbsp;&nbsp;__rt_SIGRTRED_inner
<LI><a href="#[ec]">&gt;&gt;</a>&nbsp;&nbsp;&nbsp;__sig_exit
</UL>
<BR>[Called By]<UL><LI><a href="#[a1]">&gt;&gt;</a>&nbsp;&nbsp;&nbsp;_initio
</UL>

<P><STRONG><a name="[df]"></a>__rt_heap_descriptor</STRONG> (Thumb, 10 bytes, Stack size 8 bytes, rt_heap_descriptor_twolibspace.o(.text))
<BR><BR>[Stack]<UL><LI>Max Depth = 8<LI>Call Chain = __rt_heap_descriptor
</UL>
<BR>[Calls]<UL><LI><a href="#[ca]">&gt;&gt;</a>&nbsp;&nbsp;&nbsp;__user_perproc_libspace
</UL>
<BR>[Called By]<UL><LI><a href="#[9b]">&gt;&gt;</a>&nbsp;&nbsp;&nbsp;_init_alloc
<LI><a href="#[d9]">&gt;&gt;</a>&nbsp;&nbsp;&nbsp;free
<LI><a href="#[d1]">&gt;&gt;</a>&nbsp;&nbsp;&nbsp;malloc
</UL>

<P><STRONG><a name="[23d]"></a>__use_no_heap</STRONG> (Thumb, 2 bytes, Stack size 0 bytes, hguard.o(.text), UNUSED)

<P><STRONG><a name="[23e]"></a>__heap$guard</STRONG> (Thumb, 2 bytes, Stack size 0 bytes, hguard.o(.text), UNUSED)

<P><STRONG><a name="[23f]"></a>_terminate_user_alloc</STRONG> (Thumb, 2 bytes, Stack size 0 bytes, init_alloc.o(.text), UNUSED)

<P><STRONG><a name="[240]"></a>_init_user_alloc</STRONG> (Thumb, 2 bytes, Stack size 0 bytes, init_alloc.o(.text), UNUSED)

<P><STRONG><a name="[de]"></a>__Heap_Full</STRONG> (Thumb, 34 bytes, Stack size 16 bytes, init_alloc.o(.text), UNUSED)
<BR><BR>[Calls]<UL><LI><a href="#[ed]">&gt;&gt;</a>&nbsp;&nbsp;&nbsp;__Heap_ProvideMemory
</UL>
<BR>[Called By]<UL><LI><a href="#[dd]">&gt;&gt;</a>&nbsp;&nbsp;&nbsp;malloc_internal$concurrent
</UL>

<P><STRONG><a name="[ee]"></a>__Heap_Broken</STRONG> (Thumb, 6 bytes, Stack size 0 bytes, init_alloc.o(.text), UNUSED)
<BR><BR>[Calls]<UL><LI><a href="#[ef]">&gt;&gt;</a>&nbsp;&nbsp;&nbsp;__rt_SIGRTMEM
</UL>

<P><STRONG><a name="[9b]"></a>_init_alloc</STRONG> (Thumb, 94 bytes, Stack size 24 bytes, init_alloc.o(.text))
<BR><BR>[Stack]<UL><LI>Max Depth = 64<LI>Call Chain = _init_alloc &rArr; __rt_SIGRTMEM &rArr; __rt_SIGRTMEM_inner &rArr; __default_signal_display &rArr; _ttywrch
</UL>
<BR>[Calls]<UL><LI><a href="#[ef]">&gt;&gt;</a>&nbsp;&nbsp;&nbsp;__rt_SIGRTMEM
<LI><a href="#[ed]">&gt;&gt;</a>&nbsp;&nbsp;&nbsp;__Heap_ProvideMemory
<LI><a href="#[f0]">&gt;&gt;</a>&nbsp;&nbsp;&nbsp;__Heap_Initialize
<LI><a href="#[df]">&gt;&gt;</a>&nbsp;&nbsp;&nbsp;__rt_heap_descriptor
</UL>
<BR>[Called By]<UL><LI><a href="#[9a]">&gt;&gt;</a>&nbsp;&nbsp;&nbsp;__rt_lib_init_heap_2
</UL>

<P><STRONG><a name="[f0]"></a>__Heap_Initialize</STRONG> (Thumb, 14 bytes, Stack size 0 bytes, h1_init_threads.o(.text))
<BR><BR>[Stack]<UL><LI>Max Depth = 8<LI>Call Chain = __Heap_Initialize &rArr; _mutex_initialize
</UL>
<BR>[Calls]<UL><LI><a href="#[d4]">&gt;&gt;</a>&nbsp;&nbsp;&nbsp;_mutex_initialize
</UL>
<BR>[Called By]<UL><LI><a href="#[9b]">&gt;&gt;</a>&nbsp;&nbsp;&nbsp;_init_alloc
</UL>

<P><STRONG><a name="[241]"></a>__Heap_DescSize</STRONG> (Thumb, 4 bytes, Stack size 0 bytes, h1_init_threads.o(.text), UNUSED)

<P><STRONG><a name="[e8]"></a>_fseek</STRONG> (Thumb, 242 bytes, Stack size 24 bytes, fseek.o(.text))
<BR><BR>[Stack]<UL><LI>Max Depth = 40<LI>Call Chain = _fseek &rArr; _ftell_internal &rArr; __aeabi_errno_addr &rArr; __user_perthread_libspace
</UL>
<BR>[Calls]<UL><LI><a href="#[d0]">&gt;&gt;</a>&nbsp;&nbsp;&nbsp;_sys_istty
<LI><a href="#[cf]">&gt;&gt;</a>&nbsp;&nbsp;&nbsp;_sys_flen
<LI><a href="#[f1]">&gt;&gt;</a>&nbsp;&nbsp;&nbsp;_ftell_internal
<LI><a href="#[ce]">&gt;&gt;</a>&nbsp;&nbsp;&nbsp;_seterr
</UL>
<BR>[Called By]<UL><LI><a href="#[e6]">&gt;&gt;</a>&nbsp;&nbsp;&nbsp;_freopen_locked
</UL>

<P><STRONG><a name="[242]"></a>fseek</STRONG> (Thumb, 0 bytes, Stack size 24 bytes, fseek.o(.text), UNUSED)

<P><STRONG><a name="[ec]"></a>__sig_exit</STRONG> (Thumb, 10 bytes, Stack size 0 bytes, defsig_exit.o(.text))
<BR><BR>[Calls]<UL><LI><a href="#[af]">&gt;&gt;</a>&nbsp;&nbsp;&nbsp;_sys_exit
</UL>
<BR>[Called By]<UL><LI><a href="#[ef]">&gt;&gt;</a>&nbsp;&nbsp;&nbsp;__rt_SIGRTMEM
<LI><a href="#[d6]">&gt;&gt;</a>&nbsp;&nbsp;&nbsp;__rt_SIGRTRED
</UL>

<P><STRONG><a name="[eb]"></a>__rt_SIGRTRED_inner</STRONG> (Thumb, 14 bytes, Stack size 8 bytes, defsig_rtred_inner.o(.text))
<BR><BR>[Stack]<UL><LI>Max Depth = 32<LI>Call Chain = __rt_SIGRTRED_inner &rArr; __default_signal_display &rArr; _ttywrch
</UL>
<BR>[Calls]<UL><LI><a href="#[f2]">&gt;&gt;</a>&nbsp;&nbsp;&nbsp;__default_signal_display
</UL>
<BR>[Called By]<UL><LI><a href="#[d6]">&gt;&gt;</a>&nbsp;&nbsp;&nbsp;__rt_SIGRTRED
</UL>

<P><STRONG><a name="[af]"></a>_sys_exit</STRONG> (Thumb, 8 bytes, Stack size 0 bytes, sys_exit.o(.text))
<BR><BR>[Called By]<UL><LI><a href="#[ae]">&gt;&gt;</a>&nbsp;&nbsp;&nbsp;__rt_exit_exit
<LI><a href="#[ec]">&gt;&gt;</a>&nbsp;&nbsp;&nbsp;__sig_exit
</UL>

<P><STRONG><a name="[ed]"></a>__Heap_ProvideMemory</STRONG> (Thumb, 68 bytes, Stack size 16 bytes, h1_extend_threads.o(.text))
<BR><BR>[Stack]<UL><LI>Max Depth = 32<LI>Call Chain = __Heap_ProvideMemory &rArr; free_internal$concurrent
</UL>
<BR>[Calls]<UL><LI><a href="#[f3]">&gt;&gt;</a>&nbsp;&nbsp;&nbsp;AlignUpOffset
<LI><a href="#[e0]">&gt;&gt;</a>&nbsp;&nbsp;&nbsp;free_internal$concurrent
</UL>
<BR>[Called By]<UL><LI><a href="#[9b]">&gt;&gt;</a>&nbsp;&nbsp;&nbsp;_init_alloc
<LI><a href="#[de]">&gt;&gt;</a>&nbsp;&nbsp;&nbsp;__Heap_Full
</UL>

<P><STRONG><a name="[f1]"></a>_ftell_internal</STRONG> (Thumb, 66 bytes, Stack size 8 bytes, ftell.o(.text))
<BR><BR>[Stack]<UL><LI>Max Depth = 16<LI>Call Chain = _ftell_internal &rArr; __aeabi_errno_addr &rArr; __user_perthread_libspace
</UL>
<BR>[Calls]<UL><LI><a href="#[f4]">&gt;&gt;</a>&nbsp;&nbsp;&nbsp;__aeabi_errno_addr
</UL>
<BR>[Called By]<UL><LI><a href="#[e8]">&gt;&gt;</a>&nbsp;&nbsp;&nbsp;_fseek
</UL>

<P><STRONG><a name="[243]"></a>ftell</STRONG> (Thumb, 0 bytes, Stack size 8 bytes, ftell.o(.text), UNUSED)

<P><STRONG><a name="[f2]"></a>__default_signal_display</STRONG> (Thumb, 50 bytes, Stack size 16 bytes, defsig_general.o(.text))
<BR><BR>[Stack]<UL><LI>Max Depth = 24<LI>Call Chain = __default_signal_display &rArr; _ttywrch
</UL>
<BR>[Calls]<UL><LI><a href="#[f5]">&gt;&gt;</a>&nbsp;&nbsp;&nbsp;_ttywrch
</UL>
<BR>[Called By]<UL><LI><a href="#[eb]">&gt;&gt;</a>&nbsp;&nbsp;&nbsp;__rt_SIGRTRED_inner
<LI><a href="#[f6]">&gt;&gt;</a>&nbsp;&nbsp;&nbsp;__rt_SIGRTMEM_inner
</UL>

<P><STRONG><a name="[ef]"></a>__rt_SIGRTMEM</STRONG> (Thumb, 14 bytes, Stack size 8 bytes, defsig_rtmem_outer.o(.text))
<BR><BR>[Stack]<UL><LI>Max Depth = 40<LI>Call Chain = __rt_SIGRTMEM &rArr; __rt_SIGRTMEM_inner &rArr; __default_signal_display &rArr; _ttywrch
</UL>
<BR>[Calls]<UL><LI><a href="#[ec]">&gt;&gt;</a>&nbsp;&nbsp;&nbsp;__sig_exit
<LI><a href="#[f6]">&gt;&gt;</a>&nbsp;&nbsp;&nbsp;__rt_SIGRTMEM_inner
</UL>
<BR>[Called By]<UL><LI><a href="#[9b]">&gt;&gt;</a>&nbsp;&nbsp;&nbsp;_init_alloc
<LI><a href="#[ee]">&gt;&gt;</a>&nbsp;&nbsp;&nbsp;__Heap_Broken
</UL>

<P><STRONG><a name="[f5]"></a>_ttywrch</STRONG> (Thumb, 14 bytes, Stack size 8 bytes, sys_wrch.o(.text))
<BR><BR>[Stack]<UL><LI>Max Depth = 8<LI>Call Chain = _ttywrch
</UL>
<BR>[Called By]<UL><LI><a href="#[f2]">&gt;&gt;</a>&nbsp;&nbsp;&nbsp;__default_signal_display
</UL>

<P><STRONG><a name="[f4]"></a>__aeabi_errno_addr</STRONG> (Thumb, 4 bytes, Stack size 0 bytes, rt_errno_addr_twolibspace.o(.text))
<BR><BR>[Stack]<UL><LI>Max Depth = 8<LI>Call Chain = __aeabi_errno_addr &rArr; __user_perthread_libspace
</UL>
<BR>[Calls]<UL><LI><a href="#[f7]">&gt;&gt;</a>&nbsp;&nbsp;&nbsp;__user_perthread_libspace
</UL>
<BR>[Called By]<UL><LI><a href="#[f1]">&gt;&gt;</a>&nbsp;&nbsp;&nbsp;_ftell_internal
</UL>

<P><STRONG><a name="[244]"></a>__errno$twolibspace</STRONG> (Thumb, 0 bytes, Stack size 0 bytes, rt_errno_addr_twolibspace.o(.text), UNUSED)

<P><STRONG><a name="[245]"></a>__rt_errno_addr$twolibspace</STRONG> (Thumb, 0 bytes, Stack size 0 bytes, rt_errno_addr_twolibspace.o(.text), UNUSED)

<P><STRONG><a name="[246]"></a>__semihosting_library_function</STRONG> (Thumb, 0 bytes, Stack size 0 bytes, indicate_semi.o(.text), UNUSED)

<P><STRONG><a name="[f6]"></a>__rt_SIGRTMEM_inner</STRONG> (Thumb, 22 bytes, Stack size 8 bytes, defsig_rtmem_inner.o(.text))
<BR><BR>[Stack]<UL><LI>Max Depth = 32<LI>Call Chain = __rt_SIGRTMEM_inner &rArr; __default_signal_display &rArr; _ttywrch
</UL>
<BR>[Calls]<UL><LI><a href="#[f2]">&gt;&gt;</a>&nbsp;&nbsp;&nbsp;__default_signal_display
</UL>
<BR>[Called By]<UL><LI><a href="#[ef]">&gt;&gt;</a>&nbsp;&nbsp;&nbsp;__rt_SIGRTMEM
</UL>

<P><STRONG><a name="[13a]"></a>PIN_Configure</STRONG> (Thumb, 116 bytes, Stack size 20 bytes, pin_lpc17xx.o(.text.PIN_Configure))
<BR><BR>[Stack]<UL><LI>Max Depth = 20<LI>Call Chain = PIN_Configure
</UL>
<BR>[Called By]<UL><LI><a href="#[139]">&gt;&gt;</a>&nbsp;&nbsp;&nbsp;USB_PinsUnconfigure
<LI><a href="#[125]">&gt;&gt;</a>&nbsp;&nbsp;&nbsp;USB_PinsConfigure
</UL>

<P><STRONG><a name="[2f]"></a>SystemInit</STRONG> (Thumb, 204 bytes, Stack size 0 bytes, system_lpc17xx.o(.text.SystemInit))
<BR>[Address Reference Count : 1]<UL><LI> startup_lpc17xx.o(.text)
</UL>
<P><STRONG><a name="[b]"></a>TIMER0_IRQHandler</STRONG> (Thumb, 16 bytes, Stack size 8 bytes, gcmd.o(.text.TIMER0_IRQHandler))
<BR><BR>[Stack]<UL><LI>Max Depth = 8<LI>Call Chain = TIMER0_IRQHandler
</UL>
<BR>[Calls]<UL><LI><a href="#[10a]">&gt;&gt;</a>&nbsp;&nbsp;&nbsp;stepperUpdate
</UL>
<BR>[Address Reference Count : 1]<UL><LI> startup_lpc17xx.o(RESET)
</UL>
[...]
<LI><a href="#[49]">&gt;&gt;</a>&nbsp;&nbsp;&nbsp;USBD_PowerControl
<LI><a href="#[56]">&gt;&gt;</a>&nbsp;&nbsp;&nbsp;USBD_GetFrameNumber
<LI><a href="#[51]">&gt;&gt;</a>&nbsp;&nbsp;&nbsp;USBD_EndpointUnconfigure
<LI><a href="#[55]">&gt;&gt;</a>&nbsp;&nbsp;&nbsp;USBD_EndpointTransferAbort
<LI><a href="#[53]">&gt;&gt;</a>&nbsp;&nbsp;&nbsp;USBD_EndpointTransfer
<LI><a href="#[52]">&gt;&gt;</a>&nbsp;&nbsp;&nbsp;USBD_EndpointStall
<LI><a href="#[50]">&gt;&gt;</a>&nbsp;&nbsp;&nbsp;USBD_EndpointConfigure
<LI><a href="#[4e]">&gt;&gt;</a>&nbsp;&nbsp;&nbsp;USBD_DeviceSetAddress
<LI><a href="#[4d]">&gt;&gt;</a>&nbsp;&nbsp;&nbsp;USBD_DeviceRemoteWakeup
<LI><a href="#[4b]">&gt;&gt;</a>&nbsp;&nbsp;&nbsp;USBD_DeviceDisconnect
<LI><a href="#[4a]">&gt;&gt;</a>&nbsp;&nbsp;&nbsp;USBD_DeviceConnect
</UL>

<P><STRONG><a name="[113]"></a>check_and_set_var</STRONG> (Thumb, 40 bytes, Stack size 0 bytes, usbd_lpc17xx.o(.text.check_and_set_var))
<BR><BR>[Called By]<UL><LI><a href="#[4f]">&gt;&gt;</a>&nbsp;&nbsp;&nbsp;USBD_ReadSetupPacket
<LI><a href="#[56]">&gt;&gt;</a>&nbsp;&nbsp;&nbsp;USBD_GetFrameNumber
<LI><a href="#[51]">&gt;&gt;</a>&nbsp;&nbsp;&nbsp;USBD_EndpointUnconfigure
<LI><a href="#[55]">&gt;&gt;</a>&nbsp;&nbsp;&nbsp;USBD_EndpointTransferAbort
<LI><a href="#[53]">&gt;&gt;</a>&nbsp;&nbsp;&nbsp;USBD_EndpointTransfer
<LI><a href="#[52]">&gt;&gt;</a>&nbsp;&nbsp;&nbsp;USBD_EndpointStall
<LI><a href="#[50]">&gt;&gt;</a>&nbsp;&nbsp;&nbsp;USBD_EndpointConfigure
<LI><a href="#[4e]">&gt;&gt;</a>&nbsp;&nbsp;&nbsp;USBD_DeviceSetAddress
<LI><a href="#[4d]">&gt;&gt;</a>&nbsp;&nbsp;&nbsp;USBD_DeviceRemoteWakeup
<LI><a href="#[4b]">&gt;&gt;</a>&nbsp;&nbsp;&nbsp;USBD_DeviceDisconnect
<LI><a href="#[4a]">&gt;&gt;</a>&nbsp;&nbsp;&nbsp;USBD_DeviceConnect
</UL>

<P><STRONG><a name="[1bb]"></a>rt_id2obj</STRONG> (Thumb, 8 bytes, Stack size 0 bytes, rt_cmsis.o(i.rt_id2obj))
<BR><BR>[Called By]<UL><LI><a href="#[42]">&gt;&gt;</a>&nbsp;&nbsp;&nbsp;svcTimerCall
<LI><a href="#[3c]">&gt;&gt;</a>&nbsp;&nbsp;&nbsp;svcSemaphoreWait
<LI><a href="#[3b]">&gt;&gt;</a>&nbsp;&nbsp;&nbsp;svcSemaphoreRelease
<LI><a href="#[3a]">&gt;&gt;</a>&nbsp;&nbsp;&nbsp;svcSemaphoreDelete
<LI><a href="#[1ba]">&gt;&gt;</a>&nbsp;&nbsp;&nbsp;isrSemaphoreRelease
</UL>

<P><STRONG><a name="[1eb]"></a>rt_ms2tick</STRONG> (Thumb, 58 bytes, Stack size 0 bytes, rt_cmsis.o(i.rt_ms2tick))
<BR><BR>[Called By]<UL><LI><a href="#[3e]">&gt;&gt;</a>&nbsp;&nbsp;&nbsp;svcSignalWait
<LI><a href="#[3c]">&gt;&gt;</a>&nbsp;&nbsp;&nbsp;svcSemaphoreWait
<LI><a href="#[38]">&gt;&gt;</a>&nbsp;&nbsp;&nbsp;svcMessageGet
<LI><a href="#[35]">&gt;&gt;</a>&nbsp;&nbsp;&nbsp;svcDelay
</UL>

<P><STRONG><a name="[1be]"></a>rt_tid2ptcb</STRONG> (Thumb, 18 bytes, Stack size 0 bytes, rt_cmsis.o(i.rt_tid2ptcb))
<BR><BR>[Called By]<UL><LI><a href="#[41]">&gt;&gt;</a>&nbsp;&nbsp;&nbsp;svcThreadTerminate
<LI><a href="#[3d]">&gt;&gt;</a>&nbsp;&nbsp;&nbsp;svcSignalSet
<LI><a href="#[1bd]">&gt;&gt;</a>&nbsp;&nbsp;&nbsp;isrSignalSet
</UL>

<P><STRONG><a name="[1f2]"></a>rt_timer_insert</STRONG> (Thumb, 48 bytes, Stack size 12 bytes, rt_cmsis.o(i.rt_timer_insert))
<BR><BR>[Stack]<UL><LI>Max Depth = 12<LI>Call Chain = rt_timer_insert
</UL>
<BR>[Called By]<UL><LI><a href="#[1e5]">&gt;&gt;</a>&nbsp;&nbsp;&nbsp;sysTimerTick
</UL>

<P><STRONG><a name="[1d3]"></a>rt_init_context</STRONG> (Thumb, 66 bytes, Stack size 16 bytes, rt_task.o(i.rt_init_context))
<BR><BR>[Stack]<UL><LI>Max Depth = 32<LI>Call Chain = rt_init_context &rArr; rt_init_stack
</UL>
<BR>[Calls]<UL><LI><a href="#[1d4]">&gt;&gt;</a>&nbsp;&nbsp;&nbsp;rt_init_stack
<LI><a href="#[2d]">&gt;&gt;</a>&nbsp;&nbsp;&nbsp;rt_alloc_box
</UL>
<BR>[Called By]<UL><LI><a href="#[1e6]">&gt;&gt;</a>&nbsp;&nbsp;&nbsp;rt_tsk_create
<LI><a href="#[1df]">&gt;&gt;</a>&nbsp;&nbsp;&nbsp;rt_sys_init
</UL>

<P><STRONG><a name="[17f]"></a>USBD_CheckDevice</STRONG> (Thumb, 32 bytes, Stack size 0 bytes, usbd_lib_core.o(i.USBD_CheckDevice))
<BR><BR>[Called By]<UL><LI><a href="#[150]">&gt;&gt;</a>&nbsp;&nbsp;&nbsp;USBD_Initialize
<LI><a href="#[151]">&gt;&gt;</a>&nbsp;&nbsp;&nbsp;USBD_Connect
<LI><a href="#[152]">&gt;&gt;</a>&nbsp;&nbsp;&nbsp;USBD_Configured
</UL>

<P><STRONG><a name="[181]"></a>USBD_Core</STRONG> (Thumb, 188 bytes, Stack size 16 bytes, usbd_lib_core.o(i.USBD_Core))
<BR><BR>[Stack]<UL><LI>Max Depth = 248 + Unknown Stack Size
<LI>Call Chain = USBD_Core &rArr; USBD_Endpoint0 &rArr; USBD_Endpoint0_Setup_CDC_ReqToIF &rArr; USBD_DataInStage &rArr; USBD_DriverEndpointTransfer &rArr; USBD_DriverEndpointTransferAbort &rArr; USBD_SemaphoreRelease &rArr; osSemaphoreRelease &rArr; isrSemaphoreRelease &rArr; isr_sem_send &rArr; rt_psq_enq
</UL>
<BR>[Calls]<UL><LI><a href="#[127]">&gt;&gt;</a>&nbsp;&nbsp;&nbsp;USBD_Reset
<LI><a href="#[183]">&gt;&gt;</a>&nbsp;&nbsp;&nbsp;USBD_DriverEndpointConfigure
<LI><a href="#[182]">&gt;&gt;</a>&nbsp;&nbsp;&nbsp;USBD_ResetCore
<LI><a href="#[184]">&gt;&gt;</a>&nbsp;&nbsp;&nbsp;USBD_Endpoint0
</UL>
<BR>[Called By]<UL><LI><a href="#[160]">&gt;&gt;</a>&nbsp;&nbsp;&nbsp;USBD_Core_Thread
</UL>

<P><STRONG><a name="[184]"></a>USBD_Endpoint0</STRONG> (Thumb, 886 bytes, Stack size 32 bytes, usbd_lib_core.o(i.USBD_Endpoint0))
<BR><BR>[Stack]<UL><LI>Max Depth = 232<LI>Call Chain = USBD_Endpoint0 &rArr; USBD_Endpoint0_Setup_CDC_ReqToIF &rArr; USBD_DataInStage &rArr; USBD_DriverEndpointTransfer &rArr; USBD_DriverEndpointTransferAbort &rArr; USBD_SemaphoreRelease &rArr; osSemaphoreRelease &rArr; isrSemaphoreRelease &rArr; isr_sem_send &rArr; rt_psq_enq
</UL>
<BR>[Calls]<UL><LI><a href="#[1a4]">&gt;&gt;</a>&nbsp;&nbsp;&nbsp;USBD_Endpoint0_Setup_MSC_ReqToIF
<LI><a href="#[1a3]">&gt;&gt;</a>&nbsp;&nbsp;&nbsp;USBD_Endpoint0_Setup_HID_ReqToIF
<LI><a href="#[1a5]">&gt;&gt;</a>&nbsp;&nbsp;&nbsp;USBD_Endpoint0_Setup_ADC_ReqToIF
<LI><a href="#[1a7]">&gt;&gt;</a>&nbsp;&nbsp;&nbsp;USBD_Endpoint0_Setup_ADC_ReqToEP
<LI><a href="#[199]">&gt;&gt;</a>&nbsp;&nbsp;&nbsp;USBD_Endpoint0_Out_HID_ReqToIF
<LI><a href="#[19a]">&gt;&gt;</a>&nbsp;&nbsp;&nbsp;USBD_Endpoint0_Out_ADC_ReqToIF
<LI><a href="#[19c]">&gt;&gt;</a>&nbsp;&nbsp;&nbsp;USBD_Endpoint0_Out_ADC_ReqToEP
<LI><a href="#[1a6]">&gt;&gt;</a>&nbsp;&nbsp;&nbsp;USBD_Endpoint0_Setup_CDC_ReqToIF
<LI><a href="#[19b]">&gt;&gt;</a>&nbsp;&nbsp;&nbsp;USBD_Endpoint0_Out_CDC_ReqToIF
<LI><a href="#[195]">&gt;&gt;</a>&nbsp;&nbsp;&nbsp;USBD_DriverReadSetupPacket
<LI><a href="#[191]">&gt;&gt;</a>&nbsp;&nbsp;&nbsp;USBD_DriverEndpointStall
<LI><a href="#[18f]">&gt;&gt;</a>&nbsp;&nbsp;&nbsp;USBD_DriverDeviceSetAddress
<LI><a href="#[18b]">&gt;&gt;</a>&nbsp;&nbsp;&nbsp;USBD_Core_Endpoint0_SetupPacketReceived
<LI><a href="#[189]">&gt;&gt;</a>&nbsp;&nbsp;&nbsp;USBD_Core_Endpoint0_SetupPacketProcessed
<LI><a href="#[187]">&gt;&gt;</a>&nbsp;&nbsp;&nbsp;USBD_Core_Endpoint0_OutDataReceived
<LI><a href="#[185]">&gt;&gt;</a>&nbsp;&nbsp;&nbsp;USBD_Core_Endpoint0_InDataSent
<LI><a href="#[19d]">&gt;&gt;</a>&nbsp;&nbsp;&nbsp;USBD_StatusOutStageDone
<LI><a href="#[196]">&gt;&gt;</a>&nbsp;&nbsp;&nbsp;USBD_StatusOutStage
<LI><a href="#[197]">&gt;&gt;</a>&nbsp;&nbsp;&nbsp;USBD_StatusInStageDone
<LI><a href="#[198]">&gt;&gt;</a>&nbsp;&nbsp;&nbsp;USBD_StatusInStage
<LI><a href="#[18e]">&gt;&gt;</a>&nbsp;&nbsp;&nbsp;USBD_DataOutStage
<LI><a href="#[18d]">&gt;&gt;</a>&nbsp;&nbsp;&nbsp;USBD_DataInStage
<LI><a href="#[1a2]">&gt;&gt;</a>&nbsp;&nbsp;&nbsp;USBD_ReqSetInterface
<LI><a href="#[1a1]">&gt;&gt;</a>&nbsp;&nbsp;&nbsp;USBD_ReqSetConfiguration
<LI><a href="#[19f]">&gt;&gt;</a>&nbsp;&nbsp;&nbsp;USBD_ReqSetClrFeature
<LI><a href="#[19e]">&gt;&gt;</a>&nbsp;&nbsp;&nbsp;USBD_ReqGetStatus
<LI><a href="#[1a8]">&gt;&gt;</a>&nbsp;&nbsp;&nbsp;USBD_ReqGetMSDescriptor
<LI><a href="#[1a0]">&gt;&gt;</a>&nbsp;&nbsp;&nbsp;USBD_ReqGetDescriptor
</UL>
<BR>[Called By]<UL><LI><a href="#[181]">&gt;&gt;</a>&nbsp;&nbsp;&nbsp;USBD_Core
</UL>

<P><STRONG><a name="[1a0]"></a>USBD_ReqGetDescriptor</STRONG> (Thumb, 388 bytes, Stack size 24 bytes, usbd_lib_core.o(i.USBD_ReqGetDescriptor))
<BR><BR>[Stack]<UL><LI>Max Depth = 24<LI>Call Chain = USBD_ReqGetDescriptor
</UL>
<BR>[Calls]<UL><LI><a href="#[1b0]">&gt;&gt;</a>&nbsp;&nbsp;&nbsp;USBD_Endpoint0_ReqGetDescriptor_HID
</UL>
<BR>[Called By]<UL><LI><a href="#[184]">&gt;&gt;</a>&nbsp;&nbsp;&nbsp;USBD_Endpoint0
</UL>

<P><STRONG><a name="[1a8]"></a>USBD_ReqGetMSDescriptor</STRONG> (Thumb, 162 bytes, Stack size 16 bytes, usbd_lib_core.o(i.USBD_ReqGetMSDescriptor))
<BR><BR>[Stack]<UL><LI>Max Depth = 16<LI>Call Chain = USBD_ReqGetMSDescriptor
</UL>
<BR>[Calls]<UL><LI><a href="#[1b1]">&gt;&gt;</a>&nbsp;&nbsp;&nbsp;USBD_Endpoint0_ReqGetExtProp_CC
</UL>
<BR>[Called By]<UL><LI><a href="#[184]">&gt;&gt;</a>&nbsp;&nbsp;&nbsp;USBD_Endpoint0
</UL>

<P><STRONG><a name="[19e]"></a>USBD_ReqGetStatus</STRONG> (Thumb, 172 bytes, Stack size 20 bytes, usbd_lib_core.o(i.USBD_ReqGetStatus))
<BR><BR>[Stack]<UL><LI>Max Depth = 20<LI>Call Chain = USBD_ReqGetStatus
</UL>
<BR>[Called By]<UL><LI><a href="#[184]">&gt;&gt;</a>&nbsp;&nbsp;&nbsp;USBD_Endpoint0
</UL>

<P><STRONG><a name="[19f]"></a>USBD_ReqSetClrFeature</STRONG> (Thumb, 250 bytes, Stack size 24 bytes, usbd_lib_core.o(i.USBD_ReqSetClrFeature))
<BR><BR>[Stack]<UL><LI>Max Depth = 144<LI>Call Chain = USBD_ReqSetClrFeature &rArr; USBD_DriverEndpointStall &rArr; USBD_DriverEndpointTransferAbort &rArr; USBD_SemaphoreRelease &rArr; osSemaphoreRelease &rArr; isrSemaphoreRelease &rArr; isr_sem_send &rArr; rt_psq_enq
</UL>
<BR>[Calls]<UL><LI><a href="#[11c]">&gt;&gt;</a>&nbsp;&nbsp;&nbsp;USBD_EndpointStop
<LI><a href="#[11a]">&gt;&gt;</a>&nbsp;&nbsp;&nbsp;USBD_EndpointStart
<LI><a href="#[1b2]">&gt;&gt;</a>&nbsp;&nbsp;&nbsp;USBD_Endpoint0_ClearFeatureStall_MSC
<LI><a href="#[190]">&gt;&gt;</a>&nbsp;&nbsp;&nbsp;USBD_DriverEndpointTransferAbort
<LI><a href="#[191]">&gt;&gt;</a>&nbsp;&nbsp;&nbsp;USBD_DriverEndpointStall
</UL>
<BR>[Called By]<UL><LI><a href="#[184]">&gt;&gt;</a>&nbsp;&nbsp;&nbsp;USBD_Endpoint0
</UL>

<P><STRONG><a name="[1a1]"></a>USBD_ReqSetConfiguration</STRONG> (Thumb, 600 bytes, Stack size 48 bytes, usbd_lib_core.o(i.USBD_ReqSetConfiguration))
<BR><BR>[Stack]<UL><LI>Max Depth = 184<LI>Call Chain = USBD_ReqSetConfiguration &rArr; USBD_DriverEndpointConfigure &rArr; USBD_DriverEndpointTransferAbort &rArr; USBD_SemaphoreRelease &rArr; osSemaphoreRelease &rArr; isrSemaphoreRelease &rArr; isr_sem_send &rArr; rt_psq_enq
</UL>
<BR>[Calls]<UL><LI><a href="#[1b3]">&gt;&gt;</a>&nbsp;&nbsp;&nbsp;USBD_SetConfiguration
<LI><a href="#[11c]">&gt;&gt;</a>&nbsp;&nbsp;&nbsp;USBD_EndpointStop
<LI><a href="#[11a]">&gt;&gt;</a>&nbsp;&nbsp;&nbsp;USBD_EndpointStart
<LI><a href="#[192]">&gt;&gt;</a>&nbsp;&nbsp;&nbsp;USBD_DriverEndpointUnconfigure
<LI><a href="#[190]">&gt;&gt;</a>&nbsp;&nbsp;&nbsp;USBD_DriverEndpointTransferAbort
<LI><a href="#[183]">&gt;&gt;</a>&nbsp;&nbsp;&nbsp;USBD_DriverEndpointConfigure
</UL>
<BR>[Called By]<UL><LI><a href="#[184]">&gt;&gt;</a>&nbsp;&nbsp;&nbsp;USBD_Endpoint0
</UL>

<P><STRONG><a name="[1a2]"></a>USBD_ReqSetInterface</STRONG> (Thumb, 394 bytes, Stack size 48 bytes, usbd_lib_core.o(i.USBD_ReqSetInterface))
<BR><BR>[Stack]<UL><LI>Max Depth = 184<LI>Call Chain = USBD_ReqSetInterface &rArr; USBD_DriverEndpointConfigure &rArr; USBD_DriverEndpointTransferAbort &rArr; USBD_SemaphoreRelease &rArr; osSemaphoreRelease &rArr; isrSemaphoreRelease &rArr; isr_sem_send &rArr; rt_psq_enq
</UL>
<BR>[Calls]<UL><LI><a href="#[11c]">&gt;&gt;</a>&nbsp;&nbsp;&nbsp;USBD_EndpointStop
<LI><a href="#[11a]">&gt;&gt;</a>&nbsp;&nbsp;&nbsp;USBD_EndpointStart
<LI><a href="#[192]">&gt;&gt;</a>&nbsp;&nbsp;&nbsp;USBD_DriverEndpointUnconfigure
<LI><a href="#[190]">&gt;&gt;</a>&nbsp;&nbsp;&nbsp;USBD_DriverEndpointTransferAbort
<LI><a href="#[183]">&gt;&gt;</a>&nbsp;&nbsp;&nbsp;USBD_DriverEndpointConfigure
</UL>
<BR>[Called By]<UL><LI><a href="#[184]">&gt;&gt;</a>&nbsp;&nbsp;&nbsp;USBD_Endpoint0
</UL>

<P><STRONG><a name="[182]"></a>USBD_ResetCore</STRONG> (Thumb, 36 bytes, Stack size 16 bytes, usbd_lib_core.o(i.USBD_ResetCore))
<BR><BR>[Stack]<UL><LI>Max Depth = 16 + Unknown Stack Size
<LI>Call Chain = USBD_ResetCore
</UL>
<BR>[Calls]<UL><LI><a href="#[1af]">&gt;&gt;</a>&nbsp;&nbsp;&nbsp;__aeabi_memclr
</UL>
<BR>[Called By]<UL><LI><a href="#[181]">&gt;&gt;</a>&nbsp;&nbsp;&nbsp;USBD_Core
</UL>

<P><STRONG><a name="[164]"></a>USBD_CDC_CheckInstance</STRONG> (Thumb, 54 bytes, Stack size 0 bytes, usbd_lib_cdc.o(i.USBD_CDC_CheckInstance))
<BR><BR>[Called By]<UL><LI><a href="#[110]">&gt;&gt;</a>&nbsp;&nbsp;&nbsp;USBD_CDC_Uninitialize
<LI><a href="#[128]">&gt;&gt;</a>&nbsp;&nbsp;&nbsp;USBD_CDC_Reset
<LI><a href="#[10e]">&gt;&gt;</a>&nbsp;&nbsp;&nbsp;USBD_CDC_Initialize
<LI><a href="#[11d]">&gt;&gt;</a>&nbsp;&nbsp;&nbsp;USBD_CDC_EndpointStop
<LI><a href="#[11b]">&gt;&gt;</a>&nbsp;&nbsp;&nbsp;USBD_CDC_EndpointStart
<LI><a href="#[17e]">&gt;&gt;</a>&nbsp;&nbsp;&nbsp;USBD_CDC_NCM_CoreSetNtbInputSize
<LI><a href="#[17d]">&gt;&gt;</a>&nbsp;&nbsp;&nbsp;USBD_CDC_NCM_CoreSetNtbFormat
<LI><a href="#[17c]">&gt;&gt;</a>&nbsp;&nbsp;&nbsp;USBD_CDC_NCM_CoreSetNetAddress
<LI><a href="#[17b]">&gt;&gt;</a>&nbsp;&nbsp;&nbsp;USBD_CDC_NCM_CoreSetMaxDatagramSize
<LI><a href="#[17a]">&gt;&gt;</a>&nbsp;&nbsp;&nbsp;USBD_CDC_NCM_CoreSetEthernetPowerManagementPatternFilter
<LI><a href="#[179]">&gt;&gt;</a>&nbsp;&nbsp;&nbsp;USBD_CDC_NCM_CoreSetEthernetPacketFilter
<LI><a href="#[178]">&gt;&gt;</a>&nbsp;&nbsp;&nbsp;USBD_CDC_NCM_CoreSetEthernetMulticastFilters
<LI><a href="#[177]">&gt;&gt;</a>&nbsp;&nbsp;&nbsp;USBD_CDC_NCM_CoreSetCrcMode
<LI><a href="#[176]">&gt;&gt;</a>&nbsp;&nbsp;&nbsp;USBD_CDC_NCM_CoreGetNtbParameters
<LI><a href="#[175]">&gt;&gt;</a>&nbsp;&nbsp;&nbsp;USBD_CDC_NCM_CoreGetNtbInputSize
<LI><a href="#[174]">&gt;&gt;</a>&nbsp;&nbsp;&nbsp;USBD_CDC_NCM_CoreGetNtbFormat
<LI><a href="#[173]">&gt;&gt;</a>&nbsp;&nbsp;&nbsp;USBD_CDC_NCM_CoreGetNetAddress
<LI><a href="#[172]">&gt;&gt;</a>&nbsp;&nbsp;&nbsp;USBD_CDC_NCM_CoreGetMaxDatagramSize
<LI><a href="#[171]">&gt;&gt;</a>&nbsp;&nbsp;&nbsp;USBD_CDC_NCM_CoreGetEthernetStatistic
<LI><a href="#[170]">&gt;&gt;</a>&nbsp;&nbsp;&nbsp;USBD_CDC_NCM_CoreGetEthernetPowerManagementPatternFilter
<LI><a href="#[16f]">&gt;&gt;</a>&nbsp;&nbsp;&nbsp;USBD_CDC_NCM_CoreGetCrcMode
<LI><a href="#[162]">&gt;&gt;</a>&nbsp;&nbsp;&nbsp;USBD_CDC_Int_Thread
<LI><a href="#[161]">&gt;&gt;</a>&nbsp;&nbsp;&nbsp;USBD_CDC_Bulk_Thread
<LI><a href="#[169]">&gt;&gt;</a>&nbsp;&nbsp;&nbsp;USBD_CDC_ACM_WriteData
<LI><a href="#[168]">&gt;&gt;</a>&nbsp;&nbsp;&nbsp;USBD_CDC_ACM_CoreSetLineCoding
<LI><a href="#[167]">&gt;&gt;</a>&nbsp;&nbsp;&nbsp;USBD_CDC_ACM_CoreSetControlLineState
<LI><a href="#[166]">&gt;&gt;</a>&nbsp;&nbsp;&nbsp;USBD_CDC_ACM_CoreSendEncapsulatedCommand
<LI><a href="#[165]">&gt;&gt;</a>&nbsp;&nbsp;&nbsp;USBD_CDC_ACM_CoreGetLineCoding
<LI><a href="#[163]">&gt;&gt;</a>&nbsp;&nbsp;&nbsp;USBD_CDC_ACM_CoreGetEncapsulatedResponse
<LI><a href="#[16b]">&gt;&gt;</a>&nbsp;&nbsp;&nbsp;USBD_CDC_EpBulkOut
<LI><a href="#[16c]">&gt;&gt;</a>&nbsp;&nbsp;&nbsp;USBD_CDC_EpBulkIn
</UL>

<P><STRONG><a name="[16c]"></a>USBD_CDC_EpBulkIn</STRONG> (Thumb, 494 bytes, Stack size 40 bytes, usbd_lib_cdc.o(i.USBD_CDC_EpBulkIn))
<BR><BR>[Stack]<UL><LI>Max Depth = 176<LI>Call Chain = USBD_CDC_EpBulkIn &rArr; USBD_DriverEndpointTransfer &rArr; USBD_DriverEndpointTransferAbort &rArr; USBD_SemaphoreRelease &rArr; osSemaphoreRelease &rArr; isrSemaphoreRelease &rArr; isr_sem_send &rArr; rt_psq_enq
</UL>
<BR>[Calls]<UL><LI><a href="#[16a]">&gt;&gt;</a>&nbsp;&nbsp;&nbsp;__aeabi_memcpy
<LI><a href="#[164]">&gt;&gt;</a>&nbsp;&nbsp;&nbsp;USBD_CDC_CheckInstance
<LI><a href="#[16d]">&gt;&gt;</a>&nbsp;&nbsp;&nbsp;USBD_DriverEndpointTransferGetResult
<LI><a href="#[16e]">&gt;&gt;</a>&nbsp;&nbsp;&nbsp;USBD_DriverEndpointTransfer
</UL>
<BR>[Called By]<UL><LI><a href="#[161]">&gt;&gt;</a>&nbsp;&nbsp;&nbsp;USBD_CDC_Bulk_Thread
</UL>

<P><STRONG><a name="[16b]"></a>USBD_CDC_EpBulkOut</STRONG> (Thumb, 426 bytes, Stack size 48 bytes, usbd_lib_cdc.o(i.USBD_CDC_EpBulkOut))
<BR><BR>[Stack]<UL><LI>Max Depth = 184<LI>Call Chain = USBD_CDC_EpBulkOut &rArr; USBD_DriverEndpointTransfer &rArr; USBD_DriverEndpointTransferAbort &rArr; USBD_SemaphoreRelease &rArr; osSemaphoreRelease &rArr; isrSemaphoreRelease &rArr; isr_sem_send &rArr; rt_psq_enq
</UL>
<BR>[Calls]<UL><LI><a href="#[16a]">&gt;&gt;</a>&nbsp;&nbsp;&nbsp;__aeabi_memcpy
<LI><a href="#[164]">&gt;&gt;</a>&nbsp;&nbsp;&nbsp;USBD_CDC_CheckInstance
<LI><a href="#[16d]">&gt;&gt;</a>&nbsp;&nbsp;&nbsp;USBD_DriverEndpointTransferGetResult
<LI><a href="#[16e]">&gt;&gt;</a>&nbsp;&nbsp;&nbsp;USBD_DriverEndpointTransfer
</UL>
<BR>[Called By]<UL><LI><a href="#[161]">&gt;&gt;</a>&nbsp;&nbsp;&nbsp;USBD_CDC_Bulk_Thread
</UL>

<P><STRONG><a name="[1ff]"></a>_dadd1</STRONG> (Thumb, 0 bytes, Stack size unknown bytes, daddsub_clz.o(x$fpl$dadd), UNUSED)
<BR><BR>[Called By]<UL><LI><a href="#[1fe]">&gt;&gt;</a>&nbsp;&nbsp;&nbsp;_dsub
</UL>

<P><STRONG><a name="[1f4]"></a>_dsub1</STRONG> (Thumb, 0 bytes, Stack size unknown bytes, daddsub_clz.o(x$fpl$dsub), UNUSED)
<BR><BR>[Called By]<UL><LI><a href="#[1f3]">&gt;&gt;</a>&nbsp;&nbsp;&nbsp;_dadd
</UL>

<P><STRONG><a name="[be]"></a>_fp_digits</STRONG> (Thumb, 432 bytes, Stack size 96 bytes, _printf_fp_dec.o(.text))
<BR><BR>[Stack]<UL><LI>Max Depth = 220<LI>Call Chain = _fp_digits &rArr; _btod_etento &rArr; _btod_emul &rArr; _e2e
</UL>
<BR>[Calls]<UL><LI><a href="#[c2]">&gt;&gt;</a>&nbsp;&nbsp;&nbsp;_btod_emul
<LI><a href="#[c1]">&gt;&gt;</a>&nbsp;&nbsp;&nbsp;_btod_ediv
<LI><a href="#[c0]">&gt;&gt;</a>&nbsp;&nbsp;&nbsp;_btod_d2e
<LI><a href="#[bf]">&gt;&gt;</a>&nbsp;&nbsp;&nbsp;_btod_etento
<LI><a href="#[c3]">&gt;&gt;</a>&nbsp;&nbsp;&nbsp;_ll_udiv10
</UL>
<BR>[Called By]<UL><LI><a href="#[c4]">&gt;&gt;</a>&nbsp;&nbsp;&nbsp;_printf_fp_dec_real
</UL>

<P><STRONG><a name="[31]"></a>_printf_input_char</STRONG> (Thumb, 10 bytes, Stack size 0 bytes, _printf_char_common.o(.text))
<BR>[Address Reference Count : 1]<UL><LI> _printf_char_common.o(.text)
</UL>
<P><STRONG><a name="[dc]"></a>AlignUp</STRONG> (Thumb, 10 bytes, Stack size 0 bytes, h1_alloc_threads.o(.text), UNUSED)
<BR><BR>[Called By]<UL><LI><a href="#[db]">&gt;&gt;</a>&nbsp;&nbsp;&nbsp;Heap1_SizeAdjust
</UL>

<P><STRONG><a name="[db]"></a>Heap1_SizeAdjust</STRONG> (Thumb, 6 bytes, Stack size 0 bytes, h1_alloc_threads.o(.text), UNUSED)
<BR><BR>[Calls]<UL><LI><a href="#[dc]">&gt;&gt;</a>&nbsp;&nbsp;&nbsp;AlignUp
</UL>
<BR>[Called By]<UL><LI><a href="#[dd]">&gt;&gt;</a>&nbsp;&nbsp;&nbsp;malloc_internal$concurrent
</UL>

<P><STRONG><a name="[e6]"></a>_freopen_locked</STRONG> (Thumb, 180 bytes, Stack size 32 bytes, fopen_locked.o(.text))
<BR><BR>[Stack]<UL><LI>Max Depth = 232 + Unknown Stack Size
<LI>Call Chain = _freopen_locked &rArr; _fclose_internal &rArr; _fflush &rArr; _writebuf &rArr; _sys_write &rArr; stdout_putchar &rArr; USBD_CDC_ACM_PutChar &rArr; USBD_CDC_ACM_WriteData &rArr; USBD_ThreadFlagsSet &rArr; osSignalSet &rArr; isrSignalSet &rArr; isr_evt_set &rArr; rt_psq_enq
</UL>
<BR>[Calls]<UL><LI><a href="#[e7]">&gt;&gt;</a>&nbsp;&nbsp;&nbsp;_sys_open
<LI><a href="#[8f]">&gt;&gt;</a>&nbsp;&nbsp;&nbsp;_mutex_release
<LI><a href="#[8e]">&gt;&gt;</a>&nbsp;&nbsp;&nbsp;_mutex_acquire
<LI><a href="#[e8]">&gt;&gt;</a>&nbsp;&nbsp;&nbsp;_fseek
<LI><a href="#[d8]">&gt;&gt;</a>&nbsp;&nbsp;&nbsp;_fclose_internal
</UL>
<BR>[Called By]<UL><LI><a href="#[e9]">&gt;&gt;</a>&nbsp;&nbsp;&nbsp;_fopen$locked
<LI><a href="#[d5]">&gt;&gt;</a>&nbsp;&nbsp;&nbsp;freopen
</UL>

<P><STRONG><a name="[f3]"></a>AlignUpOffset</STRONG> (Thumb, 14 bytes, Stack size 0 bytes, h1_extend_threads.o(.text))
<BR><BR>[Called By]<UL><LI><a href="#[ed]">&gt;&gt;</a>&nbsp;&nbsp;&nbsp;__Heap_ProvideMemory
</UL>
<P>
<H3>
Undefined Global Symbols
</H3><HR></body></html>
