Component: ARM Compiler 6.16 Tool: armlink [5dfeaa00]

==============================================================================

Section Cross References

    main.o(.text) refers (Special) to _printf_d.o(.ARM.Collect$$_printf_percent$$00000009) for _printf_d
    main.o(.text) refers (Special) to _printf_dec.o(.text) for _printf_int_dec
    main.o(.text) refers (Special) to _printf_hex_int.o(.text) for _printf_longlong_hex
    main.o(.text) refers (Special) to _printf_percent.o(.ARM.Collect$$_printf_percent$$00000000) for _printf_percent
    main.o(.text) refers (Special) to _printf_x.o(.ARM.Collect$$_printf_percent$$0000000C) for _printf_x
    main.o(.text.app) refers (Special) to _printf_d.o(.ARM.Collect$$_printf_percent$$00000009) for _printf_d
    main.o(.text.app) refers (Special) to _printf_dec.o(.text) for _printf_int_dec
    main.o(.text.app) refers (Special) to _printf_hex_int.o(.text) for _printf_longlong_hex
    main.o(.text.app) refers (Special) to _printf_percent.o(.ARM.Collect$$_printf_percent$$00000000) for _printf_percent
    main.o(.text.app) refers (Special) to _printf_x.o(.ARM.Collect$$_printf_percent$$0000000C) for _printf_x
    main.o(.text.app) refers to noretval__2printf.o(.text) for __2printf
    main.o(.ARM.exidx.text.app) refers (Special) to _printf_d.o(.ARM.Collect$$_printf_percent$$00000009) for _printf_d
    main.o(.ARM.exidx.text.app) refers (Special) to _printf_dec.o(.text) for _printf_int_dec
    main.o(.ARM.exidx.text.app) refers (Special) to _printf_hex_int.o(.text) for _printf_longlong_hex
    main.o(.ARM.exidx.text.app) refers (Special) to _printf_percent.o(.ARM.Collect$$_printf_percent$$00000000) for _printf_percent
    main.o(.ARM.exidx.text.app) refers (Special) to _printf_x.o(.ARM.Collect$$_printf_percent$$0000000C) for _printf_x
    main.o(.ARM.exidx.text.app) refers to main.o(.text.app) for [Anonymous Symbol]
    main.o(.text.app1) refers (Special) to _printf_d.o(.ARM.Collect$$_printf_percent$$00000009) for _printf_d
    main.o(.text.app1) refers (Special) to _printf_dec.o(.text) for _printf_int_dec
    main.o(.text.app1) refers (Special) to _printf_hex_int.o(.text) for _printf_longlong_hex
    main.o(.text.app1) refers (Special) to _printf_percent.o(.ARM.Collect$$_printf_percent$$00000000) for _printf_percent
    main.o(.text.app1) refers (Special) to _printf_x.o(.ARM.Collect$$_printf_percent$$0000000C) for _printf_x
    main.o(.text.app1) refers to noretval__2printf.o(.text) for __2printf
    main.o(.ARM.exidx.text.app1) refers (Special) to _printf_d.o(.ARM.Collect$$_printf_percent$$00000009) for _printf_d
    main.o(.ARM.exidx.text.app1) refers (Special) to _printf_dec.o(.text) for _printf_int_dec
    main.o(.ARM.exidx.text.app1) refers (Special) to _printf_hex_int.o(.text) for _printf_longlong_hex
    main.o(.ARM.exidx.text.app1) refers (Special) to _printf_percent.o(.ARM.Collect$$_printf_percent$$00000000) for _printf_percent
    main.o(.ARM.exidx.text.app1) refers (Special) to _printf_x.o(.ARM.Collect$$_printf_percent$$0000000C) for _printf_x
    main.o(.ARM.exidx.text.app1) refers to main.o(.text.app1) for [Anonymous Symbol]
    main.o(.text.main) refers (Special) to _printf_d.o(.ARM.Collect$$_printf_percent$$00000009) for _printf_d
    main.o(.text.main) refers (Special) to _printf_dec.o(.text) for _printf_int_dec
    main.o(.text.main) refers (Special) to _printf_hex_int.o(.text) for _printf_longlong_hex
    main.o(.text.main) refers (Special) to _printf_percent.o(.ARM.Collect$$_printf_percent$$00000000) for _printf_percent
    main.o(.text.main) refers (Special) to _printf_x.o(.ARM.Collect$$_printf_percent$$0000000C) for _printf_x
    main.o(.text.main) refers to main.o(.rodata.str1.1) for .L.str.6
    main.o(.text.main) refers to noretval__2printf.o(.text) for __2printf
    main.o(.ARM.exidx.text.main) refers (Special) to _printf_d.o(.ARM.Collect$$_printf_percent$$00000009) for _printf_d
    main.o(.ARM.exidx.text.main) refers (Special) to _printf_dec.o(.text) for _printf_int_dec
    main.o(.ARM.exidx.text.main) refers (Special) to _printf_hex_int.o(.text) for _printf_longlong_hex
    main.o(.ARM.exidx.text.main) refers (Special) to _printf_percent.o(.ARM.Collect$$_printf_percent$$00000000) for _printf_percent
    main.o(.ARM.exidx.text.main) refers (Special) to _printf_x.o(.ARM.Collect$$_printf_percent$$0000000C) for _printf_x
    main.o(.ARM.exidx.text.main) refers to main.o(.text.main) for [Anonymous Symbol]
    main.o(.rodata.str1.1) refers (Special) to _printf_d.o(.ARM.Collect$$_printf_percent$$00000009) for _printf_d
    main.o(.rodata.str1.1) refers (Special) to _printf_dec.o(.text) for _printf_int_dec
    main.o(.rodata.str1.1) refers (Special) to _printf_hex_int.o(.text) for _printf_longlong_hex
    main.o(.rodata.str1.1) refers (Special) to _printf_percent.o(.ARM.Collect$$_printf_percent$$00000000) for _printf_percent
[...]
    heap2_threads.o(i._FDIterate) refers to heap2_threads.o(.conststring) for .conststring
    heap2_threads.o(i.__Heap_Initialize$realtime$concurrent) refers to mutex_dummy.o(.text) for _mutex_initialize
    heap2_threads.o(i.__Heap_ProvideMemory$realtime$concurrent) refers to fdtree.o(i._FDTree_Delete) for _FDTree_Delete
    heap2_threads.o(i.__Heap_ProvideMemory$realtime$concurrent) refers to fdtree.o(i._FDTree_Insert) for _FDTree_Insert
    heap2_threads.o(i.__Heap_Stats$realtime$concurrent) refers to heap2_threads.o(i._Heap2_StatsIterate) for _Heap2_StatsIterate
    heap2_threads.o(i.__Heap_Valid$realtime$concurrent) refers to heap2_threads.o(i._FDIterate) for _FDIterate
    heap2_threads.o(i.__Heap_Valid$realtime$concurrent) refers to heap2_threads.o(.conststring) for .conststring
    heap2_threads.o(i.free$realtime$concurrent) refers to rt_heap_descriptor_intlibspace.o(.text) for __rt_heap_descriptor
    heap2_threads.o(i.free$realtime$concurrent) refers to fdtree.o(i._FDTree_Delete) for _FDTree_Delete
    heap2_threads.o(i.free$realtime$concurrent) refers to fdtree.o(i._FDTree_Insert) for _FDTree_Insert
    heap2_threads.o(i.malloc$realtime$concurrent) refers to rt_heap_descriptor_intlibspace.o(.text) for __rt_heap_descriptor
    heap2_threads.o(i.malloc$realtime$concurrent) refers to fdtree.o(i._FDTree_FindFirst) for _FDTree_FindFirst
    heap2_threads.o(i.malloc$realtime$concurrent) refers to init_alloc.o(.text) for __Heap_Full
    heap2_threads.o(i.malloc$realtime$concurrent) refers to fdtree.o(i._FDTree_RemoveNode) for _FDTree_RemoveNode
    heap2_threads.o(i.malloc$realtime$concurrent) refers to fdtree.o(i._FDTree_Insert) for _FDTree_Insert
    heap2_threads.o(i.posix_memalign$realtime$concurrent) refers to rt_heap_descriptor_intlibspace.o(.text) for __rt_heap_descriptor
    heap2_threads.o(i.posix_memalign$realtime$concurrent) refers to fdtree.o(i._FDTree_FindFirst) for _FDTree_FindFirst
    heap2_threads.o(i.posix_memalign$realtime$concurrent) refers to init_alloc.o(.text) for __Heap_Full
    heap2_threads.o(i.posix_memalign$realtime$concurrent) refers to fdtree.o(i._FDTree_RemoveNode) for _FDTree_RemoveNode
    heap2_threads.o(i.posix_memalign$realtime$concurrent) refers to fdtree.o(i._FDTree_Insert) for _FDTree_Insert
    heap2_threads.o(i.realloc$realtime$concurrent) refers to rt_heap_descriptor_intlibspace.o(.text) for __rt_heap_descriptor
    heap2_threads.o(i.realloc$realtime$concurrent) refers to fdtree.o(i._FDTree_Insert) for _FDTree_Insert
    heap2_threads.o(i.realloc$realtime$concurrent) refers to h1_free.o(.text) for free
    heap2_threads.o(i.realloc$realtime$concurrent) refers to h1_alloc.o(.text) for malloc
    heap2_threads.o(i.realloc$realtime$concurrent) refers to fdtree.o(i._FDTree_Delete) for _FDTree_Delete
    heap2_threads.o(i.realloc$realtime$concurrent) refers to rt_memcpy_w.o(.text) for __aeabi_memcpy4
    flsbuf.o(.text) refers to stdio.o(.text) for _deferredlazyseek
    flsbuf.o(.text) refers to retarget_io.o(.text._sys_flen) for _sys_flen
    flsbuf.o(.text) refers to retarget_io.o(.text._sys_istty) for _sys_istty
    flsbuf.o(.text) refers to h1_alloc.o(.text) for malloc
    streamlock.o(.data) refers (Special) to initio.o(.text) for _initio
    fopen.o(.text) refers to fclose.o(.text) for _fclose_internal
    fopen.o(.text) refers to retarget_io.o(.text._sys_open) for _sys_open
    fopen.o(.text) refers to fseek.o(.text) for _fseek
    fopen.o(.text) refers to h1_alloc.o(.text) for malloc
    fopen.o(.text) refers to rt_memclr_w.o(.text) for __aeabi_memclr4
    fopen.o(.text) refers to stdio_streams.o(.bss) for __stdin
    fclose.o(.text) refers to stdio.o(.text) for _fflush
    fclose.o(.text) refers to retarget_io.o(.text._sys_close) for _sys_close
    fclose.o(.text) refers to h1_free.o(.text) for free
    fclose.o(.text) refers to rt_memclr_w.o(.text) for __aeabi_memclr4
    fopen_locked.o(.text) refers to fclose.o(.text) for _fclose_internal
    fopen_locked.o(.text) refers to retarget_io.o(.text._sys_open) for _sys_open
    fopen_locked.o(.text) refers to fseek.o(.text) for _fseek
    fopen_locked.o(.text) refers to h1_alloc.o(.text) for malloc
    fopen_locked.o(.text) refers to rt_memclr_w.o(.text) for __aeabi_memclr4
    fopen_locked.o(.text) refers to streamlock.o(.data) for _stream_list_lock
    fopen_locked.o(.text) refers to stdio_streams.o(.bss) for __stdin
    exit.o(.text) refers to rtexit.o(.ARM.Collect$$rtexit$$00000000) for __rt_exit
    defsig_rtred_outer.o(.text) refers to defsig_rtred_inner.o(.text) for __rt_SIGRTRED_inner
    defsig_rtred_outer.o(.text) refers to defsig_exit.o(.text) for __sig_exit
    defsig_rtred_formal.o(.text) refers to rt_raise.o(.text) for __rt_raise
    libinit.o(.ARM.Collect$$libinit$$00000000) refers (Special) to libinit2.o(.ARM.Collect$$libinit$$0000002E) for __rt_lib_init_alloca_1
    libinit.o(.ARM.Collect$$libinit$$00000000) refers (Special) to libinit2.o(.ARM.Collect$$libinit$$0000002C) for __rt_lib_init_argv_1
    libinit.o(.ARM.Collect$$libinit$$00000000) refers (Special) to libinit2.o(.ARM.Collect$$libinit$$0000001B) for __rt_lib_init_atexit_1
    libinit.o(.ARM.Collect$$libinit$$00000000) refers (Special) to libinit2.o(.ARM.Collect$$libinit$$00000021) for __rt_lib_init_clock_1
    libinit.o(.ARM.Collect$$libinit$$00000000) refers (Special) to libinit2.o(.ARM.Collect$$libinit$$00000032) for __rt_lib_init_cpp_1
    libinit.o(.ARM.Collect$$libinit$$00000000) refers (Special) to libinit2.o(.ARM.Collect$$libinit$$00000030) for __rt_lib_init_exceptions_1
    libinit.o(.ARM.Collect$$libinit$$00000000) refers (Special) to libinit2.o(.ARM.Collect$$libinit$$00000002) for __rt_lib_init_fp_1
    libinit.o(.ARM.Collect$$libinit$$00000000) refers (Special) to libinit2.o(.ARM.Collect$$libinit$$0000001F) for __rt_lib_init_fp_trap_1
    libinit.o(.ARM.Collect$$libinit$$00000000) refers (Special) to libinit2.o(.ARM.Collect$$libinit$$00000023) for __rt_lib_init_getenv_1
    libinit.o(.ARM.Collect$$libinit$$00000000) refers (Special) to libinit2.o(.ARM.Collect$$libinit$$0000000A) for __rt_lib_init_heap_1
    libinit.o(.ARM.Collect$$libinit$$00000000) refers (Special) to libinit2.o(.ARM.Collect$$libinit$$00000011) for __rt_lib_init_lc_collate_1
    libinit.o(.ARM.Collect$$libinit$$00000000) refers (Special) to libinit2.o(.ARM.Collect$$libinit$$00000013) for __rt_lib_init_lc_ctype_1
    libinit.o(.ARM.Collect$$libinit$$00000000) refers (Special) to libinit2.o(.ARM.Collect$$libinit$$00000015) for __rt_lib_init_lc_monetary_1
    libinit.o(.ARM.Collect$$libinit$$00000000) refers (Special) to libinit2.o(.ARM.Collect$$libinit$$00000017) for __rt_lib_init_lc_numeric_1
    libinit.o(.ARM.Collect$$libinit$$00000000) refers (Special) to libinit2.o(.ARM.Collect$$libinit$$00000019) for __rt_lib_init_lc_time_1
    libinit.o(.ARM.Collect$$libinit$$00000000) refers (Special) to libinit2.o(.ARM.Collect$$libinit$$00000004) for __rt_lib_init_preinit_1
    libinit.o(.ARM.Collect$$libinit$$00000000) refers (Special) to libinit2.o(.ARM.Collect$$libinit$$0000000E) for __rt_lib_init_rand_1
    libinit.o(.ARM.Collect$$libinit$$00000000) refers (Special) to libinit2.o(.ARM.Collect$$libinit$$00000033) for __rt_lib_init_return
    libinit.o(.ARM.Collect$$libinit$$00000000) refers (Special) to libinit2.o(.ARM.Collect$$libinit$$0000001D) for __rt_lib_init_signal_1
    libinit.o(.ARM.Collect$$libinit$$00000000) refers (Special) to libinit2.o(.ARM.Collect$$libinit$$00000025) for __rt_lib_init_stdio_1
    libinit.o(.ARM.Collect$$libinit$$00000000) refers (Special) to libinit2.o(.ARM.Collect$$libinit$$0000000C) for __rt_lib_init_user_alloc_1
    libinit2.o(.ARM.Collect$$libinit$$00000005) refers (Weak) to init_alloc.o(.text) for _init_alloc
    libinit2.o(.ARM.Collect$$libinit$$00000010) refers to libinit2.o(.ARM.Collect$$libinit$$0000000F) for .ARM.Collect$$libinit$$0000000F
    libinit2.o(.ARM.Collect$$libinit$$00000012) refers to libinit2.o(.ARM.Collect$$libinit$$0000000F) for .ARM.Collect$$libinit$$0000000F
    libinit2.o(.ARM.Collect$$libinit$$00000014) refers to libinit2.o(.ARM.Collect$$libinit$$0000000F) for .ARM.Collect$$libinit$$0000000F
    libinit2.o(.ARM.Collect$$libinit$$00000016) refers to libinit2.o(.ARM.Collect$$libinit$$0000000F) for .ARM.Collect$$libinit$$0000000F
    libinit2.o(.ARM.Collect$$libinit$$00000018) refers to libinit2.o(.ARM.Collect$$libinit$$0000000F) for .ARM.Collect$$libinit$$0000000F
    libinit2.o(.ARM.Collect$$libinit$$00000024) refers (Weak) to initio.o(.text) for _initio
    libinit2.o(.ARM.Collect$$libinit$$00000026) refers to argv_veneer.o(.emb_text) for __ARM_argv_veneer
    libinit2.o(.ARM.Collect$$libinit$$00000027) refers to argv_veneer.o(.emb_text) for __ARM_argv_veneer
    libshutdown2.o(.ARM.Collect$$libshutdown$$00000003) refers (Weak) to initio.o(.text) for _terminateio
    libshutdown2.o(.ARM.Collect$$libshutdown$$0000000D) refers (Weak) to term_alloc.o(.text) for _terminate_alloc
    flsbuf_fwide.o(.text) refers to flsbuf.o(.text) for __flsbuf
    libspace.o(.text) refers to libspace.o(.bss) for __libspace_start
    sys_stackheap.o(.text) refers (Special) to indicate_semi.o(.text) for __semihosting_library_function
    sys_stackheap.o(.text) refers to use_no_semi.o(.text) for __I$use$semihosting
    sys_stackheap_hlt.o(.text) refers (Special) to indicate_semi.o(.text) for __semihosting_library_function
    sys_stackheap_hlt.o(.text) refers to use_no_semi.o(.text) for __I$use$semihosting
    rtexit.o(.ARM.Collect$$rtexit$$00000000) refers (Special) to rtexit2.o(.ARM.Collect$$rtexit$$00000004) for __rt_exit_exit
    rtexit.o(.ARM.Collect$$rtexit$$00000000) refers (Special) to rtexit2.o(.ARM.Collect$$rtexit$$00000003) for __rt_exit_ls
    rtexit.o(.ARM.Collect$$rtexit$$00000000) refers (Special) to rtexit2.o(.ARM.Collect$$rtexit$$00000002) for __rt_exit_prels_1
    rtexit.o(.ARM.exidx) refers (Special) to rtexit2.o(.ARM.Collect$$rtexit$$00000004) for __rt_exit_exit
    rtexit.o(.ARM.exidx) refers (Special) to rtexit2.o(.ARM.Collect$$rtexit$$00000003) for __rt_exit_ls
    rtexit.o(.ARM.exidx) refers (Special) to rtexit2.o(.ARM.Collect$$rtexit$$00000002) for __rt_exit_prels_1
    rtexit.o(.ARM.exidx) refers to rtexit.o(.ARM.Collect$$rtexit$$00000000) for .ARM.Collect$$rtexit$$00000000
    rt_raise.o(.text) refers to __raise.o(.text) for __raise
    rt_raise.o(.text) refers to sys_exit.o(.text) for _sys_exit
    rt_heap_descriptor.o(.text) refers to rt_heap_descriptor.o(.bss) for __rt_heap_descriptor_data
    rt_heap_descriptor_intlibspace.o(.text) refers to libspace.o(.bss) for __libspace_start
    init_alloc.o(.text) refers (Special) to hguard.o(.text) for __heap$guard
    init_alloc.o(.text) refers (Special) to libinit3.o(.ARM.Collect$$libinit$$00000006) for __rt_lib_init_heap_2
    init_alloc.o(.text) refers (Special) to maybetermalloc1.o(.text) for _maybe_terminate_alloc
    init_alloc.o(.text) refers to h1_extend.o(.text) for __Heap_ProvideMemory
    init_alloc.o(.text) refers to defsig_rtmem_outer.o(.text) for __rt_SIGRTMEM
    init_alloc.o(.text) refers to rt_heap_descriptor_intlibspace.o(.text) for __rt_heap_descriptor
    init_alloc.o(.text) refers to h1_init.o(.text) for __Heap_Initialize
    malloc.o(.text) refers (Special) to hguard.o(.text) for __heap$guard
    malloc.o(.text) refers (Special) to init_alloc.o(.text) for _init_alloc
    malloc.o(.text) refers to rt_heap_descriptor_intlibspace.o(.text) for __rt_heap_descriptor
    malloc.o(.text) refers to heapstubs.o(.text) for __Heap_Alloc
    h1_alloc.o(.text) refers (Special) to h1_init.o(.text) for __Heap_Initialize
    h1_alloc.o(.text) refers to rt_heap_descriptor_intlibspace.o(.text) for __rt_heap_descriptor
    h1_alloc.o(.text) refers to init_alloc.o(.text) for __Heap_Full
    h1_alloc_threads.o(.text) refers (Special) to h1_init.o(.text) for __Heap_Initialize
    h1_alloc_threads.o(.text) refers to init_alloc.o(.text) for __Heap_Full
    h1_alloc_threads.o(.text) refers to rt_heap_descriptor_intlibspace.o(.text) for __rt_heap_descriptor
    _printf_char_file_locked.o(.text) refers to _printf_char_common.o(.text) for _printf_char_common
    _printf_char_file_locked.o(.text) refers to fputc.o(i._fputc$unlocked) for _fputc$unlocked
    fseek.o(.text) refers to retarget_io.o(.text._sys_istty) for _sys_istty
    fseek.o(.text) refers to ftell.o(.text) for _ftell_internal
    fseek.o(.text) refers to retarget_io.o(.text._sys_flen) for _sys_flen
    fseek.o(.text) refers to stdio.o(.text) for _seterr
    stdio.o(.text) refers to retarget_io.o(.text._sys_seek) for _sys_seek
    stdio.o(.text) refers to retarget_io.o(.text._sys_write) for _sys_write
    fwritefast.o(.text) refers to stdio.o(.text) for _writebuf
    fwritefast.o(.text) refers to flsbuf.o(.text) for __flsbuf_byte
    fwritefast.o(.text) refers to rt_memcpy_v6.o(.text) for __aeabi_memcpy
    fwritefast_locked.o(.text) refers to stdio.o(.text) for _writebuf
    fwritefast_locked.o(.text) refers to flsbuf.o(.text) for __flsbuf_byte
    fwritefast_locked.o(.text) refers to rt_memcpy_v6.o(.text) for __aeabi_memcpy
    defsig_exit.o(.text) refers to sys_exit.o(.text) for _sys_exit
    defsig_rtred_inner.o(.text) refers to defsig_general.o(.text) for __default_signal_display
    assert_stdio.o(.text) refers to fputs.o(.text) for fputs
    assert_stdio.o(.text) refers to fflush.o(.text) for fflush
    assert_stdio.o(.text) refers to stdio_streams.o(.bss) for __stderr
    argv_veneer.o(.emb_text) refers to no_argv.o(.text) for __ARM_get_argv
    libinit3.o(.ARM.Collect$$libinit$$00000006) refers to libinit3.o(.ARM.Collect$$libinit$$00002717) for __lit__00000000
    libinit3.o(.ARM.Collect$$libinit$$00000006) refers (Weak) to init_alloc.o(.text) for _init_alloc
    libinit3.o(.ARM.Collect$$libinit$$00002717) refers to startup_armcm3.o(HEAP) for __heap_base
    libinit3.o(.ARM.Collect$$libinit$$00000028) refers to libinit3.o(.ARM.Collect$$libinit$$00002739) for __lit__00000002
    libinit3.o(.ARM.Collect$$libinit$$00000028) refers to argv_veneer.o(.emb_text) for __ARM_argv_veneer
    libinit3.o(.ARM.Collect$$libinit$$00002739) refers to startup_armcm3.o(HEAP) for __heap_base
    sys_exit.o(.text) refers (Special) to use_no_semi.o(.text) for __I$use$semihosting
    sys_exit.o(.text) refers (Special) to indicate_semi.o(.text) for __semihosting_library_function
    sys_exit_hlt.o(.text) refers (Special) to use_no_semi.o(.text) for __I$use$semihosting
    sys_exit_hlt.o(.text) refers (Special) to indicate_semi.o(.text) for __semihosting_library_function
    rtexit2.o(.ARM.Collect$$rtexit$$00000003) refers to libshutdown.o(.ARM.Collect$$libshutdown$$00000000) for __rt_lib_shutdown
    rtexit2.o(.ARM.Collect$$rtexit$$00000004) refers to sys_exit.o(.text) for _sys_exit
    rtexit2.o(.ARM.exidx) refers to rtexit2.o(.ARM.Collect$$rtexit$$00000001) for .ARM.Collect$$rtexit$$00000001
    rtexit2.o(.ARM.exidx) refers to rtexit2.o(.ARM.Collect$$rtexit$$00000003) for .ARM.Collect$$rtexit$$00000003
    rtexit2.o(.ARM.exidx) refers to rtexit2.o(.ARM.Collect$$rtexit$$00000004) for .ARM.Collect$$rtexit$$00000004
    maybetermalloc2.o(.text) refers (Special) to term_alloc.o(.text) for _terminate_alloc
    h1_extend.o(.text) refers to h1_free.o(.text) for free
    h1_init_threads.o(.text) refers to mutex_dummy.o(.text) for _mutex_initialize
    h1_extend_threads.o(.text) refers to h1_free_threads.o(.text) for free_internal$concurrent
    fflush.o(.text) refers to stdio.o(.text) for _fflush
    fflush.o(.text) refers to fseek.o(.text) for _fseek
    fflush.o(.text) refers to stdio_streams.o(.bss) for __stdin
    fputs.o(.text) refers to fputc.o(i.fputc) for fputc
    ftell.o(.text) refers to rt_errno_addr_intlibspace.o(.text) for __aeabi_errno_addr
    fflush_locked.o(.text) refers to stdio.o(.text) for _fflush
    fflush_locked.o(.text) refers to fseek.o(.text) for _fseek
    fflush_locked.o(.text) refers to fflush.o(.text) for _do_fflush
    fflush_locked.o(.text) refers to streamlock.o(.data) for _stream_list_lock
    fflush_locked.o(.text) refers to stdio_streams.o(.bss) for __stdin
    __raise.o(.text) refers to defsig.o(CL$$defsig) for __default_signal_handler
    defsig_general.o(.text) refers to sys_wrch.o(.text) for _ttywrch
    defsig_rtmem_outer.o(.text) refers to defsig_rtmem_inner.o(.text) for __rt_SIGRTMEM_inner
    defsig_rtmem_outer.o(.text) refers to defsig_exit.o(.text) for __sig_exit
    defsig_rtmem_formal.o(.text) refers to rt_raise.o(.text) for __rt_raise
    rt_memcpy_v6.o(.text) refers to rt_memcpy_w.o(.text) for __aeabi_memcpy4
    heapauxa.o(.text) refers to heapauxa.o(.data) for .data
    _get_argv.o(.text) refers (Special) to hrguard.o(.text) for __heap_region$guard
    _get_argv.o(.text) refers to h1_alloc.o(.text) for malloc
    _get_argv.o(.text) refers to defsig_rtmem_outer.o(.text) for __rt_SIGRTMEM
    _get_argv.o(.text) refers to sys_command.o(.text) for _sys_command_string
    _get_argv_nomalloc.o(.text) refers (Special) to hrguard.o(.text) for __heap_region$guard
    _get_argv_nomalloc.o(.text) refers to defsig_rtmem_outer.o(.text) for __rt_SIGRTMEM
    _get_argv_nomalloc.o(.text) refers to sys_command.o(.text) for _sys_command_string
    sys_wrch.o(.text) refers (Special) to use_no_semi.o(.text) for __I$use$semihosting
    sys_wrch.o(.text) refers (Special) to indicate_semi.o(.text) for __semihosting_library_function
    sys_command.o(.text) refers (Special) to use_no_semi.o(.text) for __I$use$semihosting
    sys_command.o(.text) refers (Special) to indicate_semi.o(.text) for __semihosting_library_function
    sys_wrch_hlt.o(.text) refers (Special) to use_no_semi.o(.text) for __I$use$semihosting
    sys_wrch_hlt.o(.text) refers (Special) to indicate_semi.o(.text) for __semihosting_library_function
    sys_command_hlt.o(.text) refers (Special) to use_no_semi.o(.text) for __I$use$semihosting
    sys_command_hlt.o(.text) refers (Special) to indicate_semi.o(.text) for __semihosting_library_function
    rt_errno_addr.o(.text) refers to rt_errno_addr.o(.bss) for __aeabi_errno_addr_data
    rt_errno_addr_intlibspace.o(.text) refers to libspace.o(.bss) for __libspace_start
    term_alloc.o(.text) refers (Special) to libshutdown2.o(.ARM.Collect$$libshutdown$$0000000E) for __rt_lib_shutdown_heap_2
    term_alloc.o(.text) refers to rt_heap_descriptor_intlibspace.o(.text) for __rt_heap_descriptor
    term_alloc.o(.text) refers to h1_final.o(.text) for __Heap_Finalize
    defsig_rtmem_inner.o(.text) refers to defsig_general.o(.text) for __default_signal_display
    defsig.o(CL$$defsig) refers to defsig_rtred_inner.o(.text) for __rt_SIGRTRED_inner
    defsig.o(CL$$defsig) refers to defsig_rtmem_inner.o(.text) for __rt_SIGRTMEM_inner
    libshutdown.o(.ARM.Collect$$libshutdown$$00000000) refers (Special) to libshutdown2.o(.ARM.Collect$$libshutdown$$00000002) for __rt_lib_shutdown_cpp_1
    libshutdown.o(.ARM.Collect$$libshutdown$$00000000) refers (Special) to libshutdown2.o(.ARM.Collect$$libshutdown$$00000007) for __rt_lib_shutdown_fp_trap_1
    libshutdown.o(.ARM.Collect$$libshutdown$$00000000) refers (Special) to libshutdown2.o(.ARM.Collect$$libshutdown$$0000000F) for __rt_lib_shutdown_heap_1
    libshutdown.o(.ARM.Collect$$libshutdown$$00000000) refers (Special) to libshutdown2.o(.ARM.Collect$$libshutdown$$00000010) for __rt_lib_shutdown_return
    libshutdown.o(.ARM.Collect$$libshutdown$$00000000) refers (Special) to libshutdown2.o(.ARM.Collect$$libshutdown$$0000000A) for __rt_lib_shutdown_signal_1
    libshutdown.o(.ARM.Collect$$libshutdown$$00000000) refers (Special) to libshutdown2.o(.ARM.Collect$$libshutdown$$00000004) for __rt_lib_shutdown_stdio_1
    libshutdown.o(.ARM.Collect$$libshutdown$$00000000) refers (Special) to libshutdown2.o(.ARM.Collect$$libshutdown$$0000000C) for __rt_lib_shutdown_user_alloc_1
    defsig_abrt_inner.o(.text) refers to defsig_general.o(.text) for __default_signal_display
    defsig_fpe_inner.o(.text) refers to defsig_general.o(.text) for __default_signal_display
    defsig_stak_inner.o(.text) refers to defsig_general.o(.text) for __default_signal_display
    defsig_pvfn_inner.o(.text) refers to defsig_general.o(.text) for __default_signal_display
    defsig_cppl_inner.o(.text) refers to defsig_general.o(.text) for __default_signal_display
    defsig_segv_inner.o(.text) refers to defsig_general.o(.text) for __default_signal_display
    defsig_other.o(.text) refers to defsig_general.o(.text) for __default_signal_display


==============================================================================

Removing Unused input sections from the image.

    Removing main.o(.text), (0 bytes).
    Removing main.o(.text.app), (88 bytes).
    Removing main.o(.ARM.exidx.text.app), (8 bytes).
    Removing main.o(.text.app1), (96 bytes).
    Removing main.o(.ARM.exidx.text.app1), (8 bytes).
    Removing main.o(.ARM.exidx.text.main), (8 bytes).
    Removing main.o(.ARM.use_no_argv), (4 bytes).
    Removing retarget_io.o(.text), (0 bytes).
    Removing retarget_io.o(.ARM.exidx.text.ITM_SendChar), (8 bytes).
    Removing retarget_io.o(.text.ITM_ReceiveChar), (32 bytes).
    Removing retarget_io.o(.ARM.exidx.text.ITM_ReceiveChar), (8 bytes).
    Removing retarget_io.o(.ARM.exidx.text._sys_open), (8 bytes).
    Removing retarget_io.o(.ARM.exidx.text._sys_close), (8 bytes).
    Removing retarget_io.o(.ARM.exidx.text._sys_write), (8 bytes).
    Removing retarget_io.o(.ARM.exidx.text.stdout_putchar), (8 bytes).
    Removing retarget_io.o(.text._sys_read), (20 bytes).
    Removing retarget_io.o(.ARM.exidx.text._sys_read), (8 bytes).
    Removing retarget_io.o(.ARM.exidx.text._sys_istty), (8 bytes).
    Removing retarget_io.o(.ARM.exidx.text._sys_seek), (8 bytes).
    Removing retarget_io.o(.ARM.exidx.text._sys_flen), (8 bytes).
    Removing retarget_io.o(.data.ITM_RxBuffer), (4 bytes).
    Removing system_armcm3.o(.text), (0 bytes).
    Removing system_armcm3.o(.text.SystemCoreClockUpdate), (20 bytes).
    Removing system_armcm3.o(.ARM.exidx.text.SystemCoreClockUpdate), (8 bytes).
    Removing system_armcm3.o(.ARM.exidx.text.SystemInit), (8 bytes).

25 unused section(s) (total 384 bytes) removed from the image.

==============================================================================

Image Symbol Table

    Local Symbols

    Symbol Name                              Value     Ov Type        Size  Object(Section)

    ../clib/angel/boardlib.s                 0x00000000   Number         0  boardinit1.o ABSOLUTE
    ../clib/angel/boardlib.s                 0x00000000   Number         0  boardinit2.o ABSOLUTE
    ../clib/angel/boardlib.s                 0x00000000   Number         0  boardinit3.o ABSOLUTE
    ../clib/angel/boardlib.s                 0x00000000   Number         0  boardshut.o ABSOLUTE
    ../clib/angel/handlers.s                 0x00000000   Number         0  __scatter_copy.o ABSOLUTE
    ../clib/angel/handlers.s                 0x00000000   Number         0  __scatter_zi.o ABSOLUTE
    ../clib/angel/kernel.s                   0x00000000   Number         0  __rtentry.o ABSOLUTE
    ../clib/angel/kernel.s                   0x00000000   Number         0  __rtentry2.o ABSOLUTE
    ../clib/angel/kernel.s                   0x00000000   Number         0  __rtentry4.o ABSOLUTE
    ../clib/angel/kernel.s                   0x00000000   Number         0  __rtentry5.o ABSOLUTE
    ../clib/angel/kernel.s                   0x00000000   Number         0  rtexit.o ABSOLUTE
    ../clib/angel/kernel.s                   0x00000000   Number         0  rtexit2.o ABSOLUTE
    ../clib/angel/rt.s                       0x00000000   Number         0  rt_raise.o ABSOLUTE
    ../clib/angel/rt.s                       0x00000000   Number         0  rt_heap_descriptor.o ABSOLUTE
    ../clib/angel/rt.s                       0x00000000   Number         0  rt_heap_descriptor_intlibspace.o ABSOLUTE
    ../clib/angel/rt.s                       0x00000000   Number         0  rt_errno_addr.o ABSOLUTE
    ../clib/angel/rt.s                       0x00000000   Number         0  rt_errno_addr_intlibspace.o ABSOLUTE
    ../clib/angel/scatter.s                  0x00000000   Number         0  __scatter.o ABSOLUTE
    ../clib/angel/startup.s                  0x00000000   Number         0  __main.o ABSOLUTE
    ../clib/angel/sys.s                      0x00000000   Number         0  mutex_dummy.o ABSOLUTE
    ../clib/angel/sys.s                      0x00000000   Number         0  sys_stackheap_outer.o ABSOLUTE
    ../clib/angel/sys.s                      0x00000000   Number         0  libspace.o ABSOLUTE
    ../clib/angel/sys.s                      0x00000000   Number         0  sys_stackheap.o ABSOLUTE
    ../clib/angel/sys.s                      0x00000000   Number         0  sys_stackheap_hlt.o ABSOLUTE
    ../clib/angel/sys.s                      0x00000000   Number         0  use_no_semi.o ABSOLUTE
    ../clib/angel/sys.s                      0x00000000   Number         0  indicate_semi.o ABSOLUTE
    ../clib/angel/sysapp.c                   0x00000000   Number         0  sys_exit.o ABSOLUTE
    ../clib/angel/sysapp.c                   0x00000000   Number         0  sys_exit_hlt.o ABSOLUTE
    ../clib/angel/sysapp.c                   0x00000000   Number         0  sys_wrch.o ABSOLUTE
    ../clib/angel/sysapp.c                   0x00000000   Number         0  sys_command.o ABSOLUTE
    ../clib/angel/sysapp.c                   0x00000000   Number         0  sys_wrch_hlt.o ABSOLUTE
    ../clib/angel/sysapp.c                   0x00000000   Number         0  sys_command_hlt.o ABSOLUTE
    ../clib/armsys.c                         0x00000000   Number         0  argv_veneer.o ABSOLUTE
    ../clib/armsys.c                         0x00000000   Number         0  argv_veneer.o ABSOLUTE
    ../clib/armsys.c                         0x00000000   Number         0  _get_argv.o ABSOLUTE
    ../clib/armsys.c                         0x00000000   Number         0  _get_argv_nomalloc.o ABSOLUTE
    ../clib/armsys.c                         0x00000000   Number         0  no_argv.o ABSOLUTE
    ../clib/assert.c                         0x00000000   Number         0  assert_stdio.o ABSOLUTE
    ../clib/heap1.c                          0x00000000   Number         0  h1_free.o ABSOLUTE
    ../clib/heap1.c                          0x00000000   Number         0  h1_free_threads.o ABSOLUTE
    ../clib/heap1.c                          0x00000000   Number         0  h1_alloc.o ABSOLUTE
    ../clib/heap1.c                          0x00000000   Number         0  h1_alloc_threads.o ABSOLUTE
    ../clib/heap1.c                          0x00000000   Number         0  h1_init.o ABSOLUTE
    ../clib/heap1.c                          0x00000000   Number         0  h1_extend.o ABSOLUTE
    ../clib/heap1.c                          0x00000000   Number         0  h1_init_threads.o ABSOLUTE
    ../clib/heap1.c                          0x00000000   Number         0  h1_extend_threads.o ABSOLUTE
    ../clib/heap1.c                          0x00000000   Number         0  h1_final.o ABSOLUTE
    ../clib/heap1.c                          0x00000000   Number         0  h1_final_threads.o ABSOLUTE
    ../clib/heap2.c                          0x00000000   Number         0  heap2.o ABSOLUTE
    ../clib/heap2.c                          0x00000000   Number         0  heap2_threads.o ABSOLUTE
    ../clib/heap2.c                          0x00000000   Number         0  fdtree.o ABSOLUTE
    ../clib/heapalloc.c                      0x00000000   Number         0  free.o ABSOLUTE
    ../clib/heapalloc.c                      0x00000000   Number         0  hguard.o ABSOLUTE
    ../clib/heapalloc.c                      0x00000000   Number         0  init_alloc.o ABSOLUTE
    ../clib/heapalloc.c                      0x00000000   Number         0  malloc.o ABSOLUTE
    ../clib/heapalloc.c                      0x00000000   Number         0  heapstubs.o ABSOLUTE
    ../clib/heapalloc.c                      0x00000000   Number         0  hrguard.o ABSOLUTE
    ../clib/heapalloc.c                      0x00000000   Number         0  term_alloc.o ABSOLUTE
    ../clib/heapaux.c                        0x00000000   Number         0  heapauxi.o ABSOLUTE
    ../clib/heapaux.c                        0x00000000   Number         0  heapauxa.o ABSOLUTE
    ../clib/libinit.s                        0x00000000   Number         0  libinit.o ABSOLUTE
    ../clib/libinit.s                        0x00000000   Number         0  libinit2.o ABSOLUTE
    ../clib/libinit.s                        0x00000000   Number         0  libshutdown2.o ABSOLUTE
    ../clib/libinit.s                        0x00000000   Number         0  libinit3.o ABSOLUTE
    ../clib/libinit.s                        0x00000000   Number         0  libshutdown.o ABSOLUTE
    ../clib/maybe.s                          0x00000000   Number         0  maybetermalloc1.o ABSOLUTE
    ../clib/maybe.s                          0x00000000   Number         0  maybetermalloc2.o ABSOLUTE
    ../clib/memcpset.s                       0x00000000   Number         0  strcmpv7m.o ABSOLUTE
    ../clib/memcpset.s                       0x00000000   Number         0  rt_memclr_w.o ABSOLUTE
    ../clib/memcpset.s                       0x00000000   Number         0  rt_memcpy_w.o ABSOLUTE
    ../clib/memcpset.s                       0x00000000   Number         0  rt_memcpy_v6.o ABSOLUTE
    ../clib/printf.c                         0x00000000   Number         0  __2printf.o ABSOLUTE
    ../clib/printf.c                         0x00000000   Number         0  noretval__2printf.o ABSOLUTE
    ../clib/printf.c                         0x00000000   Number         0  __printf.o ABSOLUTE
    ../clib/printf.c                         0x00000000   Number         0  _printf_dec.o ABSOLUTE
    ../clib/printf.c                         0x00000000   Number         0  _printf_hex_ll.o ABSOLUTE
    ../clib/printf.c                         0x00000000   Number         0  _printf_hex_int.o ABSOLUTE
    ../clib/printf.c                         0x00000000   Number         0  _printf_hex_int_ll.o ABSOLUTE
    ../clib/printf.c                         0x00000000   Number         0  _printf_hex_ptr.o ABSOLUTE
    ../clib/printf.c                         0x00000000   Number         0  _printf_hex_int_ptr.o ABSOLUTE
    ../clib/printf.c                         0x00000000   Number         0  _printf_hex_ll_ptr.o ABSOLUTE
    ../clib/printf.c                         0x00000000   Number         0  _printf_hex_int_ll_ptr.o ABSOLUTE
    ../clib/printf.c                         0x00000000   Number         0  __printf_flags.o ABSOLUTE
    ../clib/printf.c                         0x00000000   Number         0  __printf_ss.o ABSOLUTE
    ../clib/printf.c                         0x00000000   Number         0  __printf_flags_ss.o ABSOLUTE
    ../clib/printf.c                         0x00000000   Number         0  __printf_wp.o ABSOLUTE
    ../clib/printf.c                         0x00000000   Number         0  __printf_flags_wp.o ABSOLUTE
    ../clib/printf.c                         0x00000000   Number         0  __printf_ss_wp.o ABSOLUTE
    ../clib/printf.c                         0x00000000   Number         0  __printf_flags_ss_wp.o ABSOLUTE
    ../clib/printf.c                         0x00000000   Number         0  _printf_intcommon.o ABSOLUTE
    ../clib/printf.c                         0x00000000   Number         0  _printf_char_file.o ABSOLUTE
    ../clib/printf.c                         0x00000000   Number         0  _printf_char_common.o ABSOLUTE
    ../clib/printf.c                         0x00000000   Number         0  __printf_nopercent.o ABSOLUTE
    ../clib/printf.c                         0x00000000   Number         0  _printf_char_file_locked.o ABSOLUTE
    ../clib/printf_percent.s                 0x00000000   Number         0  _printf_x.o ABSOLUTE
    ../clib/printf_percent.s                 0x00000000   Number         0  _printf_d.o ABSOLUTE
    ../clib/printf_percent.s                 0x00000000   Number         0  _printf_percent.o ABSOLUTE
    ../clib/printf_percent.s                 0x00000000   Number         0  _printf_percent_end.o ABSOLUTE
    ../clib/signal.c                         0x00000000   Number         0  defsig_rtred_outer.o ABSOLUTE
    ../clib/signal.c                         0x00000000   Number         0  defsig_rtred_formal.o ABSOLUTE
    ../clib/signal.c                         0x00000000   Number         0  defsig_exit.o ABSOLUTE
    ../clib/signal.c                         0x00000000   Number         0  defsig_rtred_inner.o ABSOLUTE
    ../clib/signal.c                         0x00000000   Number         0  __raise.o ABSOLUTE
    ../clib/signal.c                         0x00000000   Number         0  defsig_general.o ABSOLUTE
    ../clib/signal.c                         0x00000000   Number         0  defsig_rtmem_outer.o ABSOLUTE
    ../clib/signal.c                         0x00000000   Number         0  defsig_rtmem_formal.o ABSOLUTE
    ../clib/signal.c                         0x00000000   Number         0  defsig_rtmem_inner.o ABSOLUTE
    ../clib/signal.c                         0x00000000   Number         0  defsig_abrt_inner.o ABSOLUTE
    ../clib/signal.c                         0x00000000   Number         0  defsig_fpe_inner.o ABSOLUTE
    ../clib/signal.c                         0x00000000   Number         0  defsig_stak_inner.o ABSOLUTE
    ../clib/signal.c                         0x00000000   Number         0  defsig_pvfn_inner.o ABSOLUTE
    ../clib/signal.c                         0x00000000   Number         0  defsig_cppl_inner.o ABSOLUTE
    ../clib/signal.c                         0x00000000   Number         0  defsig_segv_inner.o ABSOLUTE
    ../clib/signal.c                         0x00000000   Number         0  defsig_other.o ABSOLUTE
    ../clib/signal.s                         0x00000000   Number         0  defsig.o ABSOLUTE
    ../clib/stdio.c                          0x00000000   Number         0  stdio_streams.o ABSOLUTE
    ../clib/stdio.c                          0x00000000   Number         0  ferror.o ABSOLUTE
    ../clib/stdio.c                          0x00000000   Number         0  fputc.o ABSOLUTE
    ../clib/stdio.c                          0x00000000   Number         0  initio.o ABSOLUTE
    ../clib/stdio.c                          0x00000000   Number         0  fputc_locked.o ABSOLUTE
    ../clib/stdio.c                          0x00000000   Number         0  ferror_locked.o ABSOLUTE
    ../clib/stdio.c                          0x00000000   Number         0  initio_locked.o ABSOLUTE
    ../clib/stdio.c                          0x00000000   Number         0  flsbuf.o ABSOLUTE
    ../clib/stdio.c                          0x00000000   Number         0  setvbuf.o ABSOLUTE
    ../clib/stdio.c                          0x00000000   Number         0  streamlock.o ABSOLUTE
    ../clib/stdio.c                          0x00000000   Number         0  fopen.o ABSOLUTE
    ../clib/stdio.c                          0x00000000   Number         0  fclose.o ABSOLUTE
    ../clib/stdio.c                          0x00000000   Number         0  setvbuf_locked.o ABSOLUTE
    ../clib/stdio.c                          0x00000000   Number         0  fopen_locked.o ABSOLUTE
    ../clib/stdio.c                          0x00000000   Number         0  fseek.o ABSOLUTE
    ../clib/stdio.c                          0x00000000   Number         0  stdio.o ABSOLUTE
    ../clib/stdio.c                          0x00000000   Number         0  fwritefast.o ABSOLUTE
    ../clib/stdio.c                          0x00000000   Number         0  fwritefast_locked.o ABSOLUTE
    ../clib/stdio.c                          0x00000000   Number         0  fflush.o ABSOLUTE
    ../clib/stdio.c                          0x00000000   Number         0  fputs.o ABSOLUTE
    ../clib/stdio.c                          0x00000000   Number         0  ftell.o ABSOLUTE
    ../clib/stdio.c                          0x00000000   Number         0  fputs_locked.o ABSOLUTE
    ../clib/stdio.c                          0x00000000   Number         0  fflush_locked.o ABSOLUTE
    ../clib/stdlib.c                         0x00000000   Number         0  exit.o ABSOLUTE
    ../clib/wchar.c                          0x00000000   Number         0  flsbuf_fwide.o ABSOLUTE
    ../fplib/fpinit.s                        0x00000000   Number         0  fpinit.o ABSOLUTE
    ../fplib/fpinit_empty.s                  0x00000000   Number         0  fpinit_empty.o ABSOLUTE
    RTE/Device/ARMCM3/startup_ARMCM3.s       0x00000000   Number         0  startup_armcm3.o ABSOLUTE
    dc.s                                     0x00000000   Number         0  dc.o ABSOLUTE
    main.c                                   0x00000000   Number         0  main.o ABSOLUTE
    retarget_io.c                            0x00000000   Number         0  retarget_io.o ABSOLUTE
    system_ARMCM3.c                          0x00000000   Number         0  system_armcm3.o ABSOLUTE
    RESET                                    0x00000000   Section      960  startup_armcm3.o(RESET)
    !!!main                                  0x000003c0   Section        8  __main.o(!!!main)
    !!!scatter                               0x000003c8   Section       52  __scatter.o(!!!scatter)
    !!handler_copy                           0x000003fc   Section       26  __scatter_copy.o(!!handler_copy)
    !!handler_zi                             0x00000418   Section       28  __scatter_zi.o(!!handler_zi)
    .ARM.Collect$$_printf_percent$$00000000  0x00000434   Section        0  _printf_percent.o(.ARM.Collect$$_printf_percent$$00000000)
    .ARM.Collect$$_printf_percent$$00000009  0x00000434   Section        6  _printf_d.o(.ARM.Collect$$_printf_percent$$00000009)
    .ARM.Collect$$_printf_percent$$0000000C  0x0000043a   Section        6  _printf_x.o(.ARM.Collect$$_printf_percent$$0000000C)
    .ARM.Collect$$_printf_percent$$00000017  0x00000440   Section        4  _printf_percent_end.o(.ARM.Collect$$_printf_percent$$00000017)
    .ARM.Collect$$libinit$$00000000          0x00000444   Section        2  libinit.o(.ARM.Collect$$libinit$$00000000)
    .ARM.Collect$$libinit$$00000002          0x00000446   Section        0  libinit2.o(.ARM.Collect$$libinit$$00000002)
    .ARM.Collect$$libinit$$00000004          0x00000446   Section        0  libinit2.o(.ARM.Collect$$libinit$$00000004)
    .ARM.Collect$$libinit$$00000006          0x00000446   Section        8  libinit3.o(.ARM.Collect$$libinit$$00000006)
    .ARM.Collect$$libinit$$0000000A          0x0000044e   Section        0  libinit2.o(.ARM.Collect$$libinit$$0000000A)
    .ARM.Collect$$libinit$$0000000C          0x0000044e   Section        0  libinit2.o(.ARM.Collect$$libinit$$0000000C)
    .ARM.Collect$$libinit$$0000000E          0x0000044e   Section        0  libinit2.o(.ARM.Collect$$libinit$$0000000E)
    .ARM.Collect$$libinit$$00000011          0x0000044e   Section        0  libinit2.o(.ARM.Collect$$libinit$$00000011)
    .ARM.Collect$$libinit$$00000013          0x0000044e   Section        0  libinit2.o(.ARM.Collect$$libinit$$00000013)
    .ARM.Collect$$libinit$$00000015          0x0000044e   Section        0  libinit2.o(.ARM.Collect$$libinit$$00000015)
    .ARM.Collect$$libinit$$00000017          0x0000044e   Section        0  libinit2.o(.ARM.Collect$$libinit$$00000017)
    .ARM.Collect$$libinit$$00000019          0x0000044e   Section        0  libinit2.o(.ARM.Collect$$libinit$$00000019)
    .ARM.Collect$$libinit$$0000001B          0x0000044e   Section        0  libinit2.o(.ARM.Collect$$libinit$$0000001B)
    .ARM.Collect$$libinit$$0000001D          0x0000044e   Section        0  libinit2.o(.ARM.Collect$$libinit$$0000001D)
    .ARM.Collect$$libinit$$0000001F          0x0000044e   Section        0  libinit2.o(.ARM.Collect$$libinit$$0000001F)
    .ARM.Collect$$libinit$$00000021          0x0000044e   Section        0  libinit2.o(.ARM.Collect$$libinit$$00000021)
    .ARM.Collect$$libinit$$00000023          0x0000044e   Section        0  libinit2.o(.ARM.Collect$$libinit$$00000023)
    .ARM.Collect$$libinit$$00000024          0x0000044e   Section        4  libinit2.o(.ARM.Collect$$libinit$$00000024)
    .ARM.Collect$$libinit$$00000025          0x00000452   Section        0  libinit2.o(.ARM.Collect$$libinit$$00000025)
    .ARM.Collect$$libinit$$0000002C          0x00000452   Section        0  libinit2.o(.ARM.Collect$$libinit$$0000002C)
    .ARM.Collect$$libinit$$0000002E          0x00000452   Section        0  libinit2.o(.ARM.Collect$$libinit$$0000002E)
    .ARM.Collect$$libinit$$00000030          0x00000452   Section        0  libinit2.o(.ARM.Collect$$libinit$$00000030)
    .ARM.Collect$$libinit$$00000032          0x00000452   Section        0  libinit2.o(.ARM.Collect$$libinit$$00000032)
    .ARM.Collect$$libinit$$00000033          0x00000452   Section        2  libinit2.o(.ARM.Collect$$libinit$$00000033)
    __lit__00000000                          0x00000454   Data           4  libinit3.o(.ARM.Collect$$libinit$$00002717)
    .ARM.Collect$$libinit$$00002717          0x00000454   Section        8  libinit3.o(.ARM.Collect$$libinit$$00002717)
    __lit__00000001                          0x00000458   Data           4  libinit3.o(.ARM.Collect$$libinit$$00002717)
    .ARM.Collect$$libshutdown$$00000000      0x0000045c   Section        2  libshutdown.o(.ARM.Collect$$libshutdown$$00000000)
    .ARM.Collect$$libshutdown$$00000002      0x0000045e   Section        0  libshutdown2.o(.ARM.Collect$$libshutdown$$00000002)
    .ARM.Collect$$libshutdown$$00000003      0x0000045e   Section        4  libshutdown2.o(.ARM.Collect$$libshutdown$$00000003)
    .ARM.Collect$$libshutdown$$00000004      0x00000462   Section        0  libshutdown2.o(.ARM.Collect$$libshutdown$$00000004)
    .ARM.Collect$$libshutdown$$00000007      0x00000462   Section        0  libshutdown2.o(.ARM.Collect$$libshutdown$$00000007)
    .ARM.Collect$$libshutdown$$0000000A      0x00000462   Section        0  libshutdown2.o(.ARM.Collect$$libshutdown$$0000000A)
    .ARM.Collect$$libshutdown$$0000000C      0x00000462   Section        0  libshutdown2.o(.ARM.Collect$$libshutdown$$0000000C)
    .ARM.Collect$$libshutdown$$0000000F      0x00000462   Section        0  libshutdown2.o(.ARM.Collect$$libshutdown$$0000000F)
    .ARM.Collect$$libshutdown$$00000010      0x00000462   Section        2  libshutdown2.o(.ARM.Collect$$libshutdown$$00000010)
    .ARM.Collect$$rtentry$$00000000          0x00000464   Section        0  __rtentry.o(.ARM.Collect$$rtentry$$00000000)
    .ARM.Collect$$rtentry$$00000002          0x00000464   Section        0  __rtentry2.o(.ARM.Collect$$rtentry$$00000002)
    .ARM.Collect$$rtentry$$00000005          0x00000464   Section        4  __rtentry5.o(.ARM.Collect$$rtentry$$00000005)
    .ARM.Collect$$rtentry$$00000009          0x00000468   Section        0  __rtentry2.o(.ARM.Collect$$rtentry$$00000009)
    .ARM.Collect$$rtentry$$0000000A          0x00000468   Section        4  __rtentry2.o(.ARM.Collect$$rtentry$$0000000A)
    .ARM.Collect$$rtentry$$0000000C          0x0000046c   Section        0  __rtentry2.o(.ARM.Collect$$rtentry$$0000000C)
    .ARM.Collect$$rtentry$$0000000D          0x0000046c   Section        8  __rtentry2.o(.ARM.Collect$$rtentry$$0000000D)
    __lit__00000000                          0x00000474   Data           4  __rtentry5.o(.ARM.Collect$$rtentry$$00002716)
    .ARM.Collect$$rtentry$$00002716          0x00000474   Section        4  __rtentry5.o(.ARM.Collect$$rtentry$$00002716)
    .ARM.Collect$$rtexit$$00000000           0x00000478   Section        2  rtexit.o(.ARM.Collect$$rtexit$$00000000)
    .ARM.Collect$$rtexit$$00000002           0x0000047a   Section        0  rtexit2.o(.ARM.Collect$$rtexit$$00000002)
    .ARM.Collect$$rtexit$$00000003           0x0000047a   Section        4  rtexit2.o(.ARM.Collect$$rtexit$$00000003)
    .ARM.Collect$$rtexit$$00000004           0x0000047e   Section        6  rtexit2.o(.ARM.Collect$$rtexit$$00000004)
    .text                                    0x00000484   Section       56  startup_armcm3.o(.text)
    .text                                    0x000004bc   Section        0  noretval__2printf.o(.text)
    .text                                    0x000004d4   Section        0  __printf.o(.text)
    .text                                    0x0000053c   Section        0  _printf_dec.o(.text)
    .text                                    0x000005b4   Section        0  _printf_hex_int.o(.text)
    .text                                    0x0000060c   Section      128  strcmpv7m.o(.text)
    .text                                    0x0000068c   Section        0  heapauxi.o(.text)
    .text                                    0x00000692   Section        0  _printf_intcommon.o(.text)
    .text                                    0x00000744   Section        0  _printf_char_file.o(.text)
    _printf_input_char                       0x00000769   Thumb Code    10  _printf_char_common.o(.text)
    .text                                    0x00000768   Section        0  _printf_char_common.o(.text)
    .text                                    0x00000798   Section        0  ferror.o(.text)
    .text                                    0x000007a0   Section        0  initio.o(.text)
    .text                                    0x000008d8   Section        0  h1_free.o(.text)
    .text                                    0x00000926   Section        0  flsbuf.o(.text)
    .text                                    0x00000afc   Section        0  setvbuf.o(.text)
    _freopen_locked                          0x00000b45   Thumb Code     0  fopen.o(.text)
    .text                                    0x00000b44   Section        0  fopen.o(.text)
    .text                                    0x00000c34   Section        0  fclose.o(.text)
    .text                                    0x00000c80   Section        0  exit.o(.text)
    .text                                    0x00000c92   Section        0  defsig_rtred_outer.o(.text)
    .text                                    0x00000ca0   Section       78  rt_memclr_w.o(.text)
    .text                                    0x00000cf0   Section        8  rt_heap_descriptor_intlibspace.o(.text)
    .text                                    0x00000cf8   Section        0  hguard.o(.text)
    .text                                    0x00000cfc   Section        0  init_alloc.o(.text)
    .text                                    0x00000d86   Section        0  h1_alloc.o(.text)
    .text                                    0x00000de4   Section        0  fseek.o(.text)
    .text                                    0x00000edc   Section        0  stdio.o(.text)
    .text                                    0x00000fcc   Section        0  defsig_exit.o(.text)
    .text                                    0x00000fd8   Section        0  defsig_rtred_inner.o(.text)
    .text                                    0x0000100c   Section        0  sys_exit.o(.text)
    .text                                    0x00001018   Section        2  use_no_semi.o(.text)
    .text                                    0x0000101a   Section        0  indicate_semi.o(.text)
    .text                                    0x0000101a   Section        0  maybetermalloc1.o(.text)
    .text                                    0x0000101a   Section        0  h1_init.o(.text)
    .text                                    0x00001028   Section        0  h1_extend.o(.text)
    .text                                    0x0000105c   Section        0  ftell.o(.text)
    .text                                    0x0000109e   Section        0  defsig_general.o(.text)
    .text                                    0x000010d0   Section        0  defsig_rtmem_outer.o(.text)
    .text                                    0x000010de   Section        0  sys_wrch.o(.text)
    .text                                    0x000010ec   Section        8  rt_errno_addr_intlibspace.o(.text)
    .text                                    0x000010f4   Section        0  defsig_rtmem_inner.o(.text)
    [Anonymous Symbol]                       0x00001144   Section        0  retarget_io.o(.text.ITM_SendChar)
    [Anonymous Symbol]                       0x00001174   Section        0  system_armcm3.o(.text.SystemInit)
    [Anonymous Symbol]                       0x0000119c   Section        0  retarget_io.o(.text._sys_close)
    [Anonymous Symbol]                       0x000011b0   Section        0  retarget_io.o(.text._sys_flen)
    [Anonymous Symbol]                       0x000011b4   Section        0  retarget_io.o(.text._sys_istty)
    [Anonymous Symbol]                       0x000011c4   Section        0  retarget_io.o(.text._sys_open)
    [Anonymous Symbol]                       0x00001228   Section        0  retarget_io.o(.text._sys_seek)
    [Anonymous Symbol]                       0x00001230   Section        0  retarget_io.o(.text._sys_write)
    [Anonymous Symbol]                       0x00001260   Section        0  main.o(.text.main)
    stdout_putchar                           0x00001285   Thumb Code     8  retarget_io.o(.text.stdout_putchar)
    [Anonymous Symbol]                       0x00001284   Section        0  retarget_io.o(.text.stdout_putchar)
    i.fputc                                  0x0000128c   Section        0  fputc.o(i.fputc)
    uc_hextab                                0x000012a6   Data          20  _printf_hex_int.o(.constdata)
    .constdata                               0x000012a6   Section       40  _printf_hex_int.o(.constdata)
    lc_hextab                                0x000012ba   Data          20  _printf_hex_int.o(.constdata)
    .L.str.6                                 0x000012e5   Data          14  main.o(.rodata.str1.1)
    [Anonymous Symbol]                       0x000012e5   Section        0  main.o(.rodata.str1.1)
    .data                                    0x20000000   Section        4  stdio_streams.o(.data)
    .data                                    0x20000004   Section        4  stdio_streams.o(.data)
    .data                                    0x20000008   Section        4  stdio_streams.o(.data)
    .bss                                     0x20000010   Section       84  stdio_streams.o(.bss)
    .bss                                     0x20000064   Section       84  stdio_streams.o(.bss)
    .bss                                     0x200000b8   Section       84  stdio_streams.o(.bss)
    .bss                                     0x2000010c   Section       96  libspace.o(.bss)
    HEAP                                     0x20000170   Section     4096  startup_armcm3.o(HEAP)
    STACK                                    0x20001170   Section     4096  startup_armcm3.o(STACK)

    Global Symbols

    Symbol Name                              Value     Ov Type        Size  Object(Section)

    BuildAttributes$$THM_ISAv4$P$D$K$B$S$PE$A:L22UL41UL21$X:L11$S22US41US21$IEEE1$IW$~IW$USESV6$~STKCKD$USESV7$~SHL$OTIME$ROPI$EBA8$UX$STANDARDLIB$REQ8$PRES8$EABIv2 0x00000000   Number         0  anon$$obj.o ABSOLUTE
    __Vectors                                0x00000000   Data           4  startup_armcm3.o(RESET)
    __fp_init_empty                          0x00000000   Number         0  fpinit_empty.o ABSOLUTE
    Image$$ZI$$Limit                          - Undefined Weak Reference
    __ARM_exceptions_init                     - Undefined Weak Reference
    __alloca_initialize                       - Undefined Weak Reference
    __arm_preinit_                            - Undefined Weak Reference
    __cpp_initialize__aeabi_                  - Undefined Weak Reference
    __cxa_finalize                            - Undefined Weak Reference
    __rt_locale                               - Undefined Weak Reference
    __sigvec_lookup                           - Undefined Weak Reference
    __user_heap_extent                        - Undefined Weak Reference
    _atexit_init                              - Undefined Weak Reference
    _call_atexit_fns                          - Undefined Weak Reference
    _clock_init                               - Undefined Weak Reference
    _fp_trap_init                             - Undefined Weak Reference
    _fp_trap_shutdown                         - Undefined Weak Reference
    _get_lc_collate                           - Undefined Weak Reference
    _get_lc_ctype                             - Undefined Weak Reference
    _get_lc_monetary                          - Undefined Weak Reference
    _get_lc_numeric                           - Undefined Weak Reference
    _get_lc_time                              - Undefined Weak Reference
    _getenv_init                              - Undefined Weak Reference
    _handle_redirection                       - Undefined Weak Reference
    _mutex_acquire                            - Undefined Weak Reference
    _mutex_free                               - Undefined Weak Reference
    _mutex_release                            - Undefined Weak Reference
    _printf_post_padding                      - Undefined Weak Reference
    _printf_pre_padding                       - Undefined Weak Reference
    _printf_truncate_signed                   - Undefined Weak Reference
    _printf_truncate_unsigned                 - Undefined Weak Reference
    _rand_init                                - Undefined Weak Reference
    _signal_finish                            - Undefined Weak Reference
    _signal_init                              - Undefined Weak Reference
    __Vectors_End                            0x000003c0   Data           0  startup_armcm3.o(RESET)
    __Vectors_Size                           0x000003c0   Number         0  startup_armcm3.o ABSOLUTE
    __main                                   0x000003c1   Thumb Code     8  __main.o(!!!main)
    __scatterload                            0x000003c9   Thumb Code     0  __scatter.o(!!!scatter)
    __scatterload_rt2                        0x000003c9   Thumb Code    44  __scatter.o(!!!scatter)
    __scatterload_rt2_thumb_only             0x000003c9   Thumb Code     0  __scatter.o(!!!scatter)
    __scatterload_null                       0x000003d7   Thumb Code     0  __scatter.o(!!!scatter)
    __scatterload_copy                       0x000003fd   Thumb Code    26  __scatter_copy.o(!!handler_copy)
    __scatterload_zeroinit                   0x00000419   Thumb Code    28  __scatter_zi.o(!!handler_zi)
    _printf_d                                0x00000435   Thumb Code     0  _printf_d.o(.ARM.Collect$$_printf_percent$$00000009)
    _printf_percent                          0x00000435   Thumb Code     0  _printf_percent.o(.ARM.Collect$$_printf_percent$$00000000)
    _printf_x                                0x0000043b   Thumb Code     0  _printf_x.o(.ARM.Collect$$_printf_percent$$0000000C)
    _printf_percent_end                      0x00000441   Thumb Code     0  _printf_percent_end.o(.ARM.Collect$$_printf_percent$$00000017)
    __rt_lib_init                            0x00000445   Thumb Code     0  libinit.o(.ARM.Collect$$libinit$$00000000)
    __rt_lib_init_fp_1                       0x00000447   Thumb Code     0  libinit2.o(.ARM.Collect$$libinit$$00000002)
    __rt_lib_init_heap_2                     0x00000447   Thumb Code     0  libinit3.o(.ARM.Collect$$libinit$$00000006)
    __rt_lib_init_preinit_1                  0x00000447   Thumb Code     0  libinit2.o(.ARM.Collect$$libinit$$00000004)
    __rt_lib_init_atexit_1                   0x0000044f   Thumb Code     0  libinit2.o(.ARM.Collect$$libinit$$0000001B)
    __rt_lib_init_clock_1                    0x0000044f   Thumb Code     0  libinit2.o(.ARM.Collect$$libinit$$00000021)
    __rt_lib_init_fp_trap_1                  0x0000044f   Thumb Code     0  libinit2.o(.ARM.Collect$$libinit$$0000001F)
    __rt_lib_init_getenv_1                   0x0000044f   Thumb Code     0  libinit2.o(.ARM.Collect$$libinit$$00000023)
    __rt_lib_init_heap_1                     0x0000044f   Thumb Code     0  libinit2.o(.ARM.Collect$$libinit$$0000000A)
    __rt_lib_init_lc_collate_1               0x0000044f   Thumb Code     0  libinit2.o(.ARM.Collect$$libinit$$00000011)
    __rt_lib_init_lc_ctype_1                 0x0000044f   Thumb Code     0  libinit2.o(.ARM.Collect$$libinit$$00000013)
    __rt_lib_init_lc_monetary_1              0x0000044f   Thumb Code     0  libinit2.o(.ARM.Collect$$libinit$$00000015)
    __rt_lib_init_lc_numeric_1               0x0000044f   Thumb Code     0  libinit2.o(.ARM.Collect$$libinit$$00000017)
    __rt_lib_init_lc_time_1                  0x0000044f   Thumb Code     0  libinit2.o(.ARM.Collect$$libinit$$00000019)
    __rt_lib_init_rand_1                     0x0000044f   Thumb Code     0  libinit2.o(.ARM.Collect$$libinit$$0000000E)
    __rt_lib_init_signal_1                   0x0000044f   Thumb Code     0  libinit2.o(.ARM.Collect$$libinit$$0000001D)
    __rt_lib_init_stdio_2                    0x0000044f   Thumb Code     0  libinit2.o(.ARM.Collect$$libinit$$00000024)
    __rt_lib_init_user_alloc_1               0x0000044f   Thumb Code     0  libinit2.o(.ARM.Collect$$libinit$$0000000C)
    __rt_lib_init_alloca_1                   0x00000453   Thumb Code     0  libinit2.o(.ARM.Collect$$libinit$$0000002E)
    __rt_lib_init_argv_1                     0x00000453   Thumb Code     0  libinit2.o(.ARM.Collect$$libinit$$0000002C)
    __rt_lib_init_cpp_1                      0x00000453   Thumb Code     0  libinit2.o(.ARM.Collect$$libinit$$00000032)
    __rt_lib_init_exceptions_1               0x00000453   Thumb Code     0  libinit2.o(.ARM.Collect$$libinit$$00000030)
    __rt_lib_init_return                     0x00000453   Thumb Code     0  libinit2.o(.ARM.Collect$$libinit$$00000033)
    __rt_lib_init_stdio_1                    0x00000453   Thumb Code     0  libinit2.o(.ARM.Collect$$libinit$$00000025)
    __rt_lib_shutdown                        0x0000045d   Thumb Code     0  libshutdown.o(.ARM.Collect$$libshutdown$$00000000)
    __rt_lib_shutdown_cpp_1                  0x0000045f   Thumb Code     0  libshutdown2.o(.ARM.Collect$$libshutdown$$00000002)
    __rt_lib_shutdown_stdio_2                0x0000045f   Thumb Code     0  libshutdown2.o(.ARM.Collect$$libshutdown$$00000003)
    __rt_lib_shutdown_fp_trap_1              0x00000463   Thumb Code     0  libshutdown2.o(.ARM.Collect$$libshutdown$$00000007)
    __rt_lib_shutdown_heap_1                 0x00000463   Thumb Code     0  libshutdown2.o(.ARM.Collect$$libshutdown$$0000000F)
    __rt_lib_shutdown_return                 0x00000463   Thumb Code     0  libshutdown2.o(.ARM.Collect$$libshutdown$$00000010)
    __rt_lib_shutdown_signal_1               0x00000463   Thumb Code     0  libshutdown2.o(.ARM.Collect$$libshutdown$$0000000A)
    __rt_lib_shutdown_stdio_1                0x00000463   Thumb Code     0  libshutdown2.o(.ARM.Collect$$libshutdown$$00000004)
    __rt_lib_shutdown_user_alloc_1           0x00000463   Thumb Code     0  libshutdown2.o(.ARM.Collect$$libshutdown$$0000000C)
    __rt_entry                               0x00000465   Thumb Code     0  __rtentry.o(.ARM.Collect$$rtentry$$00000000)
    __rt_entry_presh_1                       0x00000465   Thumb Code     0  __rtentry2.o(.ARM.Collect$$rtentry$$00000002)
    __rt_entry_sh                            0x00000465   Thumb Code     0  __rtentry5.o(.ARM.Collect$$rtentry$$00000005)
    __rt_entry_li                            0x00000469   Thumb Code     0  __rtentry2.o(.ARM.Collect$$rtentry$$0000000A)
    __rt_entry_postsh_1                      0x00000469   Thumb Code     0  __rtentry2.o(.ARM.Collect$$rtentry$$00000009)
    __rt_entry_main                          0x0000046d   Thumb Code     0  __rtentry2.o(.ARM.Collect$$rtentry$$0000000D)
    __rt_entry_postli_1                      0x0000046d   Thumb Code     0  __rtentry2.o(.ARM.Collect$$rtentry$$0000000C)
    __rt_exit                                0x00000479   Thumb Code     0  rtexit.o(.ARM.Collect$$rtexit$$00000000)
    __rt_exit_ls                             0x0000047b   Thumb Code     0  rtexit2.o(.ARM.Collect$$rtexit$$00000003)
    __rt_exit_prels_1                        0x0000047b   Thumb Code     0  rtexit2.o(.ARM.Collect$$rtexit$$00000002)
    __rt_exit_exit                           0x0000047f   Thumb Code     0  rtexit2.o(.ARM.Collect$$rtexit$$00000004)
    Reset_Handler                            0x00000485   Thumb Code     8  startup_armcm3.o(.text)
    HardFault_Handler                        0x0000048d   Thumb Code     2  startup_armcm3.o(.text)
    NMI_Handler                              0x0000048f   Thumb Code     2  startup_armcm3.o(.text)
    MemManage_Handler                        0x00000491   Thumb Code     2  startup_armcm3.o(.text)
    BusFault_Handler                         0x00000493   Thumb Code     2  startup_armcm3.o(.text)
    UsageFault_Handler                       0x00000495   Thumb Code     2  startup_armcm3.o(.text)
    SVC_Handler                              0x00000497   Thumb Code     2  startup_armcm3.o(.text)
    DebugMon_Handler                         0x00000499   Thumb Code     2  startup_armcm3.o(.text)
    PendSV_Handler                           0x0000049b   Thumb Code     2  startup_armcm3.o(.text)
    SysTick_Handler                          0x0000049d   Thumb Code     2  startup_armcm3.o(.text)
    Interrupt0_Handler                       0x0000049f   Thumb Code     2  startup_armcm3.o(.text)
    Interrupt1_Handler                       0x000004a1   Thumb Code     2  startup_armcm3.o(.text)
    Interrupt2_Handler                       0x000004a3   Thumb Code     2  startup_armcm3.o(.text)
    Interrupt3_Handler                       0x000004a5   Thumb Code     2  startup_armcm3.o(.text)
    Interrupt4_Handler                       0x000004a7   Thumb Code     2  startup_armcm3.o(.text)
    Interrupt5_Handler                       0x000004a9   Thumb Code     2  startup_armcm3.o(.text)
    Interrupt6_Handler                       0x000004ab   Thumb Code     2  startup_armcm3.o(.text)
    Interrupt7_Handler                       0x000004ad   Thumb Code     2  startup_armcm3.o(.text)
    Interrupt8_Handler                       0x000004af   Thumb Code     2  startup_armcm3.o(.text)
    Interrupt9_Handler                       0x000004b1   Thumb Code     2  startup_armcm3.o(.text)
    __2printf                                0x000004bd   Thumb Code    20  noretval__2printf.o(.text)
    __printf                                 0x000004d5   Thumb Code   104  __printf.o(.text)
    _printf_int_dec                          0x0000053d   Thumb Code   104  _printf_dec.o(.text)
    _printf_int_hex                          0x000005b5   Thumb Code    84  _printf_hex_int.o(.text)
    _printf_longlong_hex                     0x000005b5   Thumb Code     0  _printf_hex_int.o(.text)
    strcmp                                   0x0000060d   Thumb Code   128  strcmpv7m.o(.text)
    __use_two_region_memory                  0x0000068d   Thumb Code     2  heapauxi.o(.text)
    __rt_heap_escrow                         0x0000068f   Thumb Code     2  heapauxi.o(.text)
    __rt_heap_expand                         0x00000691   Thumb Code     2  heapauxi.o(.text)
    _printf_int_common                       0x00000693   Thumb Code   178  _printf_intcommon.o(.text)
    _printf_char_file                        0x00000745   Thumb Code    32  _printf_char_file.o(.text)
    _printf_char_common                      0x00000773   Thumb Code    32  _printf_char_common.o(.text)
    ferror                                   0x00000799   Thumb Code     8  ferror.o(.text)
    _initio                                  0x000007a1   Thumb Code   210  initio.o(.text)
    _terminateio                             0x00000873   Thumb Code    56  initio.o(.text)
    free                                     0x000008d9   Thumb Code    78  h1_free.o(.text)
    __flsbuf                                 0x00000927   Thumb Code   470  flsbuf.o(.text)
    __flsbuf_byte                            0x00000927   Thumb Code     0  flsbuf.o(.text)
    __flsbuf_wide                            0x00000927   Thumb Code     0  flsbuf.o(.text)
    setvbuf                                  0x00000afd   Thumb Code    70  setvbuf.o(.text)
    freopen                                  0x00000b45   Thumb Code   160  fopen.o(.text)
    fopen                                    0x00000be5   Thumb Code    74  fopen.o(.text)
    _fclose_internal                         0x00000c35   Thumb Code    76  fclose.o(.text)
    fclose                                   0x00000c35   Thumb Code     0  fclose.o(.text)
    exit                                     0x00000c81   Thumb Code    18  exit.o(.text)
    __rt_SIGRTRED                            0x00000c93   Thumb Code    14  defsig_rtred_outer.o(.text)
    __aeabi_memclr4                          0x00000ca1   Thumb Code     0  rt_memclr_w.o(.text)
    __aeabi_memclr8                          0x00000ca1   Thumb Code     0  rt_memclr_w.o(.text)
    __rt_memclr_w                            0x00000ca1   Thumb Code     0  rt_memclr_w.o(.text)
    _memset_w                                0x00000ca5   Thumb Code    74  rt_memclr_w.o(.text)
    __rt_heap_descriptor                     0x00000cf1   Thumb Code     8  rt_heap_descriptor_intlibspace.o(.text)
    __use_no_heap                            0x00000cf9   Thumb Code     2  hguard.o(.text)
    __heap$guard                             0x00000cfb   Thumb Code     2  hguard.o(.text)
    _terminate_user_alloc                    0x00000cfd   Thumb Code     2  init_alloc.o(.text)
    _init_user_alloc                         0x00000cff   Thumb Code     2  init_alloc.o(.text)
    __Heap_Full                              0x00000d01   Thumb Code    34  init_alloc.o(.text)
    __Heap_Broken                            0x00000d23   Thumb Code     6  init_alloc.o(.text)
    _init_alloc                              0x00000d29   Thumb Code    94  init_alloc.o(.text)
    malloc                                   0x00000d87   Thumb Code    94  h1_alloc.o(.text)
    _fseek                                   0x00000de5   Thumb Code   242  fseek.o(.text)
    fseek                                    0x00000de5   Thumb Code     0  fseek.o(.text)
    _seterr                                  0x00000edd   Thumb Code    20  stdio.o(.text)
    _writebuf                                0x00000ef1   Thumb Code    84  stdio.o(.text)
    _fflush                                  0x00000f45   Thumb Code    70  stdio.o(.text)
    _deferredlazyseek                        0x00000f8b   Thumb Code    60  stdio.o(.text)
    __sig_exit                               0x00000fcd   Thumb Code    10  defsig_exit.o(.text)
    __rt_SIGRTRED_inner                      0x00000fd9   Thumb Code    14  defsig_rtred_inner.o(.text)
    _sys_exit                                0x0000100d   Thumb Code     8  sys_exit.o(.text)
    __I$use$semihosting                      0x00001019   Thumb Code     0  use_no_semi.o(.text)
    __use_no_semihosting_swi                 0x00001019   Thumb Code     2  use_no_semi.o(.text)
    __Heap_Initialize                        0x0000101b   Thumb Code    10  h1_init.o(.text)
    __semihosting_library_function           0x0000101b   Thumb Code     0  indicate_semi.o(.text)
    _maybe_terminate_alloc                   0x0000101b   Thumb Code     0  maybetermalloc1.o(.text)
    __Heap_DescSize                          0x00001025   Thumb Code     4  h1_init.o(.text)
    __Heap_ProvideMemory                     0x00001029   Thumb Code    52  h1_extend.o(.text)
    _ftell_internal                          0x0000105d   Thumb Code    66  ftell.o(.text)
    ftell                                    0x0000105d   Thumb Code     0  ftell.o(.text)
    __default_signal_display                 0x0000109f   Thumb Code    50  defsig_general.o(.text)
    __rt_SIGRTMEM                            0x000010d1   Thumb Code    14  defsig_rtmem_outer.o(.text)
    _ttywrch                                 0x000010df   Thumb Code    14  sys_wrch.o(.text)
    __aeabi_errno_addr                       0x000010ed   Thumb Code     8  rt_errno_addr_intlibspace.o(.text)
    __errno$intlibspace                      0x000010ed   Thumb Code     0  rt_errno_addr_intlibspace.o(.text)
    __rt_errno_addr$intlibspace              0x000010ed   Thumb Code     0  rt_errno_addr_intlibspace.o(.text)
    __rt_SIGRTMEM_inner                      0x000010f5   Thumb Code    22  defsig_rtmem_inner.o(.text)
    ITM_SendChar                             0x00001145   Thumb Code    46  retarget_io.o(.text.ITM_SendChar)
    SystemInit                               0x00001175   Thumb Code    38  system_armcm3.o(.text.SystemInit)
    _sys_close                               0x0000119d   Thumb Code    18  retarget_io.o(.text._sys_close)
    _sys_flen                                0x000011b1   Thumb Code     4  retarget_io.o(.text._sys_flen)
    _sys_istty                               0x000011b5   Thumb Code    16  retarget_io.o(.text._sys_istty)
    _sys_open                                0x000011c5   Thumb Code    76  retarget_io.o(.text._sys_open)
    _sys_seek                                0x00001229   Thumb Code     6  retarget_io.o(.text._sys_seek)
    _sys_write                               0x00001231   Thumb Code    46  retarget_io.o(.text._sys_write)
    main                                     0x00001261   Thumb Code    36  main.o(.text.main)
    fputc                                    0x0000128d   Thumb Code    26  fputc.o(i.fputc)
    __stderr_name                            0x000012ce   Data           8  retarget_io.o(.rodata.__stderr_name)
    __stdin_name                             0x000012d6   Data           7  retarget_io.o(.rodata.__stdin_name)
    __stdout_name                            0x000012dd   Data           8  retarget_io.o(.rodata.__stdout_name)
    Region$$Table$$Base                      0x000012f4   Number         0  anon$$obj.o(Region$$Table)
    Region$$Table$$Limit                     0x00001314   Number         0  anon$$obj.o(Region$$Table)
    __aeabi_stdin                            0x20000000   Data           4  stdio_streams.o(.data)
    __aeabi_stdout                           0x20000004   Data           4  stdio_streams.o(.data)
    __aeabi_stderr                           0x20000008   Data           4  stdio_streams.o(.data)
    SystemCoreClock                          0x2000000c   Data           4  system_armcm3.o(.data.SystemCoreClock)
    __stdin                                  0x20000010   Data          84  stdio_streams.o(.bss)
    __stdout                                 0x20000064   Data          84  stdio_streams.o(.bss)
    __stderr                                 0x200000b8   Data          84  stdio_streams.o(.bss)
    __libspace_start                         0x2000010c   Data          96  libspace.o(.bss)
    __temporary_stack_top$libspace           0x2000016c   Data           0  libspace.o(.bss)
    __heap_base                              0x20000170   Data           0  startup_armcm3.o(HEAP)
    __heap_limit                             0x20001170   Data           0  startup_armcm3.o(HEAP)
    __stack_limit                            0x20001170   Data           0  startup_armcm3.o(STACK)
    __initial_sp                             0x20002170   Data           0  startup_armcm3.o(STACK)



==============================================================================

Memory Map of the image

  Image Entry point : 0x000003c1

  Load Region LR_IROM1 (Base: 0x00000000, Size: 0x00001328, Max: 0x00040000, ABSOLUTE)

    Execution Region ER_IROM1 (Exec base: 0x00000000, Load base: 0x00000000, Size: 0x00001314, Max: 0x00040000, ABSOLUTE)

    Exec Addr    Load Addr    Size         Type   Attr      Idx    E Section Name        Object

    0x00000000   0x00000000   0x000003c0   Data   RO           51    RESET               startup_armcm3.o
    0x000003c0   0x000003c0   0x00000008   Code   RO          128  * !!!main             c_w.l(__main.o)
    0x000003c8   0x000003c8   0x00000034   Code   RO          489    !!!scatter          c_w.l(__scatter.o)
    0x000003fc   0x000003fc   0x0000001a   Code   RO          491    !!handler_copy      c_w.l(__scatter_copy.o)
    0x00000416   0x00000416   0x00000002   PAD
    0x00000418   0x00000418   0x0000001c   Code   RO          493    !!handler_zi        c_w.l(__scatter_zi.o)
    0x00000434   0x00000434   0x00000000   Code   RO          123    .ARM.Collect$$_printf_percent$$00000000  c_w.l(_printf_percent.o)
    0x00000434   0x00000434   0x00000006   Code   RO          122    .ARM.Collect$$_printf_percent$$00000009  c_w.l(_printf_d.o)
    0x0000043a   0x0000043a   0x00000006   Code   RO          121    .ARM.Collect$$_printf_percent$$0000000C  c_w.l(_printf_x.o)
    0x00000440   0x00000440   0x00000004   Code   RO          135    .ARM.Collect$$_printf_percent$$00000017  c_w.l(_printf_percent_end.o)
    0x00000444   0x00000444   0x00000002   Code   RO          266    .ARM.Collect$$libinit$$00000000  c_w.l(libinit.o)
    0x00000446   0x00000446   0x00000000   Code   RO          268    .ARM.Collect$$libinit$$00000002  c_w.l(libinit2.o)
    0x00000446   0x00000446   0x00000000   Code   RO          270    .ARM.Collect$$libinit$$00000004  c_w.l(libinit2.o)
    0x00000446   0x00000446   0x00000008   Code   RO          386    .ARM.Collect$$libinit$$00000006  c_w.l(libinit3.o)
    0x0000044e   0x0000044e   0x00000000   Code   RO          273    .ARM.Collect$$libinit$$0000000A  c_w.l(libinit2.o)
    0x0000044e   0x0000044e   0x00000000   Code   RO          275    .ARM.Collect$$libinit$$0000000C  c_w.l(libinit2.o)
    0x0000044e   0x0000044e   0x00000000   Code   RO          277    .ARM.Collect$$libinit$$0000000E  c_w.l(libinit2.o)
    0x0000044e   0x0000044e   0x00000000   Code   RO          280    .ARM.Collect$$libinit$$00000011  c_w.l(libinit2.o)
    0x0000044e   0x0000044e   0x00000000   Code   RO          282    .ARM.Collect$$libinit$$00000013  c_w.l(libinit2.o)
    0x0000044e   0x0000044e   0x00000000   Code   RO          284    .ARM.Collect$$libinit$$00000015  c_w.l(libinit2.o)
    0x0000044e   0x0000044e   0x00000000   Code   RO          286    .ARM.Collect$$libinit$$00000017  c_w.l(libinit2.o)
    0x0000044e   0x0000044e   0x00000000   Code   RO          288    .ARM.Collect$$libinit$$00000019  c_w.l(libinit2.o)
    0x0000044e   0x0000044e   0x00000000   Code   RO          290    .ARM.Collect$$libinit$$0000001B  c_w.l(libinit2.o)
    0x0000044e   0x0000044e   0x00000000   Code   RO          292    .ARM.Collect$$libinit$$0000001D  c_w.l(libinit2.o)
    0x0000044e   0x0000044e   0x00000000   Code   RO          294    .ARM.Collect$$libinit$$0000001F  c_w.l(libinit2.o)
    0x0000044e   0x0000044e   0x00000000   Code   RO          296    .ARM.Collect$$libinit$$00000021  c_w.l(libinit2.o)
    0x0000044e   0x0000044e   0x00000000   Code   RO          298    .ARM.Collect$$libinit$$00000023  c_w.l(libinit2.o)
    0x0000044e   0x0000044e   0x00000004   Code   RO          299    .ARM.Collect$$libinit$$00000024  c_w.l(libinit2.o)
    0x00000452   0x00000452   0x00000000   Code   RO          300    .ARM.Collect$$libinit$$00000025  c_w.l(libinit2.o)
    0x00000452   0x00000452   0x00000000   Code   RO          304    .ARM.Collect$$libinit$$0000002C  c_w.l(libinit2.o)
    0x00000452   0x00000452   0x00000000   Code   RO          306    .ARM.Collect$$libinit$$0000002E  c_w.l(libinit2.o)
    0x00000452   0x00000452   0x00000000   Code   RO          308    .ARM.Collect$$libinit$$00000030  c_w.l(libinit2.o)
    0x00000452   0x00000452   0x00000000   Code   RO          310    .ARM.Collect$$libinit$$00000032  c_w.l(libinit2.o)
    0x00000452   0x00000452   0x00000002   Code   RO          311    .ARM.Collect$$libinit$$00000033  c_w.l(libinit2.o)
    0x00000454   0x00000454   0x00000008   Code   RO          387    .ARM.Collect$$libinit$$00002717  c_w.l(libinit3.o)
    0x0000045c   0x0000045c   0x00000002   Code   RO          468    .ARM.Collect$$libshutdown$$00000000  c_w.l(libshutdown.o)
    0x0000045e   0x0000045e   0x00000000   Code   RO          313    .ARM.Collect$$libshutdown$$00000002  c_w.l(libshutdown2.o)
    0x0000045e   0x0000045e   0x00000004   Code   RO          314    .ARM.Collect$$libshutdown$$00000003  c_w.l(libshutdown2.o)
    0x00000462   0x00000462   0x00000000   Code   RO          315    .ARM.Collect$$libshutdown$$00000004  c_w.l(libshutdown2.o)
    0x00000462   0x00000462   0x00000000   Code   RO          318    .ARM.Collect$$libshutdown$$00000007  c_w.l(libshutdown2.o)
    0x00000462   0x00000462   0x00000000   Code   RO          321    .ARM.Collect$$libshutdown$$0000000A  c_w.l(libshutdown2.o)
    0x00000462   0x00000462   0x00000000   Code   RO          323    .ARM.Collect$$libshutdown$$0000000C  c_w.l(libshutdown2.o)
    0x00000462   0x00000462   0x00000000   Code   RO          326    .ARM.Collect$$libshutdown$$0000000F  c_w.l(libshutdown2.o)
    0x00000462   0x00000462   0x00000002   Code   RO          327    .ARM.Collect$$libshutdown$$00000010  c_w.l(libshutdown2.o)
    0x00000464   0x00000464   0x00000000   Code   RO          130    .ARM.Collect$$rtentry$$00000000  c_w.l(__rtentry.o)
    0x00000464   0x00000464   0x00000000   Code   RO          143    .ARM.Collect$$rtentry$$00000002  c_w.l(__rtentry2.o)
    0x00000464   0x00000464   0x00000004   Code   RO          157    .ARM.Collect$$rtentry$$00000005  c_w.l(__rtentry5.o)
    0x00000468   0x00000468   0x00000000   Code   RO          145    .ARM.Collect$$rtentry$$00000009  c_w.l(__rtentry2.o)
    0x00000468   0x00000468   0x00000004   Code   RO          146    .ARM.Collect$$rtentry$$0000000A  c_w.l(__rtentry2.o)
    0x0000046c   0x0000046c   0x00000000   Code   RO          148    .ARM.Collect$$rtentry$$0000000C  c_w.l(__rtentry2.o)
    0x0000046c   0x0000046c   0x00000008   Code   RO          149    .ARM.Collect$$rtentry$$0000000D  c_w.l(__rtentry2.o)
    0x00000474   0x00000474   0x00000004   Code   RO          158    .ARM.Collect$$rtentry$$00002716  c_w.l(__rtentry5.o)
    0x00000478   0x00000478   0x00000002   Code   RO          337    .ARM.Collect$$rtexit$$00000000  c_w.l(rtexit.o)
    0x0000047a   0x0000047a   0x00000000   Code   RO          400    .ARM.Collect$$rtexit$$00000002  c_w.l(rtexit2.o)
    0x0000047a   0x0000047a   0x00000004   Code   RO          401    .ARM.Collect$$rtexit$$00000003  c_w.l(rtexit2.o)
    0x0000047e   0x0000047e   0x00000006   Code   RO          402    .ARM.Collect$$rtexit$$00000004  c_w.l(rtexit2.o)
    0x00000484   0x00000484   0x00000038   Code   RO           52    .text               startup_armcm3.o
    0x000004bc   0x000004bc   0x00000018   Code   RO           74    .text               c_w.l(noretval__2printf.o)
    0x000004d4   0x000004d4   0x00000068   Code   RO           76    .text               c_w.l(__printf.o)
    0x0000053c   0x0000053c   0x00000078   Code   RO           78    .text               c_w.l(_printf_dec.o)
    0x000005b4   0x000005b4   0x00000058   Code   RO           83    .text               c_w.l(_printf_hex_int.o)
    0x0000060c   0x0000060c   0x00000080   Code   RO          124    .text               c_w.l(strcmpv7m.o)
    0x0000068c   0x0000068c   0x00000006   Code   RO          126    .text               c_w.l(heapauxi.o)
    0x00000692   0x00000692   0x000000b2   Code   RO          131    .text               c_w.l(_printf_intcommon.o)
    0x00000744   0x00000744   0x00000024   Code   RO          133    .text               c_w.l(_printf_char_file.o)
    0x00000768   0x00000768   0x00000030   Code   RO          162    .text               c_w.l(_printf_char_common.o)
    0x00000798   0x00000798   0x00000008   Code   RO          164    .text               c_w.l(ferror.o)
    0x000007a0   0x000007a0   0x00000138   Code   RO          170    .text               c_w.l(initio.o)
    0x000008d8   0x000008d8   0x0000004e   Code   RO          184    .text               c_w.l(h1_free.o)
    0x00000926   0x00000926   0x000001d6   Code   RO          240    .text               c_w.l(flsbuf.o)
    0x00000afc   0x00000afc   0x00000046   Code   RO          242    .text               c_w.l(setvbuf.o)
    0x00000b42   0x00000b42   0x00000002   PAD
    0x00000b44   0x00000b44   0x000000f0   Code   RO          245    .text               c_w.l(fopen.o)
    0x00000c34   0x00000c34   0x0000004c   Code   RO          247    .text               c_w.l(fclose.o)
    0x00000c80   0x00000c80   0x00000012   Code   RO          253    .text               c_w.l(exit.o)
    0x00000c92   0x00000c92   0x0000000e   Code   RO          255    .text               c_w.l(defsig_rtred_outer.o)
    0x00000ca0   0x00000ca0   0x0000004e   Code   RO          259    .text               c_w.l(rt_memclr_w.o)
    0x00000cee   0x00000cee   0x00000002   PAD
    0x00000cf0   0x00000cf0   0x00000008   Code   RO          344    .text               c_w.l(rt_heap_descriptor_intlibspace.o)
    0x00000cf8   0x00000cf8   0x00000004   Code   RO          346    .text               c_w.l(hguard.o)
    0x00000cfc   0x00000cfc   0x0000008a   Code   RO          348    .text               c_w.l(init_alloc.o)
    0x00000d86   0x00000d86   0x0000005e   Code   RO          354    .text               c_w.l(h1_alloc.o)
    0x00000de4   0x00000de4   0x000000f8   Code   RO          368    .text               c_w.l(fseek.o)
    0x00000edc   0x00000edc   0x000000f0   Code   RO          370    .text               c_w.l(stdio.o)
    0x00000fcc   0x00000fcc   0x0000000a   Code   RO          376    .text               c_w.l(defsig_exit.o)
    0x00000fd6   0x00000fd6   0x00000002   PAD
    0x00000fd8   0x00000fd8   0x00000034   Code   RO          378    .text               c_w.l(defsig_rtred_inner.o)
    0x0000100c   0x0000100c   0x0000000c   Code   RO          392    .text               c_w.l(sys_exit.o)
    0x00001018   0x00001018   0x00000002   Code   RO          396    .text               c_w.l(use_no_semi.o)
    0x0000101a   0x0000101a   0x00000000   Code   RO          398    .text               c_w.l(indicate_semi.o)
    0x0000101a   0x0000101a   0x00000000   Code   RO          406    .text               c_w.l(maybetermalloc1.o)
    0x0000101a   0x0000101a   0x0000000e   Code   RO          408    .text               c_w.l(h1_init.o)
    0x00001028   0x00001028   0x00000034   Code   RO          410    .text               c_w.l(h1_extend.o)
    0x0000105c   0x0000105c   0x00000042   Code   RO          420    .text               c_w.l(ftell.o)
    0x0000109e   0x0000109e   0x00000032   Code   RO          428    .text               c_w.l(defsig_general.o)
    0x000010d0   0x000010d0   0x0000000e   Code   RO          430    .text               c_w.l(defsig_rtmem_outer.o)
    0x000010de   0x000010de   0x0000000e   Code   RO          445    .text               c_w.l(sys_wrch.o)
    0x000010ec   0x000010ec   0x00000008   Code   RO          456    .text               c_w.l(rt_errno_addr_intlibspace.o)
    0x000010f4   0x000010f4   0x00000050   Code   RO          462    .text               c_w.l(defsig_rtmem_inner.o)
    0x00001144   0x00001144   0x0000002e   Code   RO           18    .text.ITM_SendChar  retarget_io.o
    0x00001172   0x00001172   0x00000002   PAD
    0x00001174   0x00001174   0x00000026   Code   RO           61    .text.SystemInit    system_armcm3.o
    0x0000119a   0x0000119a   0x00000002   PAD
    0x0000119c   0x0000119c   0x00000012   Code   RO           24    .text._sys_close    retarget_io.o
    0x000011ae   0x000011ae   0x00000002   PAD
    0x000011b0   0x000011b0   0x00000004   Code   RO           36    .text._sys_flen     retarget_io.o
    0x000011b4   0x000011b4   0x00000010   Code   RO           32    .text._sys_istty    retarget_io.o
    0x000011c4   0x000011c4   0x00000064   Code   RO           22    .text._sys_open     retarget_io.o
    0x00001228   0x00001228   0x00000006   Code   RO           34    .text._sys_seek     retarget_io.o
    0x0000122e   0x0000122e   0x00000002   PAD
    0x00001230   0x00001230   0x0000002e   Code   RO           26    .text._sys_write    retarget_io.o
    0x0000125e   0x0000125e   0x00000002   PAD
    0x00001260   0x00001260   0x00000024   Code   RO            6    .text.main          main.o
    0x00001284   0x00001284   0x00000008   Code   RO           28    .text.stdout_putchar  retarget_io.o
    0x0000128c   0x0000128c   0x0000001a   Code   RO          167    i.fputc             c_w.l(fputc.o)
    0x000012a6   0x000012a6   0x00000028   Data   RO           84    .constdata          c_w.l(_printf_hex_int.o)
    0x000012ce   0x000012ce   0x00000008   Data   RO           41    .rodata.__stderr_name  retarget_io.o
    0x000012d6   0x000012d6   0x00000007   Data   RO           39    .rodata.__stdin_name  retarget_io.o
    0x000012dd   0x000012dd   0x00000008   Data   RO           40    .rodata.__stdout_name  retarget_io.o
    0x000012e5   0x000012e5   0x0000000e   Data   RO            8    .rodata.str1.1      main.o
    0x000012f3   0x000012f3   0x00000001   PAD
    0x000012f4   0x000012f4   0x00000020   Data   RO          488    Region$$Table       anon$$obj.o


    Execution Region RW_IRAM1 (Exec base: 0x20000000, Load base: 0x00001318, Size: 0x00002170, Max: 0x00020000, ABSOLUTE)

    Exec Addr    Load Addr    Size         Type   Attr      Idx    E Section Name        Object

    0x20000000   0x00001318   0x00000004   Data   RW          139    .data               c_w.l(stdio_streams.o)
    0x20000004   0x0000131c   0x00000004   Data   RW          140    .data               c_w.l(stdio_streams.o)
    0x20000008   0x00001320   0x00000004   Data   RW          141    .data               c_w.l(stdio_streams.o)
    0x2000000c   0x00001324   0x00000004   Data   RW           63    .data.SystemCoreClock  system_armcm3.o
    0x20000010        -       0x00000054   Zero   RW          136    .bss                c_w.l(stdio_streams.o)
    0x20000064        -       0x00000054   Zero   RW          137    .bss                c_w.l(stdio_streams.o)
    0x200000b8        -       0x00000054   Zero   RW          138    .bss                c_w.l(stdio_streams.o)
    0x2000010c        -       0x00000060   Zero   RW          331    .bss                c_w.l(libspace.o)
    0x2000016c   0x00001328   0x00000004   PAD
    0x20000170        -       0x00001000   Zero   RW           50    HEAP                startup_armcm3.o
    0x20001170        -       0x00001000   Zero   RW           49    STACK               startup_armcm3.o


==============================================================================

Image component sizes


      Code (inc. data)   RO Data    RW Data    ZI Data      Debug   Object Name

        36          0         14          0          0        782   main.o
       244         24         23          0          0       3160   retarget_io.o
        56         10        960          0       8192       1180   startup_armcm3.o
        38          0          0          4          0       1375   system_armcm3.o

    ----------------------------------------------------------------------
       384         34       1030          4       8192       6497   Object Totals
         0          0         32          0          0          0   (incl. Generated)
        10          0          1          0          0          0   (incl. Padding)

    ----------------------------------------------------------------------

      Code (inc. data)   RO Data    RW Data    ZI Data      Debug   Library Member Name

         8          0          0          0          0         68   __main.o
       104          0          0          0          0         84   __printf.o
         0          0          0          0          0          0   __rtentry.o
        12          0          0          0          0          0   __rtentry2.o
         8          4          0          0          0          0   __rtentry5.o
        52          8          0          0          0          0   __scatter.o
        26          0          0          0          0          0   __scatter_copy.o
        28          0          0          0          0          0   __scatter_zi.o
        48          6          0          0          0         96   _printf_char_common.o
        36          4          0          0          0         80   _printf_char_file.o
         6          0          0          0          0          0   _printf_d.o
       120         16          0          0          0         92   _printf_dec.o
        88          4         40          0          0         88   _printf_hex_int.o
       178          0          0          0          0         88   _printf_intcommon.o
         0          0          0          0          0          0   _printf_percent.o
         4          0          0          0          0          0   _printf_percent_end.o
         6          0          0          0          0          0   _printf_x.o
        10          0          0          0          0         68   defsig_exit.o
        50          0          0          0          0         88   defsig_general.o
        80         58          0          0          0         76   defsig_rtmem_inner.o
        14          0          0          0          0         80   defsig_rtmem_outer.o
        52         38          0          0          0         76   defsig_rtred_inner.o
        14          0          0          0          0         80   defsig_rtred_outer.o
        18          0          0          0          0         80   exit.o
        76          0          0          0          0         88   fclose.o
         8          0          0          0          0         68   ferror.o
       470          0          0          0          0         88   flsbuf.o
       240          6          0          0          0        128   fopen.o
        26          0          0          0          0         68   fputc.o
       248          6          0          0          0         84   fseek.o
        66          0          0          0          0         76   ftell.o
        94          0          0          0          0         80   h1_alloc.o
        52          0          0          0          0         68   h1_extend.o
        78          0          0          0          0         80   h1_free.o
        14          0          0          0          0         84   h1_init.o
         6          0          0          0          0        152   heapauxi.o
         4          0          0          0          0        136   hguard.o
         0          0          0          0          0          0   indicate_semi.o
       138          0          0          0          0        168   init_alloc.o
       312         46          0          0          0        112   initio.o
         2          0          0          0          0          0   libinit.o
         6          0          0          0          0          0   libinit2.o
        16          8          0          0          0          0   libinit3.o
         2          0          0          0          0          0   libshutdown.o
         6          0          0          0          0          0   libshutdown2.o
         0          0          0          0         96          0   libspace.o
         0          0          0          0          0          0   maybetermalloc1.o
        24          4          0          0          0         84   noretval__2printf.o
         8          4          0          0          0         68   rt_errno_addr_intlibspace.o
         8          4          0          0          0         68   rt_heap_descriptor_intlibspace.o
        78          0          0          0          0         80   rt_memclr_w.o
         2          0          0          0          0          0   rtexit.o
        10          0          0          0          0          0   rtexit2.o
        70          0          0          0          0         80   setvbuf.o
       240          6          0          0          0        156   stdio.o
         0          0          0         12        252          0   stdio_streams.o
       128          0          0          0          0         68   strcmpv7m.o
        12          4          0          0          0         68   sys_exit.o
        14          0          0          0          0         76   sys_wrch.o
         2          0          0          0          0         68   use_no_semi.o

    ----------------------------------------------------------------------
      3430        226         40         12        352       3440   Library Totals
         8          0          0          0          4          0   (incl. Padding)

    ----------------------------------------------------------------------

      Code (inc. data)   RO Data    RW Data    ZI Data      Debug   Library Name

      3422        226         40         12        348       3440   c_w.l

    ----------------------------------------------------------------------
      3430        226         40         12        352       3440   Library Totals

    ----------------------------------------------------------------------

==============================================================================


      Code (inc. data)   RO Data    RW Data    ZI Data      Debug   

      3814        260       1070         16       8544       8073   Grand Totals
      3814        260       1070         16       8544       8073   ELF Image Totals
      3814        260       1070         16          0          0   ROM Totals

==============================================================================

    Total RO  Size (Code + RO Data)                 4884 (   4.77kB)
    Total RW  Size (RW Data + ZI Data)              8560 (   8.36kB)
    Total ROM Size (Code + RO Data + RW Data)       4900 (   4.79kB)

==============================================================================

