Component: ARM Compiler 6.16 Tool: armlink [5dfeaa00]

==============================================================================

Section Cross References

    main.o(.text.app) refers to pen.o(.text.penInit) for penInit
    main.o(.text.app) refers to pen.o(.text.penMoveUp) for penMoveUp
    main.o(.text.app) refers to pen.o(.text.penGetStat) for penGetStat
    main.o(.text.app) refers to rt_cmsis.o(i.osDelay) for osDelay
    main.o(.text.app) refers to pen.o(.text.penMoveDown) for penMoveDown
    main.o(.ARM.exidx.text.app) refers to main.o(.text.app) for [Anonymous Symbol]
    main.o(.text.main) refers to rt_cmsis.o(i.osKernelInitialize) for osKernelInitialize
    main.o(.text.main) refers to main.o(.rodata.os_thread_def_app) for os_thread_def_app
    main.o(.text.main) refers to rt_cmsis.o(i.osThreadCreate) for osThreadCreate
    main.o(.text.main) refers to rt_cmsis.o(i.osKernelStart) for osKernelStart
    main.o(.text.main) refers to rt_cmsis.o(i.osDelay) for osDelay
    main.o(.ARM.exidx.text.main) refers to main.o(.text.main) for [Anonymous Symbol]
    main.o(.rodata.os_thread_def_app) refers to main.o(.text.app) for app
    pen.o(.text.TIMER0_IRQHandler) refers to pen.o(.bss.pen_tick_counter) for pen_tick_counter
    pen.o(.text.TIMER0_IRQHandler) refers to pen.o(.bss.pen_stat) for pen_stat
    pen.o(.ARM.exidx.text.TIMER0_IRQHandler) refers to pen.o(.text.TIMER0_IRQHandler) for [Anonymous Symbol]
    pen.o(.ARM.exidx.text.angleToMR) refers to pen.o(.text.angleToMR) for [Anonymous Symbol]
    pen.o(.text.penMoveUp) refers to pen.o(.bss.pen_stat) for pen_stat
    pen.o(.text.penMoveUp) refers to pen.o(.text.angleToMR) for angleToMR
    pen.o(.text.penMoveUp) refers to pen.o(.bss.pen_tick_counter) for pen_tick_counter
    pen.o(.ARM.exidx.text.penMoveUp) refers to pen.o(.text.penMoveUp) for [Anonymous Symbol]
    pen.o(.text.penMoveDown) refers to pen.o(.bss.pen_stat) for pen_stat
    pen.o(.text.penMoveDown) refers to pen.o(.text.angleToMR) for angleToMR
    pen.o(.text.penMoveDown) refers to pen.o(.bss.pen_tick_counter) for pen_tick_counter
    pen.o(.ARM.exidx.text.penMoveDown) refers to pen.o(.text.penMoveDown) for [Anonymous Symbol]
    pen.o(.text.penGetStat) refers to pen.o(.bss.pen_stat) for pen_stat
    pen.o(.ARM.exidx.text.penGetStat) refers to pen.o(.text.penGetStat) for [Anonymous Symbol]
    pen.o(.text.penInit) refers to pen.o(.text.__NVIC_EnableIRQ) for __NVIC_EnableIRQ
    pen.o(.text.penInit) refers to pen.o(.bss.pen_stat) for pen_stat
    pen.o(.text.penInit) refers to pen.o(.text.penMoveUp) for penMoveUp
    pen.o(.ARM.exidx.text.penInit) refers to pen.o(.text.penInit) for [Anonymous Symbol]
    pen.o(.ARM.exidx.text.__NVIC_EnableIRQ) refers to pen.o(.text.__NVIC_EnableIRQ) for [Anonymous Symbol]
    pen.o(.text.penDeinit) refers to pen.o(.text.__NVIC_DisableIRQ) for __NVIC_DisableIRQ
    pen.o(.ARM.exidx.text.penDeinit) refers to pen.o(.text.penDeinit) for [Anonymous Symbol]
    pen.o(.ARM.exidx.text.__NVIC_DisableIRQ) refers to pen.o(.text.__NVIC_DisableIRQ) for [Anonymous Symbol]
    rtx_conf_cm.o(.text) refers (Special) to main.o(.ARM.use_no_argv) for __ARM_use_no_argv
    rtx_conf_cm.o(.text.os_idle_demon) refers (Special) to main.o(.ARM.use_no_argv) for __ARM_use_no_argv
    rtx_conf_cm.o(.ARM.exidx.text.os_idle_demon) refers (Special) to main.o(.ARM.use_no_argv) for __ARM_use_no_argv
    rtx_conf_cm.o(.ARM.exidx.text.os_idle_demon) refers to rtx_conf_cm.o(.text.os_idle_demon) for [Anonymous Symbol]
    rtx_conf_cm.o(.text.os_error) refers (Special) to main.o(.ARM.use_no_argv) for __ARM_use_no_argv
    rtx_conf_cm.o(.ARM.exidx.text.os_error) refers (Special) to main.o(.ARM.use_no_argv) for __ARM_use_no_argv
    rtx_conf_cm.o(.ARM.exidx.text.os_error) refers to rtx_conf_cm.o(.text.os_error) for [Anonymous Symbol]
    rtx_conf_cm.o(.text.__user_perthread_libspace) refers (Special) to main.o(.ARM.use_no_argv) for __ARM_use_no_argv
    rtx_conf_cm.o(.text.__user_perthread_libspace) refers to rt_cmsis.o(.data) for os_running
    rtx_conf_cm.o(.text.__user_perthread_libspace) refers to rt_task.o(i.rt_tsk_self) for rt_tsk_self
    rtx_conf_cm.o(.text.__user_perthread_libspace) refers to rtx_conf_cm.o(.bss.std_libspace) for std_libspace
    rtx_conf_cm.o(.text.__user_perthread_libspace) refers to libspace.o(.bss) for __libspace_start
    rtx_conf_cm.o(.ARM.exidx.text.__user_perthread_libspace) refers (Special) to main.o(.ARM.use_no_argv) for __ARM_use_no_argv
    rtx_conf_cm.o(.ARM.exidx.text.__user_perthread_libspace) refers to rtx_conf_cm.o(.text.__user_perthread_libspace) for [Anonymous Symbol]
    rtx_conf_cm.o(.text._mutex_initialize) refers (Special) to main.o(.ARM.use_no_argv) for __ARM_use_no_argv
    rtx_conf_cm.o(.text._mutex_initialize) refers to rtx_conf_cm.o(.bss.nr_mutex) for nr_mutex
    rtx_conf_cm.o(.text._mutex_initialize) refers to rtx_conf_cm.o(.bss.std_libmutex) for std_libmutex
[...]
    libshutdown.o(.ARM.Collect$$libshutdown$$00000000) refers (Special) to libshutdown2.o(.ARM.Collect$$libshutdown$$0000000A) for __rt_lib_shutdown_signal_1
    libshutdown.o(.ARM.Collect$$libshutdown$$00000000) refers (Special) to libshutdown2.o(.ARM.Collect$$libshutdown$$00000004) for __rt_lib_shutdown_stdio_1
    libshutdown.o(.ARM.Collect$$libshutdown$$00000000) refers (Special) to libshutdown2.o(.ARM.Collect$$libshutdown$$0000000C) for __rt_lib_shutdown_user_alloc_1
    sys_command.o(.text) refers (Special) to use_no_semi.o(.text) for __I$use$semihosting
    sys_command.o(.text) refers (Special) to indicate_semi.o(.text) for __semihosting_library_function
    sys_command_hlt.o(.text) refers (Special) to use_no_semi.o(.text) for __I$use$semihosting
    sys_command_hlt.o(.text) refers (Special) to indicate_semi.o(.text) for __semihosting_library_function
    defsig_abrt_inner.o(.text) refers to defsig_general.o(.text) for __default_signal_display
    defsig_rtred_inner.o(.text) refers to defsig_general.o(.text) for __default_signal_display
    defsig_rtmem_inner.o(.text) refers to defsig_general.o(.text) for __default_signal_display
    defsig_rtmem_outer.o(.text) refers to defsig_rtmem_inner.o(.text) for __rt_SIGRTMEM_inner
    defsig_rtmem_outer.o(.text) refers to defsig_exit.o(.text) for __sig_exit
    defsig_rtmem_formal.o(.text) refers to rt_raise.o(.text) for __rt_raise
    defsig_stak_inner.o(.text) refers to defsig_general.o(.text) for __default_signal_display
    defsig_pvfn_inner.o(.text) refers to defsig_general.o(.text) for __default_signal_display
    defsig_cppl_inner.o(.text) refers to defsig_general.o(.text) for __default_signal_display
    defsig_segv_inner.o(.text) refers to defsig_general.o(.text) for __default_signal_display
    defsig_other.o(.text) refers to defsig_general.o(.text) for __default_signal_display


==============================================================================

Removing Unused input sections from the image.

    Removing main.o(.text), (0 bytes).
    Removing main.o(.ARM.exidx.text.app), (8 bytes).
    Removing main.o(.ARM.exidx.text.main), (8 bytes).
    Removing pen.o(.text), (0 bytes).
    Removing pen.o(.ARM.exidx.text.TIMER0_IRQHandler), (8 bytes).
    Removing pen.o(.ARM.exidx.text.angleToMR), (8 bytes).
    Removing pen.o(.ARM.exidx.text.penMoveUp), (8 bytes).
    Removing pen.o(.ARM.exidx.text.penMoveDown), (8 bytes).
    Removing pen.o(.ARM.exidx.text.penGetStat), (8 bytes).
    Removing pen.o(.ARM.exidx.text.penInit), (8 bytes).
    Removing pen.o(.ARM.exidx.text.__NVIC_EnableIRQ), (8 bytes).
    Removing pen.o(.text.penDeinit), (34 bytes).
    Removing pen.o(.ARM.exidx.text.penDeinit), (8 bytes).
    Removing pen.o(.text.__NVIC_DisableIRQ), (22 bytes).
    Removing pen.o(.ARM.exidx.text.__NVIC_DisableIRQ), (8 bytes).
    Removing rtx_conf_cm.o(.text), (0 bytes).
    Removing rtx_conf_cm.o(.ARM.exidx.text.os_idle_demon), (8 bytes).
    Removing rtx_conf_cm.o(.ARM.exidx.text.os_error), (8 bytes).
    Removing rtx_conf_cm.o(.text.__user_perthread_libspace), (58 bytes).
    Removing rtx_conf_cm.o(.ARM.exidx.text.__user_perthread_libspace), (8 bytes).
    Removing rtx_conf_cm.o(.text._mutex_initialize), (46 bytes).
    Removing rtx_conf_cm.o(.ARM.exidx.text._mutex_initialize), (8 bytes).
    Removing rtx_conf_cm.o(.ARM.exidx.text._mutex_acquire), (8 bytes).
    Removing rtx_conf_cm.o(.ARM.exidx.text._mutex_release), (8 bytes).
    Removing rtx_conf_cm.o(.text.__osSignalWait), (18 bytes).
    Removing rtx_conf_cm.o(.ARM.exidx.text.__osSignalWait), (8 bytes).
    Removing rtx_conf_cm.o(.text.__osMessageGet), (18 bytes).
    Removing rtx_conf_cm.o(.ARM.exidx.text.__osMessageGet), (8 bytes).
    Removing rtx_conf_cm.o(.text.__osMailGet), (18 bytes).
    Removing rtx_conf_cm.o(.ARM.exidx.text.__osMailGet), (8 bytes).
    Removing rtx_conf_cm.o(.ARM.exidx.text._platform_post_lib_init), (8 bytes).
    Removing rtx_conf_cm.o(.rodata.os_tickfreq), (4 bytes).
    Removing rtx_conf_cm.o(.rodata.os_tickus_i), (2 bytes).
    Removing rtx_conf_cm.o(.rodata.os_tickus_f), (2 bytes).
    Removing rtx_conf_cm.o(.bss.os_tmr), (4 bytes).
    Removing rtx_conf_cm.o(.bss.std_libspace), (672 bytes).
    Removing rtx_conf_cm.o(.bss.nr_mutex), (4 bytes).
    Removing rtx_conf_cm.o(.bss.std_libmutex), (128 bytes).
    Removing system_lpc17xx.o(.text), (0 bytes).
    Removing system_lpc17xx.o(.text.SystemCoreClockUpdate), (248 bytes).
    Removing system_lpc17xx.o(.ARM.exidx.text.SystemCoreClockUpdate), (8 bytes).
    Removing system_lpc17xx.o(.ARM.exidx.text.SystemInit), (8 bytes).
    Removing system_lpc17xx.o(.data.SystemCoreClock), (4 bytes).
    Removing rt_cmsis.o(.rev16_text), (4 bytes).
    Removing rt_cmsis.o(.revsh_text), (4 bytes).
    Removing rt_cmsis.o(.rrx_text), (6 bytes).
    Removing rt_cmsis.o(i.isrSemaphoreRelease), (40 bytes).
    Removing rt_cmsis.o(i.isrSignalSet), (36 bytes).
    Removing rt_cmsis.o(i.osKernelRunning), (36 bytes).
    Removing rt_cmsis.o(i.osKernelSysTick), (24 bytes).
    Removing rt_cmsis.o(i.osMailAlloc), (28 bytes).
    Removing rt_cmsis.o(i.osMailCAlloc), (48 bytes).
    Removing rt_cmsis.o(i.osMailCreate), (44 bytes).
    Removing rt_cmsis.o(i.osMailFree), (28 bytes).
    Removing rt_cmsis.o(i.osMailGet), (22 bytes).
    Removing rt_cmsis.o(i.osMailPut), (20 bytes).
    Removing rt_cmsis.o(i.osMessageCreate), (44 bytes).
    Removing rt_cmsis.o(i.osMessagePut), (24 bytes).
    Removing rt_cmsis.o(i.osMutexCreate), (44 bytes).
    Removing rt_cmsis.o(i.osMutexDelete), (24 bytes).
    Removing rt_cmsis.o(i.osMutexRelease), (24 bytes).
    Removing rt_cmsis.o(i.osMutexWait), (24 bytes).
    Removing rt_cmsis.o(i.osPoolAlloc), (32 bytes).
    Removing rt_cmsis.o(i.osPoolCAlloc), (52 bytes).
    Removing rt_cmsis.o(i.osPoolCreate), (44 bytes).
    Removing rt_cmsis.o(i.osPoolFree), (32 bytes).
    Removing rt_cmsis.o(i.osSemaphoreCreate), (44 bytes).
    Removing rt_cmsis.o(i.osSemaphoreDelete), (24 bytes).
    Removing rt_cmsis.o(i.osSemaphoreRelease), (24 bytes).
    Removing rt_cmsis.o(i.osSemaphoreWait), (24 bytes).
    Removing rt_cmsis.o(i.osSignalClear), (24 bytes).
    Removing rt_cmsis.o(i.osSignalSet), (24 bytes).
    Removing rt_cmsis.o(i.osSignalWait), (24 bytes).
    Removing rt_cmsis.o(i.osThreadGetId), (24 bytes).
    Removing rt_cmsis.o(i.osThreadGetPriority), (24 bytes).
    Removing rt_cmsis.o(i.osThreadSetPriority), (24 bytes).
    Removing rt_cmsis.o(i.osThreadTerminate), (24 bytes).
    Removing rt_cmsis.o(i.osThreadYield), (24 bytes).
    Removing rt_cmsis.o(i.osTimerCreate), (44 bytes).
    Removing rt_cmsis.o(i.osTimerDelete), (24 bytes).
    Removing rt_cmsis.o(i.osTimerStart), (24 bytes).
    Removing rt_cmsis.o(i.osTimerStop), (24 bytes).
    Removing rt_cmsis.o(i.osWait), (4 bytes).
    Removing rt_cmsis.o(i.os_resume), (12 bytes).
    Removing rt_cmsis.o(i.os_suspend), (12 bytes).
    Removing rt_cmsis.o(i.rt_clr_box), (24 bytes).
    Removing rt_cmsis.o(i.rt_timer_remove), (60 bytes).
    Removing rt_cmsis.o(i.svcKernelRunning), (12 bytes).
    Removing rt_cmsis.o(i.svcKernelSysTick), (56 bytes).
    Removing rt_cmsis.o(i.svcMailCreate), (66 bytes).
    Removing rt_cmsis.o(i.svcMessagePut), (54 bytes).
    Removing rt_cmsis.o(i.svcMutexCreate), (28 bytes).
    Removing rt_cmsis.o(i.svcMutexDelete), (26 bytes).
    Removing rt_cmsis.o(i.svcMutexRelease), (34 bytes).
    Removing rt_cmsis.o(i.svcMutexWait), (58 bytes).
    Removing rt_cmsis.o(i.svcPoolCreate), (40 bytes).
    Removing rt_cmsis.o(i.svcSemaphoreCreate), (36 bytes).
    Removing rt_cmsis.o(i.svcSemaphoreDelete), (26 bytes).
    Removing rt_cmsis.o(i.svcSemaphoreRelease), (40 bytes).
    Removing rt_cmsis.o(i.svcSemaphoreWait), (50 bytes).
    Removing rt_cmsis.o(i.svcSignalClear), (36 bytes).
    Removing rt_cmsis.o(i.svcSignalSet), (36 bytes).
    Removing rt_cmsis.o(i.svcSignalWait), (84 bytes).
    Removing rt_cmsis.o(i.svcThreadGetPriority), (18 bytes).
    Removing rt_cmsis.o(i.svcThreadSetPriority), (46 bytes).
    Removing rt_cmsis.o(i.svcThreadYield), (10 bytes).
    Removing rt_cmsis.o(i.svcTimerCreate), (56 bytes).
    Removing rt_cmsis.o(i.svcTimerDelete), (40 bytes).
    Removing rt_cmsis.o(i.svcTimerStart), (100 bytes).
    Removing rt_cmsis.o(i.svcTimerStop), (36 bytes).
    Removing rt_cmsis.o(i.sysMailAlloc), (88 bytes).
    Removing rt_cmsis.o(i.sysMailFree), (96 bytes).
    Removing rt_cmsis.o(i.sysPoolAlloc), (10 bytes).
    Removing rt_cmsis.o(i.sysPoolFree), (20 bytes).
    Removing rt_cmsis.o(i.sysUserTimerUpdate), (48 bytes).
    Removing rt_cmsis.o(i.sysUserTimerWakeupTime), (20 bytes).
    Removing rt_task.o(i.rt_tsk_pass), (48 bytes).
    Removing rt_mutex.o(i.rt_mut_delete), (176 bytes).
    Removing rt_mutex.o(i.rt_mut_init), (16 bytes).
    Removing rt_system.o(.emb_text), (0 bytes).
    Removing rt_system.o(i.os_tick_ovf), (16 bytes).
    Removing rt_system.o(i.os_tick_val), (20 bytes).
    Removing rt_system.o(i.rt_resume), (136 bytes).
    Removing rt_system.o(i.rt_suspend), (36 bytes).
    Removing rt_system.o(i.rt_tsk_lock), (80 bytes).
    Removing rt_system.o(i.rt_tsk_unlock), (80 bytes).
    Removing rt_event.o(i.isr_evt_set), (40 bytes).
    Removing rt_event.o(i.rt_evt_clr), (28 bytes).
    Removing rt_event.o(i.rt_evt_get), (12 bytes).
    Removing rt_event.o(i.rt_evt_set), (92 bytes).
    Removing rt_event.o(i.rt_evt_wait), (60 bytes).
    Removing rt_list.o(i.rt_get_same_rdy_prio), (36 bytes).
    Removing rt_mailbox.o(i.rt_mbx_send), (152 bytes).
    Removing rt_semaphore.o(i.isr_sem_send), (16 bytes).
    Removing rt_semaphore.o(i.rt_sem_delete), (92 bytes).
    Removing rt_semaphore.o(i.rt_sem_init), (12 bytes).
    Removing rt_semaphore.o(i.rt_sem_send), (42 bytes).
    Removing rt_semaphore.o(i.rt_sem_wait), (64 bytes).
    Removing rt_time.o(i.rt_itv_set), (24 bytes).
    Removing rt_time.o(i.rt_itv_wait), (40 bytes).
    Removing rt_time.o(i.rt_time_get), (12 bytes).
    Removing rt_membox.o(i._calloc_box), (30 bytes).

142 unused section(s) (total 5316 bytes) removed from the image.

==============================================================================

Image Symbol Table

    Local Symbols

    Symbol Name                              Value     Ov Type        Size  Object(Section)

    ../clib/angel/boardlib.s                 0x00000000   Number         0  boardinit1.o ABSOLUTE
    ../clib/angel/boardlib.s                 0x00000000   Number         0  boardinit2.o ABSOLUTE
    ../clib/angel/boardlib.s                 0x00000000   Number         0  boardshut.o ABSOLUTE
    ../clib/angel/handlers.s                 0x00000000   Number         0  __scatter_copy.o ABSOLUTE
    ../clib/angel/handlers.s                 0x00000000   Number         0  __scatter_zi.o ABSOLUTE
    ../clib/angel/kernel.s                   0x00000000   Number         0  __rtentry.o ABSOLUTE
    ../clib/angel/kernel.s                   0x00000000   Number         0  __rtentry2.o ABSOLUTE
    ../clib/angel/kernel.s                   0x00000000   Number         0  __rtentry4.o ABSOLUTE
    ../clib/angel/kernel.s                   0x00000000   Number         0  rtexit.o ABSOLUTE
    ../clib/angel/kernel.s                   0x00000000   Number         0  rtexit2.o ABSOLUTE
    ../clib/angel/rt.s                       0x00000000   Number         0  aeabi_ldiv0.o ABSOLUTE
    ../clib/angel/rt.s                       0x00000000   Number         0  aeabi_ldiv0_sigfpe.o ABSOLUTE
    ../clib/angel/rt.s                       0x00000000   Number         0  rt_div0.o ABSOLUTE
    ../clib/angel/rt.s                       0x00000000   Number         0  rt_raise.o ABSOLUTE
    ../clib/angel/scatter.s                  0x00000000   Number         0  __scatter.o ABSOLUTE
    ../clib/angel/startup.s                  0x00000000   Number         0  __main.o ABSOLUTE
    ../clib/angel/sys.s                      0x00000000   Number         0  libspace.o ABSOLUTE
    ../clib/angel/sys.s                      0x00000000   Number         0  sys_stackheap_outer.o ABSOLUTE
    ../clib/angel/sys.s                      0x00000000   Number         0  use_no_semi.o ABSOLUTE
    ../clib/angel/sys.s                      0x00000000   Number         0  indicate_semi.o ABSOLUTE
    ../clib/angel/sysapp.c                   0x00000000   Number         0  sys_exit.o ABSOLUTE
    ../clib/angel/sysapp.c                   0x00000000   Number         0  sys_exit_hlt.o ABSOLUTE
    ../clib/angel/sysapp.c                   0x00000000   Number         0  sys_wrch.o ABSOLUTE
    ../clib/angel/sysapp.c                   0x00000000   Number         0  sys_wrch_hlt.o ABSOLUTE
    ../clib/angel/sysapp.c                   0x00000000   Number         0  sys_command.o ABSOLUTE
    ../clib/angel/sysapp.c                   0x00000000   Number         0  sys_command_hlt.o ABSOLUTE
    ../clib/armsys.c                         0x00000000   Number         0  argv_veneer.o ABSOLUTE
    ../clib/armsys.c                         0x00000000   Number         0  argv_veneer.o ABSOLUTE
    ../clib/armsys.c                         0x00000000   Number         0  _get_argv_nomalloc.o ABSOLUTE
    ../clib/armsys.c                         0x00000000   Number         0  no_argv.o ABSOLUTE
    ../clib/heapalloc.c                      0x00000000   Number         0  hrguard.o ABSOLUTE
    ../clib/heapaux.c                        0x00000000   Number         0  heapauxi.o ABSOLUTE
    ../clib/libinit.s                        0x00000000   Number         0  libinit.o ABSOLUTE
    ../clib/libinit.s                        0x00000000   Number         0  libinit2.o ABSOLUTE
    ../clib/libinit.s                        0x00000000   Number         0  libshutdown.o ABSOLUTE
    ../clib/libinit.s                        0x00000000   Number         0  libshutdown2.o ABSOLUTE
    ../clib/longlong.s                       0x00000000   Number         0  lludivv7m.o ABSOLUTE
    ../clib/signal.c                         0x00000000   Number         0  defsig_fpe_outer.o ABSOLUTE
    ../clib/signal.c                         0x00000000   Number         0  defsig_fpe_formal.o ABSOLUTE
    ../clib/signal.c                         0x00000000   Number         0  defsig_exit.o ABSOLUTE
    ../clib/signal.c                         0x00000000   Number         0  defsig_fpe_inner.o ABSOLUTE
    ../clib/signal.c                         0x00000000   Number         0  __raise.o ABSOLUTE
    ../clib/signal.c                         0x00000000   Number         0  defsig_general.o ABSOLUTE
    ../clib/signal.c                         0x00000000   Number         0  defsig_abrt_inner.o ABSOLUTE
    ../clib/signal.c                         0x00000000   Number         0  defsig_rtred_inner.o ABSOLUTE
    ../clib/signal.c                         0x00000000   Number         0  defsig_rtmem_inner.o ABSOLUTE
    ../clib/signal.c                         0x00000000   Number         0  defsig_rtmem_outer.o ABSOLUTE
    ../clib/signal.c                         0x00000000   Number         0  defsig_rtmem_formal.o ABSOLUTE
    ../clib/signal.c                         0x00000000   Number         0  defsig_stak_inner.o ABSOLUTE
    ../clib/signal.c                         0x00000000   Number         0  defsig_pvfn_inner.o ABSOLUTE
    ../clib/signal.c                         0x00000000   Number         0  defsig_cppl_inner.o ABSOLUTE
    ../clib/signal.c                         0x00000000   Number         0  defsig_segv_inner.o ABSOLUTE
    ../clib/signal.c                         0x00000000   Number         0  defsig_other.o ABSOLUTE
    ../clib/signal.s                         0x00000000   Number         0  defsig.o ABSOLUTE
    ../clib/stdlib.c                         0x00000000   Number         0  exit.o ABSOLUTE
    ../fplib/fpinit.s                        0x00000000   Number         0  fpinit.o ABSOLUTE
    ../fplib/fpinit_empty.s                  0x00000000   Number         0  fpinit_empty.o ABSOLUTE
    ..\HAL_CM.c                              0x00000000   Number         0  hal_cm.o ABSOLUTE
    ..\\rt_CMSIS.c                           0x00000000   Number         0  rt_cmsis.o ABSOLUTE
    ..\\rt_System.c                          0x00000000   Number         0  rt_system.o ABSOLUTE
    ..\rt_CMSIS.c                            0x00000000   Number         0  rt_cmsis.o ABSOLUTE
    ..\rt_Event.c                            0x00000000   Number         0  rt_event.o ABSOLUTE
    ..\rt_List.c                             0x00000000   Number         0  rt_list.o ABSOLUTE
    ..\rt_Mailbox.c                          0x00000000   Number         0  rt_mailbox.o ABSOLUTE
    ..\rt_MemBox.c                           0x00000000   Number         0  rt_membox.o ABSOLUTE
    ..\rt_Memory.c                           0x00000000   Number         0  rt_memory.o ABSOLUTE
    ..\rt_Mutex.c                            0x00000000   Number         0  rt_mutex.o ABSOLUTE
    ..\rt_Robin.c                            0x00000000   Number         0  rt_robin.o ABSOLUTE
    ..\rt_Semaphore.c                        0x00000000   Number         0  rt_semaphore.o ABSOLUTE
    ..\rt_System.c                           0x00000000   Number         0  rt_system.o ABSOLUTE
    ..\rt_Task.c                             0x00000000   Number         0  rt_task.o ABSOLUTE
    ..\rt_Time.c                             0x00000000   Number         0  rt_time.o ABSOLUTE
    HAL_CM3.c                                0x00000000   Number         0  hal_cm3.o ABSOLUTE
    HAL_CM3.c                                0x00000000   Number         0  hal_cm3.o ABSOLUTE
    RTE/Device/LPC1768/startup_LPC17xx.s     0x00000000   Number         0  startup_lpc17xx.o ABSOLUTE
    RTX_Conf_CM.c                            0x00000000   Number         0  rtx_conf_cm.o ABSOLUTE
    SVC_Table.s                              0x00000000   Number         0  svc_table.o ABSOLUTE
    dc.s                                     0x00000000   Number         0  dc.o ABSOLUTE
    main.c                                   0x00000000   Number         0  main.o ABSOLUTE
    pen.c                                    0x00000000   Number         0  pen.o ABSOLUTE
    system_LPC17xx.c                         0x00000000   Number         0  system_lpc17xx.o ABSOLUTE
    RESET                                    0x00000000   Section      204  startup_lpc17xx.o(RESET)
    !!!main                                  0x000000cc   Section        8  __main.o(!!!main)
    !!!scatter                               0x000000d4   Section       52  __scatter.o(!!!scatter)
    !!handler_copy                           0x00000108   Section       26  __scatter_copy.o(!!handler_copy)
    !!handler_zi                             0x00000124   Section       28  __scatter_zi.o(!!handler_zi)
    .ARM.Collect$$libinit$$00000000          0x00000140   Section        2  libinit.o(.ARM.Collect$$libinit$$00000000)
    .ARM.Collect$$libinit$$00000002          0x00000142   Section        0  libinit2.o(.ARM.Collect$$libinit$$00000002)
    .ARM.Collect$$libinit$$00000004          0x00000142   Section        0  libinit2.o(.ARM.Collect$$libinit$$00000004)
    .ARM.Collect$$libinit$$0000000A          0x00000142   Section        0  libinit2.o(.ARM.Collect$$libinit$$0000000A)
    .ARM.Collect$$libinit$$0000000C          0x00000142   Section        0  libinit2.o(.ARM.Collect$$libinit$$0000000C)
    .ARM.Collect$$libinit$$0000000E          0x00000142   Section        0  libinit2.o(.ARM.Collect$$libinit$$0000000E)
    .ARM.Collect$$libinit$$00000011          0x00000142   Section        0  libinit2.o(.ARM.Collect$$libinit$$00000011)
    .ARM.Collect$$libinit$$00000013          0x00000142   Section        0  libinit2.o(.ARM.Collect$$libinit$$00000013)
    .ARM.Collect$$libinit$$00000015          0x00000142   Section        0  libinit2.o(.ARM.Collect$$libinit$$00000015)
    .ARM.Collect$$libinit$$00000017          0x00000142   Section        0  libinit2.o(.ARM.Collect$$libinit$$00000017)
    .ARM.Collect$$libinit$$00000019          0x00000142   Section        0  libinit2.o(.ARM.Collect$$libinit$$00000019)
    .ARM.Collect$$libinit$$0000001B          0x00000142   Section        0  libinit2.o(.ARM.Collect$$libinit$$0000001B)
    .ARM.Collect$$libinit$$0000001D          0x00000142   Section        0  libinit2.o(.ARM.Collect$$libinit$$0000001D)
    .ARM.Collect$$libinit$$0000001F          0x00000142   Section        0  libinit2.o(.ARM.Collect$$libinit$$0000001F)
    .ARM.Collect$$libinit$$00000021          0x00000142   Section        0  libinit2.o(.ARM.Collect$$libinit$$00000021)
    .ARM.Collect$$libinit$$00000023          0x00000142   Section        0  libinit2.o(.ARM.Collect$$libinit$$00000023)
    .ARM.Collect$$libinit$$00000025          0x00000142   Section        0  libinit2.o(.ARM.Collect$$libinit$$00000025)
    .ARM.Collect$$libinit$$0000002C          0x00000142   Section        0  libinit2.o(.ARM.Collect$$libinit$$0000002C)
    .ARM.Collect$$libinit$$0000002E          0x00000142   Section        0  libinit2.o(.ARM.Collect$$libinit$$0000002E)
    .ARM.Collect$$libinit$$00000030          0x00000142   Section        0  libinit2.o(.ARM.Collect$$libinit$$00000030)
    .ARM.Collect$$libinit$$00000032          0x00000142   Section        0  libinit2.o(.ARM.Collect$$libinit$$00000032)
    .ARM.Collect$$libinit$$00000033          0x00000142   Section        2  libinit2.o(.ARM.Collect$$libinit$$00000033)
    .ARM.Collect$$libshutdown$$00000000      0x00000144   Section        2  libshutdown.o(.ARM.Collect$$libshutdown$$00000000)
    .ARM.Collect$$libshutdown$$00000002      0x00000146   Section        0  libshutdown2.o(.ARM.Collect$$libshutdown$$00000002)
    .ARM.Collect$$libshutdown$$00000004      0x00000146   Section        0  libshutdown2.o(.ARM.Collect$$libshutdown$$00000004)
    .ARM.Collect$$libshutdown$$00000007      0x00000146   Section        0  libshutdown2.o(.ARM.Collect$$libshutdown$$00000007)
    .ARM.Collect$$libshutdown$$0000000A      0x00000146   Section        0  libshutdown2.o(.ARM.Collect$$libshutdown$$0000000A)
    .ARM.Collect$$libshutdown$$0000000C      0x00000146   Section        0  libshutdown2.o(.ARM.Collect$$libshutdown$$0000000C)
    .ARM.Collect$$libshutdown$$0000000F      0x00000146   Section        0  libshutdown2.o(.ARM.Collect$$libshutdown$$0000000F)
    .ARM.Collect$$libshutdown$$00000010      0x00000146   Section        2  libshutdown2.o(.ARM.Collect$$libshutdown$$00000010)
    .ARM.Collect$$rtentry$$00000000          0x00000148   Section        0  __rtentry.o(.ARM.Collect$$rtentry$$00000000)
    .ARM.Collect$$rtentry$$00000002          0x00000148   Section        0  __rtentry2.o(.ARM.Collect$$rtentry$$00000002)
    .ARM.Collect$$rtentry$$00000004          0x00000148   Section        6  __rtentry4.o(.ARM.Collect$$rtentry$$00000004)
    .ARM.Collect$$rtentry$$00000009          0x0000014e   Section        0  __rtentry2.o(.ARM.Collect$$rtentry$$00000009)
    .ARM.Collect$$rtentry$$0000000A          0x0000014e   Section        4  __rtentry2.o(.ARM.Collect$$rtentry$$0000000A)
    .ARM.Collect$$rtentry$$0000000B          0x00000152   Section        8  __rtentry2.o(.ARM.Collect$$rtentry$$0000000B)
    .ARM.Collect$$rtentry$$0000000D          0x0000015a   Section        8  __rtentry2.o(.ARM.Collect$$rtentry$$0000000D)
    .ARM.Collect$$rtexit$$00000000           0x00000162   Section        2  rtexit.o(.ARM.Collect$$rtexit$$00000000)
    .ARM.Collect$$rtexit$$00000002           0x00000164   Section        0  rtexit2.o(.ARM.Collect$$rtexit$$00000002)
    .ARM.Collect$$rtexit$$00000003           0x00000164   Section        4  rtexit2.o(.ARM.Collect$$rtexit$$00000003)
    .ARM.Collect$$rtexit$$00000004           0x00000168   Section        6  rtexit2.o(.ARM.Collect$$rtexit$$00000004)
    .emb_text                                0x00000170   Section      304  hal_cm3.o(.emb_text)
    .text                                    0x000002a0   Section       64  startup_lpc17xx.o(.text)
    .text                                    0x000002e0   Section        8  libspace.o(.text)
    .text                                    0x000002e8   Section        0  heapauxi.o(.text)
    .text                                    0x000002f0   Section        0  sys_exit.o(.text)
    .ARM.__at_0x02FC                         0x000002fc   Section        4  startup_lpc17xx.o(.ARM.__at_0x02FC)
    .text                                    0x00000300   Section       74  sys_stackheap_outer.o(.text)
    .text                                    0x0000034a   Section        0  exit.o(.text)
    .text                                    0x0000035c   Section        2  use_no_semi.o(.text)
    .text                                    0x0000035e   Section        0  indicate_semi.o(.text)
    [Anonymous Symbol]                       0x00000360   Section        0  system_lpc17xx.o(.text.SystemInit)
    [Anonymous Symbol]                       0x0000042c   Section        0  pen.o(.text.TIMER0_IRQHandler)
    __NVIC_EnableIRQ                         0x00000489   Thumb Code    14  pen.o(.text.__NVIC_EnableIRQ)
    [Anonymous Symbol]                       0x00000488   Section        0  pen.o(.text.__NVIC_EnableIRQ)
    __tagsym$$used.0                         0x00000498   Number         0  rtx_conf_cm.o(.text._mutex_acquire)
    [Anonymous Symbol]                       0x00000498   Section        0  rtx_conf_cm.o(.text._mutex_acquire)
    __tagsym$$used.1                         0x000004bc   Number         0  rtx_conf_cm.o(.text._mutex_release)
    [Anonymous Symbol]                       0x000004bc   Section        0  rtx_conf_cm.o(.text._mutex_release)
    [Anonymous Symbol]                       0x000004dc   Section        0  rtx_conf_cm.o(.text._platform_post_lib_init)
    [Anonymous Symbol]                       0x000004f8   Section        0  pen.o(.text.angleToMR)
    [Anonymous Symbol]                       0x0000052c   Section        0  main.o(.text.app)
    [Anonymous Symbol]                       0x00000560   Section        0  main.o(.text.main)
    [Anonymous Symbol]                       0x00000584   Section        0  rtx_conf_cm.o(.text.os_error)
    [Anonymous Symbol]                       0x00000588   Section        0  rtx_conf_cm.o(.text.os_idle_demon)
    [Anonymous Symbol]                       0x0000058c   Section        0  pen.o(.text.penGetStat)
    [Anonymous Symbol]                       0x00000598   Section        0  pen.o(.text.penInit)
    [Anonymous Symbol]                       0x000005e4   Section        0  pen.o(.text.penMoveDown)
    [Anonymous Symbol]                       0x0000062c   Section        0  pen.o(.text.penMoveUp)
    SVC_TABLE                                0x00000674   Section        4  svc_table.o(SVC_TABLE)
    i._init_box                              0x00000678   Section        0  rt_membox.o(i._init_box)
    i.dbg_init                               0x000006c0   Section        0  hal_cm.o(i.dbg_init)
    i.dbg_task_notify                        0x000006f0   Section        0  hal_cm.o(i.dbg_task_notify)
    i.dbg_task_switch                        0x00000710   Section        0  hal_cm.o(i.dbg_task_switch)
    i.isrMessageGet                          0x00000720   Section        0  rt_cmsis.o(i.isrMessageGet)
    i.isrMessagePut                          0x0000074a   Section        0  rt_cmsis.o(i.isrMessagePut)
    i.isr_mbx_receive                        0x00000778   Section        0  rt_mailbox.o(i.isr_mbx_receive)
    i.isr_mbx_send                           0x000007ce   Section        0  rt_mailbox.o(i.isr_mbx_send)
    i.osDelay                                0x000007dc   Section        0  rt_cmsis.o(i.osDelay)
    i.osKernelInitialize                     0x000007f4   Section        0  rt_cmsis.o(i.osKernelInitialize)
    i.osKernelStart                          0x00000818   Section        0  rt_cmsis.o(i.osKernelStart)
    i.osMessageGet                           0x00000884   Section        0  rt_cmsis.o(i.osMessageGet)
    i.osThreadCreate                         0x0000089c   Section        0  rt_cmsis.o(i.osThreadCreate)
    i.osThreadExit                           0x000008c8   Section        0  rt_cmsis.o(i.osThreadExit)
    i.osTimerCall                            0x000008e0   Section        0  rt_cmsis.o(i.osTimerCall)
    i.osTimerThread                          0x000008ec   Section        0  rt_cmsis.o(i.osTimerThread)
    i.os_tick_init                           0x00000918   Section        0  rt_system.o(i.os_tick_init)
    i.os_tick_irqack                         0x00000940   Section        0  rt_system.o(i.os_tick_irqack)
    i.rt_alloc_box                           0x00000942   Section        0  rt_membox.o(i.rt_alloc_box)
    i.rt_alloc_mem                           0x0000095c   Section        0  rt_memory.o(i.rt_alloc_mem)
    i.rt_block                               0x0000099c   Section        0  rt_task.o(i.rt_block)
    i.rt_chk_robin                           0x000009d4   Section        0  rt_robin.o(i.rt_chk_robin)
    i.rt_dec_dly                             0x00000a1c   Section        0  rt_list.o(i.rt_dec_dly)
    i.rt_dispatch                            0x00000a8c   Section        0  rt_task.o(i.rt_dispatch)
    i.rt_dly_wait                            0x00000ad0   Section        0  rt_time.o(i.rt_dly_wait)
    i.rt_evt_psh                             0x00000ad8   Section        0  rt_event.o(i.rt_evt_psh)
    i.rt_free_box                            0x00000b28   Section        0  rt_membox.o(i.rt_free_box)
    i.rt_free_mem                            0x00000b54   Section        0  rt_memory.o(i.rt_free_mem)
    i.rt_get_first                           0x00000b7c   Section        0  rt_list.o(i.rt_get_first)
    rt_id2obj                                0x00000ba5   Thumb Code     8  rt_cmsis.o(i.rt_id2obj)
    i.rt_id2obj                              0x00000ba4   Section        0  rt_cmsis.o(i.rt_id2obj)
    rt_init_context                          0x00000bad   Thumb Code    66  rt_task.o(i.rt_init_context)
    i.rt_init_context                        0x00000bac   Section        0  rt_task.o(i.rt_init_context)
    i.rt_init_mem                            0x00000bf4   Section        0  rt_memory.o(i.rt_init_mem)
    i.rt_init_robin                          0x00000c10   Section        0  rt_robin.o(i.rt_init_robin)
    i.rt_init_stack                          0x00000c28   Section        0  hal_cm.o(i.rt_init_stack)
    i.rt_mbx_check                           0x00000ca8   Section        0  rt_mailbox.o(i.rt_mbx_check)
    i.rt_mbx_init                            0x00000cb0   Section        0  rt_mailbox.o(i.rt_mbx_init)
    i.rt_mbx_psh                             0x00000ccc   Section        0  rt_mailbox.o(i.rt_mbx_psh)
    i.rt_mbx_wait                            0x00000dbc   Section        0  rt_mailbox.o(i.rt_mbx_wait)
    rt_ms2tick                               0x00000e71   Thumb Code    58  rt_cmsis.o(i.rt_ms2tick)
    i.rt_ms2tick                             0x00000e70   Section        0  rt_cmsis.o(i.rt_ms2tick)
    i.rt_mut_release                         0x00000eb4   Section        0  rt_mutex.o(i.rt_mut_release)
    i.rt_mut_wait                            0x00000f8c   Section        0  rt_mutex.o(i.rt_mut_wait)
    i.rt_pop_req                             0x00001004   Section        0  rt_system.o(i.rt_pop_req)
    i.rt_psh_req                             0x00001080   Section        0  rt_system.o(i.rt_psh_req)
    i.rt_psq_enq                             0x000010a0   Section        0  rt_list.o(i.rt_psq_enq)
    i.rt_put_dly                             0x000010fc   Section        0  rt_list.o(i.rt_put_dly)
    i.rt_put_prio                            0x00001144   Section        0  rt_list.o(i.rt_put_prio)
    i.rt_put_rdy_first                       0x0000117c   Section        0  rt_list.o(i.rt_put_rdy_first)
    i.rt_resort_prio                         0x00001190   Section        0  rt_list.o(i.rt_resort_prio)
    i.rt_ret_val                             0x000011c4   Section        0  hal_cm.o(i.rt_ret_val)
    i.rt_ret_val2                            0x000011ca   Section        0  hal_cm.o(i.rt_ret_val2)
    i.rt_rmv_dly                             0x000011d2   Section        0  rt_list.o(i.rt_rmv_dly)
    i.rt_rmv_list                            0x000011fc   Section        0  rt_list.o(i.rt_rmv_list)
    i.rt_sem_psh                             0x0000122c   Section        0  rt_semaphore.o(i.rt_sem_psh)
    i.rt_stk_check                           0x00001260   Section        0  rt_system.o(i.rt_stk_check)
    i.rt_switch_req                          0x00001284   Section        0  rt_task.o(i.rt_switch_req)
    i.rt_sys_init                            0x000012ac   Section        0  rt_task.o(i.rt_sys_init)
    i.rt_sys_start                           0x00001378   Section        0  rt_task.o(i.rt_sys_start)
    i.rt_systick                             0x000013f0   Section        0  rt_system.o(i.rt_systick)
    rt_tid2ptcb                              0x00001431   Thumb Code    18  rt_cmsis.o(i.rt_tid2ptcb)
    i.rt_tid2ptcb                            0x00001430   Section        0  rt_cmsis.o(i.rt_tid2ptcb)
    rt_timer_insert                          0x00001445   Thumb Code    48  rt_cmsis.o(i.rt_timer_insert)
    i.rt_timer_insert                        0x00001444   Section        0  rt_cmsis.o(i.rt_timer_insert)
    i.rt_tsk_create                          0x00001478   Section        0  rt_task.o(i.rt_tsk_create)
    i.rt_tsk_delete                          0x00001500   Section        0  rt_task.o(i.rt_tsk_delete)
    i.rt_tsk_prio                            0x0000167c   Section        0  rt_task.o(i.rt_tsk_prio)
    i.rt_tsk_self                            0x000016f8   Section        0  rt_task.o(i.rt_tsk_self)
    i.svcDelay                               0x00001708   Section        0  rt_cmsis.o(i.svcDelay)
    i.svcKernelInitialize                    0x0000171c   Section        0  rt_cmsis.o(i.svcKernelInitialize)
    i.svcKernelStart                         0x0000178c   Section        0  rt_cmsis.o(i.svcKernelStart)
    i.svcMessageCreate                       0x000017d4   Section        0  rt_cmsis.o(i.svcMessageCreate)
    i.svcMessageGet                          0x000017f8   Section        0  rt_cmsis.o(i.svcMessageGet)
    i.svcThreadCreate                        0x00001834   Section        0  rt_cmsis.o(i.svcThreadCreate)
    i.svcThreadGetId                         0x000018a0   Section        0  rt_cmsis.o(i.svcThreadGetId)
    i.svcThreadTerminate                     0x000018bc   Section        0  rt_cmsis.o(i.svcThreadTerminate)
    i.svcTimerCall                           0x000018f4   Section        0  rt_cmsis.o(i.svcTimerCall)
    i.sysTimerTick                           0x0000190c   Section        0  rt_cmsis.o(i.sysTimerTick)
    __tagsym$$used.2                         0x00001968   Number         0  rtx_conf_cm.o(.rodata.CMSIS_RTOS_API_Version)
    __tagsym$$used.3                         0x0000196c   Number         0  rtx_conf_cm.o(.rodata.CMSIS_RTOS_RTX_Version)
    __tagsym$$used.4                         0x00001978   Number         0  rtx_conf_cm.o(.rodata.os_clockrate)
    __tagsym$$used.5                         0x000019c4   Number         0  rtx_conf_cm.o(.rodata.os_timernum)
    .data                                    0x10000004   Section        8  rt_cmsis.o(.data)
    os_lock                                  0x1000000c   Data           1  rt_system.o(.data)
    .data                                    0x1000000c   Section        8  rt_system.o(.data)
    os_psh_flag                              0x1000000d   Data           1  rt_system.o(.data)
    pend_flags                               0x1000000e   Data           1  rt_system.o(.data)
    .data                                    0x10000014   Section        1  hal_cm.o(.data)
    .bss                                     0x10000018   Section       96  libspace.o(.bss)
    Stack_Mem                                0x100002e0   Data        2048  startup_lpc17xx.o(STACK)
    STACK                                    0x100002e0   Section     2048  startup_lpc17xx.o(STACK)
    __initial_sp                             0x10000ae0   Data           0  startup_lpc17xx.o(STACK)
    .data                                    0x2007c000   Section        8  rt_task.o(.data)
    .data                                    0x2007c008   Section        4  rt_time.o(.data)
    .data                                    0x2007c00c   Section        8  rt_robin.o(.data)
    .bss                                     0x2007c018   Section       52  rt_task.o(.bss)
    .bss                                     0x2007c04c   Section       48  rt_list.o(.bss)
    Heap_Mem                                 0x2007c6e0   Data        1024  startup_lpc17xx.o(HEAP)
    HEAP                                     0x2007c6e0   Section     1024  startup_lpc17xx.o(HEAP)

    Global Symbols

    Symbol Name                              Value     Ov Type        Size  Object(Section)

    BuildAttributes$$THM_ISAv4$P$D$K$B$S$PE$A:L22UL41UL21$X:L11$S22US41US21$IEEE1$IW$~IW$USESV6$~STKCKD$USESV7$~SHL$OTIME$ROPI$EBA8$UX$STANDARDLIB$REQ8$PRES8$EABIv2 0x00000000   Number         0  anon$$obj.o ABSOLUTE
    __Vectors                                0x00000000   Data           4  startup_lpc17xx.o(RESET)
    __fp_init_empty                          0x00000000   Number         0  fpinit_empty.o ABSOLUTE
    __ARM_exceptions_init                     - Undefined Weak Reference
    __alloca_initialize                       - Undefined Weak Reference
    __arm_preinit_                            - Undefined Weak Reference
    __cpp_initialize__aeabi_                  - Undefined Weak Reference
    __cxa_finalize                            - Undefined Weak Reference
    __rt_locale                               - Undefined Weak Reference
    __sigvec_lookup                           - Undefined Weak Reference
    _atexit_init                              - Undefined Weak Reference
    _call_atexit_fns                          - Undefined Weak Reference
    _clock_init                               - Undefined Weak Reference
    _fp_trap_init                             - Undefined Weak Reference
    _fp_trap_shutdown                         - Undefined Weak Reference
    _get_lc_collate                           - Undefined Weak Reference
    _get_lc_ctype                             - Undefined Weak Reference
    _get_lc_monetary                          - Undefined Weak Reference
    _get_lc_numeric                           - Undefined Weak Reference
    _get_lc_time                              - Undefined Weak Reference
    _getenv_init                              - Undefined Weak Reference
    _handle_redirection                       - Undefined Weak Reference
    _init_alloc                               - Undefined Weak Reference
    _init_user_alloc                          - Undefined Weak Reference
    _initio                                   - Undefined Weak Reference
    _rand_init                                - Undefined Weak Reference
    _signal_finish                            - Undefined Weak Reference
    _signal_init                              - Undefined Weak Reference
    _terminate_alloc                          - Undefined Weak Reference
    _terminate_user_alloc                     - Undefined Weak Reference
    _terminateio                              - Undefined Weak Reference
    __main                                   0x000000cd   Thumb Code     8  __main.o(!!!main)
    __scatterload                            0x000000d5   Thumb Code     0  __scatter.o(!!!scatter)
    __scatterload_rt2                        0x000000d5   Thumb Code    44  __scatter.o(!!!scatter)
    __scatterload_rt2_thumb_only             0x000000d5   Thumb Code     0  __scatter.o(!!!scatter)
    __scatterload_null                       0x000000e3   Thumb Code     0  __scatter.o(!!!scatter)
    __scatterload_copy                       0x00000109   Thumb Code    26  __scatter_copy.o(!!handler_copy)
    __scatterload_zeroinit                   0x00000125   Thumb Code    28  __scatter_zi.o(!!handler_zi)
    __rt_lib_init                            0x00000141   Thumb Code     0  libinit.o(.ARM.Collect$$libinit$$00000000)
    __rt_lib_init_alloca_1                   0x00000143   Thumb Code     0  libinit2.o(.ARM.Collect$$libinit$$0000002E)
    __rt_lib_init_argv_1                     0x00000143   Thumb Code     0  libinit2.o(.ARM.Collect$$libinit$$0000002C)
    __rt_lib_init_atexit_1                   0x00000143   Thumb Code     0  libinit2.o(.ARM.Collect$$libinit$$0000001B)
    __rt_lib_init_clock_1                    0x00000143   Thumb Code     0  libinit2.o(.ARM.Collect$$libinit$$00000021)
    __rt_lib_init_cpp_1                      0x00000143   Thumb Code     0  libinit2.o(.ARM.Collect$$libinit$$00000032)
    __rt_lib_init_exceptions_1               0x00000143   Thumb Code     0  libinit2.o(.ARM.Collect$$libinit$$00000030)
    __rt_lib_init_fp_1                       0x00000143   Thumb Code     0  libinit2.o(.ARM.Collect$$libinit$$00000002)
    __rt_lib_init_fp_trap_1                  0x00000143   Thumb Code     0  libinit2.o(.ARM.Collect$$libinit$$0000001F)
    __rt_lib_init_getenv_1                   0x00000143   Thumb Code     0  libinit2.o(.ARM.Collect$$libinit$$00000023)
    __rt_lib_init_heap_1                     0x00000143   Thumb Code     0  libinit2.o(.ARM.Collect$$libinit$$0000000A)
    __rt_lib_init_lc_collate_1               0x00000143   Thumb Code     0  libinit2.o(.ARM.Collect$$libinit$$00000011)
    __rt_lib_init_lc_ctype_1                 0x00000143   Thumb Code     0  libinit2.o(.ARM.Collect$$libinit$$00000013)
    __rt_lib_init_lc_monetary_1              0x00000143   Thumb Code     0  libinit2.o(.ARM.Collect$$libinit$$00000015)
    __rt_lib_init_lc_numeric_1               0x00000143   Thumb Code     0  libinit2.o(.ARM.Collect$$libinit$$00000017)
    __rt_lib_init_lc_time_1                  0x00000143   Thumb Code     0  libinit2.o(.ARM.Collect$$libinit$$00000019)
    __rt_lib_init_preinit_1                  0x00000143   Thumb Code     0  libinit2.o(.ARM.Collect$$libinit$$00000004)
    __rt_lib_init_rand_1                     0x00000143   Thumb Code     0  libinit2.o(.ARM.Collect$$libinit$$0000000E)
    __rt_lib_init_return                     0x00000143   Thumb Code     0  libinit2.o(.ARM.Collect$$libinit$$00000033)
    __rt_lib_init_signal_1                   0x00000143   Thumb Code     0  libinit2.o(.ARM.Collect$$libinit$$0000001D)
    __rt_lib_init_stdio_1                    0x00000143   Thumb Code     0  libinit2.o(.ARM.Collect$$libinit$$00000025)
    __rt_lib_init_user_alloc_1               0x00000143   Thumb Code     0  libinit2.o(.ARM.Collect$$libinit$$0000000C)
    __rt_lib_shutdown                        0x00000145   Thumb Code     0  libshutdown.o(.ARM.Collect$$libshutdown$$00000000)
    __rt_lib_shutdown_cpp_1                  0x00000147   Thumb Code     0  libshutdown2.o(.ARM.Collect$$libshutdown$$00000002)
    __rt_lib_shutdown_fp_trap_1              0x00000147   Thumb Code     0  libshutdown2.o(.ARM.Collect$$libshutdown$$00000007)
    __rt_lib_shutdown_heap_1                 0x00000147   Thumb Code     0  libshutdown2.o(.ARM.Collect$$libshutdown$$0000000F)
    __rt_lib_shutdown_return                 0x00000147   Thumb Code     0  libshutdown2.o(.ARM.Collect$$libshutdown$$00000010)
    __rt_lib_shutdown_signal_1               0x00000147   Thumb Code     0  libshutdown2.o(.ARM.Collect$$libshutdown$$0000000A)
    __rt_lib_shutdown_stdio_1                0x00000147   Thumb Code     0  libshutdown2.o(.ARM.Collect$$libshutdown$$00000004)
    __rt_lib_shutdown_user_alloc_1           0x00000147   Thumb Code     0  libshutdown2.o(.ARM.Collect$$libshutdown$$0000000C)
    __rt_entry                               0x00000149   Thumb Code     0  __rtentry.o(.ARM.Collect$$rtentry$$00000000)
    __rt_entry_presh_1                       0x00000149   Thumb Code     0  __rtentry2.o(.ARM.Collect$$rtentry$$00000002)
    __rt_entry_sh                            0x00000149   Thumb Code     0  __rtentry4.o(.ARM.Collect$$rtentry$$00000004)
    __rt_entry_li                            0x0000014f   Thumb Code     0  __rtentry2.o(.ARM.Collect$$rtentry$$0000000A)
    __rt_entry_postsh_1                      0x0000014f   Thumb Code     0  __rtentry2.o(.ARM.Collect$$rtentry$$00000009)
    __rt_entry_postli_1                      0x00000153   Thumb Code     0  __rtentry2.o(.ARM.Collect$$rtentry$$0000000B)
    __rt_entry_main                          0x0000015b   Thumb Code     0  __rtentry2.o(.ARM.Collect$$rtentry$$0000000D)
    __rt_exit                                0x00000163   Thumb Code     0  rtexit.o(.ARM.Collect$$rtexit$$00000000)
    __rt_exit_ls                             0x00000165   Thumb Code     0  rtexit2.o(.ARM.Collect$$rtexit$$00000003)
    __rt_exit_prels_1                        0x00000165   Thumb Code     0  rtexit2.o(.ARM.Collect$$rtexit$$00000002)
    __rt_exit_exit                           0x00000169   Thumb Code     0  rtexit2.o(.ARM.Collect$$rtexit$$00000004)
    rt_set_PSP                               0x00000171   Thumb Code     6  hal_cm3.o(.emb_text)
    rt_get_PSP                               0x00000177   Thumb Code     6  hal_cm3.o(.emb_text)
    os_set_env                               0x0000017d   Thumb Code    24  hal_cm3.o(.emb_text)
    _alloc_box                               0x00000199   Thumb Code    28  hal_cm3.o(.emb_text)
    _free_box                                0x000001b9   Thumb Code    28  hal_cm3.o(.emb_text)
    SVC_Handler                              0x000001d9   Thumb Code   108  hal_cm3.o(.emb_text)
    PendSV_Handler                           0x00000251   Thumb Code    56  hal_cm3.o(.emb_text)
    SysTick_Handler                          0x0000028d   Thumb Code     8  hal_cm3.o(.emb_text)
    OS_Tick_Handler                          0x00000295   Thumb Code    12  hal_cm3.o(.emb_text)
    Reset_Handler                            0x000002a1   Thumb Code     8  startup_lpc17xx.o(.text)
    NMI_Handler                              0x000002a9   Thumb Code     2  startup_lpc17xx.o(.text)
    HardFault_Handler                        0x000002ab   Thumb Code     2  startup_lpc17xx.o(.text)
    MemManage_Handler                        0x000002ad   Thumb Code     2  startup_lpc17xx.o(.text)
    BusFault_Handler                         0x000002af   Thumb Code     2  startup_lpc17xx.o(.text)
    UsageFault_Handler                       0x000002b1   Thumb Code     2  startup_lpc17xx.o(.text)
    DebugMon_Handler                         0x000002b5   Thumb Code     2  startup_lpc17xx.o(.text)
    ADC_IRQHandler                           0x000002bb   Thumb Code     0  startup_lpc17xx.o(.text)
    BOD_IRQHandler                           0x000002bb   Thumb Code     0  startup_lpc17xx.o(.text)
    CANActivity_IRQHandler                   0x000002bb   Thumb Code     0  startup_lpc17xx.o(.text)
    CAN_IRQHandler                           0x000002bb   Thumb Code     0  startup_lpc17xx.o(.text)
    DMA_IRQHandler                           0x000002bb   Thumb Code     0  startup_lpc17xx.o(.text)
    EINT0_IRQHandler                         0x000002bb   Thumb Code     0  startup_lpc17xx.o(.text)
    EINT1_IRQHandler                         0x000002bb   Thumb Code     0  startup_lpc17xx.o(.text)
    EINT2_IRQHandler                         0x000002bb   Thumb Code     0  startup_lpc17xx.o(.text)
    EINT3_IRQHandler                         0x000002bb   Thumb Code     0  startup_lpc17xx.o(.text)
    ENET_IRQHandler                          0x000002bb   Thumb Code     0  startup_lpc17xx.o(.text)
    I2C0_IRQHandler                          0x000002bb   Thumb Code     0  startup_lpc17xx.o(.text)
    I2C1_IRQHandler                          0x000002bb   Thumb Code     0  startup_lpc17xx.o(.text)
    I2C2_IRQHandler                          0x000002bb   Thumb Code     0  startup_lpc17xx.o(.text)
    I2S_IRQHandler                           0x000002bb   Thumb Code     0  startup_lpc17xx.o(.text)
    MCPWM_IRQHandler                         0x000002bb   Thumb Code     0  startup_lpc17xx.o(.text)
    PLL0_IRQHandler                          0x000002bb   Thumb Code     0  startup_lpc17xx.o(.text)
    PLL1_IRQHandler                          0x000002bb   Thumb Code     0  startup_lpc17xx.o(.text)
    PWM1_IRQHandler                          0x000002bb   Thumb Code     0  startup_lpc17xx.o(.text)
    QEI_IRQHandler                           0x000002bb   Thumb Code     0  startup_lpc17xx.o(.text)
    RIT_IRQHandler                           0x000002bb   Thumb Code     0  startup_lpc17xx.o(.text)
    RTC_IRQHandler                           0x000002bb   Thumb Code     0  startup_lpc17xx.o(.text)
    SPI_IRQHandler                           0x000002bb   Thumb Code     0  startup_lpc17xx.o(.text)
    SSP0_IRQHandler                          0x000002bb   Thumb Code     0  startup_lpc17xx.o(.text)
    SSP1_IRQHandler                          0x000002bb   Thumb Code     0  startup_lpc17xx.o(.text)
    TIMER1_IRQHandler                        0x000002bb   Thumb Code     0  startup_lpc17xx.o(.text)
    TIMER2_IRQHandler                        0x000002bb   Thumb Code     0  startup_lpc17xx.o(.text)
    TIMER3_IRQHandler                        0x000002bb   Thumb Code     0  startup_lpc17xx.o(.text)
    UART0_IRQHandler                         0x000002bb   Thumb Code     0  startup_lpc17xx.o(.text)
    UART1_IRQHandler                         0x000002bb   Thumb Code     0  startup_lpc17xx.o(.text)
    UART2_IRQHandler                         0x000002bb   Thumb Code     0  startup_lpc17xx.o(.text)
    UART3_IRQHandler                         0x000002bb   Thumb Code     0  startup_lpc17xx.o(.text)
    USBActivity_IRQHandler                   0x000002bb   Thumb Code     0  startup_lpc17xx.o(.text)
    USB_IRQHandler                           0x000002bb   Thumb Code     0  startup_lpc17xx.o(.text)
    WDT_IRQHandler                           0x000002bb   Thumb Code     0  startup_lpc17xx.o(.text)
    __user_initial_stackheap                 0x000002bd   Thumb Code     0  startup_lpc17xx.o(.text)
    __user_libspace                          0x000002e1   Thumb Code     8  libspace.o(.text)
    __user_perproc_libspace                  0x000002e1   Thumb Code     0  libspace.o(.text)
    __use_two_region_memory                  0x000002e9   Thumb Code     2  heapauxi.o(.text)
    __rt_heap_escrow$2region                 0x000002eb   Thumb Code     2  heapauxi.o(.text)
    __rt_heap_expand$2region                 0x000002ed   Thumb Code     2  heapauxi.o(.text)
    _sys_exit                                0x000002f1   Thumb Code     8  sys_exit.o(.text)
    __user_setup_stackheap                   0x00000301   Thumb Code    74  sys_stackheap_outer.o(.text)
    exit                                     0x0000034b   Thumb Code    18  exit.o(.text)
    __I$use$semihosting                      0x0000035d   Thumb Code     0  use_no_semi.o(.text)
    __use_no_semihosting_swi                 0x0000035d   Thumb Code     2  use_no_semi.o(.text)
    __semihosting_library_function           0x0000035f   Thumb Code     0  indicate_semi.o(.text)
    SystemInit                               0x00000361   Thumb Code   204  system_lpc17xx.o(.text.SystemInit)
    TIMER0_IRQHandler                        0x0000042d   Thumb Code    92  pen.o(.text.TIMER0_IRQHandler)
    __RL_RTX_VER                             0x00000482   Number         0  rt_system.o ABSOLUTE
    _mutex_acquire                           0x00000499   Thumb Code    34  rtx_conf_cm.o(.text._mutex_acquire)
    _mutex_release                           0x000004bd   Thumb Code    30  rtx_conf_cm.o(.text._mutex_release)
    _platform_post_lib_init                  0x000004dd   Thumb Code    26  rtx_conf_cm.o(.text._platform_post_lib_init)
    angleToMR                                0x000004f9   Thumb Code    52  pen.o(.text.angleToMR)
    app                                      0x0000052d   Thumb Code    50  main.o(.text.app)
    main                                     0x00000561   Thumb Code    34  main.o(.text.main)
    os_error                                 0x00000585   Thumb Code     2  rtx_conf_cm.o(.text.os_error)
    os_idle_demon                            0x00000589   Thumb Code     2  rtx_conf_cm.o(.text.os_idle_demon)
    penGetStat                               0x0000058d   Thumb Code    12  pen.o(.text.penGetStat)
    penInit                                  0x00000599   Thumb Code    76  pen.o(.text.penInit)
    penMoveDown                              0x000005e5   Thumb Code    72  pen.o(.text.penMoveDown)
    penMoveUp                                0x0000062d   Thumb Code    70  pen.o(.text.penMoveUp)
    SVC_Count                                0x00000674   Data           4  svc_table.o(SVC_TABLE)
    SVC_Table                                0x00000678   Data           0  svc_table.o(SVC_TABLE)
    _init_box                                0x00000679   Thumb Code    70  rt_membox.o(i._init_box)
    dbg_init                                 0x000006c1   Thumb Code    34  hal_cm.o(i.dbg_init)
    dbg_task_notify                          0x000006f1   Thumb Code    32  hal_cm.o(i.dbg_task_notify)
    dbg_task_switch                          0x00000711   Thumb Code    16  hal_cm.o(i.dbg_task_switch)
    isrMessageGet                            0x00000721   Thumb Code    42  rt_cmsis.o(i.isrMessageGet)
    isrMessagePut                            0x0000074b   Thumb Code    44  rt_cmsis.o(i.isrMessagePut)
    isr_mbx_receive                          0x00000779   Thumb Code    86  rt_mailbox.o(i.isr_mbx_receive)
    isr_mbx_send                             0x000007cf   Thumb Code    14  rt_mailbox.o(i.isr_mbx_send)
    osDelay                                  0x000007dd   Thumb Code    18  rt_cmsis.o(i.osDelay)
    osKernelInitialize                       0x000007f5   Thumb Code    30  rt_cmsis.o(i.osKernelInitialize)
    osKernelStart                            0x00000819   Thumb Code    98  rt_cmsis.o(i.osKernelStart)
    osMessageGet                             0x00000885   Thumb Code    18  rt_cmsis.o(i.osMessageGet)
    osThreadCreate                           0x0000089d   Thumb Code    36  rt_cmsis.o(i.osThreadCreate)
    osThreadExit                             0x000008c9   Thumb Code    14  rt_cmsis.o(i.osThreadExit)
    osTimerCall                              0x000008e1   Thumb Code     8  rt_cmsis.o(i.osTimerCall)
    osTimerThread                            0x000008ed   Thumb Code    38  rt_cmsis.o(i.osTimerThread)
    os_tick_init                             0x00000919   Thumb Code    32  rt_system.o(i.os_tick_init)
    os_tick_irqack                           0x00000941   Thumb Code     2  rt_system.o(i.os_tick_irqack)
    rt_alloc_box                             0x00000943   Thumb Code    26  rt_membox.o(i.rt_alloc_box)
    rt_alloc_mem                             0x0000095d   Thumb Code    62  rt_memory.o(i.rt_alloc_mem)
    rt_block                                 0x0000099d   Thumb Code    48  rt_task.o(i.rt_block)
    rt_chk_robin                             0x000009d5   Thumb Code    60  rt_robin.o(i.rt_chk_robin)
    rt_dec_dly                               0x00000a1d   Thumb Code   102  rt_list.o(i.rt_dec_dly)
    rt_dispatch                              0x00000a8d   Thumb Code    60  rt_task.o(i.rt_dispatch)
    rt_dly_wait                              0x00000ad1   Thumb Code     6  rt_time.o(i.rt_dly_wait)
    rt_evt_psh                               0x00000ad9   Thumb Code    76  rt_event.o(i.rt_evt_psh)
    rt_free_box                              0x00000b29   Thumb Code    44  rt_membox.o(i.rt_free_box)
    rt_free_mem                              0x00000b55   Thumb Code    40  rt_memory.o(i.rt_free_mem)
    rt_get_first                             0x00000b7d   Thumb Code    40  rt_list.o(i.rt_get_first)
    rt_init_mem                              0x00000bf5   Thumb Code    26  rt_memory.o(i.rt_init_mem)
    rt_init_robin                            0x00000c11   Thumb Code    14  rt_robin.o(i.rt_init_robin)
    rt_init_stack                            0x00000c29   Thumb Code   118  hal_cm.o(i.rt_init_stack)
    rt_mbx_check                             0x00000ca9   Thumb Code     8  rt_mailbox.o(i.rt_mbx_check)
    rt_mbx_init                              0x00000cb1   Thumb Code    26  rt_mailbox.o(i.rt_mbx_init)
    rt_mbx_psh                               0x00000ccd   Thumb Code   236  rt_mailbox.o(i.rt_mbx_psh)
    rt_mbx_wait                              0x00000dbd   Thumb Code   174  rt_mailbox.o(i.rt_mbx_wait)
    rt_mut_release                           0x00000eb5   Thumb Code   208  rt_mutex.o(i.rt_mut_release)
    rt_mut_wait                              0x00000f8d   Thumb Code   114  rt_mutex.o(i.rt_mut_wait)
    rt_pop_req                               0x00001005   Thumb Code   112  rt_system.o(i.rt_pop_req)
    rt_psh_req                               0x00001081   Thumb Code    22  rt_system.o(i.rt_psh_req)
    rt_psq_enq                               0x000010a1   Thumb Code    88  rt_list.o(i.rt_psq_enq)
    rt_put_dly                               0x000010fd   Thumb Code    68  rt_list.o(i.rt_put_dly)
    rt_put_prio                              0x00001145   Thumb Code    54  rt_list.o(i.rt_put_prio)
    rt_put_rdy_first                         0x0000117d   Thumb Code    14  rt_list.o(i.rt_put_rdy_first)
    rt_resort_prio                           0x00001191   Thumb Code    46  rt_list.o(i.rt_resort_prio)
    rt_ret_val                               0x000011c5   Thumb Code     6  hal_cm.o(i.rt_ret_val)
    rt_ret_val2                              0x000011cb   Thumb Code     8  hal_cm.o(i.rt_ret_val2)
    rt_rmv_dly                               0x000011d3   Thumb Code    40  rt_list.o(i.rt_rmv_dly)
    rt_rmv_list                              0x000011fd   Thumb Code    44  rt_list.o(i.rt_rmv_list)
    rt_sem_psh                               0x0000122d   Thumb Code    48  rt_semaphore.o(i.rt_sem_psh)
    rt_stk_check                             0x00001261   Thumb Code    28  rt_system.o(i.rt_stk_check)
    rt_switch_req                            0x00001285   Thumb Code    30  rt_task.o(i.rt_switch_req)
    rt_sys_init                              0x000012ad   Thumb Code   138  rt_task.o(i.rt_sys_init)
    rt_sys_start                             0x00001379   Thumb Code   110  rt_task.o(i.rt_sys_start)
    rt_systick                               0x000013f1   Thumb Code    50  rt_system.o(i.rt_systick)
    rt_tsk_create                            0x00001479   Thumb Code   118  rt_task.o(i.rt_tsk_create)
    rt_tsk_delete                            0x00001501   Thumb Code   352  rt_task.o(i.rt_tsk_delete)
    rt_tsk_prio                              0x0000167d   Thumb Code   108  rt_task.o(i.rt_tsk_prio)
    rt_tsk_self                              0x000016f9   Thumb Code    12  rt_task.o(i.rt_tsk_self)
    svcDelay                                 0x00001709   Thumb Code    18  rt_cmsis.o(i.svcDelay)
    svcKernelInitialize                      0x0000171d   Thumb Code    80  rt_cmsis.o(i.svcKernelInitialize)
    svcKernelStart                           0x0000178d   Thumb Code    62  rt_cmsis.o(i.svcKernelStart)
    svcMessageCreate                         0x000017d5   Thumb Code    36  rt_cmsis.o(i.svcMessageCreate)
    svcMessageGet                            0x000017f9   Thumb Code    58  rt_cmsis.o(i.svcMessageGet)
    svcThreadCreate                          0x00001835   Thumb Code    96  rt_cmsis.o(i.svcThreadCreate)
    svcThreadGetId                           0x000018a1   Thumb Code    22  rt_cmsis.o(i.svcThreadGetId)
    svcThreadTerminate                       0x000018bd   Thumb Code    50  rt_cmsis.o(i.svcThreadTerminate)
    svcTimerCall                             0x000018f5   Thumb Code    24  rt_cmsis.o(i.svcTimerCall)
    sysTimerTick                             0x0000190d   Thumb Code    84  rt_cmsis.o(i.sysTimerTick)
    CMSIS_RTOS_API_Version                   0x00001968   Data           4  rtx_conf_cm.o(.rodata.CMSIS_RTOS_API_Version)
    CMSIS_RTOS_RTX_Version                   0x0000196c   Data           4  rtx_conf_cm.o(.rodata.CMSIS_RTOS_RTX_Version)
    mp_stk_size                              0x00001970   Data           4  rtx_conf_cm.o(.rodata.mp_stk_size)
    mp_tcb_size                              0x00001974   Data           2  rtx_conf_cm.o(.rodata.mp_tcb_size)
    mp_tmr_size                              0x00001976   Data           2  rtx_conf_cm.o(.rodata.mp_tmr_size)
    os_clockrate                             0x00001978   Data           4  rtx_conf_cm.o(.rodata.os_clockrate)
    os_fifo_size                             0x0000197c   Data           1  rtx_conf_cm.o(.rodata.os_fifo_size)
    os_flags                                 0x0000197d   Data           1  rtx_conf_cm.o(.rodata.os_flags)
    os_maxtaskrun                            0x0000197e   Data           2  rtx_conf_cm.o(.rodata.os_maxtaskrun)
    os_messageQ_def_osTimerMessageQ          0x00001980   Data           8  rtx_conf_cm.o(.rodata.os_messageQ_def_osTimerMessageQ)
    os_rrobin                                0x00001988   Data           4  rtx_conf_cm.o(.rodata.os_rrobin)
    os_stack_sz                              0x0000198c   Data           4  rtx_conf_cm.o(.rodata.os_stack_sz)
    os_stackinfo                             0x00001990   Data           4  rtx_conf_cm.o(.rodata.os_stackinfo)
    os_thread_def_app                        0x00001994   Data          16  main.o(.rodata.os_thread_def_app)
    os_thread_def_main                       0x000019a4   Data          16  rtx_conf_cm.o(.rodata.os_thread_def_main)
    os_thread_def_osTimerThread              0x000019b4   Data          16  rtx_conf_cm.o(.rodata.os_thread_def_osTimerThread)
    os_timernum                              0x000019c4   Data           4  rtx_conf_cm.o(.rodata.os_timernum)
    os_trv                                   0x000019c8   Data           4  rtx_conf_cm.o(.rodata.os_trv)
    Region$$Table$$Base                      0x000019cc   Number         0  anon$$obj.o(Region$$Table)
    Region$$Table$$Limit                     0x00001a0c   Number         0  anon$$obj.o(Region$$Table)
    __ARM_use_no_argv                        0x10000000   Data           4  main.o(.ARM.use_no_argv)
    os_initialized                           0x10000004   Data           1  rt_cmsis.o(.data)
    os_running                               0x10000005   Data           1  rt_cmsis.o(.data)
    os_timer_head                            0x10000008   Data           4  rt_cmsis.o(.data)
    os_tick_irqn                             0x10000010   Data           4  rt_system.o(.data)
    dbg_msg                                  0x10000014   Data           1  hal_cm.o(.data)
    __libspace_start                         0x10000018   Data          96  libspace.o(.bss)
    __temporary_stack_top$libspace           0x10000078   Data           0  libspace.o(.bss)
    m_tmr                                    0x10000078   Data           4  rtx_conf_cm.o(.bss.m_tmr)
    osMessageQId_osTimerMessageQ             0x1000007c   Data           4  rtx_conf_cm.o(.bss.osMessageQId_osTimerMessageQ)
    os_fifo                                  0x10000080   Data         132  rtx_conf_cm.o(.bss.os_fifo)
    os_messageQ_q_osTimerMessageQ            0x10000104   Data          32  rtx_conf_cm.o(.bss.os_messageQ_q_osTimerMessageQ)
    os_stack_mem                             0x10000128   Data         432  rtx_conf_cm.o(.bss.os_stack_mem)
    pen_tick_counter                         0x100002d8   Data           4  pen.o(.bss.pen_tick_counter)
    os_tsk                                   0x2007c000   Data           8  rt_task.o(.data)
    os_time                                  0x2007c008   Data           4  rt_time.o(.data)
    os_robin                                 0x2007c00c   Data           8  rt_robin.o(.data)
    os_idle_TCB                              0x2007c018   Data          52  rt_task.o(.bss)
    os_rdy                                   0x2007c04c   Data          24  rt_list.o(.bss)
    os_dly                                   0x2007c064   Data          24  rt_list.o(.bss)
    mp_stk                                   0x2007c080   Data        1216  rtx_conf_cm.o(.bss.mp_stk)
    mp_tcb                                   0x2007c540   Data         376  rtx_conf_cm.o(.bss.mp_tcb)
    osThreadId_osTimerThread                 0x2007c6b8   Data           4  rtx_conf_cm.o(.bss.osThreadId_osTimerThread)
    os_active_TCB                            0x2007c6bc   Data          28  rtx_conf_cm.o(.bss.os_active_TCB)
    pen_stat                                 0x2007c6d8   Data           4  pen.o(.bss.pen_stat)



==============================================================================

Memory Map of the image

  Image Entry point : 0x000000cd

  Load Region LR_IROM1 (Base: 0x00000000, Size: 0x00001a40, Max: 0x00080000, ABSOLUTE)

    Execution Region ER_IROM1 (Exec base: 0x00000000, Load base: 0x00000000, Size: 0x00001a0c, Max: 0x00080000, ABSOLUTE)

    Exec Addr    Load Addr    Size         Type   Attr      Idx    E Section Name        Object

    0x00000000   0x00000000   0x000000cc   Data   RO          105    RESET               startup_lpc17xx.o
    0x000000cc   0x000000cc   0x00000008   Code   RO         1348  * !!!main             c_w.l(__main.o)
    0x000000d4   0x000000d4   0x00000034   Code   RO         1517    !!!scatter          c_w.l(__scatter.o)
    0x00000108   0x00000108   0x0000001a   Code   RO         1519    !!handler_copy      c_w.l(__scatter_copy.o)
    0x00000122   0x00000122   0x00000002   PAD
    0x00000124   0x00000124   0x0000001c   Code   RO         1521    !!handler_zi        c_w.l(__scatter_zi.o)
    0x00000140   0x00000140   0x00000002   Code   RO         1384    .ARM.Collect$$libinit$$00000000  c_w.l(libinit.o)
    0x00000142   0x00000142   0x00000000   Code   RO         1394    .ARM.Collect$$libinit$$00000002  c_w.l(libinit2.o)
    0x00000142   0x00000142   0x00000000   Code   RO         1396    .ARM.Collect$$libinit$$00000004  c_w.l(libinit2.o)
    0x00000142   0x00000142   0x00000000   Code   RO         1399    .ARM.Collect$$libinit$$0000000A  c_w.l(libinit2.o)
    0x00000142   0x00000142   0x00000000   Code   RO         1401    .ARM.Collect$$libinit$$0000000C  c_w.l(libinit2.o)
    0x00000142   0x00000142   0x00000000   Code   RO         1403    .ARM.Collect$$libinit$$0000000E  c_w.l(libinit2.o)
    0x00000142   0x00000142   0x00000000   Code   RO         1406    .ARM.Collect$$libinit$$00000011  c_w.l(libinit2.o)
    0x00000142   0x00000142   0x00000000   Code   RO         1408    .ARM.Collect$$libinit$$00000013  c_w.l(libinit2.o)
    0x00000142   0x00000142   0x00000000   Code   RO         1410    .ARM.Collect$$libinit$$00000015  c_w.l(libinit2.o)
    0x00000142   0x00000142   0x00000000   Code   RO         1412    .ARM.Collect$$libinit$$00000017  c_w.l(libinit2.o)
    0x00000142   0x00000142   0x00000000   Code   RO         1414    .ARM.Collect$$libinit$$00000019  c_w.l(libinit2.o)
    0x00000142   0x00000142   0x00000000   Code   RO         1416    .ARM.Collect$$libinit$$0000001B  c_w.l(libinit2.o)
    0x00000142   0x00000142   0x00000000   Code   RO         1418    .ARM.Collect$$libinit$$0000001D  c_w.l(libinit2.o)
    0x00000142   0x00000142   0x00000000   Code   RO         1420    .ARM.Collect$$libinit$$0000001F  c_w.l(libinit2.o)
    0x00000142   0x00000142   0x00000000   Code   RO         1422    .ARM.Collect$$libinit$$00000021  c_w.l(libinit2.o)
    0x00000142   0x00000142   0x00000000   Code   RO         1424    .ARM.Collect$$libinit$$00000023  c_w.l(libinit2.o)
    0x00000142   0x00000142   0x00000000   Code   RO         1426    .ARM.Collect$$libinit$$00000025  c_w.l(libinit2.o)
    0x00000142   0x00000142   0x00000000   Code   RO         1430    .ARM.Collect$$libinit$$0000002C  c_w.l(libinit2.o)
    0x00000142   0x00000142   0x00000000   Code   RO         1432    .ARM.Collect$$libinit$$0000002E  c_w.l(libinit2.o)
    0x00000142   0x00000142   0x00000000   Code   RO         1434    .ARM.Collect$$libinit$$00000030  c_w.l(libinit2.o)
    0x00000142   0x00000142   0x00000000   Code   RO         1436    .ARM.Collect$$libinit$$00000032  c_w.l(libinit2.o)
    0x00000142   0x00000142   0x00000002   Code   RO         1437    .ARM.Collect$$libinit$$00000033  c_w.l(libinit2.o)
    0x00000144   0x00000144   0x00000002   Code   RO         1472    .ARM.Collect$$libshutdown$$00000000  c_w.l(libshutdown.o)
    0x00000146   0x00000146   0x00000000   Code   RO         1500    .ARM.Collect$$libshutdown$$00000002  c_w.l(libshutdown2.o)
    0x00000146   0x00000146   0x00000000   Code   RO         1502    .ARM.Collect$$libshutdown$$00000004  c_w.l(libshutdown2.o)
    0x00000146   0x00000146   0x00000000   Code   RO         1505    .ARM.Collect$$libshutdown$$00000007  c_w.l(libshutdown2.o)
    0x00000146   0x00000146   0x00000000   Code   RO         1508    .ARM.Collect$$libshutdown$$0000000A  c_w.l(libshutdown2.o)
    0x00000146   0x00000146   0x00000000   Code   RO         1510    .ARM.Collect$$libshutdown$$0000000C  c_w.l(libshutdown2.o)
    0x00000146   0x00000146   0x00000000   Code   RO         1513    .ARM.Collect$$libshutdown$$0000000F  c_w.l(libshutdown2.o)
    0x00000146   0x00000146   0x00000002   Code   RO         1514    .ARM.Collect$$libshutdown$$00000010  c_w.l(libshutdown2.o)
    0x00000148   0x00000148   0x00000000   Code   RO         1350    .ARM.Collect$$rtentry$$00000000  c_w.l(__rtentry.o)
    0x00000148   0x00000148   0x00000000   Code   RO         1356    .ARM.Collect$$rtentry$$00000002  c_w.l(__rtentry2.o)
    0x00000148   0x00000148   0x00000006   Code   RO         1368    .ARM.Collect$$rtentry$$00000004  c_w.l(__rtentry4.o)
    0x0000014e   0x0000014e   0x00000000   Code   RO         1358    .ARM.Collect$$rtentry$$00000009  c_w.l(__rtentry2.o)
    0x0000014e   0x0000014e   0x00000004   Code   RO         1359    .ARM.Collect$$rtentry$$0000000A  c_w.l(__rtentry2.o)
    0x00000152   0x00000152   0x00000008   Code   RO         1360    .ARM.Collect$$rtentry$$0000000B  c_w.l(__rtentry2.o)
    0x0000015a   0x0000015a   0x00000008   Code   RO         1362    .ARM.Collect$$rtentry$$0000000D  c_w.l(__rtentry2.o)
    0x00000162   0x00000162   0x00000002   Code   RO         1385    .ARM.Collect$$rtexit$$00000000  c_w.l(rtexit.o)
    0x00000164   0x00000164   0x00000000   Code   RO         1443    .ARM.Collect$$rtexit$$00000002  c_w.l(rtexit2.o)
    0x00000164   0x00000164   0x00000004   Code   RO         1444    .ARM.Collect$$rtexit$$00000003  c_w.l(rtexit2.o)
    0x00000168   0x00000168   0x00000006   Code   RO         1445    .ARM.Collect$$rtexit$$00000004  c_w.l(rtexit2.o)
    0x0000016e   0x0000016e   0x00000002   PAD
    0x00000170   0x00000170   0x00000130   Code   RO         1326    .emb_text           RTX_CM3.lib(hal_cm3.o)
    0x000002a0   0x000002a0   0x00000040   Code   RO          107    .text               startup_lpc17xx.o
    0x000002e0   0x000002e0   0x00000008   Code   RO         1341    .text               c_w.l(libspace.o)
    0x000002e8   0x000002e8   0x00000006   Code   RO         1346    .text               c_w.l(heapauxi.o)
    0x000002ee   0x000002ee   0x00000002   PAD
    0x000002f0   0x000002f0   0x0000000c   Code   RO         1438    .text               c_w.l(sys_exit.o)
    0x000002fc   0x000002fc   0x00000004   Code   RO          106    .ARM.__at_0x02FC    startup_lpc17xx.o
    0x00000300   0x00000300   0x0000004a   Code   RO         1372    .text               c_w.l(sys_stackheap_outer.o)
    0x0000034a   0x0000034a   0x00000012   Code   RO         1374    .text               c_w.l(exit.o)
    0x0000035c   0x0000035c   0x00000002   Code   RO         1461    .text               c_w.l(use_no_semi.o)
    0x0000035e   0x0000035e   0x00000000   Code   RO         1463    .text               c_w.l(indicate_semi.o)
    0x0000035e   0x0000035e   0x00000002   PAD
    0x00000360   0x00000360   0x000000cc   Code   RO          118    .text.SystemInit    system_lpc17xx.o
    0x0000042c   0x0000042c   0x0000005c   Code   RO           15    .text.TIMER0_IRQHandler  pen.o
    0x00000488   0x00000488   0x0000000e   Code   RO           27    .text.__NVIC_EnableIRQ  pen.o
    0x00000496   0x00000496   0x00000002   PAD
    0x00000498   0x00000498   0x00000022   Code   RO           51    .text._mutex_acquire  rtx_conf_cm.o
    0x000004ba   0x000004ba   0x00000002   PAD
    0x000004bc   0x000004bc   0x0000001e   Code   RO           53    .text._mutex_release  rtx_conf_cm.o
    0x000004da   0x000004da   0x00000002   PAD
    0x000004dc   0x000004dc   0x0000001a   Code   RO           61    .text._platform_post_lib_init  rtx_conf_cm.o
    0x000004f6   0x000004f6   0x00000002   PAD
    0x000004f8   0x000004f8   0x00000034   Code   RO           17    .text.angleToMR     pen.o
    0x0000052c   0x0000052c   0x00000032   Code   RO            2    .text.app           main.o
    0x0000055e   0x0000055e   0x00000002   PAD
    0x00000560   0x00000560   0x00000022   Code   RO            4    .text.main          main.o
    0x00000582   0x00000582   0x00000002   PAD
    0x00000584   0x00000584   0x00000002   Code   RO           45    .text.os_error      rtx_conf_cm.o
    0x00000586   0x00000586   0x00000002   PAD
    0x00000588   0x00000588   0x00000002   Code   RO           43    .text.os_idle_demon  rtx_conf_cm.o
    0x0000058a   0x0000058a   0x00000002   PAD
    0x0000058c   0x0000058c   0x0000000c   Code   RO           23    .text.penGetStat    pen.o
    0x00000598   0x00000598   0x0000004c   Code   RO           25    .text.penInit       pen.o
    0x000005e4   0x000005e4   0x00000048   Code   RO           21    .text.penMoveDown   pen.o
    0x0000062c   0x0000062c   0x00000046   Code   RO           19    .text.penMoveUp     pen.o
    0x00000672   0x00000672   0x00000002   PAD
    0x00000674   0x00000674   0x00000004   Code   RO         1336    SVC_TABLE           RTX_CM3.lib(svc_table.o)
    0x00000678   0x00000678   0x00000046   Code   RO         1225    i._init_box         RTX_CM3.lib(rt_membox.o)
    0x000006be   0x000006be   0x00000002   PAD
    0x000006c0   0x000006c0   0x00000030   Code   RO         1278    i.dbg_init          RTX_CM3.lib(hal_cm.o)
    0x000006f0   0x000006f0   0x00000020   Code   RO         1279    i.dbg_task_notify   RTX_CM3.lib(hal_cm.o)
    0x00000710   0x00000710   0x00000010   Code   RO         1280    i.dbg_task_switch   RTX_CM3.lib(hal_cm.o)
    0x00000720   0x00000720   0x0000002a   Code   RO          130    i.isrMessageGet     RTX_CM3.lib(rt_cmsis.o)
    0x0000074a   0x0000074a   0x0000002c   Code   RO          131    i.isrMessagePut     RTX_CM3.lib(rt_cmsis.o)
    0x00000776   0x00000776   0x00000002   PAD
    0x00000778   0x00000778   0x00000056   Code   RO         1080    i.isr_mbx_receive   RTX_CM3.lib(rt_mailbox.o)
    0x000007ce   0x000007ce   0x0000000e   Code   RO         1081    i.isr_mbx_send      RTX_CM3.lib(rt_mailbox.o)
    0x000007dc   0x000007dc   0x00000018   Code   RO          134    i.osDelay           RTX_CM3.lib(rt_cmsis.o)
    0x000007f4   0x000007f4   0x00000024   Code   RO          135    i.osKernelInitialize  RTX_CM3.lib(rt_cmsis.o)
    0x00000818   0x00000818   0x0000006c   Code   RO          137    i.osKernelStart     RTX_CM3.lib(rt_cmsis.o)
    0x00000884   0x00000884   0x00000018   Code   RO          146    i.osMessageGet      RTX_CM3.lib(rt_cmsis.o)
    0x0000089c   0x0000089c   0x0000002c   Code   RO          163    i.osThreadCreate    RTX_CM3.lib(rt_cmsis.o)
    0x000008c8   0x000008c8   0x00000018   Code   RO          164    i.osThreadExit      RTX_CM3.lib(rt_cmsis.o)
    0x000008e0   0x000008e0   0x0000000c   Code   RO          170    i.osTimerCall       RTX_CM3.lib(rt_cmsis.o)
    0x000008ec   0x000008ec   0x0000002c   Code   RO          175    i.osTimerThread     RTX_CM3.lib(rt_cmsis.o)
    0x00000918   0x00000918   0x00000028   Code   RO          872    i.os_tick_init      RTX_CM3.lib(rt_system.o)
    0x00000940   0x00000940   0x00000002   Code   RO          873    i.os_tick_irqack    RTX_CM3.lib(rt_system.o)
    0x00000942   0x00000942   0x0000001a   Code   RO         1226    i.rt_alloc_box      RTX_CM3.lib(rt_membox.o)
    0x0000095c   0x0000095c   0x0000003e   Code   RO         1254    i.rt_alloc_mem      RTX_CM3.lib(rt_memory.o)
    0x0000099a   0x0000099a   0x00000002   PAD
    0x0000099c   0x0000099c   0x00000038   Code   RO          753    i.rt_block          RTX_CM3.lib(rt_task.o)
    0x000009d4   0x000009d4   0x00000048   Code   RO         1203    i.rt_chk_robin      RTX_CM3.lib(rt_robin.o)
    0x00000a1c   0x00000a1c   0x00000070   Code   RO         1004    i.rt_dec_dly        RTX_CM3.lib(rt_list.o)
    0x00000a8c   0x00000a8c   0x00000044   Code   RO          754    i.rt_dispatch       RTX_CM3.lib(rt_task.o)
    0x00000ad0   0x00000ad0   0x00000006   Code   RO         1170    i.rt_dly_wait       RTX_CM3.lib(rt_time.o)
    0x00000ad6   0x00000ad6   0x00000002   PAD
    0x00000ad8   0x00000ad8   0x00000050   Code   RO          965    i.rt_evt_psh        RTX_CM3.lib(rt_event.o)
    0x00000b28   0x00000b28   0x0000002c   Code   RO         1227    i.rt_free_box       RTX_CM3.lib(rt_membox.o)
    0x00000b54   0x00000b54   0x00000028   Code   RO         1255    i.rt_free_mem       RTX_CM3.lib(rt_memory.o)
    0x00000b7c   0x00000b7c   0x00000028   Code   RO         1005    i.rt_get_first      RTX_CM3.lib(rt_list.o)
    0x00000ba4   0x00000ba4   0x00000008   Code   RO          180    i.rt_id2obj         RTX_CM3.lib(rt_cmsis.o)
    0x00000bac   0x00000bac   0x00000048   Code   RO          755    i.rt_init_context   RTX_CM3.lib(rt_task.o)
    0x00000bf4   0x00000bf4   0x0000001a   Code   RO         1256    i.rt_init_mem       RTX_CM3.lib(rt_memory.o)
    0x00000c0e   0x00000c0e   0x00000002   PAD
    0x00000c10   0x00000c10   0x00000018   Code   RO         1204    i.rt_init_robin     RTX_CM3.lib(rt_robin.o)
    0x00000c28   0x00000c28   0x00000080   Code   RO         1281    i.rt_init_stack     RTX_CM3.lib(hal_cm.o)
    0x00000ca8   0x00000ca8   0x00000008   Code   RO         1082    i.rt_mbx_check      RTX_CM3.lib(rt_mailbox.o)
    0x00000cb0   0x00000cb0   0x0000001a   Code   RO         1083    i.rt_mbx_init       RTX_CM3.lib(rt_mailbox.o)
    0x00000cca   0x00000cca   0x00000002   PAD
    0x00000ccc   0x00000ccc   0x000000f0   Code   RO         1084    i.rt_mbx_psh        RTX_CM3.lib(rt_mailbox.o)
    0x00000dbc   0x00000dbc   0x000000b4   Code   RO         1086    i.rt_mbx_wait       RTX_CM3.lib(rt_mailbox.o)
    0x00000e70   0x00000e70   0x00000044   Code   RO          181    i.rt_ms2tick        RTX_CM3.lib(rt_cmsis.o)
    0x00000eb4   0x00000eb4   0x000000d8   Code   RO          839    i.rt_mut_release    RTX_CM3.lib(rt_mutex.o)
    0x00000f8c   0x00000f8c   0x00000078   Code   RO          840    i.rt_mut_wait       RTX_CM3.lib(rt_mutex.o)
    0x00001004   0x00001004   0x0000007c   Code   RO          876    i.rt_pop_req        RTX_CM3.lib(rt_system.o)
    0x00001080   0x00001080   0x00000020   Code   RO          877    i.rt_psh_req        RTX_CM3.lib(rt_system.o)
    0x000010a0   0x000010a0   0x0000005c   Code   RO         1007    i.rt_psq_enq        RTX_CM3.lib(rt_list.o)
    0x000010fc   0x000010fc   0x00000048   Code   RO         1008    i.rt_put_dly        RTX_CM3.lib(rt_list.o)
    0x00001144   0x00001144   0x00000036   Code   RO         1009    i.rt_put_prio       RTX_CM3.lib(rt_list.o)
    0x0000117a   0x0000117a   0x00000002   PAD
    0x0000117c   0x0000117c   0x00000014   Code   RO         1010    i.rt_put_rdy_first  RTX_CM3.lib(rt_list.o)
    0x00001190   0x00001190   0x00000034   Code   RO         1011    i.rt_resort_prio    RTX_CM3.lib(rt_list.o)
    0x000011c4   0x000011c4   0x00000006   Code   RO         1282    i.rt_ret_val        RTX_CM3.lib(hal_cm.o)
    0x000011ca   0x000011ca   0x00000008   Code   RO         1283    i.rt_ret_val2       RTX_CM3.lib(hal_cm.o)
    0x000011d2   0x000011d2   0x00000028   Code   RO         1012    i.rt_rmv_dly        RTX_CM3.lib(rt_list.o)
    0x000011fa   0x000011fa   0x00000002   PAD
    0x000011fc   0x000011fc   0x00000030   Code   RO         1013    i.rt_rmv_list       RTX_CM3.lib(rt_list.o)
    0x0000122c   0x0000122c   0x00000034   Code   RO         1131    i.rt_sem_psh        RTX_CM3.lib(rt_semaphore.o)
    0x00001260   0x00001260   0x00000024   Code   RO          879    i.rt_stk_check      RTX_CM3.lib(rt_system.o)
    0x00001284   0x00001284   0x00000028   Code   RO          756    i.rt_switch_req     RTX_CM3.lib(rt_task.o)
    0x000012ac   0x000012ac   0x000000cc   Code   RO          757    i.rt_sys_init       RTX_CM3.lib(rt_task.o)
    0x00001378   0x00001378   0x00000078   Code   RO          758    i.rt_sys_start      RTX_CM3.lib(rt_task.o)
    0x000013f0   0x000013f0   0x00000040   Code   RO          881    i.rt_systick        RTX_CM3.lib(rt_system.o)
    0x00001430   0x00001430   0x00000012   Code   RO          182    i.rt_tid2ptcb       RTX_CM3.lib(rt_cmsis.o)
    0x00001442   0x00001442   0x00000002   PAD
    0x00001444   0x00001444   0x00000034   Code   RO          183    i.rt_timer_insert   RTX_CM3.lib(rt_cmsis.o)
    0x00001478   0x00001478   0x00000088   Code   RO          759    i.rt_tsk_create     RTX_CM3.lib(rt_task.o)
    0x00001500   0x00001500   0x0000017c   Code   RO          760    i.rt_tsk_delete     RTX_CM3.lib(rt_task.o)
    0x0000167c   0x0000167c   0x0000007c   Code   RO          762    i.rt_tsk_prio       RTX_CM3.lib(rt_task.o)
    0x000016f8   0x000016f8   0x00000010   Code   RO          763    i.rt_tsk_self       RTX_CM3.lib(rt_task.o)
    0x00001708   0x00001708   0x00000012   Code   RO          185    i.svcDelay          RTX_CM3.lib(rt_cmsis.o)
    0x0000171a   0x0000171a   0x00000002   PAD
    0x0000171c   0x0000171c   0x00000070   Code   RO          186    i.svcKernelInitialize  RTX_CM3.lib(rt_cmsis.o)
    0x0000178c   0x0000178c   0x00000048   Code   RO          188    i.svcKernelStart    RTX_CM3.lib(rt_cmsis.o)
    0x000017d4   0x000017d4   0x00000024   Code   RO          191    i.svcMessageCreate  RTX_CM3.lib(rt_cmsis.o)
    0x000017f8   0x000017f8   0x0000003a   Code   RO          192    i.svcMessageGet     RTX_CM3.lib(rt_cmsis.o)
    0x00001832   0x00001832   0x00000002   PAD
    0x00001834   0x00001834   0x0000006c   Code   RO          206    i.svcThreadCreate   RTX_CM3.lib(rt_cmsis.o)
    0x000018a0   0x000018a0   0x0000001c   Code   RO          207    i.svcThreadGetId    RTX_CM3.lib(rt_cmsis.o)
    0x000018bc   0x000018bc   0x00000038   Code   RO          210    i.svcThreadTerminate  RTX_CM3.lib(rt_cmsis.o)
    0x000018f4   0x000018f4   0x00000018   Code   RO          212    i.svcTimerCall      RTX_CM3.lib(rt_cmsis.o)
    0x0000190c   0x0000190c   0x0000005c   Code   RO          221    i.sysTimerTick      RTX_CM3.lib(rt_cmsis.o)
    0x00001968   0x00001968   0x00000004   Data   RO           71    .rodata.CMSIS_RTOS_API_Version  rtx_conf_cm.o
    0x0000196c   0x0000196c   0x00000004   Data   RO           72    .rodata.CMSIS_RTOS_RTX_Version  rtx_conf_cm.o
    0x00001970   0x00001970   0x00000004   Data   RO           76    .rodata.mp_stk_size  rtx_conf_cm.o
    0x00001974   0x00001974   0x00000002   Data   RO           75    .rodata.mp_tcb_size  rtx_conf_cm.o
    0x00001976   0x00001976   0x00000002   Data   RO           84    .rodata.mp_tmr_size  rtx_conf_cm.o
    0x00001978   0x00001978   0x00000004   Data   RO           73    .rodata.os_clockrate  rtx_conf_cm.o
    0x0000197c   0x0000197c   0x00000001   Data   RO           78    .rodata.os_fifo_size  rtx_conf_cm.o
    0x0000197d   0x0000197d   0x00000001   Data   RO           70    .rodata.os_flags    rtx_conf_cm.o
    0x0000197e   0x0000197e   0x00000002   Data   RO           63    .rodata.os_maxtaskrun  rtx_conf_cm.o
    0x00001980   0x00001980   0x00000008   Data   RO           81    .rodata.os_messageQ_def_osTimerMessageQ  rtx_conf_cm.o
    0x00001988   0x00001988   0x00000004   Data   RO           65    .rodata.os_rrobin   rtx_conf_cm.o
    0x0000198c   0x0000198c   0x00000004   Data   RO           77    .rodata.os_stack_sz  rtx_conf_cm.o
    0x00001990   0x00001990   0x00000004   Data   RO           64    .rodata.os_stackinfo  rtx_conf_cm.o
    0x00001994   0x00001994   0x00000010   Data   RO            6    .rodata.os_thread_def_app  main.o
    0x000019a4   0x000019a4   0x00000010   Data   RO           88    .rodata.os_thread_def_main  rtx_conf_cm.o
    0x000019b4   0x000019b4   0x00000010   Data   RO           79    .rodata.os_thread_def_osTimerThread  rtx_conf_cm.o
    0x000019c4   0x000019c4   0x00000004   Data   RO           74    .rodata.os_timernum  rtx_conf_cm.o
    0x000019c8   0x000019c8   0x00000004   Data   RO           69    .rodata.os_trv      rtx_conf_cm.o
    0x000019cc   0x000019cc   0x00000040   Data   RO         1516    Region$$Table       anon$$obj.o


    Execution Region RW_IRAM1 (Exec base: 0x10000000, Load base: 0x00001a10, Size: 0x00000ae0, Max: 0x00008000, ABSOLUTE)

    Exec Addr    Load Addr    Size         Type   Attr      Idx    E Section Name        Object

    0x10000000   0x00001a10   0x00000004   Data   RW            7    .ARM.use_no_argv    main.o
    0x10000004   0x00001a14   0x00000008   Data   RW          224    .data               RTX_CM3.lib(rt_cmsis.o)
    0x1000000c   0x00001a1c   0x00000008   Data   RW          884    .data               RTX_CM3.lib(rt_system.o)
    0x10000014   0x00001a24   0x00000001   Data   RW         1284    .data               RTX_CM3.lib(hal_cm.o)
    0x10000015   0x00001a25   0x00000003   PAD
    0x10000018        -       0x00000060   Zero   RW         1342    .bss                c_w.l(libspace.o)
    0x10000078        -       0x00000004   Zero   RW           83    .bss.m_tmr          rtx_conf_cm.o
    0x1000007c        -       0x00000004   Zero   RW           95    .bss.osMessageQId_osTimerMessageQ  rtx_conf_cm.o
    0x10000080        -       0x00000084   Zero   RW           92    .bss.os_fifo        rtx_conf_cm.o
    0x10000104        -       0x00000020   Zero   RW           80    .bss.os_messageQ_q_osTimerMessageQ  rtx_conf_cm.o
    0x10000124   0x00001a25   0x00000004   PAD
    0x10000128        -       0x000001b0   Zero   RW           91    .bss.os_stack_mem   rtx_conf_cm.o
    0x100002d8        -       0x00000004   Zero   RW           33    .bss.pen_tick_counter  pen.o
    0x100002dc   0x00001a25   0x00000004   PAD
    0x100002e0        -       0x00000800   Zero   RW          103    STACK               startup_lpc17xx.o


    Execution Region RW_IRAM2 (Exec base: 0x2007c000, Load base: 0x00001a28, Size: 0x00000ae0, Max: 0x00008000, ABSOLUTE)

    Exec Addr    Load Addr    Size         Type   Attr      Idx    E Section Name        Object

    0x2007c000   0x00001a28   0x00000008   Data   RW          765    .data               RTX_CM3.lib(rt_task.o)
    0x2007c008   0x00001a30   0x00000004   Data   RW         1174    .data               RTX_CM3.lib(rt_time.o)
    0x2007c00c   0x00001a34   0x00000008   Data   RW         1205    .data               RTX_CM3.lib(rt_robin.o)
    0x2007c014   0x00001a3c   0x00000004   PAD
    0x2007c018        -       0x00000034   Zero   RW          764    .bss                RTX_CM3.lib(rt_task.o)
    0x2007c04c        -       0x00000030   Zero   RW         1014    .bss                RTX_CM3.lib(rt_list.o)
    0x2007c07c   0x00001a3c   0x00000004   PAD
    0x2007c080        -       0x000004c0   Zero   RW           90    .bss.mp_stk         rtx_conf_cm.o
    0x2007c540        -       0x00000178   Zero   RW           89    .bss.mp_tcb         rtx_conf_cm.o
    0x2007c6b8        -       0x00000004   Zero   RW           94    .bss.osThreadId_osTimerThread  rtx_conf_cm.o
    0x2007c6bc        -       0x0000001c   Zero   RW           93    .bss.os_active_TCB  rtx_conf_cm.o
    0x2007c6d8        -       0x00000004   Zero   RW           34    .bss.pen_stat       pen.o
    0x2007c6dc   0x00001a3c   0x00000004   PAD
    0x2007c6e0        -       0x00000400   Zero   RW          104    HEAP                startup_lpc17xx.o


==============================================================================

Image component sizes


      Code (inc. data)   RO Data    RW Data    ZI Data      Debug   Object Name

        84          0         16          4          0       1617   main.o
       388          0          0          0          8       4661   pen.o
        94          0         84          0       2228       5758   rtx_conf_cm.o
        68         30        204          0       3072       1004   startup_lpc17xx.o
       204          0          0          0          0       2117   system_lpc17xx.o

    ----------------------------------------------------------------------
       856         30        368          4       5320      15157   Object Totals
         0          0         64          0          0          0   (incl. Generated)
        18          0          0          0         12          0   (incl. Padding)

    ----------------------------------------------------------------------

      Code (inc. data)   RO Data    RW Data    ZI Data      Debug   Library Member Name

       238         24          0          1          0       3244   hal_cm.o
       304         36          0          0          0        756   hal_cm3.o
      1152        144          0          8          0      34766   rt_cmsis.o
        80          4          0          0          0        649   rt_event.o
       530         34          0          0         48       8157   rt_list.o
       554         10          0          0          0       3889   rt_mailbox.o
       140          0          0          0          0       1889   rt_membox.o
       128          0          0          0          0       2267   rt_memory.o
       336         14          0          0          0       1623   rt_mutex.o
        96         22          0          8          0       1134   rt_robin.o
        52          4          0          0          0        565   rt_semaphore.o
       298         52          0          8          0       6139   rt_system.o
      1216        174          0          8         52       9537   rt_task.o
         6          0          0          4          0        636   rt_time.o
         4          4          0          0          0        196   svc_table.o
         8          0          0          0          0         68   __main.o
         0          0          0          0          0          0   __rtentry.o
        20          0          0          0          0          0   __rtentry2.o
         6          0          0          0          0          0   __rtentry4.o
        52          8          0          0          0          0   __scatter.o
        26          0          0          0          0          0   __scatter_copy.o
        28          0          0          0          0          0   __scatter_zi.o
        18          0          0          0          0         80   exit.o
         6          0          0          0          0        152   heapauxi.o
         0          0          0          0          0          0   indicate_semi.o
         2          0          0          0          0          0   libinit.o
         2          0          0          0          0          0   libinit2.o
         2          0          0          0          0          0   libshutdown.o
         2          0          0          0          0          0   libshutdown2.o
         8          4          0          0         96         68   libspace.o
         2          0          0          0          0          0   rtexit.o
        10          0          0          0          0          0   rtexit2.o
        12          4          0          0          0         68   sys_exit.o
        74          0          0          0          0         80   sys_stackheap_outer.o
         2          0          0          0          0         68   use_no_semi.o

    ----------------------------------------------------------------------
      5444        538          0         40        204      76031   Library Totals
        30          0          0          3          8          0   (incl. Padding)

    ----------------------------------------------------------------------

      Code (inc. data)   RO Data    RW Data    ZI Data      Debug   Library Name

      5134        522          0         37        100      75447   RTX_CM3.lib
       280         16          0          0         96        584   c_w.l

    ----------------------------------------------------------------------
      5444        538          0         40        204      76031   Library Totals

    ----------------------------------------------------------------------

==============================================================================


      Code (inc. data)   RO Data    RW Data    ZI Data      Debug   

      6300        568        368         44       5524      87328   Grand Totals
      6300        568        368         44       5524      87328   ELF Image Totals
      6300        568        368         44          0          0   ROM Totals

==============================================================================

    Total RO  Size (Code + RO Data)                 6668 (   6.51kB)
    Total RW  Size (RW Data + ZI Data)              5568 (   5.44kB)
    Total ROM Size (Code + RO Data + RW Data)       6712 (   6.55kB)

==============================================================================

