<html>
<body>
<pre>
<h1>µVision Build Log</h1>
<h2>Tool Versions:</h2>
IDE-Version: µVision V5.36.0.0
Copyright (C) 2021 ARM Ltd and ARM Germany GmbH. All rights reserved.
License Information: poya tOpak, ebmtech, LIC=ATTQ1-CSVI9-HLTCL-0SUXZ-AXNRN-K0UAE
 
Tool Versions:
Toolchain:       MDK-ARM Plus  Version: 5.36.0.0
Toolchain Path:  C:\Keil_v5\ARM\ARMCLANG\Bin
C Compiler:      ArmClang.exe V6.16
Assembler:       Armasm.exe V6.16
Linker/Locator:  ArmLink.exe V6.16
Library Manager: ArmAr.exe V6.16
Hex Converter:   FromElf.exe V6.16
CPU DLL:         SARMCM3.DLL V5.36.0.0
Dialog DLL:      DCM.DLL V1.17.3.0
Target DLL:      Segger\JL2CM3.dll V2.99.40.0
Dialog DLL:      TCM.DLL V1.53.0.0
 
<h2>Project:</h2>
C:\Users\tOpak\Documents\mcu\servo_mg90s_double_diffrent_rotate\prj.uvprojx
Project File Date:  07/05/2022

<h2>Output:</h2>
*** Using Compiler 'V6.16', folder: 'C:\Keil_v5\ARM\ARMCLANG\Bin'
Build target 'Target 1'
app.c(1): warning: In file included from...
C:/Users/tOpak/AppData/Local/Arm/Packs/Keil/LPC1700_DFP/2.7.0/Device/Include\LPC17xx.h(200): warning: anonymous structs are a C11 extension [-Wc11-extensions]
    struct {
    ^
C:/Users/tOpak/AppData/Local/Arm/Packs/Keil/LPC1700_DFP/2.7.0/Device/Include\LPC17xx.h(204): warning: anonymous structs are a C11 extension [-Wc11-extensions]
    struct {
    ^
C:/Users/tOpak/AppData/Local/Arm/Packs/Keil/LPC1700_DFP/2.7.0/Device/Include\LPC17xx.h(198): warning: anonymous unions are a C11 extension [-Wc11-extensions]
  union {
  ^
C:/Users/tOpak/AppData/Local/Arm/Packs/Keil/LPC1700_DFP/2.7.0/Device/Include\LPC17xx.h(214): warning: anonymous structs are a C11 extension [-Wc11-extensions]
    struct {
    ^
C:/Users/tOpak/AppData/Local/Arm/Packs/Keil/LPC1700_DFP/2.7.0/Device/Include\LPC17xx.h(218): warning: anonymous structs are a C11 extension [-Wc11-extensions]
    struct {
    ^
C:/Users/tOpak/AppData/Local/Arm/Packs/Keil/LPC1700_DFP/2.7.0/Device/Include\LPC17xx.h(212): warning: anonymous unions are a C11 extension [-Wc11-extensions]
  union {
  ^
C:/Users/tOpak/AppData/Local/Arm/Packs/Keil/LPC1700_DFP/2.7.0/Device/Include\LPC17xx.h(227): warning: anonymous structs are a C11 extension [-Wc11-extensions]
    struct {
    ^
C:/Users/tOpak/AppData/Local/Arm/Packs/Keil/LPC1700_DFP/2.7.0/Device/Include\LPC17xx.h(231): warning: anonymous structs are a C11 extension [-Wc11-extensions]
    struct {
    ^
C:/Users/tOpak/AppData/Local/Arm/Packs/Keil/LPC1700_DFP/2.7.0/Device/Include\LPC17xx.h(225): warning: anonymous unions are a C11 extension [-Wc11-extensions]
  union {
  ^
C:/Users/tOpak/AppData/Local/Arm/Packs/Keil/LPC1700_DFP/2.7.0/Device/Include\LPC17xx.h(240): warning: anonymous structs are a C11 extension [-Wc11-extensions]
    struct {
    ^
C:/Users/tOpak/AppData/Local/Arm/Packs/Keil/LPC1700_DFP/2.7.0/Device/Include\LPC17xx.h(244): warning: anonymous structs are a C11 extension [-Wc11-extensions]
    struct {
    ^
C:/Users/tOpak/AppData/Local/Arm/Packs/Keil/LPC1700_DFP/2.7.0/Device/Include\LPC17xx.h(238): warning: anonymous unions are a C11 extension [-Wc11-extensions]
  union {
  ^
C:/Users/tOpak/AppData/Local/Arm/Packs/Keil/LPC1700_DFP/2.7.0/Device/Include\LPC17xx.h(253): warning: anonymous structs are a C11 extension [-Wc11-extensions]
    struct {
    ^
C:/Users/tOpak/AppData/Local/Arm/Packs/Keil/LPC1700_DFP/2.7.0/Device/Include\LPC17xx.h(257): warning: anonymous structs are a C11 extension [-Wc11-extensions]
    struct {
    ^
C:/Users/tOpak/AppData/Local/Arm/Packs/Keil/LPC1700_DFP/2.7.0/Device/Include\LPC17xx.h(251): warning: anonymous unions are a C11 extension [-Wc11-extensions]
  union {
  ^
C:/Users/tOpak/AppData/Local/Arm/Packs/Keil/LPC1700_DFP/2.7.0/Device/Include\LPC17xx.h(339): warning: anonymous unions are a C11 extension [-Wc11-extensions]
  union {
  ^
C:/Users/tOpak/AppData/Local/Arm/Packs/Keil/LPC1700_DFP/2.7.0/Device/Include\LPC17xx.h(345): warning: anonymous unions are a C11 extension [-Wc11-extensions]
  union {
  ^
C:/Users/tOpak/AppData/Local/Arm/Packs/Keil/LPC1700_DFP/2.7.0/Device/Include\LPC17xx.h(349): warning: anonymous unions are a C11 extension [-Wc11-extensions]
  union {
  ^
C:/Users/tOpak/AppData/Local/Arm/Packs/Keil/LPC1700_DFP/2.7.0/Device/Include\LPC17xx.h(371): warning: anonymous unions are a C11 extension [-Wc11-extensions]
  union {
  ^
C:/Users/tOpak/AppData/Local/Arm/Packs/Keil/LPC1700_DFP/2.7.0/Device/Include\LPC17xx.h(377): warning: anonymous unions are a C11 extension [-Wc11-extensions]
  union {
  ^
C:/Users/tOpak/AppData/Local/Arm/Packs/Keil/LPC1700_DFP/2.7.0/Device/Include\LPC17xx.h(382): warning: anonymous unions are a C11 extension [-Wc11-extensions]
  union {
  ^
C:/Users/tOpak/AppData/Local/Arm/Packs/Keil/LPC1700_DFP/2.7.0/Device/Include\LPC17xx.h(833): warning: anonymous unions are a C11 extension [-Wc11-extensions]
  union {
  ^
C:/Users/tOpak/AppData/Local/Arm/Packs/Keil/LPC1700_DFP/2.7.0/Device/Include\LPC17xx.h(843): warning: anonymous unions are a C11 extension [-Wc11-extensions]
  union {
  ^
C:/Users/tOpak/AppData/Local/Arm/Packs/Keil/LPC1700_DFP/2.7.0/Device/Include\LPC17xx.h(847): warning: anonymous unions are a C11 extension [-Wc11-extensions]
  union {
  ^
app.c(2): warning: In file included from...
C:/Users/tOpak/AppData/Local/Arm/Packs/ARM/CMSIS/5.8.0/CMSIS/RTOS/RTX/INC\cmsis_os.h(73): warning: '__NO_RETURN' macro redefined [-Wmacro-redefined]
#define __NO_RETURN __attribute__((noreturn))
        ^
C:/Users/tOpak/AppData/Local/Arm/Packs/ARM/CMSIS/5.8.0/CMSIS/Core/Include/cmsis_armclang.h(46): note: previous definition is here
  #define __NO_RETURN                            __attribute__((__noreturn__))
          ^
app.c(6): warning: no previous prototype for function 'TIMER0_IRQHandler' [-Wmissing-prototypes]
void TIMER0_IRQHandler(void){
     ^
app.c(6): note: declare 'static' if the function is not intended to be used outside of this translation unit
void TIMER0_IRQHandler(void){
^
static 
app.c(13): warning: no previous prototype for function 'TIMER1_IRQHandler' [-Wmissing-prototypes]
void TIMER1_IRQHandler(void){
     ^
app.c(13): note: declare 'static' if the function is not intended to be used outside of this translation unit
void TIMER1_IRQHandler(void){
^
static 
app.c(28): warning: implicit conversion changes signedness: 'int' to 'uint32_t' (aka 'unsigned int') [-Wsign-conversion]
        LPC_TIM0->MR1=1500+((angle*2000)/180); // -90-->500us and 90-->2500us
                     ~~~~~^~~~~~~~~~~~~~~~~~~
app.c(20): warning: no previous prototype for function 'servo_A_lock' [-Wmissing-prototypes]
void servo_A_lock(int angle){
     ^
app.c(20): note: declare 'static' if the function is not intended to be used outside of this translation unit
void servo_A_lock(int angle){
^
static 
app.c(43): warning: implicit conversion changes signedness: 'int' to 'uint32_t' (aka 'unsigned int') [-Wsign-conversion]
        LPC_TIM1->MR1=1500+((angle*2000)/180); // -90-->500us and 90-->2500us
                     ~~~~~^~~~~~~~~~~~~~~~~~~
app.c(35): warning: no previous prototype for function 'servo_B_lock' [-Wmissing-prototypes]
void servo_B_lock(int angle){
     ^
app.c(35): note: declare 'static' if the function is not intended to be used outside of this translation unit
void servo_B_lock(int angle){
^
static 
app.c(60): warning: no newline at end of file [-Wnewline-eof]
}
 ^
app.c(50): warning: unused parameter 'arg' [-Wunused-parameter]
void app(void *arg){
               ^
app.c(50): warning: function 'app' could be declared with attribute 'noreturn' [-Wmissing-noreturn]
void app(void *arg){
                   ^
34 warnings generated.
compiling app.c...
linking...
Program Size: Code=6268 RO-data=368 RW-data=44 ZI-data=2944  
".\Objects\prj.axf" - 0 Error(s), 34 Warning(s).

<h2>Software Packages used:</h2>

Package Vendor: ARM
                http://www.keil.com/pack/ARM.CMSIS.5.8.0.pack
                ARM.CMSIS.5.8.0
                CMSIS (Common Microcontroller Software Interface Standard)
   * Component: RTOS Version: 1.0.0
   * Component: CORE Version: 5.5.0
   * Component: Keil RTX Version: 4.82.0

Package Vendor: Keil
                http://www.keil.com/pack/Keil.LPC1700_DFP.2.7.0.pack
                Keil.LPC1700_DFP.2.7.0
                NXP LPC1700 Series Device Support, Drivers and Examples for MCB1700 and LPC1788-32
   * Component: Startup Version: 1.0.0

<h2>Collection of Component include folders:</h2>
  .\RTE\Device\LPC1768
  .\RTE\_Target_1
  C:\Users\tOpak\AppData\Local\Arm\Packs\ARM\CMSIS\5.8.0\CMSIS\Core\Include
  C:\Users\tOpak\AppData\Local\Arm\Packs\ARM\CMSIS\5.8.0\CMSIS\RTOS\RTX\INC
  C:\Users\tOpak\AppData\Local\Arm\Packs\Keil\LPC1700_DFP\2.7.0\Device\Include

<h2>Collection of Component Files used:</h2>

   * Component: ::CMSIS:RTOS:1.0.0 (API)

   * Component: ARM::CMSIS:CORE:5.5.0

   * Component: ARM::CMSIS:RTOS:Keil RTX:4.82.0
      Source file:   CMSIS\RTOS\RTX\UserCodeTemplates\MemPool.c
      Source file:   CMSIS\RTOS\RTX\UserCodeTemplates\MsgQueue.c
      Include file:  CMSIS\RTOS\RTX\UserCodeTemplates\osObjects.h
      Source file:   CMSIS\RTOS\RTX\UserCodeTemplates\MailQueue.c
      Source file:   CMSIS\RTOS\RTX\UserCodeTemplates\Mutex.c
      Source file:   CMSIS\RTOS\RTX\UserCodeTemplates\main.c
      Source file:   CMSIS\RTOS\RTX\UserCodeTemplates\Semaphore.c
      Source file:   CMSIS\RTOS\RTX\UserCodeTemplates\Thread.c
      Source file:   CMSIS\RTOS\RTX\UserCodeTemplates\Timer.c
      Source file:   CMSIS\RTOS\RTX\SRC\ARM\SVC_Table.s
      Source file:   CMSIS\RTOS\RTX\Templates\RTX_Conf_CM.c
      Library file:  CMSIS\RTOS\RTX\LIB\ARM\RTX_CM3.lib
      Include file:  CMSIS\RTOS\RTX\INC\cmsis_os.h

   * Component: Keil::Device:Startup:1.0.0
      Source file:   Device\Source\ARM\startup_LPC17xx.s
      Source file:   Device\Source\system_LPC17xx.c
      Include file:  Device\Include\LPC17xx.h
      Include file:  RTE_Driver\Config\RTE_Device.h
Build Time Elapsed:  00:00:01
</pre>
</body>
</html>
