<html>
<body>
<pre>
<h1>µVision Build Log</h1>
<h2>Tool Versions:</h2>
IDE-Version: µVision V5.36.0.0
Copyright (C) 2021 ARM Ltd and ARM Germany GmbH. All rights reserved.
License Information: poya tOpak, ebmtech, LIC=ATTQ1-CSVI9-HLTCL-0SUXZ-AXNRN-K0UAE
 
Tool Versions:
Toolchain:       MDK-ARM Plus  Version: 5.36.0.0
Toolchain Path:  C:\Keil_v5\ARM\ARMCLANG\Bin
C Compiler:      ArmClang.exe V6.16
Assembler:       Armasm.exe V6.16
Linker/Locator:  ArmLink.exe V6.16
Library Manager: ArmAr.exe V6.16
Hex Converter:   FromElf.exe V6.16
CPU DLL:         SARMCM3.DLL V5.36.0.0
Dialog DLL:      DCM.DLL V1.17.3.0
Target DLL:      Segger\JL2CM3.dll V2.99.40.0
Dialog DLL:      TCM.DLL V1.53.0.0
 
<h2>Project:</h2>
C:\Users\tOpak\Documents\mcu\cmsis_kernel_lpc1768_limit_thread\prj.uvprojx
Project File Date:  07/12/2022

<h2>Output:</h2>
*** Using Compiler 'V6.16', folder: 'C:\Keil_v5\ARM\ARMCLANG\Bin'
Build target 'Target 1'
main.c(2): warning: In file included from...
C:/Users/tOpak/AppData/Local/Arm/Packs/Keil/LPC1700_DFP/2.7.0/Device/Include\LPC17xx.h(200): warning: anonymous structs are a C11 extension [-Wc11-extensions]
    struct {
    ^
C:/Users/tOpak/AppData/Local/Arm/Packs/Keil/LPC1700_DFP/2.7.0/Device/Include\LPC17xx.h(204): warning: anonymous structs are a C11 extension [-Wc11-extensions]
    struct {
    ^
C:/Users/tOpak/AppData/Local/Arm/Packs/Keil/LPC1700_DFP/2.7.0/Device/Include\LPC17xx.h(198): warning: anonymous unions are a C11 extension [-Wc11-extensions]
  union {
  ^
C:/Users/tOpak/AppData/Local/Arm/Packs/Keil/LPC1700_DFP/2.7.0/Device/Include\LPC17xx.h(214): warning: anonymous structs are a C11 extension [-Wc11-extensions]
    struct {
    ^
C:/Users/tOpak/AppData/Local/Arm/Packs/Keil/LPC1700_DFP/2.7.0/Device/Include\LPC17xx.h(218): warning: anonymous structs are a C11 extension [-Wc11-extensions]
    struct {
    ^
C:/Users/tOpak/AppData/Local/Arm/Packs/Keil/LPC1700_DFP/2.7.0/Device/Include\LPC17xx.h(212): warning: anonymous unions are a C11 extension [-Wc11-extensions]
  union {
  ^
C:/Users/tOpak/AppData/Local/Arm/Packs/Keil/LPC1700_DFP/2.7.0/Device/Include\LPC17xx.h(227): warning: anonymous structs are a C11 extension [-Wc11-extensions]
    struct {
    ^
C:/Users/tOpak/AppData/Local/Arm/Packs/Keil/LPC1700_DFP/2.7.0/Device/Include\LPC17xx.h(231): warning: anonymous structs are a C11 extension [-Wc11-extensions]
    struct {
    ^
C:/Users/tOpak/AppData/Local/Arm/Packs/Keil/LPC1700_DFP/2.7.0/Device/Include\LPC17xx.h(225): warning: anonymous unions are a C11 extension [-Wc11-extensions]
  union {
  ^
C:/Users/tOpak/AppData/Local/Arm/Packs/Keil/LPC1700_DFP/2.7.0/Device/Include\LPC17xx.h(240): warning: anonymous structs are a C11 extension [-Wc11-extensions]
    struct {
    ^
C:/Users/tOpak/AppData/Local/Arm/Packs/Keil/LPC1700_DFP/2.7.0/Device/Include\LPC17xx.h(244): warning: anonymous structs are a C11 extension [-Wc11-extensions]
    struct {
    ^
C:/Users/tOpak/AppData/Local/Arm/Packs/Keil/LPC1700_DFP/2.7.0/Device/Include\LPC17xx.h(238): warning: anonymous unions are a C11 extension [-Wc11-extensions]
  union {
  ^
C:/Users/tOpak/AppData/Local/Arm/Packs/Keil/LPC1700_DFP/2.7.0/Device/Include\LPC17xx.h(253): warning: anonymous structs are a C11 extension [-Wc11-extensions]
    struct {
    ^
C:/Users/tOpak/AppData/Local/Arm/Packs/Keil/LPC1700_DFP/2.7.0/Device/Include\LPC17xx.h(257): warning: anonymous structs are a C11 extension [-Wc11-extensions]
    struct {
    ^
C:/Users/tOpak/AppData/Local/Arm/Packs/Keil/LPC1700_DFP/2.7.0/Device/Include\LPC17xx.h(251): warning: anonymous unions are a C11 extension [-Wc11-extensions]
  union {
  ^
C:/Users/tOpak/AppData/Local/Arm/Packs/Keil/LPC1700_DFP/2.7.0/Device/Include\LPC17xx.h(339): warning: anonymous unions are a C11 extension [-Wc11-extensions]
  union {
  ^
C:/Users/tOpak/AppData/Local/Arm/Packs/Keil/LPC1700_DFP/2.7.0/Device/Include\LPC17xx.h(345): warning: anonymous unions are a C11 extension [-Wc11-extensions]
  union {
  ^
C:/Users/tOpak/AppData/Local/Arm/Packs/Keil/LPC1700_DFP/2.7.0/Device/Include\LPC17xx.h(349): warning: anonymous unions are a C11 extension [-Wc11-extensions]
  union {
  ^
C:/Users/tOpak/AppData/Local/Arm/Packs/Keil/LPC1700_DFP/2.7.0/Device/Include\LPC17xx.h(371): warning: anonymous unions are a C11 extension [-Wc11-extensions]
  union {
  ^
C:/Users/tOpak/AppData/Local/Arm/Packs/Keil/LPC1700_DFP/2.7.0/Device/Include\LPC17xx.h(377): warning: anonymous unions are a C11 extension [-Wc11-extensions]
  union {
  ^
C:/Users/tOpak/AppData/Local/Arm/Packs/Keil/LPC1700_DFP/2.7.0/Device/Include\LPC17xx.h(382): warning: anonymous unions are a C11 extension [-Wc11-extensions]
  union {
  ^
C:/Users/tOpak/AppData/Local/Arm/Packs/Keil/LPC1700_DFP/2.7.0/Device/Include\LPC17xx.h(833): warning: anonymous unions are a C11 extension [-Wc11-extensions]
  union {
  ^
C:/Users/tOpak/AppData/Local/Arm/Packs/Keil/LPC1700_DFP/2.7.0/Device/Include\LPC17xx.h(843): warning: anonymous unions are a C11 extension [-Wc11-extensions]
  union {
  ^
C:/Users/tOpak/AppData/Local/Arm/Packs/Keil/LPC1700_DFP/2.7.0/Device/Include\LPC17xx.h(847): warning: anonymous unions are a C11 extension [-Wc11-extensions]
  union {
  ^
main.c(6): warning: no previous prototype for function 'led' [-Wmissing-prototypes]
void led(unsigned int arg[]){
     ^
main.c(6): note: declare 'static' if the function is not intended to be used outside of this translation unit
void led(unsigned int arg[]){
^
static 
main.c(6): warning: function 'led' could be declared with attribute 'noreturn' [-Wmissing-noreturn]
void led(unsigned int arg[]){
                            ^
main.c(18): warning: incompatible function pointer types initializing 'os_pthread' (aka 'void (*)(const void *)') with an expression of type 'void (unsigned int *)' [-Wincompatible-function-pointer-types]
osThreadDef(led,osPriorityNormal,12,0);
^~~~~~~~~~~~~~~~~~~~~~~~~~~~~~~~~~~~~~
C:/Users/tOpak/AppData/Local/Arm/Packs/ARM/CMSIS/5.8.0/CMSIS/RTOS/RTX/INC\cmsis_os.h(278): note: expanded from macro 'osThreadDef'
{ (name), (priority), (instances), (stacksz)  }
  ^~~~~~
main.c(18): warning: no previous extern declaration for non-static variable 'os_thread_def_led' [-Wmissing-variable-declarations]
C:/Users/tOpak/AppData/Local/Arm/Packs/ARM/CMSIS/5.8.0/CMSIS/RTOS/RTX/INC\cmsis_os.h(277): note: expanded from macro 'osThreadDef'
const osThreadDef_t os_thread_def_##name = \
                    ^
<scratch space>(2): note: expanded from here
os_thread_def_led
^
main.c(18): note: declare 'static' if the variable is not intended to be used outside of this translation unit
C:/Users/tOpak/AppData/Local/Arm/Packs/ARM/CMSIS/5.8.0/CMSIS/RTOS/RTX/INC\cmsis_os.h(277): note: expanded from macro 'osThreadDef'
const osThreadDef_t os_thread_def_##name = \
      ^
main.c(25): warning: unused variable 'delay' [-Wunused-variable]
        unsigned int delay=5000;
                     ^
29 warnings generated.
compiling main.c...
linking...
Program Size: Code=5912 RO-data=368 RW-data=44 ZI-data=2944  
".\Objects\prj.axf" - 0 Error(s), 29 Warning(s).

<h2>Software Packages used:</h2>

Package Vendor: ARM
                http://www.keil.com/pack/ARM.CMSIS.5.8.0.pack
                ARM.CMSIS.5.8.0
                CMSIS (Common Microcontroller Software Interface Standard)
   * Component: RTOS Version: 1.0.0
   * Component: CORE Version: 5.5.0
   * Component: Keil RTX Version: 4.82.0

Package Vendor: Keil
                http://www.keil.com/pack/Keil.LPC1700_DFP.2.7.0.pack
                Keil.LPC1700_DFP.2.7.0
                NXP LPC1700 Series Device Support, Drivers and Examples for MCB1700 and LPC1788-32
   * Component: Startup Version: 1.0.0

<h2>Collection of Component include folders:</h2>
  .\RTE\Device\LPC1768
  .\RTE\_Target_1
  C:\Users\tOpak\AppData\Local\Arm\Packs\ARM\CMSIS\5.8.0\CMSIS\Core\Include
  C:\Users\tOpak\AppData\Local\Arm\Packs\ARM\CMSIS\5.8.0\CMSIS\RTOS\RTX\INC
  C:\Users\tOpak\AppData\Local\Arm\Packs\Keil\LPC1700_DFP\2.7.0\Device\Include

<h2>Collection of Component Files used:</h2>

   * Component: ::CMSIS:RTOS:1.0.0 (API)

   * Component: ARM::CMSIS:CORE:5.5.0

   * Component: ARM::CMSIS:RTOS:Keil RTX:4.82.0
      Source file:   CMSIS\RTOS\RTX\Templates\RTX_Conf_CM.c
      Include file:  CMSIS\RTOS\RTX\INC\cmsis_os.h
      Source file:   CMSIS\RTOS\RTX\UserCodeTemplates\MemPool.c
      Source file:   CMSIS\RTOS\RTX\UserCodeTemplates\Timer.c
      Source file:   CMSIS\RTOS\RTX\SRC\ARM\SVC_Table.s
      Include file:  CMSIS\RTOS\RTX\UserCodeTemplates\osObjects.h
      Source file:   CMSIS\RTOS\RTX\UserCodeTemplates\Semaphore.c
      Source file:   CMSIS\RTOS\RTX\UserCodeTemplates\Thread.c
      Source file:   CMSIS\RTOS\RTX\UserCodeTemplates\main.c
      Source file:   CMSIS\RTOS\RTX\UserCodeTemplates\MsgQueue.c
      Source file:   CMSIS\RTOS\RTX\UserCodeTemplates\MailQueue.c
      Source file:   CMSIS\RTOS\RTX\UserCodeTemplates\Mutex.c
      Library file:  CMSIS\RTOS\RTX\LIB\ARM\RTX_CM3.lib

   * Component: Keil::Device:Startup:1.0.0
      Source file:   Device\Source\system_LPC17xx.c
      Include file:  RTE_Driver\Config\RTE_Device.h
      Source file:   Device\Source\ARM\startup_LPC17xx.s
      Include file:  Device\Include\LPC17xx.h
Build Time Elapsed:  00:00:01
</pre>
</body>
</html>
