Component: ARM Compiler 6.16 Tool: armlink [5dfeaa00]

==============================================================================

Section Cross References

    main.o(.text.ledapp) refers to rt_cmsis.o(i.osDelay) for osDelay
    main.o(.ARM.exidx.text.ledapp) refers to main.o(.text.ledapp) for [Anonymous Symbol]
    main.o(.text.main) refers to rt_cmsis.o(i.osKernelInitialize) for osKernelInitialize
    main.o(.text.main) refers to main.o(.rodata.os_thread_def_ledapp) for os_thread_def_ledapp
    main.o(.text.main) refers to rt_cmsis.o(i.osThreadCreate) for osThreadCreate
    main.o(.text.main) refers to rt_cmsis.o(i.osKernelStart) for osKernelStart
    main.o(.ARM.exidx.text.main) refers to main.o(.text.main) for [Anonymous Symbol]
    main.o(.rodata.os_thread_def_ledapp) refers to main.o(.text.ledapp) for ledapp
    rtx_conf_cm.o(.text) refers (Special) to main.o(.ARM.use_no_argv) for __ARM_use_no_argv
    rtx_conf_cm.o(.text.os_idle_demon) refers (Special) to main.o(.ARM.use_no_argv) for __ARM_use_no_argv
    rtx_conf_cm.o(.ARM.exidx.text.os_idle_demon) refers (Special) to main.o(.ARM.use_no_argv) for __ARM_use_no_argv
    rtx_conf_cm.o(.ARM.exidx.text.os_idle_demon) refers to rtx_conf_cm.o(.text.os_idle_demon) for [Anonymous Symbol]
    rtx_conf_cm.o(.text.os_error) refers (Special) to main.o(.ARM.use_no_argv) for __ARM_use_no_argv
    rtx_conf_cm.o(.ARM.exidx.text.os_error) refers (Special) to main.o(.ARM.use_no_argv) for __ARM_use_no_argv
    rtx_conf_cm.o(.ARM.exidx.text.os_error) refers to rtx_conf_cm.o(.text.os_error) for [Anonymous Symbol]
    rtx_conf_cm.o(.text.__user_perthread_libspace) refers (Special) to main.o(.ARM.use_no_argv) for __ARM_use_no_argv
    rtx_conf_cm.o(.text.__user_perthread_libspace) refers to rt_cmsis.o(.data) for os_running
    rtx_conf_cm.o(.text.__user_perthread_libspace) refers to rt_task.o(i.rt_tsk_self) for rt_tsk_self
    rtx_conf_cm.o(.text.__user_perthread_libspace) refers to rtx_conf_cm.o(.bss.std_libspace) for std_libspace
    rtx_conf_cm.o(.text.__user_perthread_libspace) refers to libspace.o(.bss) for __libspace_start
    rtx_conf_cm.o(.ARM.exidx.text.__user_perthread_libspace) refers (Special) to main.o(.ARM.use_no_argv) for __ARM_use_no_argv
    rtx_conf_cm.o(.ARM.exidx.text.__user_perthread_libspace) refers to rtx_conf_cm.o(.text.__user_perthread_libspace) for [Anonymous Symbol]
    rtx_conf_cm.o(.text._mutex_initialize) refers (Special) to main.o(.ARM.use_no_argv) for __ARM_use_no_argv
    rtx_conf_cm.o(.text._mutex_initialize) refers to rtx_conf_cm.o(.bss.nr_mutex) for nr_mutex
    rtx_conf_cm.o(.text._mutex_initialize) refers to rtx_conf_cm.o(.bss.std_libmutex) for std_libmutex
    rtx_conf_cm.o(.text._mutex_initialize) refers to rt_mutex.o(i.rt_mut_init) for rt_mut_init
    rtx_conf_cm.o(.ARM.exidx.text._mutex_initialize) refers (Special) to main.o(.ARM.use_no_argv) for __ARM_use_no_argv
    rtx_conf_cm.o(.ARM.exidx.text._mutex_initialize) refers to rtx_conf_cm.o(.text._mutex_initialize) for [Anonymous Symbol]
    rtx_conf_cm.o(.text._mutex_acquire) refers (Special) to main.o(.ARM.use_no_argv) for __ARM_use_no_argv
    rtx_conf_cm.o(.text._mutex_acquire) refers to rt_cmsis.o(.data) for os_running
    rtx_conf_cm.o(.text._mutex_acquire) refers to rt_mutex.o(i.rt_mut_wait) for rt_mut_wait
    rtx_conf_cm.o(.ARM.exidx.text._mutex_acquire) refers (Special) to main.o(.ARM.use_no_argv) for __ARM_use_no_argv
    rtx_conf_cm.o(.ARM.exidx.text._mutex_acquire) refers to rtx_conf_cm.o(.text._mutex_acquire) for [Anonymous Symbol]
    rtx_conf_cm.o(.text._mutex_release) refers (Special) to main.o(.ARM.use_no_argv) for __ARM_use_no_argv
    rtx_conf_cm.o(.text._mutex_release) refers to rt_cmsis.o(.data) for os_running
    rtx_conf_cm.o(.text._mutex_release) refers to rt_mutex.o(i.rt_mut_release) for rt_mut_release
    rtx_conf_cm.o(.ARM.exidx.text._mutex_release) refers (Special) to main.o(.ARM.use_no_argv) for __ARM_use_no_argv
    rtx_conf_cm.o(.ARM.exidx.text._mutex_release) refers to rtx_conf_cm.o(.text._mutex_release) for [Anonymous Symbol]
    rtx_conf_cm.o(.text.__osSignalWait) refers (Special) to main.o(.ARM.use_no_argv) for __ARM_use_no_argv
    rtx_conf_cm.o(.text.__osSignalWait) refers to rt_cmsis.o(i.osSignalWait) for osSignalWait
    rtx_conf_cm.o(.ARM.exidx.text.__osSignalWait) refers (Special) to main.o(.ARM.use_no_argv) for __ARM_use_no_argv
    rtx_conf_cm.o(.ARM.exidx.text.__osSignalWait) refers to rtx_conf_cm.o(.text.__osSignalWait) for [Anonymous Symbol]
    rtx_conf_cm.o(.text.__osMessageGet) refers (Special) to main.o(.ARM.use_no_argv) for __ARM_use_no_argv
    rtx_conf_cm.o(.text.__osMessageGet) refers to rt_cmsis.o(i.osMessageGet) for osMessageGet
    rtx_conf_cm.o(.ARM.exidx.text.__osMessageGet) refers (Special) to main.o(.ARM.use_no_argv) for __ARM_use_no_argv
    rtx_conf_cm.o(.ARM.exidx.text.__osMessageGet) refers to rtx_conf_cm.o(.text.__osMessageGet) for [Anonymous Symbol]
[...]
    rt_raise.o(.text) refers to __raise.o(.text) for __raise
    rt_raise.o(.text) refers to sys_exit.o(.text) for _sys_exit
    defsig_exit.o(.text) refers to sys_exit.o(.text) for _sys_exit
    defsig_fpe_inner.o(.text) refers to defsig_general.o(.text) for __default_signal_display
    libinit2.o(.ARM.Collect$$libinit$$00000010) refers to libinit2.o(.ARM.Collect$$libinit$$0000000F) for .ARM.Collect$$libinit$$0000000F
    libinit2.o(.ARM.Collect$$libinit$$00000012) refers to libinit2.o(.ARM.Collect$$libinit$$0000000F) for .ARM.Collect$$libinit$$0000000F
    libinit2.o(.ARM.Collect$$libinit$$00000014) refers to libinit2.o(.ARM.Collect$$libinit$$0000000F) for .ARM.Collect$$libinit$$0000000F
    libinit2.o(.ARM.Collect$$libinit$$00000016) refers to libinit2.o(.ARM.Collect$$libinit$$0000000F) for .ARM.Collect$$libinit$$0000000F
    libinit2.o(.ARM.Collect$$libinit$$00000018) refers to libinit2.o(.ARM.Collect$$libinit$$0000000F) for .ARM.Collect$$libinit$$0000000F
    libinit2.o(.ARM.Collect$$libinit$$00000026) refers to argv_veneer.o(.emb_text) for __ARM_argv_veneer
    libinit2.o(.ARM.Collect$$libinit$$00000027) refers to argv_veneer.o(.emb_text) for __ARM_argv_veneer
    sys_exit.o(.text) refers (Special) to use_no_semi.o(.text) for __I$use$semihosting
    sys_exit.o(.text) refers (Special) to indicate_semi.o(.text) for __semihosting_library_function
    sys_exit_hlt.o(.text) refers (Special) to use_no_semi.o(.text) for __I$use$semihosting
    sys_exit_hlt.o(.text) refers (Special) to indicate_semi.o(.text) for __semihosting_library_function
    rtexit2.o(.ARM.Collect$$rtexit$$00000003) refers to libshutdown.o(.ARM.Collect$$libshutdown$$00000000) for __rt_lib_shutdown
    rtexit2.o(.ARM.Collect$$rtexit$$00000004) refers to sys_exit.o(.text) for _sys_exit
    rtexit2.o(.ARM.exidx) refers to rtexit2.o(.ARM.Collect$$rtexit$$00000001) for .ARM.Collect$$rtexit$$00000001
    rtexit2.o(.ARM.exidx) refers to rtexit2.o(.ARM.Collect$$rtexit$$00000003) for .ARM.Collect$$rtexit$$00000003
    rtexit2.o(.ARM.exidx) refers to rtexit2.o(.ARM.Collect$$rtexit$$00000004) for .ARM.Collect$$rtexit$$00000004
    __raise.o(.text) refers to defsig.o(CL$$defsig) for __default_signal_handler
    defsig_general.o(.text) refers to sys_wrch.o(.text) for _ttywrch
    argv_veneer.o(.emb_text) refers to no_argv.o(.text) for __ARM_get_argv
    sys_wrch.o(.text) refers (Special) to use_no_semi.o(.text) for __I$use$semihosting
    sys_wrch.o(.text) refers (Special) to indicate_semi.o(.text) for __semihosting_library_function
    sys_wrch_hlt.o(.text) refers (Special) to use_no_semi.o(.text) for __I$use$semihosting
    sys_wrch_hlt.o(.text) refers (Special) to indicate_semi.o(.text) for __semihosting_library_function
    defsig.o(CL$$defsig) refers to defsig_fpe_inner.o(.text) for __rt_SIGFPE_inner
    defsig.o(CL$$defsig) refers to defsig_rtmem_inner.o(.text) for __rt_SIGRTMEM_inner
    _get_argv_nomalloc.o(.text) refers (Special) to hrguard.o(.text) for __heap_region$guard
    _get_argv_nomalloc.o(.text) refers to defsig_rtmem_outer.o(.text) for __rt_SIGRTMEM
    _get_argv_nomalloc.o(.text) refers to sys_command.o(.text) for _sys_command_string
    libshutdown.o(.ARM.Collect$$libshutdown$$00000000) refers (Special) to libshutdown2.o(.ARM.Collect$$libshutdown$$00000002) for __rt_lib_shutdown_cpp_1
    libshutdown.o(.ARM.Collect$$libshutdown$$00000000) refers (Special) to libshutdown2.o(.ARM.Collect$$libshutdown$$00000007) for __rt_lib_shutdown_fp_trap_1
    libshutdown.o(.ARM.Collect$$libshutdown$$00000000) refers (Special) to libshutdown2.o(.ARM.Collect$$libshutdown$$0000000F) for __rt_lib_shutdown_heap_1
    libshutdown.o(.ARM.Collect$$libshutdown$$00000000) refers (Special) to libshutdown2.o(.ARM.Collect$$libshutdown$$00000010) for __rt_lib_shutdown_return
    libshutdown.o(.ARM.Collect$$libshutdown$$00000000) refers (Special) to libshutdown2.o(.ARM.Collect$$libshutdown$$0000000A) for __rt_lib_shutdown_signal_1
    libshutdown.o(.ARM.Collect$$libshutdown$$00000000) refers (Special) to libshutdown2.o(.ARM.Collect$$libshutdown$$00000004) for __rt_lib_shutdown_stdio_1
    libshutdown.o(.ARM.Collect$$libshutdown$$00000000) refers (Special) to libshutdown2.o(.ARM.Collect$$libshutdown$$0000000C) for __rt_lib_shutdown_user_alloc_1
    sys_command.o(.text) refers (Special) to use_no_semi.o(.text) for __I$use$semihosting
    sys_command.o(.text) refers (Special) to indicate_semi.o(.text) for __semihosting_library_function
    sys_command_hlt.o(.text) refers (Special) to use_no_semi.o(.text) for __I$use$semihosting
    sys_command_hlt.o(.text) refers (Special) to indicate_semi.o(.text) for __semihosting_library_function
    defsig_abrt_inner.o(.text) refers to defsig_general.o(.text) for __default_signal_display
    defsig_rtred_inner.o(.text) refers to defsig_general.o(.text) for __default_signal_display
    defsig_rtmem_inner.o(.text) refers to defsig_general.o(.text) for __default_signal_display
    defsig_rtmem_outer.o(.text) refers to defsig_rtmem_inner.o(.text) for __rt_SIGRTMEM_inner
    defsig_rtmem_outer.o(.text) refers to defsig_exit.o(.text) for __sig_exit
    defsig_rtmem_formal.o(.text) refers to rt_raise.o(.text) for __rt_raise
    defsig_stak_inner.o(.text) refers to defsig_general.o(.text) for __default_signal_display
    defsig_pvfn_inner.o(.text) refers to defsig_general.o(.text) for __default_signal_display
    defsig_cppl_inner.o(.text) refers to defsig_general.o(.text) for __default_signal_display
    defsig_segv_inner.o(.text) refers to defsig_general.o(.text) for __default_signal_display
    defsig_other.o(.text) refers to defsig_general.o(.text) for __default_signal_display


==============================================================================

Removing Unused input sections from the image.

    Removing main.o(.text), (0 bytes).
    Removing main.o(.ARM.exidx.text.ledapp), (8 bytes).
    Removing main.o(.ARM.exidx.text.main), (8 bytes).
    Removing rtx_conf_cm.o(.text), (0 bytes).
    Removing rtx_conf_cm.o(.ARM.exidx.text.os_idle_demon), (8 bytes).
    Removing rtx_conf_cm.o(.ARM.exidx.text.os_error), (8 bytes).
    Removing rtx_conf_cm.o(.text.__user_perthread_libspace), (58 bytes).
    Removing rtx_conf_cm.o(.ARM.exidx.text.__user_perthread_libspace), (8 bytes).
    Removing rtx_conf_cm.o(.text._mutex_initialize), (46 bytes).
    Removing rtx_conf_cm.o(.ARM.exidx.text._mutex_initialize), (8 bytes).
    Removing rtx_conf_cm.o(.ARM.exidx.text._mutex_acquire), (8 bytes).
    Removing rtx_conf_cm.o(.ARM.exidx.text._mutex_release), (8 bytes).
    Removing rtx_conf_cm.o(.text.__osSignalWait), (18 bytes).
    Removing rtx_conf_cm.o(.ARM.exidx.text.__osSignalWait), (8 bytes).
    Removing rtx_conf_cm.o(.text.__osMessageGet), (18 bytes).
    Removing rtx_conf_cm.o(.ARM.exidx.text.__osMessageGet), (8 bytes).
    Removing rtx_conf_cm.o(.text.__osMailGet), (18 bytes).
    Removing rtx_conf_cm.o(.ARM.exidx.text.__osMailGet), (8 bytes).
    Removing rtx_conf_cm.o(.ARM.exidx.text._platform_post_lib_init), (8 bytes).
    Removing rtx_conf_cm.o(.rodata.os_tickfreq), (4 bytes).
    Removing rtx_conf_cm.o(.rodata.os_tickus_i), (2 bytes).
    Removing rtx_conf_cm.o(.rodata.os_tickus_f), (2 bytes).
    Removing rtx_conf_cm.o(.bss.os_tmr), (4 bytes).
    Removing rtx_conf_cm.o(.bss.std_libspace), (672 bytes).
    Removing rtx_conf_cm.o(.bss.nr_mutex), (4 bytes).
    Removing rtx_conf_cm.o(.bss.std_libmutex), (128 bytes).
    Removing system_lpc17xx.o(.text), (0 bytes).
    Removing system_lpc17xx.o(.text.SystemCoreClockUpdate), (248 bytes).
    Removing system_lpc17xx.o(.ARM.exidx.text.SystemCoreClockUpdate), (8 bytes).
    Removing system_lpc17xx.o(.ARM.exidx.text.SystemInit), (8 bytes).
    Removing system_lpc17xx.o(.data.SystemCoreClock), (4 bytes).
    Removing rt_cmsis.o(.rev16_text), (4 bytes).
    Removing rt_cmsis.o(.revsh_text), (4 bytes).
    Removing rt_cmsis.o(.rrx_text), (6 bytes).
    Removing rt_cmsis.o(i.isrSemaphoreRelease), (40 bytes).
    Removing rt_cmsis.o(i.isrSignalSet), (36 bytes).
    Removing rt_cmsis.o(i.osKernelRunning), (36 bytes).
    Removing rt_cmsis.o(i.osKernelSysTick), (24 bytes).
    Removing rt_cmsis.o(i.osMailAlloc), (28 bytes).
    Removing rt_cmsis.o(i.osMailCAlloc), (48 bytes).
    Removing rt_cmsis.o(i.osMailCreate), (44 bytes).
    Removing rt_cmsis.o(i.osMailFree), (28 bytes).
    Removing rt_cmsis.o(i.osMailGet), (22 bytes).
    Removing rt_cmsis.o(i.osMailPut), (20 bytes).
    Removing rt_cmsis.o(i.osMessageCreate), (44 bytes).
    Removing rt_cmsis.o(i.osMessagePut), (24 bytes).
    Removing rt_cmsis.o(i.osMutexCreate), (44 bytes).
    Removing rt_cmsis.o(i.osMutexDelete), (24 bytes).
    Removing rt_cmsis.o(i.osMutexRelease), (24 bytes).
    Removing rt_cmsis.o(i.osMutexWait), (24 bytes).
    Removing rt_cmsis.o(i.osPoolAlloc), (32 bytes).
    Removing rt_cmsis.o(i.osPoolCAlloc), (52 bytes).
    Removing rt_cmsis.o(i.osPoolCreate), (44 bytes).
    Removing rt_cmsis.o(i.osPoolFree), (32 bytes).
    Removing rt_cmsis.o(i.osSemaphoreCreate), (44 bytes).
    Removing rt_cmsis.o(i.osSemaphoreDelete), (24 bytes).
    Removing rt_cmsis.o(i.osSemaphoreRelease), (24 bytes).
    Removing rt_cmsis.o(i.osSemaphoreWait), (24 bytes).
    Removing rt_cmsis.o(i.osSignalClear), (24 bytes).
    Removing rt_cmsis.o(i.osSignalSet), (24 bytes).
    Removing rt_cmsis.o(i.osSignalWait), (24 bytes).
    Removing rt_cmsis.o(i.osThreadGetId), (24 bytes).
    Removing rt_cmsis.o(i.osThreadGetPriority), (24 bytes).
    Removing rt_cmsis.o(i.osThreadSetPriority), (24 bytes).
    Removing rt_cmsis.o(i.osThreadTerminate), (24 bytes).
    Removing rt_cmsis.o(i.osThreadYield), (24 bytes).
    Removing rt_cmsis.o(i.osTimerCreate), (44 bytes).
    Removing rt_cmsis.o(i.osTimerDelete), (24 bytes).
    Removing rt_cmsis.o(i.osTimerStart), (24 bytes).
    Removing rt_cmsis.o(i.osTimerStop), (24 bytes).
    Removing rt_cmsis.o(i.osWait), (4 bytes).
    Removing rt_cmsis.o(i.os_resume), (12 bytes).
    Removing rt_cmsis.o(i.os_suspend), (12 bytes).
    Removing rt_cmsis.o(i.rt_clr_box), (24 bytes).
    Removing rt_cmsis.o(i.rt_timer_remove), (60 bytes).
    Removing rt_cmsis.o(i.svcKernelRunning), (12 bytes).
    Removing rt_cmsis.o(i.svcKernelSysTick), (56 bytes).
    Removing rt_cmsis.o(i.svcMailCreate), (66 bytes).
    Removing rt_cmsis.o(i.svcMessagePut), (54 bytes).
    Removing rt_cmsis.o(i.svcMutexCreate), (28 bytes).
    Removing rt_cmsis.o(i.svcMutexDelete), (26 bytes).
    Removing rt_cmsis.o(i.svcMutexRelease), (34 bytes).
    Removing rt_cmsis.o(i.svcMutexWait), (58 bytes).
    Removing rt_cmsis.o(i.svcPoolCreate), (40 bytes).
    Removing rt_cmsis.o(i.svcSemaphoreCreate), (36 bytes).
    Removing rt_cmsis.o(i.svcSemaphoreDelete), (26 bytes).
    Removing rt_cmsis.o(i.svcSemaphoreRelease), (40 bytes).
    Removing rt_cmsis.o(i.svcSemaphoreWait), (50 bytes).
    Removing rt_cmsis.o(i.svcSignalClear), (36 bytes).
    Removing rt_cmsis.o(i.svcSignalSet), (36 bytes).
    Removing rt_cmsis.o(i.svcSignalWait), (84 bytes).
    Removing rt_cmsis.o(i.svcThreadGetPriority), (18 bytes).
    Removing rt_cmsis.o(i.svcThreadSetPriority), (46 bytes).
    Removing rt_cmsis.o(i.svcThreadYield), (10 bytes).
    Removing rt_cmsis.o(i.svcTimerCreate), (56 bytes).
    Removing rt_cmsis.o(i.svcTimerDelete), (40 bytes).
    Removing rt_cmsis.o(i.svcTimerStart), (100 bytes).
    Removing rt_cmsis.o(i.svcTimerStop), (36 bytes).
    Removing rt_cmsis.o(i.sysMailAlloc), (88 bytes).
    Removing rt_cmsis.o(i.sysMailFree), (96 bytes).
    Removing rt_cmsis.o(i.sysPoolAlloc), (10 bytes).
    Removing rt_cmsis.o(i.sysPoolFree), (20 bytes).
    Removing rt_cmsis.o(i.sysUserTimerUpdate), (48 bytes).
    Removing rt_cmsis.o(i.sysUserTimerWakeupTime), (20 bytes).
    Removing rt_task.o(i.rt_tsk_pass), (48 bytes).
    Removing rt_mutex.o(i.rt_mut_delete), (176 bytes).
    Removing rt_mutex.o(i.rt_mut_init), (16 bytes).
    Removing rt_system.o(.emb_text), (0 bytes).
    Removing rt_system.o(i.os_tick_ovf), (16 bytes).
    Removing rt_system.o(i.os_tick_val), (20 bytes).
    Removing rt_system.o(i.rt_resume), (136 bytes).
    Removing rt_system.o(i.rt_suspend), (36 bytes).
    Removing rt_system.o(i.rt_tsk_lock), (80 bytes).
    Removing rt_system.o(i.rt_tsk_unlock), (80 bytes).
    Removing rt_event.o(i.isr_evt_set), (40 bytes).
    Removing rt_event.o(i.rt_evt_clr), (28 bytes).
    Removing rt_event.o(i.rt_evt_get), (12 bytes).
    Removing rt_event.o(i.rt_evt_set), (92 bytes).
    Removing rt_event.o(i.rt_evt_wait), (60 bytes).
    Removing rt_list.o(i.rt_get_same_rdy_prio), (36 bytes).
    Removing rt_mailbox.o(i.rt_mbx_send), (152 bytes).
    Removing rt_semaphore.o(i.isr_sem_send), (16 bytes).
    Removing rt_semaphore.o(i.rt_sem_delete), (92 bytes).
    Removing rt_semaphore.o(i.rt_sem_init), (12 bytes).
    Removing rt_semaphore.o(i.rt_sem_send), (42 bytes).
    Removing rt_semaphore.o(i.rt_sem_wait), (64 bytes).
    Removing rt_time.o(i.rt_itv_set), (24 bytes).
    Removing rt_time.o(i.rt_itv_wait), (40 bytes).
    Removing rt_time.o(i.rt_time_get), (12 bytes).
    Removing rt_membox.o(i._calloc_box), (30 bytes).

130 unused section(s) (total 5188 bytes) removed from the image.

==============================================================================

Image Symbol Table

    Local Symbols

    Symbol Name                              Value     Ov Type        Size  Object(Section)

    ../clib/angel/boardlib.s                 0x00000000   Number         0  boardinit1.o ABSOLUTE
    ../clib/angel/boardlib.s                 0x00000000   Number         0  boardinit2.o ABSOLUTE
    ../clib/angel/boardlib.s                 0x00000000   Number         0  boardshut.o ABSOLUTE
    ../clib/angel/handlers.s                 0x00000000   Number         0  __scatter_copy.o ABSOLUTE
    ../clib/angel/handlers.s                 0x00000000   Number         0  __scatter_zi.o ABSOLUTE
    ../clib/angel/kernel.s                   0x00000000   Number         0  __rtentry.o ABSOLUTE
    ../clib/angel/kernel.s                   0x00000000   Number         0  __rtentry2.o ABSOLUTE
    ../clib/angel/kernel.s                   0x00000000   Number         0  __rtentry4.o ABSOLUTE
    ../clib/angel/kernel.s                   0x00000000   Number         0  rtexit.o ABSOLUTE
    ../clib/angel/kernel.s                   0x00000000   Number         0  rtexit2.o ABSOLUTE
    ../clib/angel/rt.s                       0x00000000   Number         0  aeabi_ldiv0.o ABSOLUTE
    ../clib/angel/rt.s                       0x00000000   Number         0  aeabi_ldiv0_sigfpe.o ABSOLUTE
    ../clib/angel/rt.s                       0x00000000   Number         0  rt_div0.o ABSOLUTE
    ../clib/angel/rt.s                       0x00000000   Number         0  rt_raise.o ABSOLUTE
    ../clib/angel/scatter.s                  0x00000000   Number         0  __scatter.o ABSOLUTE
    ../clib/angel/startup.s                  0x00000000   Number         0  __main.o ABSOLUTE
    ../clib/angel/sys.s                      0x00000000   Number         0  libspace.o ABSOLUTE
    ../clib/angel/sys.s                      0x00000000   Number         0  sys_stackheap_outer.o ABSOLUTE
    ../clib/angel/sys.s                      0x00000000   Number         0  use_no_semi.o ABSOLUTE
    ../clib/angel/sys.s                      0x00000000   Number         0  indicate_semi.o ABSOLUTE
    ../clib/angel/sysapp.c                   0x00000000   Number         0  sys_exit.o ABSOLUTE
    ../clib/angel/sysapp.c                   0x00000000   Number         0  sys_exit_hlt.o ABSOLUTE
    ../clib/angel/sysapp.c                   0x00000000   Number         0  sys_wrch.o ABSOLUTE
    ../clib/angel/sysapp.c                   0x00000000   Number         0  sys_wrch_hlt.o ABSOLUTE
    ../clib/angel/sysapp.c                   0x00000000   Number         0  sys_command.o ABSOLUTE
    ../clib/angel/sysapp.c                   0x00000000   Number         0  sys_command_hlt.o ABSOLUTE
    ../clib/armsys.c                         0x00000000   Number         0  argv_veneer.o ABSOLUTE
    ../clib/armsys.c                         0x00000000   Number         0  argv_veneer.o ABSOLUTE
    ../clib/armsys.c                         0x00000000   Number         0  _get_argv_nomalloc.o ABSOLUTE
    ../clib/armsys.c                         0x00000000   Number         0  no_argv.o ABSOLUTE
    ../clib/heapalloc.c                      0x00000000   Number         0  hrguard.o ABSOLUTE
    ../clib/heapaux.c                        0x00000000   Number         0  heapauxi.o ABSOLUTE
    ../clib/libinit.s                        0x00000000   Number         0  libinit.o ABSOLUTE
    ../clib/libinit.s                        0x00000000   Number         0  libinit2.o ABSOLUTE
    ../clib/libinit.s                        0x00000000   Number         0  libshutdown.o ABSOLUTE
    ../clib/libinit.s                        0x00000000   Number         0  libshutdown2.o ABSOLUTE
    ../clib/longlong.s                       0x00000000   Number         0  lludivv7m.o ABSOLUTE
    ../clib/signal.c                         0x00000000   Number         0  defsig_fpe_outer.o ABSOLUTE
    ../clib/signal.c                         0x00000000   Number         0  defsig_fpe_formal.o ABSOLUTE
    ../clib/signal.c                         0x00000000   Number         0  defsig_exit.o ABSOLUTE
    ../clib/signal.c                         0x00000000   Number         0  defsig_fpe_inner.o ABSOLUTE
    ../clib/signal.c                         0x00000000   Number         0  __raise.o ABSOLUTE
    ../clib/signal.c                         0x00000000   Number         0  defsig_general.o ABSOLUTE
    ../clib/signal.c                         0x00000000   Number         0  defsig_abrt_inner.o ABSOLUTE
    ../clib/signal.c                         0x00000000   Number         0  defsig_rtred_inner.o ABSOLUTE
    ../clib/signal.c                         0x00000000   Number         0  defsig_rtmem_inner.o ABSOLUTE
    ../clib/signal.c                         0x00000000   Number         0  defsig_rtmem_outer.o ABSOLUTE
    ../clib/signal.c                         0x00000000   Number         0  defsig_rtmem_formal.o ABSOLUTE
    ../clib/signal.c                         0x00000000   Number         0  defsig_stak_inner.o ABSOLUTE
    ../clib/signal.c                         0x00000000   Number         0  defsig_pvfn_inner.o ABSOLUTE
    ../clib/signal.c                         0x00000000   Number         0  defsig_cppl_inner.o ABSOLUTE
    ../clib/signal.c                         0x00000000   Number         0  defsig_segv_inner.o ABSOLUTE
    ../clib/signal.c                         0x00000000   Number         0  defsig_other.o ABSOLUTE
    ../clib/signal.s                         0x00000000   Number         0  defsig.o ABSOLUTE
    ../clib/stdlib.c                         0x00000000   Number         0  exit.o ABSOLUTE
    ../fplib/fpinit.s                        0x00000000   Number         0  fpinit.o ABSOLUTE
    ../fplib/fpinit_empty.s                  0x00000000   Number         0  fpinit_empty.o ABSOLUTE
    ..\HAL_CM.c                              0x00000000   Number         0  hal_cm.o ABSOLUTE
    ..\\rt_CMSIS.c                           0x00000000   Number         0  rt_cmsis.o ABSOLUTE
    ..\\rt_System.c                          0x00000000   Number         0  rt_system.o ABSOLUTE
    ..\rt_CMSIS.c                            0x00000000   Number         0  rt_cmsis.o ABSOLUTE
    ..\rt_Event.c                            0x00000000   Number         0  rt_event.o ABSOLUTE
    ..\rt_List.c                             0x00000000   Number         0  rt_list.o ABSOLUTE
    ..\rt_Mailbox.c                          0x00000000   Number         0  rt_mailbox.o ABSOLUTE
    ..\rt_MemBox.c                           0x00000000   Number         0  rt_membox.o ABSOLUTE
    ..\rt_Memory.c                           0x00000000   Number         0  rt_memory.o ABSOLUTE
    ..\rt_Mutex.c                            0x00000000   Number         0  rt_mutex.o ABSOLUTE
    ..\rt_Robin.c                            0x00000000   Number         0  rt_robin.o ABSOLUTE
    ..\rt_Semaphore.c                        0x00000000   Number         0  rt_semaphore.o ABSOLUTE
    ..\rt_System.c                           0x00000000   Number         0  rt_system.o ABSOLUTE
    ..\rt_Task.c                             0x00000000   Number         0  rt_task.o ABSOLUTE
    ..\rt_Time.c                             0x00000000   Number         0  rt_time.o ABSOLUTE
    HAL_CM3.c                                0x00000000   Number         0  hal_cm3.o ABSOLUTE
    HAL_CM3.c                                0x00000000   Number         0  hal_cm3.o ABSOLUTE
    RTE/Device/LPC1768/startup_LPC17xx.s     0x00000000   Number         0  startup_lpc17xx.o ABSOLUTE
    RTX_Conf_CM.c                            0x00000000   Number         0  rtx_conf_cm.o ABSOLUTE
    SVC_Table.s                              0x00000000   Number         0  svc_table.o ABSOLUTE
    dc.s                                     0x00000000   Number         0  dc.o ABSOLUTE
    main.c                                   0x00000000   Number         0  main.o ABSOLUTE
    system_LPC17xx.c                         0x00000000   Number         0  system_lpc17xx.o ABSOLUTE
    RESET                                    0x00000000   Section      204  startup_lpc17xx.o(RESET)
    !!!main                                  0x000000cc   Section        8  __main.o(!!!main)
    !!!scatter                               0x000000d4   Section       52  __scatter.o(!!!scatter)
    !!handler_copy                           0x00000108   Section       26  __scatter_copy.o(!!handler_copy)
    !!handler_zi                             0x00000124   Section       28  __scatter_zi.o(!!handler_zi)
    .ARM.Collect$$libinit$$00000000          0x00000140   Section        2  libinit.o(.ARM.Collect$$libinit$$00000000)
    .ARM.Collect$$libinit$$00000002          0x00000142   Section        0  libinit2.o(.ARM.Collect$$libinit$$00000002)
    .ARM.Collect$$libinit$$00000004          0x00000142   Section        0  libinit2.o(.ARM.Collect$$libinit$$00000004)
    .ARM.Collect$$libinit$$0000000A          0x00000142   Section        0  libinit2.o(.ARM.Collect$$libinit$$0000000A)
    .ARM.Collect$$libinit$$0000000C          0x00000142   Section        0  libinit2.o(.ARM.Collect$$libinit$$0000000C)
    .ARM.Collect$$libinit$$0000000E          0x00000142   Section        0  libinit2.o(.ARM.Collect$$libinit$$0000000E)
    .ARM.Collect$$libinit$$00000011          0x00000142   Section        0  libinit2.o(.ARM.Collect$$libinit$$00000011)
    .ARM.Collect$$libinit$$00000013          0x00000142   Section        0  libinit2.o(.ARM.Collect$$libinit$$00000013)
    .ARM.Collect$$libinit$$00000015          0x00000142   Section        0  libinit2.o(.ARM.Collect$$libinit$$00000015)
    .ARM.Collect$$libinit$$00000017          0x00000142   Section        0  libinit2.o(.ARM.Collect$$libinit$$00000017)
    .ARM.Collect$$libinit$$00000019          0x00000142   Section        0  libinit2.o(.ARM.Collect$$libinit$$00000019)
    .ARM.Collect$$libinit$$0000001B          0x00000142   Section        0  libinit2.o(.ARM.Collect$$libinit$$0000001B)
    .ARM.Collect$$libinit$$0000001D          0x00000142   Section        0  libinit2.o(.ARM.Collect$$libinit$$0000001D)
    .ARM.Collect$$libinit$$0000001F          0x00000142   Section        0  libinit2.o(.ARM.Collect$$libinit$$0000001F)
    .ARM.Collect$$libinit$$00000021          0x00000142   Section        0  libinit2.o(.ARM.Collect$$libinit$$00000021)
    .ARM.Collect$$libinit$$00000023          0x00000142   Section        0  libinit2.o(.ARM.Collect$$libinit$$00000023)
    .ARM.Collect$$libinit$$00000025          0x00000142   Section        0  libinit2.o(.ARM.Collect$$libinit$$00000025)
    .ARM.Collect$$libinit$$0000002C          0x00000142   Section        0  libinit2.o(.ARM.Collect$$libinit$$0000002C)
    .ARM.Collect$$libinit$$0000002E          0x00000142   Section        0  libinit2.o(.ARM.Collect$$libinit$$0000002E)
    .ARM.Collect$$libinit$$00000030          0x00000142   Section        0  libinit2.o(.ARM.Collect$$libinit$$00000030)
    .ARM.Collect$$libinit$$00000032          0x00000142   Section        0  libinit2.o(.ARM.Collect$$libinit$$00000032)
    .ARM.Collect$$libinit$$00000033          0x00000142   Section        2  libinit2.o(.ARM.Collect$$libinit$$00000033)
    .ARM.Collect$$libshutdown$$00000000      0x00000144   Section        2  libshutdown.o(.ARM.Collect$$libshutdown$$00000000)
    .ARM.Collect$$libshutdown$$00000002      0x00000146   Section        0  libshutdown2.o(.ARM.Collect$$libshutdown$$00000002)
    .ARM.Collect$$libshutdown$$00000004      0x00000146   Section        0  libshutdown2.o(.ARM.Collect$$libshutdown$$00000004)
    .ARM.Collect$$libshutdown$$00000007      0x00000146   Section        0  libshutdown2.o(.ARM.Collect$$libshutdown$$00000007)
    .ARM.Collect$$libshutdown$$0000000A      0x00000146   Section        0  libshutdown2.o(.ARM.Collect$$libshutdown$$0000000A)
    .ARM.Collect$$libshutdown$$0000000C      0x00000146   Section        0  libshutdown2.o(.ARM.Collect$$libshutdown$$0000000C)
    .ARM.Collect$$libshutdown$$0000000F      0x00000146   Section        0  libshutdown2.o(.ARM.Collect$$libshutdown$$0000000F)
    .ARM.Collect$$libshutdown$$00000010      0x00000146   Section        2  libshutdown2.o(.ARM.Collect$$libshutdown$$00000010)
    .ARM.Collect$$rtentry$$00000000          0x00000148   Section        0  __rtentry.o(.ARM.Collect$$rtentry$$00000000)
    .ARM.Collect$$rtentry$$00000002          0x00000148   Section        0  __rtentry2.o(.ARM.Collect$$rtentry$$00000002)
    .ARM.Collect$$rtentry$$00000004          0x00000148   Section        6  __rtentry4.o(.ARM.Collect$$rtentry$$00000004)
    .ARM.Collect$$rtentry$$00000009          0x0000014e   Section        0  __rtentry2.o(.ARM.Collect$$rtentry$$00000009)
    .ARM.Collect$$rtentry$$0000000A          0x0000014e   Section        4  __rtentry2.o(.ARM.Collect$$rtentry$$0000000A)
    .ARM.Collect$$rtentry$$0000000B          0x00000152   Section        8  __rtentry2.o(.ARM.Collect$$rtentry$$0000000B)
    .ARM.Collect$$rtentry$$0000000D          0x0000015a   Section        8  __rtentry2.o(.ARM.Collect$$rtentry$$0000000D)
    .ARM.Collect$$rtexit$$00000000           0x00000162   Section        2  rtexit.o(.ARM.Collect$$rtexit$$00000000)
    .ARM.Collect$$rtexit$$00000002           0x00000164   Section        0  rtexit2.o(.ARM.Collect$$rtexit$$00000002)
    .ARM.Collect$$rtexit$$00000003           0x00000164   Section        4  rtexit2.o(.ARM.Collect$$rtexit$$00000003)
    .ARM.Collect$$rtexit$$00000004           0x00000168   Section        6  rtexit2.o(.ARM.Collect$$rtexit$$00000004)
    .emb_text                                0x00000170   Section      304  hal_cm3.o(.emb_text)
    .text                                    0x000002a0   Section       64  startup_lpc17xx.o(.text)
    .text                                    0x000002e0   Section        8  libspace.o(.text)
    .text                                    0x000002e8   Section        0  heapauxi.o(.text)
    .text                                    0x000002f0   Section        0  sys_exit.o(.text)
    .ARM.__at_0x02FC                         0x000002fc   Section        4  startup_lpc17xx.o(.ARM.__at_0x02FC)
    .text                                    0x00000300   Section       74  sys_stackheap_outer.o(.text)
    .text                                    0x0000034a   Section        0  exit.o(.text)
    .text                                    0x0000035c   Section        2  use_no_semi.o(.text)
    .text                                    0x0000035e   Section        0  indicate_semi.o(.text)
    [Anonymous Symbol]                       0x00000360   Section        0  system_lpc17xx.o(.text.SystemInit)
    __tagsym$$used.0                         0x0000042c   Number         0  rtx_conf_cm.o(.text._mutex_acquire)
    [Anonymous Symbol]                       0x0000042c   Section        0  rtx_conf_cm.o(.text._mutex_acquire)
    __tagsym$$used.1                         0x00000450   Number         0  rtx_conf_cm.o(.text._mutex_release)
    [Anonymous Symbol]                       0x00000450   Section        0  rtx_conf_cm.o(.text._mutex_release)
    [Anonymous Symbol]                       0x00000470   Section        0  rtx_conf_cm.o(.text._platform_post_lib_init)
    [Anonymous Symbol]                       0x0000048c   Section        0  main.o(.text.ledapp)
    [Anonymous Symbol]                       0x000004c0   Section        0  main.o(.text.main)
    [Anonymous Symbol]                       0x000004dc   Section        0  rtx_conf_cm.o(.text.os_error)
    [Anonymous Symbol]                       0x000004e0   Section        0  rtx_conf_cm.o(.text.os_idle_demon)
    SVC_TABLE                                0x000004e4   Section        4  svc_table.o(SVC_TABLE)
    i._init_box                              0x000004e8   Section        0  rt_membox.o(i._init_box)
    i.dbg_init                               0x00000530   Section        0  hal_cm.o(i.dbg_init)
    i.dbg_task_notify                        0x00000560   Section        0  hal_cm.o(i.dbg_task_notify)
    i.dbg_task_switch                        0x00000580   Section        0  hal_cm.o(i.dbg_task_switch)
    i.isrMessageGet                          0x00000590   Section        0  rt_cmsis.o(i.isrMessageGet)
    i.isrMessagePut                          0x000005ba   Section        0  rt_cmsis.o(i.isrMessagePut)
    i.isr_mbx_receive                        0x000005e8   Section        0  rt_mailbox.o(i.isr_mbx_receive)
    i.isr_mbx_send                           0x0000063e   Section        0  rt_mailbox.o(i.isr_mbx_send)
    i.osDelay                                0x0000064c   Section        0  rt_cmsis.o(i.osDelay)
    i.osKernelInitialize                     0x00000664   Section        0  rt_cmsis.o(i.osKernelInitialize)
    i.osKernelStart                          0x00000688   Section        0  rt_cmsis.o(i.osKernelStart)
    i.osMessageGet                           0x000006f4   Section        0  rt_cmsis.o(i.osMessageGet)
    i.osThreadCreate                         0x0000070c   Section        0  rt_cmsis.o(i.osThreadCreate)
    i.osThreadExit                           0x00000738   Section        0  rt_cmsis.o(i.osThreadExit)
    i.osTimerCall                            0x00000750   Section        0  rt_cmsis.o(i.osTimerCall)
    i.osTimerThread                          0x0000075c   Section        0  rt_cmsis.o(i.osTimerThread)
    i.os_tick_init                           0x00000788   Section        0  rt_system.o(i.os_tick_init)
    i.os_tick_irqack                         0x000007b0   Section        0  rt_system.o(i.os_tick_irqack)
    i.rt_alloc_box                           0x000007b2   Section        0  rt_membox.o(i.rt_alloc_box)
    i.rt_alloc_mem                           0x000007cc   Section        0  rt_memory.o(i.rt_alloc_mem)
    i.rt_block                               0x0000080c   Section        0  rt_task.o(i.rt_block)
    i.rt_chk_robin                           0x00000844   Section        0  rt_robin.o(i.rt_chk_robin)
    i.rt_dec_dly                             0x0000088c   Section        0  rt_list.o(i.rt_dec_dly)
    i.rt_dispatch                            0x000008fc   Section        0  rt_task.o(i.rt_dispatch)
    i.rt_dly_wait                            0x00000940   Section        0  rt_time.o(i.rt_dly_wait)
    i.rt_evt_psh                             0x00000948   Section        0  rt_event.o(i.rt_evt_psh)
    i.rt_free_box                            0x00000998   Section        0  rt_membox.o(i.rt_free_box)
    i.rt_free_mem                            0x000009c4   Section        0  rt_memory.o(i.rt_free_mem)
    i.rt_get_first                           0x000009ec   Section        0  rt_list.o(i.rt_get_first)
    rt_id2obj                                0x00000a15   Thumb Code     8  rt_cmsis.o(i.rt_id2obj)
    i.rt_id2obj                              0x00000a14   Section        0  rt_cmsis.o(i.rt_id2obj)
    rt_init_context                          0x00000a1d   Thumb Code    66  rt_task.o(i.rt_init_context)
    i.rt_init_context                        0x00000a1c   Section        0  rt_task.o(i.rt_init_context)
    i.rt_init_mem                            0x00000a64   Section        0  rt_memory.o(i.rt_init_mem)
    i.rt_init_robin                          0x00000a80   Section        0  rt_robin.o(i.rt_init_robin)
    i.rt_init_stack                          0x00000a98   Section        0  hal_cm.o(i.rt_init_stack)
    i.rt_mbx_check                           0x00000b18   Section        0  rt_mailbox.o(i.rt_mbx_check)
    i.rt_mbx_init                            0x00000b20   Section        0  rt_mailbox.o(i.rt_mbx_init)
    i.rt_mbx_psh                             0x00000b3c   Section        0  rt_mailbox.o(i.rt_mbx_psh)
    i.rt_mbx_wait                            0x00000c2c   Section        0  rt_mailbox.o(i.rt_mbx_wait)
    rt_ms2tick                               0x00000ce1   Thumb Code    58  rt_cmsis.o(i.rt_ms2tick)
    i.rt_ms2tick                             0x00000ce0   Section        0  rt_cmsis.o(i.rt_ms2tick)
    i.rt_mut_release                         0x00000d24   Section        0  rt_mutex.o(i.rt_mut_release)
    i.rt_mut_wait                            0x00000dfc   Section        0  rt_mutex.o(i.rt_mut_wait)
    i.rt_pop_req                             0x00000e74   Section        0  rt_system.o(i.rt_pop_req)
    i.rt_psh_req                             0x00000ef0   Section        0  rt_system.o(i.rt_psh_req)
    i.rt_psq_enq                             0x00000f10   Section        0  rt_list.o(i.rt_psq_enq)
    i.rt_put_dly                             0x00000f6c   Section        0  rt_list.o(i.rt_put_dly)
    i.rt_put_prio                            0x00000fb4   Section        0  rt_list.o(i.rt_put_prio)
    i.rt_put_rdy_first                       0x00000fec   Section        0  rt_list.o(i.rt_put_rdy_first)
    i.rt_resort_prio                         0x00001000   Section        0  rt_list.o(i.rt_resort_prio)
    i.rt_ret_val                             0x00001034   Section        0  hal_cm.o(i.rt_ret_val)
    i.rt_ret_val2                            0x0000103a   Section        0  hal_cm.o(i.rt_ret_val2)
    i.rt_rmv_dly                             0x00001042   Section        0  rt_list.o(i.rt_rmv_dly)
    i.rt_rmv_list                            0x0000106c   Section        0  rt_list.o(i.rt_rmv_list)
    i.rt_sem_psh                             0x0000109c   Section        0  rt_semaphore.o(i.rt_sem_psh)
    i.rt_stk_check                           0x000010d0   Section        0  rt_system.o(i.rt_stk_check)
    i.rt_switch_req                          0x000010f4   Section        0  rt_task.o(i.rt_switch_req)
    i.rt_sys_init                            0x0000111c   Section        0  rt_task.o(i.rt_sys_init)
    i.rt_sys_start                           0x000011e8   Section        0  rt_task.o(i.rt_sys_start)
    i.rt_systick                             0x00001260   Section        0  rt_system.o(i.rt_systick)
    rt_tid2ptcb                              0x000012a1   Thumb Code    18  rt_cmsis.o(i.rt_tid2ptcb)
    i.rt_tid2ptcb                            0x000012a0   Section        0  rt_cmsis.o(i.rt_tid2ptcb)
    rt_timer_insert                          0x000012b5   Thumb Code    48  rt_cmsis.o(i.rt_timer_insert)
    i.rt_timer_insert                        0x000012b4   Section        0  rt_cmsis.o(i.rt_timer_insert)
    i.rt_tsk_create                          0x000012e8   Section        0  rt_task.o(i.rt_tsk_create)
    i.rt_tsk_delete                          0x00001370   Section        0  rt_task.o(i.rt_tsk_delete)
    i.rt_tsk_prio                            0x000014ec   Section        0  rt_task.o(i.rt_tsk_prio)
    i.rt_tsk_self                            0x00001568   Section        0  rt_task.o(i.rt_tsk_self)
    i.svcDelay                               0x00001578   Section        0  rt_cmsis.o(i.svcDelay)
    i.svcKernelInitialize                    0x0000158c   Section        0  rt_cmsis.o(i.svcKernelInitialize)
    i.svcKernelStart                         0x000015fc   Section        0  rt_cmsis.o(i.svcKernelStart)
    i.svcMessageCreate                       0x00001644   Section        0  rt_cmsis.o(i.svcMessageCreate)
    i.svcMessageGet                          0x00001668   Section        0  rt_cmsis.o(i.svcMessageGet)
    i.svcThreadCreate                        0x000016a4   Section        0  rt_cmsis.o(i.svcThreadCreate)
    i.svcThreadGetId                         0x00001710   Section        0  rt_cmsis.o(i.svcThreadGetId)
    i.svcThreadTerminate                     0x0000172c   Section        0  rt_cmsis.o(i.svcThreadTerminate)
    i.svcTimerCall                           0x00001764   Section        0  rt_cmsis.o(i.svcTimerCall)
    i.sysTimerTick                           0x0000177c   Section        0  rt_cmsis.o(i.sysTimerTick)
    __tagsym$$used.2                         0x000017d8   Number         0  rtx_conf_cm.o(.rodata.CMSIS_RTOS_API_Version)
    __tagsym$$used.3                         0x000017dc   Number         0  rtx_conf_cm.o(.rodata.CMSIS_RTOS_RTX_Version)
    __tagsym$$used.4                         0x000017e8   Number         0  rtx_conf_cm.o(.rodata.os_clockrate)
    __tagsym$$used.5                         0x00001834   Number         0  rtx_conf_cm.o(.rodata.os_timernum)
    .data                                    0x10000004   Section        8  rt_cmsis.o(.data)
    .data                                    0x1000000c   Section        8  rt_task.o(.data)
    os_lock                                  0x10000014   Data           1  rt_system.o(.data)
    .data                                    0x10000014   Section        8  rt_system.o(.data)
    os_psh_flag                              0x10000015   Data           1  rt_system.o(.data)
    pend_flags                               0x10000016   Data           1  rt_system.o(.data)
    .data                                    0x1000001c   Section        4  rt_time.o(.data)
    .data                                    0x10000020   Section        8  rt_robin.o(.data)
    .data                                    0x10000028   Section        1  hal_cm.o(.data)
    .bss                                     0x10000030   Section       52  rt_task.o(.bss)
    .bss                                     0x10000064   Section       48  rt_list.o(.bss)
    .bss                                     0x10000094   Section       96  libspace.o(.bss)
    Heap_Mem                                 0x100009a8   Data         256  startup_lpc17xx.o(HEAP)
    HEAP                                     0x100009a8   Section      256  startup_lpc17xx.o(HEAP)
    Stack_Mem                                0x10000aa8   Data         512  startup_lpc17xx.o(STACK)
    STACK                                    0x10000aa8   Section      512  startup_lpc17xx.o(STACK)
    __initial_sp                             0x10000ca8   Data           0  startup_lpc17xx.o(STACK)

    Global Symbols

    Symbol Name                              Value     Ov Type        Size  Object(Section)

    BuildAttributes$$THM_ISAv4$P$D$K$B$S$PE$A:L22UL41UL21$X:L11$S22US41US21$IEEE1$IW$~IW$USESV6$~STKCKD$USESV7$~SHL$OTIME$ROPI$EBA8$UX$STANDARDLIB$REQ8$PRES8$EABIv2 0x00000000   Number         0  anon$$obj.o ABSOLUTE
    __Vectors                                0x00000000   Data           4  startup_lpc17xx.o(RESET)
    __fp_init_empty                          0x00000000   Number         0  fpinit_empty.o ABSOLUTE
    __ARM_exceptions_init                     - Undefined Weak Reference
    __alloca_initialize                       - Undefined Weak Reference
    __arm_preinit_                            - Undefined Weak Reference
    __cpp_initialize__aeabi_                  - Undefined Weak Reference
    __cxa_finalize                            - Undefined Weak Reference
    __rt_locale                               - Undefined Weak Reference
    __sigvec_lookup                           - Undefined Weak Reference
    _atexit_init                              - Undefined Weak Reference
    _call_atexit_fns                          - Undefined Weak Reference
    _clock_init                               - Undefined Weak Reference
    _fp_trap_init                             - Undefined Weak Reference
    _fp_trap_shutdown                         - Undefined Weak Reference
    _get_lc_collate                           - Undefined Weak Reference
    _get_lc_ctype                             - Undefined Weak Reference
    _get_lc_monetary                          - Undefined Weak Reference
    _get_lc_numeric                           - Undefined Weak Reference
    _get_lc_time                              - Undefined Weak Reference
    _getenv_init                              - Undefined Weak Reference
    _handle_redirection                       - Undefined Weak Reference
    _init_alloc                               - Undefined Weak Reference
    _init_user_alloc                          - Undefined Weak Reference
    _initio                                   - Undefined Weak Reference
    _rand_init                                - Undefined Weak Reference
    _signal_finish                            - Undefined Weak Reference
    _signal_init                              - Undefined Weak Reference
    _terminate_alloc                          - Undefined Weak Reference
    _terminate_user_alloc                     - Undefined Weak Reference
    _terminateio                              - Undefined Weak Reference
    __main                                   0x000000cd   Thumb Code     8  __main.o(!!!main)
    __scatterload                            0x000000d5   Thumb Code     0  __scatter.o(!!!scatter)
    __scatterload_rt2                        0x000000d5   Thumb Code    44  __scatter.o(!!!scatter)
    __scatterload_rt2_thumb_only             0x000000d5   Thumb Code     0  __scatter.o(!!!scatter)
    __scatterload_null                       0x000000e3   Thumb Code     0  __scatter.o(!!!scatter)
    __scatterload_copy                       0x00000109   Thumb Code    26  __scatter_copy.o(!!handler_copy)
    __scatterload_zeroinit                   0x00000125   Thumb Code    28  __scatter_zi.o(!!handler_zi)
    __rt_lib_init                            0x00000141   Thumb Code     0  libinit.o(.ARM.Collect$$libinit$$00000000)
    __rt_lib_init_alloca_1                   0x00000143   Thumb Code     0  libinit2.o(.ARM.Collect$$libinit$$0000002E)
    __rt_lib_init_argv_1                     0x00000143   Thumb Code     0  libinit2.o(.ARM.Collect$$libinit$$0000002C)
    __rt_lib_init_atexit_1                   0x00000143   Thumb Code     0  libinit2.o(.ARM.Collect$$libinit$$0000001B)
    __rt_lib_init_clock_1                    0x00000143   Thumb Code     0  libinit2.o(.ARM.Collect$$libinit$$00000021)
    __rt_lib_init_cpp_1                      0x00000143   Thumb Code     0  libinit2.o(.ARM.Collect$$libinit$$00000032)
    __rt_lib_init_exceptions_1               0x00000143   Thumb Code     0  libinit2.o(.ARM.Collect$$libinit$$00000030)
    __rt_lib_init_fp_1                       0x00000143   Thumb Code     0  libinit2.o(.ARM.Collect$$libinit$$00000002)
    __rt_lib_init_fp_trap_1                  0x00000143   Thumb Code     0  libinit2.o(.ARM.Collect$$libinit$$0000001F)
    __rt_lib_init_getenv_1                   0x00000143   Thumb Code     0  libinit2.o(.ARM.Collect$$libinit$$00000023)
    __rt_lib_init_heap_1                     0x00000143   Thumb Code     0  libinit2.o(.ARM.Collect$$libinit$$0000000A)
    __rt_lib_init_lc_collate_1               0x00000143   Thumb Code     0  libinit2.o(.ARM.Collect$$libinit$$00000011)
    __rt_lib_init_lc_ctype_1                 0x00000143   Thumb Code     0  libinit2.o(.ARM.Collect$$libinit$$00000013)
    __rt_lib_init_lc_monetary_1              0x00000143   Thumb Code     0  libinit2.o(.ARM.Collect$$libinit$$00000015)
    __rt_lib_init_lc_numeric_1               0x00000143   Thumb Code     0  libinit2.o(.ARM.Collect$$libinit$$00000017)
    __rt_lib_init_lc_time_1                  0x00000143   Thumb Code     0  libinit2.o(.ARM.Collect$$libinit$$00000019)
    __rt_lib_init_preinit_1                  0x00000143   Thumb Code     0  libinit2.o(.ARM.Collect$$libinit$$00000004)
    __rt_lib_init_rand_1                     0x00000143   Thumb Code     0  libinit2.o(.ARM.Collect$$libinit$$0000000E)
    __rt_lib_init_return                     0x00000143   Thumb Code     0  libinit2.o(.ARM.Collect$$libinit$$00000033)
    __rt_lib_init_signal_1                   0x00000143   Thumb Code     0  libinit2.o(.ARM.Collect$$libinit$$0000001D)
    __rt_lib_init_stdio_1                    0x00000143   Thumb Code     0  libinit2.o(.ARM.Collect$$libinit$$00000025)
    __rt_lib_init_user_alloc_1               0x00000143   Thumb Code     0  libinit2.o(.ARM.Collect$$libinit$$0000000C)
    __rt_lib_shutdown                        0x00000145   Thumb Code     0  libshutdown.o(.ARM.Collect$$libshutdown$$00000000)
    __rt_lib_shutdown_cpp_1                  0x00000147   Thumb Code     0  libshutdown2.o(.ARM.Collect$$libshutdown$$00000002)
    __rt_lib_shutdown_fp_trap_1              0x00000147   Thumb Code     0  libshutdown2.o(.ARM.Collect$$libshutdown$$00000007)
    __rt_lib_shutdown_heap_1                 0x00000147   Thumb Code     0  libshutdown2.o(.ARM.Collect$$libshutdown$$0000000F)
    __rt_lib_shutdown_return                 0x00000147   Thumb Code     0  libshutdown2.o(.ARM.Collect$$libshutdown$$00000010)
    __rt_lib_shutdown_signal_1               0x00000147   Thumb Code     0  libshutdown2.o(.ARM.Collect$$libshutdown$$0000000A)
    __rt_lib_shutdown_stdio_1                0x00000147   Thumb Code     0  libshutdown2.o(.ARM.Collect$$libshutdown$$00000004)
    __rt_lib_shutdown_user_alloc_1           0x00000147   Thumb Code     0  libshutdown2.o(.ARM.Collect$$libshutdown$$0000000C)
    __rt_entry                               0x00000149   Thumb Code     0  __rtentry.o(.ARM.Collect$$rtentry$$00000000)
    __rt_entry_presh_1                       0x00000149   Thumb Code     0  __rtentry2.o(.ARM.Collect$$rtentry$$00000002)
    __rt_entry_sh                            0x00000149   Thumb Code     0  __rtentry4.o(.ARM.Collect$$rtentry$$00000004)
    __rt_entry_li                            0x0000014f   Thumb Code     0  __rtentry2.o(.ARM.Collect$$rtentry$$0000000A)
    __rt_entry_postsh_1                      0x0000014f   Thumb Code     0  __rtentry2.o(.ARM.Collect$$rtentry$$00000009)
    __rt_entry_postli_1                      0x00000153   Thumb Code     0  __rtentry2.o(.ARM.Collect$$rtentry$$0000000B)
    __rt_entry_main                          0x0000015b   Thumb Code     0  __rtentry2.o(.ARM.Collect$$rtentry$$0000000D)
    __rt_exit                                0x00000163   Thumb Code     0  rtexit.o(.ARM.Collect$$rtexit$$00000000)
    __rt_exit_ls                             0x00000165   Thumb Code     0  rtexit2.o(.ARM.Collect$$rtexit$$00000003)
    __rt_exit_prels_1                        0x00000165   Thumb Code     0  rtexit2.o(.ARM.Collect$$rtexit$$00000002)
    __rt_exit_exit                           0x00000169   Thumb Code     0  rtexit2.o(.ARM.Collect$$rtexit$$00000004)
    rt_set_PSP                               0x00000171   Thumb Code     6  hal_cm3.o(.emb_text)
    rt_get_PSP                               0x00000177   Thumb Code     6  hal_cm3.o(.emb_text)
    os_set_env                               0x0000017d   Thumb Code    24  hal_cm3.o(.emb_text)
    _alloc_box                               0x00000199   Thumb Code    28  hal_cm3.o(.emb_text)
    _free_box                                0x000001b9   Thumb Code    28  hal_cm3.o(.emb_text)
    SVC_Handler                              0x000001d9   Thumb Code   108  hal_cm3.o(.emb_text)
    PendSV_Handler                           0x00000251   Thumb Code    56  hal_cm3.o(.emb_text)
    SysTick_Handler                          0x0000028d   Thumb Code     8  hal_cm3.o(.emb_text)
    OS_Tick_Handler                          0x00000295   Thumb Code    12  hal_cm3.o(.emb_text)
    Reset_Handler                            0x000002a1   Thumb Code     8  startup_lpc17xx.o(.text)
    NMI_Handler                              0x000002a9   Thumb Code     2  startup_lpc17xx.o(.text)
    HardFault_Handler                        0x000002ab   Thumb Code     2  startup_lpc17xx.o(.text)
    MemManage_Handler                        0x000002ad   Thumb Code     2  startup_lpc17xx.o(.text)
    BusFault_Handler                         0x000002af   Thumb Code     2  startup_lpc17xx.o(.text)
    UsageFault_Handler                       0x000002b1   Thumb Code     2  startup_lpc17xx.o(.text)
    DebugMon_Handler                         0x000002b5   Thumb Code     2  startup_lpc17xx.o(.text)
    ADC_IRQHandler                           0x000002bb   Thumb Code     0  startup_lpc17xx.o(.text)
    BOD_IRQHandler                           0x000002bb   Thumb Code     0  startup_lpc17xx.o(.text)
    CANActivity_IRQHandler                   0x000002bb   Thumb Code     0  startup_lpc17xx.o(.text)
    CAN_IRQHandler                           0x000002bb   Thumb Code     0  startup_lpc17xx.o(.text)
    DMA_IRQHandler                           0x000002bb   Thumb Code     0  startup_lpc17xx.o(.text)
    EINT0_IRQHandler                         0x000002bb   Thumb Code     0  startup_lpc17xx.o(.text)
    EINT1_IRQHandler                         0x000002bb   Thumb Code     0  startup_lpc17xx.o(.text)
    EINT2_IRQHandler                         0x000002bb   Thumb Code     0  startup_lpc17xx.o(.text)
    EINT3_IRQHandler                         0x000002bb   Thumb Code     0  startup_lpc17xx.o(.text)
    ENET_IRQHandler                          0x000002bb   Thumb Code     0  startup_lpc17xx.o(.text)
    I2C0_IRQHandler                          0x000002bb   Thumb Code     0  startup_lpc17xx.o(.text)
    I2C1_IRQHandler                          0x000002bb   Thumb Code     0  startup_lpc17xx.o(.text)
    I2C2_IRQHandler                          0x000002bb   Thumb Code     0  startup_lpc17xx.o(.text)
    I2S_IRQHandler                           0x000002bb   Thumb Code     0  startup_lpc17xx.o(.text)
    MCPWM_IRQHandler                         0x000002bb   Thumb Code     0  startup_lpc17xx.o(.text)
    PLL0_IRQHandler                          0x000002bb   Thumb Code     0  startup_lpc17xx.o(.text)
    PLL1_IRQHandler                          0x000002bb   Thumb Code     0  startup_lpc17xx.o(.text)
    PWM1_IRQHandler                          0x000002bb   Thumb Code     0  startup_lpc17xx.o(.text)
    QEI_IRQHandler                           0x000002bb   Thumb Code     0  startup_lpc17xx.o(.text)
    RIT_IRQHandler                           0x000002bb   Thumb Code     0  startup_lpc17xx.o(.text)
    RTC_IRQHandler                           0x000002bb   Thumb Code     0  startup_lpc17xx.o(.text)
    SPI_IRQHandler                           0x000002bb   Thumb Code     0  startup_lpc17xx.o(.text)
    SSP0_IRQHandler                          0x000002bb   Thumb Code     0  startup_lpc17xx.o(.text)
    SSP1_IRQHandler                          0x000002bb   Thumb Code     0  startup_lpc17xx.o(.text)
    TIMER0_IRQHandler                        0x000002bb   Thumb Code     0  startup_lpc17xx.o(.text)
    TIMER1_IRQHandler                        0x000002bb   Thumb Code     0  startup_lpc17xx.o(.text)
    TIMER2_IRQHandler                        0x000002bb   Thumb Code     0  startup_lpc17xx.o(.text)
    TIMER3_IRQHandler                        0x000002bb   Thumb Code     0  startup_lpc17xx.o(.text)
    UART0_IRQHandler                         0x000002bb   Thumb Code     0  startup_lpc17xx.o(.text)
    UART1_IRQHandler                         0x000002bb   Thumb Code     0  startup_lpc17xx.o(.text)
    UART2_IRQHandler                         0x000002bb   Thumb Code     0  startup_lpc17xx.o(.text)
    UART3_IRQHandler                         0x000002bb   Thumb Code     0  startup_lpc17xx.o(.text)
    USBActivity_IRQHandler                   0x000002bb   Thumb Code     0  startup_lpc17xx.o(.text)
    USB_IRQHandler                           0x000002bb   Thumb Code     0  startup_lpc17xx.o(.text)
    WDT_IRQHandler                           0x000002bb   Thumb Code     0  startup_lpc17xx.o(.text)
    __user_initial_stackheap                 0x000002bd   Thumb Code     0  startup_lpc17xx.o(.text)
    __user_libspace                          0x000002e1   Thumb Code     8  libspace.o(.text)
    __user_perproc_libspace                  0x000002e1   Thumb Code     0  libspace.o(.text)
    __use_two_region_memory                  0x000002e9   Thumb Code     2  heapauxi.o(.text)
    __rt_heap_escrow$2region                 0x000002eb   Thumb Code     2  heapauxi.o(.text)
    __rt_heap_expand$2region                 0x000002ed   Thumb Code     2  heapauxi.o(.text)
    _sys_exit                                0x000002f1   Thumb Code     8  sys_exit.o(.text)
    __user_setup_stackheap                   0x00000301   Thumb Code    74  sys_stackheap_outer.o(.text)
    exit                                     0x0000034b   Thumb Code    18  exit.o(.text)
    __I$use$semihosting                      0x0000035d   Thumb Code     0  use_no_semi.o(.text)
    __use_no_semihosting_swi                 0x0000035d   Thumb Code     2  use_no_semi.o(.text)
    __semihosting_library_function           0x0000035f   Thumb Code     0  indicate_semi.o(.text)
    SystemInit                               0x00000361   Thumb Code   204  system_lpc17xx.o(.text.SystemInit)
    _mutex_acquire                           0x0000042d   Thumb Code    34  rtx_conf_cm.o(.text._mutex_acquire)
    _mutex_release                           0x00000451   Thumb Code    30  rtx_conf_cm.o(.text._mutex_release)
    _platform_post_lib_init                  0x00000471   Thumb Code    26  rtx_conf_cm.o(.text._platform_post_lib_init)
    __RL_RTX_VER                             0x00000482   Number         0  rt_system.o ABSOLUTE
    ledapp                                   0x0000048d   Thumb Code    50  main.o(.text.ledapp)
    main                                     0x000004c1   Thumb Code    28  main.o(.text.main)
    os_error                                 0x000004dd   Thumb Code     2  rtx_conf_cm.o(.text.os_error)
    os_idle_demon                            0x000004e1   Thumb Code     2  rtx_conf_cm.o(.text.os_idle_demon)
    SVC_Count                                0x000004e4   Data           4  svc_table.o(SVC_TABLE)
    SVC_Table                                0x000004e8   Data           0  svc_table.o(SVC_TABLE)
    _init_box                                0x000004e9   Thumb Code    70  rt_membox.o(i._init_box)
    dbg_init                                 0x00000531   Thumb Code    34  hal_cm.o(i.dbg_init)
    dbg_task_notify                          0x00000561   Thumb Code    32  hal_cm.o(i.dbg_task_notify)
    dbg_task_switch                          0x00000581   Thumb Code    16  hal_cm.o(i.dbg_task_switch)
    isrMessageGet                            0x00000591   Thumb Code    42  rt_cmsis.o(i.isrMessageGet)
    isrMessagePut                            0x000005bb   Thumb Code    44  rt_cmsis.o(i.isrMessagePut)
    isr_mbx_receive                          0x000005e9   Thumb Code    86  rt_mailbox.o(i.isr_mbx_receive)
    isr_mbx_send                             0x0000063f   Thumb Code    14  rt_mailbox.o(i.isr_mbx_send)
    osDelay                                  0x0000064d   Thumb Code    18  rt_cmsis.o(i.osDelay)
    osKernelInitialize                       0x00000665   Thumb Code    30  rt_cmsis.o(i.osKernelInitialize)
    osKernelStart                            0x00000689   Thumb Code    98  rt_cmsis.o(i.osKernelStart)
    osMessageGet                             0x000006f5   Thumb Code    18  rt_cmsis.o(i.osMessageGet)
    osThreadCreate                           0x0000070d   Thumb Code    36  rt_cmsis.o(i.osThreadCreate)
    osThreadExit                             0x00000739   Thumb Code    14  rt_cmsis.o(i.osThreadExit)
    osTimerCall                              0x00000751   Thumb Code     8  rt_cmsis.o(i.osTimerCall)
    osTimerThread                            0x0000075d   Thumb Code    38  rt_cmsis.o(i.osTimerThread)
    os_tick_init                             0x00000789   Thumb Code    32  rt_system.o(i.os_tick_init)
    os_tick_irqack                           0x000007b1   Thumb Code     2  rt_system.o(i.os_tick_irqack)
    rt_alloc_box                             0x000007b3   Thumb Code    26  rt_membox.o(i.rt_alloc_box)
    rt_alloc_mem                             0x000007cd   Thumb Code    62  rt_memory.o(i.rt_alloc_mem)
    rt_block                                 0x0000080d   Thumb Code    48  rt_task.o(i.rt_block)
    rt_chk_robin                             0x00000845   Thumb Code    60  rt_robin.o(i.rt_chk_robin)
    rt_dec_dly                               0x0000088d   Thumb Code   102  rt_list.o(i.rt_dec_dly)
    rt_dispatch                              0x000008fd   Thumb Code    60  rt_task.o(i.rt_dispatch)
    rt_dly_wait                              0x00000941   Thumb Code     6  rt_time.o(i.rt_dly_wait)
    rt_evt_psh                               0x00000949   Thumb Code    76  rt_event.o(i.rt_evt_psh)
    rt_free_box                              0x00000999   Thumb Code    44  rt_membox.o(i.rt_free_box)
    rt_free_mem                              0x000009c5   Thumb Code    40  rt_memory.o(i.rt_free_mem)
    rt_get_first                             0x000009ed   Thumb Code    40  rt_list.o(i.rt_get_first)
    rt_init_mem                              0x00000a65   Thumb Code    26  rt_memory.o(i.rt_init_mem)
    rt_init_robin                            0x00000a81   Thumb Code    14  rt_robin.o(i.rt_init_robin)
    rt_init_stack                            0x00000a99   Thumb Code   118  hal_cm.o(i.rt_init_stack)
    rt_mbx_check                             0x00000b19   Thumb Code     8  rt_mailbox.o(i.rt_mbx_check)
    rt_mbx_init                              0x00000b21   Thumb Code    26  rt_mailbox.o(i.rt_mbx_init)
    rt_mbx_psh                               0x00000b3d   Thumb Code   236  rt_mailbox.o(i.rt_mbx_psh)
    rt_mbx_wait                              0x00000c2d   Thumb Code   174  rt_mailbox.o(i.rt_mbx_wait)
    rt_mut_release                           0x00000d25   Thumb Code   208  rt_mutex.o(i.rt_mut_release)
    rt_mut_wait                              0x00000dfd   Thumb Code   114  rt_mutex.o(i.rt_mut_wait)
    rt_pop_req                               0x00000e75   Thumb Code   112  rt_system.o(i.rt_pop_req)
    rt_psh_req                               0x00000ef1   Thumb Code    22  rt_system.o(i.rt_psh_req)
    rt_psq_enq                               0x00000f11   Thumb Code    88  rt_list.o(i.rt_psq_enq)
    rt_put_dly                               0x00000f6d   Thumb Code    68  rt_list.o(i.rt_put_dly)
    rt_put_prio                              0x00000fb5   Thumb Code    54  rt_list.o(i.rt_put_prio)
    rt_put_rdy_first                         0x00000fed   Thumb Code    14  rt_list.o(i.rt_put_rdy_first)
    rt_resort_prio                           0x00001001   Thumb Code    46  rt_list.o(i.rt_resort_prio)
    rt_ret_val                               0x00001035   Thumb Code     6  hal_cm.o(i.rt_ret_val)
    rt_ret_val2                              0x0000103b   Thumb Code     8  hal_cm.o(i.rt_ret_val2)
    rt_rmv_dly                               0x00001043   Thumb Code    40  rt_list.o(i.rt_rmv_dly)
    rt_rmv_list                              0x0000106d   Thumb Code    44  rt_list.o(i.rt_rmv_list)
    rt_sem_psh                               0x0000109d   Thumb Code    48  rt_semaphore.o(i.rt_sem_psh)
    rt_stk_check                             0x000010d1   Thumb Code    28  rt_system.o(i.rt_stk_check)
    rt_switch_req                            0x000010f5   Thumb Code    30  rt_task.o(i.rt_switch_req)
    rt_sys_init                              0x0000111d   Thumb Code   138  rt_task.o(i.rt_sys_init)
    rt_sys_start                             0x000011e9   Thumb Code   110  rt_task.o(i.rt_sys_start)
    rt_systick                               0x00001261   Thumb Code    50  rt_system.o(i.rt_systick)
    rt_tsk_create                            0x000012e9   Thumb Code   118  rt_task.o(i.rt_tsk_create)
    rt_tsk_delete                            0x00001371   Thumb Code   352  rt_task.o(i.rt_tsk_delete)
    rt_tsk_prio                              0x000014ed   Thumb Code   108  rt_task.o(i.rt_tsk_prio)
    rt_tsk_self                              0x00001569   Thumb Code    12  rt_task.o(i.rt_tsk_self)
    svcDelay                                 0x00001579   Thumb Code    18  rt_cmsis.o(i.svcDelay)
    svcKernelInitialize                      0x0000158d   Thumb Code    80  rt_cmsis.o(i.svcKernelInitialize)
    svcKernelStart                           0x000015fd   Thumb Code    62  rt_cmsis.o(i.svcKernelStart)
    svcMessageCreate                         0x00001645   Thumb Code    36  rt_cmsis.o(i.svcMessageCreate)
    svcMessageGet                            0x00001669   Thumb Code    58  rt_cmsis.o(i.svcMessageGet)
    svcThreadCreate                          0x000016a5   Thumb Code    96  rt_cmsis.o(i.svcThreadCreate)
    svcThreadGetId                           0x00001711   Thumb Code    22  rt_cmsis.o(i.svcThreadGetId)
    svcThreadTerminate                       0x0000172d   Thumb Code    50  rt_cmsis.o(i.svcThreadTerminate)
    svcTimerCall                             0x00001765   Thumb Code    24  rt_cmsis.o(i.svcTimerCall)
    sysTimerTick                             0x0000177d   Thumb Code    84  rt_cmsis.o(i.sysTimerTick)
    CMSIS_RTOS_API_Version                   0x000017d8   Data           4  rtx_conf_cm.o(.rodata.CMSIS_RTOS_API_Version)
    CMSIS_RTOS_RTX_Version                   0x000017dc   Data           4  rtx_conf_cm.o(.rodata.CMSIS_RTOS_RTX_Version)
    mp_stk_size                              0x000017e0   Data           4  rtx_conf_cm.o(.rodata.mp_stk_size)
    mp_tcb_size                              0x000017e4   Data           2  rtx_conf_cm.o(.rodata.mp_tcb_size)
    mp_tmr_size                              0x000017e6   Data           2  rtx_conf_cm.o(.rodata.mp_tmr_size)
    os_clockrate                             0x000017e8   Data           4  rtx_conf_cm.o(.rodata.os_clockrate)
    os_fifo_size                             0x000017ec   Data           1  rtx_conf_cm.o(.rodata.os_fifo_size)
    os_flags                                 0x000017ed   Data           1  rtx_conf_cm.o(.rodata.os_flags)
    os_maxtaskrun                            0x000017ee   Data           2  rtx_conf_cm.o(.rodata.os_maxtaskrun)
    os_messageQ_def_osTimerMessageQ          0x000017f0   Data           8  rtx_conf_cm.o(.rodata.os_messageQ_def_osTimerMessageQ)
    os_rrobin                                0x000017f8   Data           4  rtx_conf_cm.o(.rodata.os_rrobin)
    os_stack_sz                              0x000017fc   Data           4  rtx_conf_cm.o(.rodata.os_stack_sz)
    os_stackinfo                             0x00001800   Data           4  rtx_conf_cm.o(.rodata.os_stackinfo)
    os_thread_def_ledapp                     0x00001804   Data          16  main.o(.rodata.os_thread_def_ledapp)
    os_thread_def_main                       0x00001814   Data          16  rtx_conf_cm.o(.rodata.os_thread_def_main)
    os_thread_def_osTimerThread              0x00001824   Data          16  rtx_conf_cm.o(.rodata.os_thread_def_osTimerThread)
    os_timernum                              0x00001834   Data           4  rtx_conf_cm.o(.rodata.os_timernum)
    os_trv                                   0x00001838   Data           4  rtx_conf_cm.o(.rodata.os_trv)
    Region$$Table$$Base                      0x0000183c   Number         0  anon$$obj.o(Region$$Table)
    Region$$Table$$Limit                     0x0000185c   Number         0  anon$$obj.o(Region$$Table)
    __ARM_use_no_argv                        0x10000000   Data           4  main.o(.ARM.use_no_argv)
    os_initialized                           0x10000004   Data           1  rt_cmsis.o(.data)
    os_running                               0x10000005   Data           1  rt_cmsis.o(.data)
    os_timer_head                            0x10000008   Data           4  rt_cmsis.o(.data)
    os_tsk                                   0x1000000c   Data           8  rt_task.o(.data)
    os_tick_irqn                             0x10000018   Data           4  rt_system.o(.data)
    os_time                                  0x1000001c   Data           4  rt_time.o(.data)
    os_robin                                 0x10000020   Data           8  rt_robin.o(.data)
    dbg_msg                                  0x10000028   Data           1  hal_cm.o(.data)
    os_idle_TCB                              0x10000030   Data          52  rt_task.o(.bss)
    os_rdy                                   0x10000064   Data          24  rt_list.o(.bss)
    os_dly                                   0x1000007c   Data          24  rt_list.o(.bss)
    __libspace_start                         0x10000094   Data          96  libspace.o(.bss)
    __temporary_stack_top$libspace           0x100000f4   Data           0  libspace.o(.bss)
    m_tmr                                    0x100000f4   Data           4  rtx_conf_cm.o(.bss.m_tmr)
    mp_stk                                   0x100000f8   Data        1216  rtx_conf_cm.o(.bss.mp_stk)
    mp_tcb                                   0x100005b8   Data         376  rtx_conf_cm.o(.bss.mp_tcb)
    osMessageQId_osTimerMessageQ             0x10000730   Data           4  rtx_conf_cm.o(.bss.osMessageQId_osTimerMessageQ)
    osThreadId_osTimerThread                 0x10000734   Data           4  rtx_conf_cm.o(.bss.osThreadId_osTimerThread)
    os_active_TCB                            0x10000738   Data          28  rtx_conf_cm.o(.bss.os_active_TCB)
    os_fifo                                  0x10000754   Data         132  rtx_conf_cm.o(.bss.os_fifo)
    os_messageQ_q_osTimerMessageQ            0x100007d8   Data          32  rtx_conf_cm.o(.bss.os_messageQ_q_osTimerMessageQ)
    os_stack_mem                             0x100007f8   Data         432  rtx_conf_cm.o(.bss.os_stack_mem)



==============================================================================

Memory Map of the image

  Image Entry point : 0x000000cd

  Load Region LR_IROM1 (Base: 0x00000000, Size: 0x00001890, Max: 0x00080000, ABSOLUTE)

    Execution Region ER_IROM1 (Exec base: 0x00000000, Load base: 0x00000000, Size: 0x0000185c, Max: 0x00080000, ABSOLUTE)

    Exec Addr    Load Addr    Size         Type   Attr      Idx    E Section Name        Object

    0x00000000   0x00000000   0x000000cc   Data   RO           77    RESET               startup_lpc17xx.o
    0x000000cc   0x000000cc   0x00000008   Code   RO         1320  * !!!main             c_w.l(__main.o)
    0x000000d4   0x000000d4   0x00000034   Code   RO         1489    !!!scatter          c_w.l(__scatter.o)
    0x00000108   0x00000108   0x0000001a   Code   RO         1491    !!handler_copy      c_w.l(__scatter_copy.o)
    0x00000122   0x00000122   0x00000002   PAD
    0x00000124   0x00000124   0x0000001c   Code   RO         1493    !!handler_zi        c_w.l(__scatter_zi.o)
    0x00000140   0x00000140   0x00000002   Code   RO         1356    .ARM.Collect$$libinit$$00000000  c_w.l(libinit.o)
    0x00000142   0x00000142   0x00000000   Code   RO         1366    .ARM.Collect$$libinit$$00000002  c_w.l(libinit2.o)
    0x00000142   0x00000142   0x00000000   Code   RO         1368    .ARM.Collect$$libinit$$00000004  c_w.l(libinit2.o)
    0x00000142   0x00000142   0x00000000   Code   RO         1371    .ARM.Collect$$libinit$$0000000A  c_w.l(libinit2.o)
    0x00000142   0x00000142   0x00000000   Code   RO         1373    .ARM.Collect$$libinit$$0000000C  c_w.l(libinit2.o)
    0x00000142   0x00000142   0x00000000   Code   RO         1375    .ARM.Collect$$libinit$$0000000E  c_w.l(libinit2.o)
    0x00000142   0x00000142   0x00000000   Code   RO         1378    .ARM.Collect$$libinit$$00000011  c_w.l(libinit2.o)
    0x00000142   0x00000142   0x00000000   Code   RO         1380    .ARM.Collect$$libinit$$00000013  c_w.l(libinit2.o)
    0x00000142   0x00000142   0x00000000   Code   RO         1382    .ARM.Collect$$libinit$$00000015  c_w.l(libinit2.o)
    0x00000142   0x00000142   0x00000000   Code   RO         1384    .ARM.Collect$$libinit$$00000017  c_w.l(libinit2.o)
    0x00000142   0x00000142   0x00000000   Code   RO         1386    .ARM.Collect$$libinit$$00000019  c_w.l(libinit2.o)
    0x00000142   0x00000142   0x00000000   Code   RO         1388    .ARM.Collect$$libinit$$0000001B  c_w.l(libinit2.o)
    0x00000142   0x00000142   0x00000000   Code   RO         1390    .ARM.Collect$$libinit$$0000001D  c_w.l(libinit2.o)
    0x00000142   0x00000142   0x00000000   Code   RO         1392    .ARM.Collect$$libinit$$0000001F  c_w.l(libinit2.o)
    0x00000142   0x00000142   0x00000000   Code   RO         1394    .ARM.Collect$$libinit$$00000021  c_w.l(libinit2.o)
    0x00000142   0x00000142   0x00000000   Code   RO         1396    .ARM.Collect$$libinit$$00000023  c_w.l(libinit2.o)
    0x00000142   0x00000142   0x00000000   Code   RO         1398    .ARM.Collect$$libinit$$00000025  c_w.l(libinit2.o)
    0x00000142   0x00000142   0x00000000   Code   RO         1402    .ARM.Collect$$libinit$$0000002C  c_w.l(libinit2.o)
    0x00000142   0x00000142   0x00000000   Code   RO         1404    .ARM.Collect$$libinit$$0000002E  c_w.l(libinit2.o)
    0x00000142   0x00000142   0x00000000   Code   RO         1406    .ARM.Collect$$libinit$$00000030  c_w.l(libinit2.o)
    0x00000142   0x00000142   0x00000000   Code   RO         1408    .ARM.Collect$$libinit$$00000032  c_w.l(libinit2.o)
    0x00000142   0x00000142   0x00000002   Code   RO         1409    .ARM.Collect$$libinit$$00000033  c_w.l(libinit2.o)
    0x00000144   0x00000144   0x00000002   Code   RO         1444    .ARM.Collect$$libshutdown$$00000000  c_w.l(libshutdown.o)
    0x00000146   0x00000146   0x00000000   Code   RO         1472    .ARM.Collect$$libshutdown$$00000002  c_w.l(libshutdown2.o)
    0x00000146   0x00000146   0x00000000   Code   RO         1474    .ARM.Collect$$libshutdown$$00000004  c_w.l(libshutdown2.o)
    0x00000146   0x00000146   0x00000000   Code   RO         1477    .ARM.Collect$$libshutdown$$00000007  c_w.l(libshutdown2.o)
    0x00000146   0x00000146   0x00000000   Code   RO         1480    .ARM.Collect$$libshutdown$$0000000A  c_w.l(libshutdown2.o)
    0x00000146   0x00000146   0x00000000   Code   RO         1482    .ARM.Collect$$libshutdown$$0000000C  c_w.l(libshutdown2.o)
    0x00000146   0x00000146   0x00000000   Code   RO         1485    .ARM.Collect$$libshutdown$$0000000F  c_w.l(libshutdown2.o)
    0x00000146   0x00000146   0x00000002   Code   RO         1486    .ARM.Collect$$libshutdown$$00000010  c_w.l(libshutdown2.o)
    0x00000148   0x00000148   0x00000000   Code   RO         1322    .ARM.Collect$$rtentry$$00000000  c_w.l(__rtentry.o)
    0x00000148   0x00000148   0x00000000   Code   RO         1328    .ARM.Collect$$rtentry$$00000002  c_w.l(__rtentry2.o)
    0x00000148   0x00000148   0x00000006   Code   RO         1340    .ARM.Collect$$rtentry$$00000004  c_w.l(__rtentry4.o)
    0x0000014e   0x0000014e   0x00000000   Code   RO         1330    .ARM.Collect$$rtentry$$00000009  c_w.l(__rtentry2.o)
    0x0000014e   0x0000014e   0x00000004   Code   RO         1331    .ARM.Collect$$rtentry$$0000000A  c_w.l(__rtentry2.o)
    0x00000152   0x00000152   0x00000008   Code   RO         1332    .ARM.Collect$$rtentry$$0000000B  c_w.l(__rtentry2.o)
    0x0000015a   0x0000015a   0x00000008   Code   RO         1334    .ARM.Collect$$rtentry$$0000000D  c_w.l(__rtentry2.o)
    0x00000162   0x00000162   0x00000002   Code   RO         1357    .ARM.Collect$$rtexit$$00000000  c_w.l(rtexit.o)
    0x00000164   0x00000164   0x00000000   Code   RO         1415    .ARM.Collect$$rtexit$$00000002  c_w.l(rtexit2.o)
    0x00000164   0x00000164   0x00000004   Code   RO         1416    .ARM.Collect$$rtexit$$00000003  c_w.l(rtexit2.o)
    0x00000168   0x00000168   0x00000006   Code   RO         1417    .ARM.Collect$$rtexit$$00000004  c_w.l(rtexit2.o)
    0x0000016e   0x0000016e   0x00000002   PAD
    0x00000170   0x00000170   0x00000130   Code   RO         1298    .emb_text           RTX_CM3.lib(hal_cm3.o)
    0x000002a0   0x000002a0   0x00000040   Code   RO           79    .text               startup_lpc17xx.o
    0x000002e0   0x000002e0   0x00000008   Code   RO         1313    .text               c_w.l(libspace.o)
    0x000002e8   0x000002e8   0x00000006   Code   RO         1318    .text               c_w.l(heapauxi.o)
    0x000002ee   0x000002ee   0x00000002   PAD
    0x000002f0   0x000002f0   0x0000000c   Code   RO         1410    .text               c_w.l(sys_exit.o)
    0x000002fc   0x000002fc   0x00000004   Code   RO           78    .ARM.__at_0x02FC    startup_lpc17xx.o
    0x00000300   0x00000300   0x0000004a   Code   RO         1344    .text               c_w.l(sys_stackheap_outer.o)
    0x0000034a   0x0000034a   0x00000012   Code   RO         1346    .text               c_w.l(exit.o)
    0x0000035c   0x0000035c   0x00000002   Code   RO         1433    .text               c_w.l(use_no_semi.o)
    0x0000035e   0x0000035e   0x00000000   Code   RO         1435    .text               c_w.l(indicate_semi.o)
    0x0000035e   0x0000035e   0x00000002   PAD
    0x00000360   0x00000360   0x000000cc   Code   RO           90    .text.SystemInit    system_lpc17xx.o
    0x0000042c   0x0000042c   0x00000022   Code   RO           23    .text._mutex_acquire  rtx_conf_cm.o
    0x0000044e   0x0000044e   0x00000002   PAD
    0x00000450   0x00000450   0x0000001e   Code   RO           25    .text._mutex_release  rtx_conf_cm.o
    0x0000046e   0x0000046e   0x00000002   PAD
    0x00000470   0x00000470   0x0000001a   Code   RO           33    .text._platform_post_lib_init  rtx_conf_cm.o
    0x0000048a   0x0000048a   0x00000002   PAD
    0x0000048c   0x0000048c   0x00000032   Code   RO            2    .text.ledapp        main.o
    0x000004be   0x000004be   0x00000002   PAD
    0x000004c0   0x000004c0   0x0000001c   Code   RO            4    .text.main          main.o
    0x000004dc   0x000004dc   0x00000002   Code   RO           17    .text.os_error      rtx_conf_cm.o
    0x000004de   0x000004de   0x00000002   PAD
    0x000004e0   0x000004e0   0x00000002   Code   RO           15    .text.os_idle_demon  rtx_conf_cm.o
    0x000004e2   0x000004e2   0x00000002   PAD
    0x000004e4   0x000004e4   0x00000004   Code   RO         1308    SVC_TABLE           RTX_CM3.lib(svc_table.o)
    0x000004e8   0x000004e8   0x00000046   Code   RO         1197    i._init_box         RTX_CM3.lib(rt_membox.o)
    0x0000052e   0x0000052e   0x00000002   PAD
    0x00000530   0x00000530   0x00000030   Code   RO         1250    i.dbg_init          RTX_CM3.lib(hal_cm.o)
    0x00000560   0x00000560   0x00000020   Code   RO         1251    i.dbg_task_notify   RTX_CM3.lib(hal_cm.o)
    0x00000580   0x00000580   0x00000010   Code   RO         1252    i.dbg_task_switch   RTX_CM3.lib(hal_cm.o)
    0x00000590   0x00000590   0x0000002a   Code   RO          102    i.isrMessageGet     RTX_CM3.lib(rt_cmsis.o)
    0x000005ba   0x000005ba   0x0000002c   Code   RO          103    i.isrMessagePut     RTX_CM3.lib(rt_cmsis.o)
    0x000005e6   0x000005e6   0x00000002   PAD
    0x000005e8   0x000005e8   0x00000056   Code   RO         1052    i.isr_mbx_receive   RTX_CM3.lib(rt_mailbox.o)
    0x0000063e   0x0000063e   0x0000000e   Code   RO         1053    i.isr_mbx_send      RTX_CM3.lib(rt_mailbox.o)
    0x0000064c   0x0000064c   0x00000018   Code   RO          106    i.osDelay           RTX_CM3.lib(rt_cmsis.o)
    0x00000664   0x00000664   0x00000024   Code   RO          107    i.osKernelInitialize  RTX_CM3.lib(rt_cmsis.o)
    0x00000688   0x00000688   0x0000006c   Code   RO          109    i.osKernelStart     RTX_CM3.lib(rt_cmsis.o)
    0x000006f4   0x000006f4   0x00000018   Code   RO          118    i.osMessageGet      RTX_CM3.lib(rt_cmsis.o)
    0x0000070c   0x0000070c   0x0000002c   Code   RO          135    i.osThreadCreate    RTX_CM3.lib(rt_cmsis.o)
    0x00000738   0x00000738   0x00000018   Code   RO          136    i.osThreadExit      RTX_CM3.lib(rt_cmsis.o)
    0x00000750   0x00000750   0x0000000c   Code   RO          142    i.osTimerCall       RTX_CM3.lib(rt_cmsis.o)
    0x0000075c   0x0000075c   0x0000002c   Code   RO          147    i.osTimerThread     RTX_CM3.lib(rt_cmsis.o)
    0x00000788   0x00000788   0x00000028   Code   RO          844    i.os_tick_init      RTX_CM3.lib(rt_system.o)
    0x000007b0   0x000007b0   0x00000002   Code   RO          845    i.os_tick_irqack    RTX_CM3.lib(rt_system.o)
    0x000007b2   0x000007b2   0x0000001a   Code   RO         1198    i.rt_alloc_box      RTX_CM3.lib(rt_membox.o)
    0x000007cc   0x000007cc   0x0000003e   Code   RO         1226    i.rt_alloc_mem      RTX_CM3.lib(rt_memory.o)
    0x0000080a   0x0000080a   0x00000002   PAD
    0x0000080c   0x0000080c   0x00000038   Code   RO          725    i.rt_block          RTX_CM3.lib(rt_task.o)
    0x00000844   0x00000844   0x00000048   Code   RO         1175    i.rt_chk_robin      RTX_CM3.lib(rt_robin.o)
    0x0000088c   0x0000088c   0x00000070   Code   RO          976    i.rt_dec_dly        RTX_CM3.lib(rt_list.o)
    0x000008fc   0x000008fc   0x00000044   Code   RO          726    i.rt_dispatch       RTX_CM3.lib(rt_task.o)
    0x00000940   0x00000940   0x00000006   Code   RO         1142    i.rt_dly_wait       RTX_CM3.lib(rt_time.o)
    0x00000946   0x00000946   0x00000002   PAD
    0x00000948   0x00000948   0x00000050   Code   RO          937    i.rt_evt_psh        RTX_CM3.lib(rt_event.o)
    0x00000998   0x00000998   0x0000002c   Code   RO         1199    i.rt_free_box       RTX_CM3.lib(rt_membox.o)
    0x000009c4   0x000009c4   0x00000028   Code   RO         1227    i.rt_free_mem       RTX_CM3.lib(rt_memory.o)
    0x000009ec   0x000009ec   0x00000028   Code   RO          977    i.rt_get_first      RTX_CM3.lib(rt_list.o)
    0x00000a14   0x00000a14   0x00000008   Code   RO          152    i.rt_id2obj         RTX_CM3.lib(rt_cmsis.o)
    0x00000a1c   0x00000a1c   0x00000048   Code   RO          727    i.rt_init_context   RTX_CM3.lib(rt_task.o)
    0x00000a64   0x00000a64   0x0000001a   Code   RO         1228    i.rt_init_mem       RTX_CM3.lib(rt_memory.o)
    0x00000a7e   0x00000a7e   0x00000002   PAD
    0x00000a80   0x00000a80   0x00000018   Code   RO         1176    i.rt_init_robin     RTX_CM3.lib(rt_robin.o)
    0x00000a98   0x00000a98   0x00000080   Code   RO         1253    i.rt_init_stack     RTX_CM3.lib(hal_cm.o)
    0x00000b18   0x00000b18   0x00000008   Code   RO         1054    i.rt_mbx_check      RTX_CM3.lib(rt_mailbox.o)
    0x00000b20   0x00000b20   0x0000001a   Code   RO         1055    i.rt_mbx_init       RTX_CM3.lib(rt_mailbox.o)
    0x00000b3a   0x00000b3a   0x00000002   PAD
    0x00000b3c   0x00000b3c   0x000000f0   Code   RO         1056    i.rt_mbx_psh        RTX_CM3.lib(rt_mailbox.o)
    0x00000c2c   0x00000c2c   0x000000b4   Code   RO         1058    i.rt_mbx_wait       RTX_CM3.lib(rt_mailbox.o)
    0x00000ce0   0x00000ce0   0x00000044   Code   RO          153    i.rt_ms2tick        RTX_CM3.lib(rt_cmsis.o)
    0x00000d24   0x00000d24   0x000000d8   Code   RO          811    i.rt_mut_release    RTX_CM3.lib(rt_mutex.o)
    0x00000dfc   0x00000dfc   0x00000078   Code   RO          812    i.rt_mut_wait       RTX_CM3.lib(rt_mutex.o)
    0x00000e74   0x00000e74   0x0000007c   Code   RO          848    i.rt_pop_req        RTX_CM3.lib(rt_system.o)
    0x00000ef0   0x00000ef0   0x00000020   Code   RO          849    i.rt_psh_req        RTX_CM3.lib(rt_system.o)
    0x00000f10   0x00000f10   0x0000005c   Code   RO          979    i.rt_psq_enq        RTX_CM3.lib(rt_list.o)
    0x00000f6c   0x00000f6c   0x00000048   Code   RO          980    i.rt_put_dly        RTX_CM3.lib(rt_list.o)
    0x00000fb4   0x00000fb4   0x00000036   Code   RO          981    i.rt_put_prio       RTX_CM3.lib(rt_list.o)
    0x00000fea   0x00000fea   0x00000002   PAD
    0x00000fec   0x00000fec   0x00000014   Code   RO          982    i.rt_put_rdy_first  RTX_CM3.lib(rt_list.o)
    0x00001000   0x00001000   0x00000034   Code   RO          983    i.rt_resort_prio    RTX_CM3.lib(rt_list.o)
    0x00001034   0x00001034   0x00000006   Code   RO         1254    i.rt_ret_val        RTX_CM3.lib(hal_cm.o)
    0x0000103a   0x0000103a   0x00000008   Code   RO         1255    i.rt_ret_val2       RTX_CM3.lib(hal_cm.o)
    0x00001042   0x00001042   0x00000028   Code   RO          984    i.rt_rmv_dly        RTX_CM3.lib(rt_list.o)
    0x0000106a   0x0000106a   0x00000002   PAD
    0x0000106c   0x0000106c   0x00000030   Code   RO          985    i.rt_rmv_list       RTX_CM3.lib(rt_list.o)
    0x0000109c   0x0000109c   0x00000034   Code   RO         1103    i.rt_sem_psh        RTX_CM3.lib(rt_semaphore.o)
    0x000010d0   0x000010d0   0x00000024   Code   RO          851    i.rt_stk_check      RTX_CM3.lib(rt_system.o)
    0x000010f4   0x000010f4   0x00000028   Code   RO          728    i.rt_switch_req     RTX_CM3.lib(rt_task.o)
    0x0000111c   0x0000111c   0x000000cc   Code   RO          729    i.rt_sys_init       RTX_CM3.lib(rt_task.o)
    0x000011e8   0x000011e8   0x00000078   Code   RO          730    i.rt_sys_start      RTX_CM3.lib(rt_task.o)
    0x00001260   0x00001260   0x00000040   Code   RO          853    i.rt_systick        RTX_CM3.lib(rt_system.o)
    0x000012a0   0x000012a0   0x00000012   Code   RO          154    i.rt_tid2ptcb       RTX_CM3.lib(rt_cmsis.o)
    0x000012b2   0x000012b2   0x00000002   PAD
    0x000012b4   0x000012b4   0x00000034   Code   RO          155    i.rt_timer_insert   RTX_CM3.lib(rt_cmsis.o)
    0x000012e8   0x000012e8   0x00000088   Code   RO          731    i.rt_tsk_create     RTX_CM3.lib(rt_task.o)
    0x00001370   0x00001370   0x0000017c   Code   RO          732    i.rt_tsk_delete     RTX_CM3.lib(rt_task.o)
    0x000014ec   0x000014ec   0x0000007c   Code   RO          734    i.rt_tsk_prio       RTX_CM3.lib(rt_task.o)
    0x00001568   0x00001568   0x00000010   Code   RO          735    i.rt_tsk_self       RTX_CM3.lib(rt_task.o)
    0x00001578   0x00001578   0x00000012   Code   RO          157    i.svcDelay          RTX_CM3.lib(rt_cmsis.o)
    0x0000158a   0x0000158a   0x00000002   PAD
    0x0000158c   0x0000158c   0x00000070   Code   RO          158    i.svcKernelInitialize  RTX_CM3.lib(rt_cmsis.o)
    0x000015fc   0x000015fc   0x00000048   Code   RO          160    i.svcKernelStart    RTX_CM3.lib(rt_cmsis.o)
    0x00001644   0x00001644   0x00000024   Code   RO          163    i.svcMessageCreate  RTX_CM3.lib(rt_cmsis.o)
    0x00001668   0x00001668   0x0000003a   Code   RO          164    i.svcMessageGet     RTX_CM3.lib(rt_cmsis.o)
    0x000016a2   0x000016a2   0x00000002   PAD
    0x000016a4   0x000016a4   0x0000006c   Code   RO          178    i.svcThreadCreate   RTX_CM3.lib(rt_cmsis.o)
    0x00001710   0x00001710   0x0000001c   Code   RO          179    i.svcThreadGetId    RTX_CM3.lib(rt_cmsis.o)
    0x0000172c   0x0000172c   0x00000038   Code   RO          182    i.svcThreadTerminate  RTX_CM3.lib(rt_cmsis.o)
    0x00001764   0x00001764   0x00000018   Code   RO          184    i.svcTimerCall      RTX_CM3.lib(rt_cmsis.o)
    0x0000177c   0x0000177c   0x0000005c   Code   RO          193    i.sysTimerTick      RTX_CM3.lib(rt_cmsis.o)
    0x000017d8   0x000017d8   0x00000004   Data   RO           43    .rodata.CMSIS_RTOS_API_Version  rtx_conf_cm.o
    0x000017dc   0x000017dc   0x00000004   Data   RO           44    .rodata.CMSIS_RTOS_RTX_Version  rtx_conf_cm.o
    0x000017e0   0x000017e0   0x00000004   Data   RO           48    .rodata.mp_stk_size  rtx_conf_cm.o
    0x000017e4   0x000017e4   0x00000002   Data   RO           47    .rodata.mp_tcb_size  rtx_conf_cm.o
    0x000017e6   0x000017e6   0x00000002   Data   RO           56    .rodata.mp_tmr_size  rtx_conf_cm.o
    0x000017e8   0x000017e8   0x00000004   Data   RO           45    .rodata.os_clockrate  rtx_conf_cm.o
    0x000017ec   0x000017ec   0x00000001   Data   RO           50    .rodata.os_fifo_size  rtx_conf_cm.o
    0x000017ed   0x000017ed   0x00000001   Data   RO           42    .rodata.os_flags    rtx_conf_cm.o
    0x000017ee   0x000017ee   0x00000002   Data   RO           35    .rodata.os_maxtaskrun  rtx_conf_cm.o
    0x000017f0   0x000017f0   0x00000008   Data   RO           53    .rodata.os_messageQ_def_osTimerMessageQ  rtx_conf_cm.o
    0x000017f8   0x000017f8   0x00000004   Data   RO           37    .rodata.os_rrobin   rtx_conf_cm.o
    0x000017fc   0x000017fc   0x00000004   Data   RO           49    .rodata.os_stack_sz  rtx_conf_cm.o
    0x00001800   0x00001800   0x00000004   Data   RO           36    .rodata.os_stackinfo  rtx_conf_cm.o
    0x00001804   0x00001804   0x00000010   Data   RO            6    .rodata.os_thread_def_ledapp  main.o
    0x00001814   0x00001814   0x00000010   Data   RO           60    .rodata.os_thread_def_main  rtx_conf_cm.o
    0x00001824   0x00001824   0x00000010   Data   RO           51    .rodata.os_thread_def_osTimerThread  rtx_conf_cm.o
    0x00001834   0x00001834   0x00000004   Data   RO           46    .rodata.os_timernum  rtx_conf_cm.o
    0x00001838   0x00001838   0x00000004   Data   RO           41    .rodata.os_trv      rtx_conf_cm.o
    0x0000183c   0x0000183c   0x00000020   Data   RO         1488    Region$$Table       anon$$obj.o


    Execution Region RW_IRAM1 (Exec base: 0x10000000, Load base: 0x00001860, Size: 0x00000ca8, Max: 0x00008000, ABSOLUTE)

    Exec Addr    Load Addr    Size         Type   Attr      Idx    E Section Name        Object

    0x10000000   0x00001860   0x00000004   Data   RW            7    .ARM.use_no_argv    main.o
    0x10000004   0x00001864   0x00000008   Data   RW          196    .data               RTX_CM3.lib(rt_cmsis.o)
    0x1000000c   0x0000186c   0x00000008   Data   RW          737    .data               RTX_CM3.lib(rt_task.o)
    0x10000014   0x00001874   0x00000008   Data   RW          856    .data               RTX_CM3.lib(rt_system.o)
    0x1000001c   0x0000187c   0x00000004   Data   RW         1146    .data               RTX_CM3.lib(rt_time.o)
    0x10000020   0x00001880   0x00000008   Data   RW         1177    .data               RTX_CM3.lib(rt_robin.o)
    0x10000028   0x00001888   0x00000001   Data   RW         1256    .data               RTX_CM3.lib(hal_cm.o)
    0x10000029   0x00001889   0x00000007   PAD
    0x10000030        -       0x00000034   Zero   RW          736    .bss                RTX_CM3.lib(rt_task.o)
    0x10000064        -       0x00000030   Zero   RW          986    .bss                RTX_CM3.lib(rt_list.o)
    0x10000094        -       0x00000060   Zero   RW         1314    .bss                c_w.l(libspace.o)
    0x100000f4        -       0x00000004   Zero   RW           55    .bss.m_tmr          rtx_conf_cm.o
    0x100000f8        -       0x000004c0   Zero   RW           62    .bss.mp_stk         rtx_conf_cm.o
    0x100005b8        -       0x00000178   Zero   RW           61    .bss.mp_tcb         rtx_conf_cm.o
    0x10000730        -       0x00000004   Zero   RW           67    .bss.osMessageQId_osTimerMessageQ  rtx_conf_cm.o
    0x10000734        -       0x00000004   Zero   RW           66    .bss.osThreadId_osTimerThread  rtx_conf_cm.o
    0x10000738        -       0x0000001c   Zero   RW           65    .bss.os_active_TCB  rtx_conf_cm.o
    0x10000754        -       0x00000084   Zero   RW           64    .bss.os_fifo        rtx_conf_cm.o
    0x100007d8        -       0x00000020   Zero   RW           52    .bss.os_messageQ_q_osTimerMessageQ  rtx_conf_cm.o
    0x100007f8        -       0x000001b0   Zero   RW           63    .bss.os_stack_mem   rtx_conf_cm.o
    0x100009a8        -       0x00000100   Zero   RW           76    HEAP                startup_lpc17xx.o
    0x10000aa8        -       0x00000200   Zero   RW           75    STACK               startup_lpc17xx.o


==============================================================================

Image component sizes


      Code (inc. data)   RO Data    RW Data    ZI Data      Debug   Object Name

        78          0         16          4          0       3006   main.o
        94          0         84          0       2228       5752   rtx_conf_cm.o
        68         30        204          0        768        988   startup_lpc17xx.o
       204          0          0          0          0       2111   system_lpc17xx.o

    ----------------------------------------------------------------------
       456         30        336          4       2996      11857   Object Totals
         0          0         32          0          0          0   (incl. Generated)
        12          0          0          0          0          0   (incl. Padding)

    ----------------------------------------------------------------------

      Code (inc. data)   RO Data    RW Data    ZI Data      Debug   Library Member Name

       238         24          0          1          0       3244   hal_cm.o
       304         36          0          0          0        756   hal_cm3.o
      1152        144          0          8          0      34766   rt_cmsis.o
        80          4          0          0          0        649   rt_event.o
       530         34          0          0         48       8157   rt_list.o
       554         10          0          0          0       3889   rt_mailbox.o
       140          0          0          0          0       1889   rt_membox.o
       128          0          0          0          0       2267   rt_memory.o
       336         14          0          0          0       1623   rt_mutex.o
        96         22          0          8          0       1134   rt_robin.o
        52          4          0          0          0        565   rt_semaphore.o
       298         52          0          8          0       6139   rt_system.o
      1216        174          0          8         52       9537   rt_task.o
         6          0          0          4          0        636   rt_time.o
         4          4          0          0          0        196   svc_table.o
         8          0          0          0          0         68   __main.o
         0          0          0          0          0          0   __rtentry.o
        20          0          0          0          0          0   __rtentry2.o
         6          0          0          0          0          0   __rtentry4.o
        52          8          0          0          0          0   __scatter.o
        26          0          0          0          0          0   __scatter_copy.o
        28          0          0          0          0          0   __scatter_zi.o
        18          0          0          0          0         80   exit.o
         6          0          0          0          0        152   heapauxi.o
         0          0          0          0          0          0   indicate_semi.o
         2          0          0          0          0          0   libinit.o
         2          0          0          0          0          0   libinit2.o
         2          0          0          0          0          0   libshutdown.o
         2          0          0          0          0          0   libshutdown2.o
         8          4          0          0         96         68   libspace.o
         2          0          0          0          0          0   rtexit.o
        10          0          0          0          0          0   rtexit2.o
        12          4          0          0          0         68   sys_exit.o
        74          0          0          0          0         80   sys_stackheap_outer.o
         2          0          0          0          0         68   use_no_semi.o

    ----------------------------------------------------------------------
      5444        538          0         40        200      76031   Library Totals
        30          0          0          3          4          0   (incl. Padding)

    ----------------------------------------------------------------------

      Code (inc. data)   RO Data    RW Data    ZI Data      Debug   Library Name

      5134        522          0         37        100      75447   RTX_CM3.lib
       280         16          0          0         96        584   c_w.l

    ----------------------------------------------------------------------
      5444        538          0         40        200      76031   Library Totals

    ----------------------------------------------------------------------

==============================================================================


      Code (inc. data)   RO Data    RW Data    ZI Data      Debug   

      5900        568        336         44       3196      84048   Grand Totals
      5900        568        336         44       3196      84048   ELF Image Totals
      5900        568        336         44          0          0   ROM Totals

==============================================================================

    Total RO  Size (Code + RO Data)                 6236 (   6.09kB)
    Total RW  Size (RW Data + ZI Data)              3240 (   3.16kB)
    Total ROM Size (Code + RO Data + RW Data)       6280 (   6.13kB)

==============================================================================

