<!doctype html public "-//w3c//dtd html 4.0 transitional//en">
<html><head>
<title>Static Call Graph - [.\Objects\prj.axf]</title></head>
<body><HR>
<H1>Static Call Graph for image .\Objects\prj.axf</H1><HR>
<BR><P>#&#060CALLGRAPH&#062# ARM Linker, 6160001: Last Updated: Thu Sep 22 11:48:00 2022
<BR><P>
<H3>Maximum Stack Usage =        392 bytes + Unknown(Functions without stacksize, Cycles, Untraceable Function Pointers)</H3><H3>
Call chain for Maximum Stack Depth:</H3>
main &rArr; USBD_Initialize &rArr; USBD_ClassInitialize &rArr; USBD_CDC_Initialize &rArr; USBD_ThreadCreate &rArr; osThreadCreate &rArr; svcThreadCreate &rArr; rt_tsk_create &rArr; rt_init_context &rArr; rt_init_stack
<P>
<H3>
Functions with no stack information
</H3><UL>
 <LI><a href="#[af]">__user_initial_stackheap</a>
</UL>
</UL>
<P>
<H3>
Mutually Recursive functions
</H3> <LI><a href="#[10c]">os_error</a>&nbsp;&nbsp;&nbsp;&rArr;&nbsp;&nbsp;&nbsp;<a href="#[10c]">os_error</a><BR>
 <LI><a href="#[35]">rt_alloc_box</a>&nbsp;&nbsp;&nbsp;&rArr;&nbsp;&nbsp;&nbsp;<a href="#[35]">rt_alloc_box</a><BR>
 <LI><a href="#[1]">NMI_Handler</a>&nbsp;&nbsp;&nbsp;&rArr;&nbsp;&nbsp;&nbsp;<a href="#[1]">NMI_Handler</a><BR>
 <LI><a href="#[2]">HardFault_Handler</a>&nbsp;&nbsp;&nbsp;&rArr;&nbsp;&nbsp;&nbsp;<a href="#[2]">HardFault_Handler</a><BR>
 <LI><a href="#[3]">MemManage_Handler</a>&nbsp;&nbsp;&nbsp;&rArr;&nbsp;&nbsp;&nbsp;<a href="#[3]">MemManage_Handler</a><BR>
 <LI><a href="#[4]">BusFault_Handler</a>&nbsp;&nbsp;&nbsp;&rArr;&nbsp;&nbsp;&nbsp;<a href="#[4]">BusFault_Handler</a><BR>
 <LI><a href="#[5]">UsageFault_Handler</a>&nbsp;&nbsp;&nbsp;&rArr;&nbsp;&nbsp;&nbsp;<a href="#[5]">UsageFault_Handler</a><BR>
 <LI><a href="#[7]">DebugMon_Handler</a>&nbsp;&nbsp;&nbsp;&rArr;&nbsp;&nbsp;&nbsp;<a href="#[7]">DebugMon_Handler</a><BR>
 <LI><a href="#[1c]">ADC1_2_IRQHandler</a>&nbsp;&nbsp;&nbsp;&rArr;&nbsp;&nbsp;&nbsp;<a href="#[1c]">ADC1_2_IRQHandler</a><BR>
 <LI><a href="#[49]">os_idle_demon</a>&nbsp;&nbsp;&nbsp;&rArr;&nbsp;&nbsp;&nbsp;<a href="#[49]">os_idle_demon</a><BR>
</UL>
<P>
<H3>
Function Pointers
</H3><UL>
 <LI><a href="#[1c]">ADC1_2_IRQHandler</a> from startup_stm32f10x_md.o(.text) referenced from startup_stm32f10x_md.o(RESET)
 <LI><a href="#[4]">BusFault_Handler</a> from startup_stm32f10x_md.o(.text) referenced from startup_stm32f10x_md.o(RESET)
 <LI><a href="#[1f]">CAN1_RX1_IRQHandler</a> from startup_stm32f10x_md.o(.text) referenced from startup_stm32f10x_md.o(RESET)
 <LI><a href="#[20]">CAN1_SCE_IRQHandler</a> from startup_stm32f10x_md.o(.text) referenced from startup_stm32f10x_md.o(RESET)
 <LI><a href="#[15]">DMA1_Channel1_IRQHandler</a> from startup_stm32f10x_md.o(.text) referenced from startup_stm32f10x_md.o(RESET)
 <LI><a href="#[16]">DMA1_Channel2_IRQHandler</a> from startup_stm32f10x_md.o(.text) referenced from startup_stm32f10x_md.o(RESET)
 <LI><a href="#[17]">DMA1_Channel3_IRQHandler</a> from startup_stm32f10x_md.o(.text) referenced from startup_stm32f10x_md.o(RESET)
 <LI><a href="#[18]">DMA1_Channel4_IRQHandler</a> from startup_stm32f10x_md.o(.text) referenced from startup_stm32f10x_md.o(RESET)
 <LI><a href="#[19]">DMA1_Channel5_IRQHandler</a> from startup_stm32f10x_md.o(.text) referenced from startup_stm32f10x_md.o(RESET)
 <LI><a href="#[1a]">DMA1_Channel6_IRQHandler</a> from startup_stm32f10x_md.o(.text) referenced from startup_stm32f10x_md.o(RESET)
 <LI><a href="#[1b]">DMA1_Channel7_IRQHandler</a> from startup_stm32f10x_md.o(.text) referenced from startup_stm32f10x_md.o(RESET)
 <LI><a href="#[7]">DebugMon_Handler</a> from startup_stm32f10x_md.o(.text) referenced from startup_stm32f10x_md.o(RESET)
 <LI><a href="#[10]">EXTI0_IRQHandler</a> from startup_stm32f10x_md.o(.text) referenced from startup_stm32f10x_md.o(RESET)
 <LI><a href="#[32]">EXTI15_10_IRQHandler</a> from startup_stm32f10x_md.o(.text) referenced from startup_stm32f10x_md.o(RESET)
 <LI><a href="#[11]">EXTI1_IRQHandler</a> from startup_stm32f10x_md.o(.text) referenced from startup_stm32f10x_md.o(RESET)
 <LI><a href="#[12]">EXTI2_IRQHandler</a> from startup_stm32f10x_md.o(.text) referenced from startup_stm32f10x_md.o(RESET)
 <LI><a href="#[13]">EXTI3_IRQHandler</a> from startup_stm32f10x_md.o(.text) referenced from startup_stm32f10x_md.o(RESET)
 <LI><a href="#[14]">EXTI4_IRQHandler</a> from startup_stm32f10x_md.o(.text) referenced from startup_stm32f10x_md.o(RESET)
 <LI><a href="#[21]">EXTI9_5_IRQHandler</a> from startup_stm32f10x_md.o(.text) referenced from startup_stm32f10x_md.o(RESET)
 <LI><a href="#[e]">FLASH_IRQHandler</a> from startup_stm32f10x_md.o(.text) referenced from startup_stm32f10x_md.o(RESET)
 <LI><a href="#[2]">HardFault_Handler</a> from startup_stm32f10x_md.o(.text) referenced from startup_stm32f10x_md.o(RESET)
 <LI><a href="#[2a]">I2C1_ER_IRQHandler</a> from startup_stm32f10x_md.o(.text) referenced from startup_stm32f10x_md.o(RESET)
 <LI><a href="#[29]">I2C1_EV_IRQHandler</a> from startup_stm32f10x_md.o(.text) referenced from startup_stm32f10x_md.o(RESET)
 <LI><a href="#[2c]">I2C2_ER_IRQHandler</a> from startup_stm32f10x_md.o(.text) referenced from startup_stm32f10x_md.o(RESET)
 <LI><a href="#[2b]">I2C2_EV_IRQHandler</a> from startup_stm32f10x_md.o(.text) referenced from startup_stm32f10x_md.o(RESET)
 <LI><a href="#[3]">MemManage_Handler</a> from startup_stm32f10x_md.o(.text) referenced from startup_stm32f10x_md.o(RESET)
 <LI><a href="#[1]">NMI_Handler</a> from startup_stm32f10x_md.o(.text) referenced from startup_stm32f10x_md.o(RESET)
 <LI><a href="#[b]">PVD_IRQHandler</a> from startup_stm32f10x_md.o(.text) referenced from startup_stm32f10x_md.o(RESET)
 <LI><a href="#[8]">PendSV_Handler</a> from hal_cm3.o(.emb_text) referenced from startup_stm32f10x_md.o(RESET)
 <LI><a href="#[f]">RCC_IRQHandler</a> from startup_stm32f10x_md.o(.text) referenced from startup_stm32f10x_md.o(RESET)
 <LI><a href="#[33]">RTCAlarm_IRQHandler</a> from startup_stm32f10x_md.o(.text) referenced from startup_stm32f10x_md.o(RESET)
 <LI><a href="#[d]">RTC_IRQHandler</a> from startup_stm32f10x_md.o(.text) referenced from startup_stm32f10x_md.o(RESET)
 <LI><a href="#[0]">Reset_Handler</a> from startup_stm32f10x_md.o(.text) referenced from startup_stm32f10x_md.o(RESET)
 <LI><a href="#[2d]">SPI1_IRQHandler</a> from startup_stm32f10x_md.o(.text) referenced from startup_stm32f10x_md.o(RESET)
 <LI><a href="#[2e]">SPI2_IRQHandler</a> from startup_stm32f10x_md.o(.text) referenced from startup_stm32f10x_md.o(RESET)
 <LI><a href="#[6]">SVC_Handler</a> from hal_cm3.o(.emb_text) referenced from startup_stm32f10x_md.o(RESET)
 <LI><a href="#[9]">SysTick_Handler</a> from hal_cm3.o(.emb_text) referenced from startup_stm32f10x_md.o(RESET)
 <LI><a href="#[37]">SystemInit</a> from system_stm32f10x.o(.text.SystemInit) referenced from startup_stm32f10x_md.o(.text)
 <LI><a href="#[c]">TAMPER_IRQHandler</a> from startup_stm32f10x_md.o(.text) referenced from startup_stm32f10x_md.o(RESET)
 <LI><a href="#[22]">TIM1_BRK_IRQHandler</a> from startup_stm32f10x_md.o(.text) referenced from startup_stm32f10x_md.o(RESET)
 <LI><a href="#[25]">TIM1_CC_IRQHandler</a> from startup_stm32f10x_md.o(.text) referenced from startup_stm32f10x_md.o(RESET)
 <LI><a href="#[24]">TIM1_TRG_COM_IRQHandler</a> from startup_stm32f10x_md.o(.text) referenced from startup_stm32f10x_md.o(RESET)
 <LI><a href="#[23]">TIM1_UP_IRQHandler</a> from startup_stm32f10x_md.o(.text) referenced from startup_stm32f10x_md.o(RESET)
 <LI><a href="#[26]">TIM2_IRQHandler</a> from a4988.o(.text.TIM2_IRQHandler) referenced from startup_stm32f10x_md.o(RESET)
 <LI><a href="#[27]">TIM3_IRQHandler</a> from a4988.o(.text.TIM3_IRQHandler) referenced from startup_stm32f10x_md.o(RESET)
 <LI><a href="#[28]">TIM4_IRQHandler</a> from servo.o(.text.TIM4_IRQHandler) referenced from startup_stm32f10x_md.o(RESET)
 <LI><a href="#[2f]">USART1_IRQHandler</a> from startup_stm32f10x_md.o(.text) referenced from startup_stm32f10x_md.o(RESET)
 <LI><a href="#[30]">USART2_IRQHandler</a> from startup_stm32f10x_md.o(.text) referenced from startup_stm32f10x_md.o(RESET)
 <LI><a href="#[31]">USART3_IRQHandler</a> from startup_stm32f10x_md.o(.text) referenced from startup_stm32f10x_md.o(RESET)
 <LI><a href="#[8c]">USBD0_Core_Thread</a> from usbd_lib_core.o(i.USBD0_Core_Thread) referenced from usbd_config_0.o(.rodata.os_thread_def_USBD0_Core_Thread)
 <LI><a href="#[91]">USBD0_SignalDeviceEvent</a> from usbd_config_0.o(.text.USBD0_SignalDeviceEvent) referenced from usbd_config_0.o(.rodata.usbd_cb_device_event_ptr)
 <LI><a href="#[92]">USBD0_SignalEndpointEvent</a> from usbd_config_0.o(.text.USBD0_SignalEndpointEvent) referenced from usbd_config_0.o(.rodata.usbd_cb_endpoint_event_ptr)
 <LI><a href="#[5d]">USBD_CDC0_ACM_DataReceived</a> from usbd_user_cdc_acm_0.o(.text.USBD_CDC0_ACM_DataReceived) referenced from usbd_config_0.o(.rodata.fpUSBD_CDC_ACM_DataReceived)
 <LI><a href="#[5e]">USBD_CDC0_ACM_DataSent</a> from usbd_user_cdc_acm_0.o(.text.USBD_CDC0_ACM_DataSent) referenced from usbd_config_0.o(.rodata.fpUSBD_CDC_ACM_DataSent)
 <LI><a href="#[5f]">USBD_CDC0_ACM_GetEncapsulatedResponse</a> from usbd_user_cdc_acm_0.o(.text.USBD_CDC0_ACM_GetEncapsulatedResponse) referenced from usbd_config_0.o(.rodata.fpUSBD_CDC_ACM_GetEncapsulatedResponse)
 <LI><a href="#[60]">USBD_CDC0_ACM_GetLineCoding</a> from usbd_user_cdc_acm_0.o(.text.USBD_CDC0_ACM_GetLineCoding) referenced from usbd_config_0.o(.rodata.fpUSBD_CDC_ACM_GetLineCoding)
 <LI><a href="#[61]">USBD_CDC0_ACM_Initialize</a> from usbd_user_cdc_acm_0.o(.text.USBD_CDC0_ACM_Initialize) referenced from usbd_config_0.o(.rodata.fpUSBD_CDC_ACM_Initialize)
 <LI><a href="#[62]">USBD_CDC0_ACM_Reset</a> from usbd_user_cdc_acm_0.o(.text.USBD_CDC0_ACM_Reset) referenced from usbd_config_0.o(.rodata.fpUSBD_CDC_ACM_Reset)
 <LI><a href="#[63]">USBD_CDC0_ACM_SendEncapsulatedCommand</a> from usbd_user_cdc_acm_0.o(.text.USBD_CDC0_ACM_SendEncapsulatedCommand) referenced from usbd_config_0.o(.rodata.fpUSBD_CDC_ACM_SendEncapsulatedCommand)
 <LI><a href="#[64]">USBD_CDC0_ACM_SetControlLineState</a> from usbd_user_cdc_acm_0.o(.text.USBD_CDC0_ACM_SetControlLineState) referenced from usbd_config_0.o(.rodata.fpUSBD_CDC_ACM_SetControlLineState)
 <LI><a href="#[65]">USBD_CDC0_ACM_SetLineCoding</a> from usbd_user_cdc_acm_0.o(.text.USBD_CDC0_ACM_SetLineCoding) referenced from usbd_config_0.o(.rodata.fpUSBD_CDC_ACM_SetLineCoding)
 <LI><a href="#[66]">USBD_CDC0_ACM_Uninitialize</a> from usbd_user_cdc_acm_0.o(.text.USBD_CDC0_ACM_Uninitialize) referenced from usbd_config_0.o(.rodata.fpUSBD_CDC_ACM_Uninitialize)
 <LI><a href="#[8d]">USBD_CDC0_Bulk_Thread</a> from usbd_lib_cdc.o(i.USBD_CDC0_Bulk_Thread) referenced from usbd_config_0.o(.rodata.os_thread_def_USBD_CDC0_Bulk_Thread)
 <LI><a href="#[8e]">USBD_CDC0_Int_Thread</a> from usbd_lib_cdc.o(i.USBD_CDC0_Int_Thread) referenced from usbd_config_0.o(.rodata.os_thread_def_USBD_CDC0_Int_Thread)
 <LI><a href="#[67]">USBD_CDC0_NCM_GetCrcMode</a> from usbd_config_0.o(.text.USBD_CDC0_NCM_GetCrcMode) referenced from usbd_config_0.o(.rodata.fpUSBD_CDC_NCM_GetCrcMode)
 <LI><a href="#[68]">USBD_CDC0_NCM_GetEthernetPowerManagementPatternFilter</a> from usbd_config_0.o(.text.USBD_CDC0_NCM_GetEthernetPowerManagementPatternFilter) referenced from usbd_config_0.o(.rodata.fpUSBD_CDC_NCM_GetEthernetPowerManagementPatternFilter)
 <LI><a href="#[69]">USBD_CDC0_NCM_GetEthernetStatistic</a> from usbd_config_0.o(.text.USBD_CDC0_NCM_GetEthernetStatistic) referenced from usbd_config_0.o(.rodata.fpUSBD_CDC_NCM_GetEthernetStatistic)
 <LI><a href="#[6a]">USBD_CDC0_NCM_GetMaxDatagramSize</a> from usbd_config_0.o(.text.USBD_CDC0_NCM_GetMaxDatagramSize) referenced from usbd_config_0.o(.rodata.fpUSBD_CDC_NCM_GetMaxDatagramSize)
 <LI><a href="#[6b]">USBD_CDC0_NCM_GetNetAddress</a> from usbd_config_0.o(.text.USBD_CDC0_NCM_GetNetAddress) referenced from usbd_config_0.o(.rodata.fpUSBD_CDC_NCM_GetNetAddress)
 <LI><a href="#[6c]">USBD_CDC0_NCM_GetNtbFormat</a> from usbd_config_0.o(.text.USBD_CDC0_NCM_GetNtbFormat) referenced from usbd_config_0.o(.rodata.fpUSBD_CDC_NCM_GetNtbFormat)
 <LI><a href="#[6d]">USBD_CDC0_NCM_GetNtbInputSize</a> from usbd_config_0.o(.text.USBD_CDC0_NCM_GetNtbInputSize) referenced from usbd_config_0.o(.rodata.fpUSBD_CDC_NCM_GetNtbInputSize)
 <LI><a href="#[6e]">USBD_CDC0_NCM_GetNtbParameters</a> from usbd_config_0.o(.text.USBD_CDC0_NCM_GetNtbParameters) referenced from usbd_config_0.o(.rodata.fpUSBD_CDC_NCM_GetNtbParameters)
 <LI><a href="#[6f]">USBD_CDC0_NCM_Initialize</a> from usbd_config_0.o(.text.USBD_CDC0_NCM_Initialize) referenced from usbd_config_0.o(.rodata.fpUSBD_CDC_NCM_Initialize)
 <LI><a href="#[70]">USBD_CDC0_NCM_NTB_IN_Sent</a> from usbd_config_0.o(.text.USBD_CDC0_NCM_NTB_IN_Sent) referenced from usbd_config_0.o(.rodata.fpUSBD_CDC_NCM_NTB_IN_Sent)
 <LI><a href="#[71]">USBD_CDC0_NCM_NTB_OUT_Received</a> from usbd_config_0.o(.text.USBD_CDC0_NCM_NTB_OUT_Received) referenced from usbd_config_0.o(.rodata.fpUSBD_CDC_NCM_NTB_OUT_Received)
 <LI><a href="#[72]">USBD_CDC0_NCM_Reset</a> from usbd_config_0.o(.text.USBD_CDC0_NCM_Reset) referenced from usbd_config_0.o(.rodata.fpUSBD_CDC_NCM_Reset)
 <LI><a href="#[73]">USBD_CDC0_NCM_SetCrcMode</a> from usbd_config_0.o(.text.USBD_CDC0_NCM_SetCrcMode) referenced from usbd_config_0.o(.rodata.fpUSBD_CDC_NCM_SetCrcMode)
 <LI><a href="#[74]">USBD_CDC0_NCM_SetEthernetMulticastFilters</a> from usbd_config_0.o(.text.USBD_CDC0_NCM_SetEthernetMulticastFilters) referenced from usbd_config_0.o(.rodata.fpUSBD_CDC_NCM_SetEthernetMulticastFilters)
 <LI><a href="#[75]">USBD_CDC0_NCM_SetEthernetPacketFilter</a> from usbd_config_0.o(.text.USBD_CDC0_NCM_SetEthernetPacketFilter) referenced from usbd_config_0.o(.rodata.fpUSBD_CDC_NCM_SetEthernetPacketFilter)
 <LI><a href="#[76]">USBD_CDC0_NCM_SetEthernetPowerManagementPatternFilter</a> from usbd_config_0.o(.text.USBD_CDC0_NCM_SetEthernetPowerManagementPatternFilter) referenced from usbd_config_0.o(.rodata.fpUSBD_CDC_NCM_SetEthernetPowerManagementPatternFilter)
 <LI><a href="#[77]">USBD_CDC0_NCM_SetMaxDatagramSize</a> from usbd_config_0.o(.text.USBD_CDC0_NCM_SetMaxDatagramSize) referenced from usbd_config_0.o(.rodata.fpUSBD_CDC_NCM_SetMaxDatagramSize)
 <LI><a href="#[78]">USBD_CDC0_NCM_SetNetAddress</a> from usbd_config_0.o(.text.USBD_CDC0_NCM_SetNetAddress) referenced from usbd_config_0.o(.rodata.fpUSBD_CDC_NCM_SetNetAddress)
 <LI><a href="#[79]">USBD_CDC0_NCM_SetNtbFormat</a> from usbd_config_0.o(.text.USBD_CDC0_NCM_SetNtbFormat) referenced from usbd_config_0.o(.rodata.fpUSBD_CDC_NCM_SetNtbFormat)
 <LI><a href="#[7a]">USBD_CDC0_NCM_SetNtbInputSize</a> from usbd_config_0.o(.text.USBD_CDC0_NCM_SetNtbInputSize) referenced from usbd_config_0.o(.rodata.fpUSBD_CDC_NCM_SetNtbInputSize)
 <LI><a href="#[7b]">USBD_CDC0_NCM_Start</a> from usbd_config_0.o(.text.USBD_CDC0_NCM_Start) referenced from usbd_config_0.o(.rodata.fpUSBD_CDC_NCM_Start)
 <LI><a href="#[7c]">USBD_CDC0_NCM_Stop</a> from usbd_config_0.o(.text.USBD_CDC0_NCM_Stop) referenced from usbd_config_0.o(.rodata.fpUSBD_CDC_NCM_Stop)
 <LI><a href="#[7d]">USBD_CDC0_NCM_Uninitialize</a> from usbd_config_0.o(.text.USBD_CDC0_NCM_Uninitialize) referenced from usbd_config_0.o(.rodata.fpUSBD_CDC_NCM_Uninitialize)
 <LI><a href="#[7e]">USBD_Device0_ConfigurationChanged</a> from usbd_config_0.o(.text.USBD_Device0_ConfigurationChanged) referenced from usbd_config_0.o(.rodata.fpUSBD_Device_ConfigurationChanged)
 <LI><a href="#[7f]">USBD_Device0_DisableRemoteWakeup</a> from usbd_config_0.o(.text.USBD_Device0_DisableRemoteWakeup) referenced from usbd_config_0.o(.rodata.fpUSBD_Device_DisableRemoteWakeup)
 <LI><a href="#[80]">USBD_Device0_EnableRemoteWakeup</a> from usbd_config_0.o(.text.USBD_Device0_EnableRemoteWakeup) referenced from usbd_config_0.o(.rodata.fpUSBD_Device_EnableRemoteWakeup)
 <LI><a href="#[81]">USBD_Device0_Endpoint0_InDataSent</a> from usbd_config_0.o(.text.USBD_Device0_Endpoint0_InDataSent) referenced from usbd_config_0.o(.rodata.fpUSBD_Device_Endpoint0_InDataSent)
 <LI><a href="#[82]">USBD_Device0_Endpoint0_OutDataReceived</a> from usbd_config_0.o(.text.USBD_Device0_Endpoint0_OutDataReceived) referenced from usbd_config_0.o(.rodata.fpUSBD_Device_Endpoint0_OutDataReceived)
 <LI><a href="#[83]">USBD_Device0_Endpoint0_SetupPacketProcessed</a> from usbd_config_0.o(.text.USBD_Device0_Endpoint0_SetupPacketProcessed) referenced from usbd_config_0.o(.rodata.fpUSBD_Device_Endpoint0_SetupPacketProcessed)
 <LI><a href="#[84]">USBD_Device0_Endpoint0_SetupPacketReceived</a> from usbd_config_0.o(.text.USBD_Device0_Endpoint0_SetupPacketReceived) referenced from usbd_config_0.o(.rodata.fpUSBD_Device_Endpoint0_SetupPacketReceived)
 <LI><a href="#[85]">USBD_Device0_HighSpeedActivated</a> from usbd_config_0.o(.text.USBD_Device0_HighSpeedActivated) referenced from usbd_config_0.o(.rodata.fpUSBD_Device_HighSpeedActivated)
 <LI><a href="#[86]">USBD_Device0_Initialize</a> from usbd_config_0.o(.text.USBD_Device0_Initialize) referenced from usbd_config_0.o(.rodata.fpUSBD_Device_Initialize)
 <LI><a href="#[87]">USBD_Device0_Reset</a> from usbd_config_0.o(.text.USBD_Device0_Reset) referenced from usbd_config_0.o(.rodata.fpUSBD_Device_Reset)
 <LI><a href="#[88]">USBD_Device0_Resumed</a> from usbd_config_0.o(.text.USBD_Device0_Resumed) referenced from usbd_config_0.o(.rodata.fpUSBD_Device_Resumed)
 <LI><a href="#[89]">USBD_Device0_Suspended</a> from usbd_config_0.o(.text.USBD_Device0_Suspended) referenced from usbd_config_0.o(.rodata.fpUSBD_Device_Suspended)
 <LI><a href="#[8a]">USBD_Device0_Uninitialize</a> from usbd_config_0.o(.text.USBD_Device0_Uninitialize) referenced from usbd_config_0.o(.rodata.fpUSBD_Device_Uninitialize)
 <LI><a href="#[8b]">USBD_Device0_VbusChanged</a> from usbd_config_0.o(.text.USBD_Device0_VbusChanged) referenced from usbd_config_0.o(.rodata.fpUSBD_Device_VbusChanged)
 <LI><a href="#[50]">USBD_DeviceConnect</a> from usbd_stm32f10x.o(.text.USBD_DeviceConnect) referenced from usbd_stm32f10x.o(.rodata.Driver_USBD0)
 <LI><a href="#[51]">USBD_DeviceDisconnect</a> from usbd_stm32f10x.o(.text.USBD_DeviceDisconnect) referenced from usbd_stm32f10x.o(.rodata.Driver_USBD0)
 <LI><a href="#[52]">USBD_DeviceGetState</a> from usbd_stm32f10x.o(.text.USBD_DeviceGetState) referenced from usbd_stm32f10x.o(.rodata.Driver_USBD0)
 <LI><a href="#[53]">USBD_DeviceRemoteWakeup</a> from usbd_stm32f10x.o(.text.USBD_DeviceRemoteWakeup) referenced from usbd_stm32f10x.o(.rodata.Driver_USBD0)
 <LI><a href="#[54]">USBD_DeviceSetAddress</a> from usbd_stm32f10x.o(.text.USBD_DeviceSetAddress) referenced from usbd_stm32f10x.o(.rodata.Driver_USBD0)
 <LI><a href="#[56]">USBD_EndpointConfigure</a> from usbd_stm32f10x.o(.text.USBD_EndpointConfigure) referenced from usbd_stm32f10x.o(.rodata.Driver_USBD0)
 <LI><a href="#[58]">USBD_EndpointStall</a> from usbd_stm32f10x.o(.text.USBD_EndpointStall) referenced from usbd_stm32f10x.o(.rodata.Driver_USBD0)
 <LI><a href="#[59]">USBD_EndpointTransfer</a> from usbd_stm32f10x.o(.text.USBD_EndpointTransfer) referenced from usbd_stm32f10x.o(.rodata.Driver_USBD0)
 <LI><a href="#[5b]">USBD_EndpointTransferAbort</a> from usbd_stm32f10x.o(.text.USBD_EndpointTransferAbort) referenced from usbd_stm32f10x.o(.rodata.Driver_USBD0)
 <LI><a href="#[5a]">USBD_EndpointTransferGetResult</a> from usbd_stm32f10x.o(.text.USBD_EndpointTransferGetResult) referenced from usbd_stm32f10x.o(.rodata.Driver_USBD0)
 <LI><a href="#[57]">USBD_EndpointUnconfigure</a> from usbd_stm32f10x.o(.text.USBD_EndpointUnconfigure) referenced from usbd_stm32f10x.o(.rodata.Driver_USBD0)
 <LI><a href="#[4c]">USBD_GetCapabilities</a> from usbd_stm32f10x.o(.text.USBD_GetCapabilities) referenced from usbd_stm32f10x.o(.rodata.Driver_USBD0)
 <LI><a href="#[5c]">USBD_GetFrameNumber</a> from usbd_stm32f10x.o(.text.USBD_GetFrameNumber) referenced from usbd_stm32f10x.o(.rodata.Driver_USBD0)
 <LI><a href="#[4b]">USBD_GetVersion</a> from usbd_stm32f10x.o(.text.USBD_GetVersion) referenced from usbd_stm32f10x.o(.rodata.Driver_USBD0)
 <LI><a href="#[4d]">USBD_Initialize</a> from usbd_stm32f10x.o(.text.USBD_Initialize) referenced from usbd_stm32f10x.o(.rodata.Driver_USBD0)
 <LI><a href="#[4f]">USBD_PowerControl</a> from usbd_stm32f10x.o(.text.USBD_PowerControl) referenced from usbd_stm32f10x.o(.rodata.Driver_USBD0)
 <LI><a href="#[55]">USBD_ReadSetupPacket</a> from usbd_stm32f10x.o(.text.USBD_ReadSetupPacket) referenced from usbd_stm32f10x.o(.rodata.Driver_USBD0)
 <LI><a href="#[4e]">USBD_Uninitialize</a> from usbd_stm32f10x.o(.text.USBD_Uninitialize) referenced from usbd_stm32f10x.o(.rodata.Driver_USBD0)
 <LI><a href="#[34]">USBWakeUp_IRQHandler</a> from startup_stm32f10x_md.o(.text) referenced from startup_stm32f10x_md.o(RESET)
 <LI><a href="#[1d]">USB_HP_CAN1_TX_IRQHandler</a> from startup_stm32f10x_md.o(.text) referenced from startup_stm32f10x_md.o(RESET)
 <LI><a href="#[1e]">USB_LP_CAN1_RX0_IRQHandler</a> from usbd_stm32f10x.o(.text.USB_LP_CAN1_RX0_IRQHandler) referenced from startup_stm32f10x_md.o(RESET)
 <LI><a href="#[5]">UsageFault_Handler</a> from startup_stm32f10x_md.o(.text) referenced from startup_stm32f10x_md.o(RESET)
 <LI><a href="#[a]">WWDG_IRQHandler</a> from startup_stm32f10x_md.o(.text) referenced from startup_stm32f10x_md.o(RESET)
 <LI><a href="#[38]">__main</a> from __main.o(!!!main) referenced from startup_stm32f10x_md.o(.text)
 <LI><a href="#[8f]">main</a> from main.o(.text.main) referenced from rtx_conf_cm.o(.rodata.os_thread_def_main)
 <LI><a href="#[4a]">osThreadExit</a> from rt_cmsis.o(i.osThreadExit) referenced from rt_cmsis.o(i.svcThreadCreate)
 <LI><a href="#[90]">osTimerThread</a> from rt_cmsis.o(i.osTimerThread) referenced from rtx_conf_cm.o(.rodata.os_thread_def_osTimerThread)
 <LI><a href="#[49]">os_idle_demon</a> from rtx_conf_cm.o(.text.os_idle_demon) referenced from rt_task.o(i.rt_sys_init)
 <LI><a href="#[35]">rt_alloc_box</a> from rt_membox.o(i.rt_alloc_box) referenced from hal_cm3.o(.emb_text)
 <LI><a href="#[36]">rt_free_box</a> from rt_membox.o(i.rt_free_box) referenced from hal_cm3.o(.emb_text)
 <LI><a href="#[3a]">rt_mut_release</a> from rt_mutex.o(i.rt_mut_release) referenced 2 times from rtx_conf_cm.o(.text._mutex_release)
 <LI><a href="#[39]">rt_mut_wait</a> from rt_mutex.o(i.rt_mut_wait) referenced 2 times from rtx_conf_cm.o(.text._mutex_acquire)
 <LI><a href="#[3b]">svcDelay</a> from rt_cmsis.o(i.svcDelay) referenced from rt_cmsis.o(i.osDelay)
 <LI><a href="#[3c]">svcKernelInitialize</a> from rt_cmsis.o(i.svcKernelInitialize) referenced from rt_cmsis.o(i.osKernelInitialize)
 <LI><a href="#[3d]">svcKernelStart</a> from rt_cmsis.o(i.svcKernelStart) referenced from rt_cmsis.o(i.osKernelStart)
 <LI><a href="#[3e]">svcMessageGet</a> from rt_cmsis.o(i.svcMessageGet) referenced from rt_cmsis.o(i.osMessageGet)
 <LI><a href="#[3f]">svcSemaphoreCreate</a> from rt_cmsis.o(i.svcSemaphoreCreate) referenced from rt_cmsis.o(i.osSemaphoreCreate)
 <LI><a href="#[40]">svcSemaphoreDelete</a> from rt_cmsis.o(i.svcSemaphoreDelete) referenced from rt_cmsis.o(i.osSemaphoreDelete)
 <LI><a href="#[41]">svcSemaphoreRelease</a> from rt_cmsis.o(i.svcSemaphoreRelease) referenced from rt_cmsis.o(i.osSemaphoreRelease)
 <LI><a href="#[42]">svcSemaphoreWait</a> from rt_cmsis.o(i.svcSemaphoreWait) referenced from rt_cmsis.o(i.osSemaphoreWait)
 <LI><a href="#[43]">svcSignalSet</a> from rt_cmsis.o(i.svcSignalSet) referenced from rt_cmsis.o(i.osSignalSet)
 <LI><a href="#[44]">svcSignalWait</a> from rt_cmsis.o(i.svcSignalWait) referenced from rt_cmsis.o(i.osSignalWait)
 <LI><a href="#[45]">svcThreadCreate</a> from rt_cmsis.o(i.svcThreadCreate) referenced from rt_cmsis.o(i.osThreadCreate)
 <LI><a href="#[46]">svcThreadGetId</a> from rt_cmsis.o(i.svcThreadGetId) referenced from rt_cmsis.o(i.osThreadExit)
 <LI><a href="#[47]">svcThreadTerminate</a> from rt_cmsis.o(i.svcThreadTerminate) referenced from rt_cmsis.o(i.osThreadExit)
 <LI><a href="#[47]">svcThreadTerminate</a> from rt_cmsis.o(i.svcThreadTerminate) referenced from rt_cmsis.o(i.osThreadTerminate)
 <LI><a href="#[48]">svcTimerCall</a> from rt_cmsis.o(i.svcTimerCall) referenced from rt_cmsis.o(i.osTimerCall)
</UL>
<P>
<H3>
Global Symbols
</H3>
<P><STRONG><a name="[38]"></a>__main</STRONG> (Thumb, 8 bytes, Stack size 0 bytes, __main.o(!!!main))
<BR><BR>[Calls]<UL><LI><a href="#[95]">&gt;&gt;</a>&nbsp;&nbsp;&nbsp;__scatterload
<LI><a href="#[96]">&gt;&gt;</a>&nbsp;&nbsp;&nbsp;__rt_entry
</UL>
<BR>[Address Reference Count : 1]<UL><LI> startup_stm32f10x_md.o(.text)
</UL>
<P><STRONG><a name="[95]"></a>__scatterload</STRONG> (Thumb, 0 bytes, Stack size unknown bytes, __scatter.o(!!!scatter))
<BR><BR>[Called By]<UL><LI><a href="#[38]">&gt;&gt;</a>&nbsp;&nbsp;&nbsp;__main
</UL>

<P><STRONG><a name="[97]"></a>__scatterload_rt2</STRONG> (Thumb, 44 bytes, Stack size unknown bytes, __scatter.o(!!!scatter), UNUSED)
<BR><BR>[Calls]<UL><LI><a href="#[96]">&gt;&gt;</a>&nbsp;&nbsp;&nbsp;__rt_entry
</UL>

<P><STRONG><a name="[1b9]"></a>__scatterload_rt2_thumb_only</STRONG> (Thumb, 0 bytes, Stack size unknown bytes, __scatter.o(!!!scatter), UNUSED)

<P><STRONG><a name="[1ba]"></a>__scatterload_null</STRONG> (Thumb, 0 bytes, Stack size unknown bytes, __scatter.o(!!!scatter), UNUSED)

<P><STRONG><a name="[98]"></a>__scatterload_copy</STRONG> (Thumb, 26 bytes, Stack size unknown bytes, __scatter_copy.o(!!handler_copy), UNUSED)
<BR><BR>[Calls]<UL><LI><a href="#[98]">&gt;&gt;</a>&nbsp;&nbsp;&nbsp;__scatterload_copy
</UL>
<BR>[Called By]<UL><LI><a href="#[98]">&gt;&gt;</a>&nbsp;&nbsp;&nbsp;__scatterload_copy
</UL>

<P><STRONG><a name="[1bb]"></a>__scatterload_zeroinit</STRONG> (Thumb, 28 bytes, Stack size unknown bytes, __scatter_zi.o(!!handler_zi), UNUSED)

<P><STRONG><a name="[9c]"></a>__rt_lib_init</STRONG> (Thumb, 0 bytes, Stack size unknown bytes, libinit.o(.ARM.Collect$$libinit$$00000000))
<BR><BR>[Called By]<UL><LI><a href="#[9b]">&gt;&gt;</a>&nbsp;&nbsp;&nbsp;__rt_entry_li
</UL>

<P><STRONG><a name="[1bc]"></a>__rt_lib_init_alloca_1</STRONG> (Thumb, 0 bytes, Stack size unknown bytes, libinit2.o(.ARM.Collect$$libinit$$0000002E))

<P><STRONG><a name="[1bd]"></a>__rt_lib_init_argv_1</STRONG> (Thumb, 0 bytes, Stack size unknown bytes, libinit2.o(.ARM.Collect$$libinit$$0000002C))

<P><STRONG><a name="[1be]"></a>__rt_lib_init_atexit_1</STRONG> (Thumb, 0 bytes, Stack size unknown bytes, libinit2.o(.ARM.Collect$$libinit$$0000001B))

<P><STRONG><a name="[1bf]"></a>__rt_lib_init_clock_1</STRONG> (Thumb, 0 bytes, Stack size unknown bytes, libinit2.o(.ARM.Collect$$libinit$$00000021))

<P><STRONG><a name="[1c0]"></a>__rt_lib_init_cpp_1</STRONG> (Thumb, 0 bytes, Stack size unknown bytes, libinit2.o(.ARM.Collect$$libinit$$00000032))

<P><STRONG><a name="[1c1]"></a>__rt_lib_init_exceptions_1</STRONG> (Thumb, 0 bytes, Stack size unknown bytes, libinit2.o(.ARM.Collect$$libinit$$00000030))

<P><STRONG><a name="[1c2]"></a>__rt_lib_init_fp_1</STRONG> (Thumb, 0 bytes, Stack size unknown bytes, libinit2.o(.ARM.Collect$$libinit$$00000002))

<P><STRONG><a name="[1c3]"></a>__rt_lib_init_fp_trap_1</STRONG> (Thumb, 0 bytes, Stack size unknown bytes, libinit2.o(.ARM.Collect$$libinit$$0000001F))

<P><STRONG><a name="[1c4]"></a>__rt_lib_init_getenv_1</STRONG> (Thumb, 0 bytes, Stack size unknown bytes, libinit2.o(.ARM.Collect$$libinit$$00000023))

<P><STRONG><a name="[1c5]"></a>__rt_lib_init_heap_1</STRONG> (Thumb, 0 bytes, Stack size unknown bytes, libinit2.o(.ARM.Collect$$libinit$$0000000A))

<P><STRONG><a name="[1c6]"></a>__rt_lib_init_lc_collate_1</STRONG> (Thumb, 0 bytes, Stack size unknown bytes, libinit2.o(.ARM.Collect$$libinit$$00000011))

<P><STRONG><a name="[1c7]"></a>__rt_lib_init_lc_ctype_1</STRONG> (Thumb, 0 bytes, Stack size unknown bytes, libinit2.o(.ARM.Collect$$libinit$$00000013))

<P><STRONG><a name="[1c8]"></a>__rt_lib_init_lc_monetary_1</STRONG> (Thumb, 0 bytes, Stack size unknown bytes, libinit2.o(.ARM.Collect$$libinit$$00000015))

<P><STRONG><a name="[1c9]"></a>__rt_lib_init_lc_numeric_1</STRONG> (Thumb, 0 bytes, Stack size unknown bytes, libinit2.o(.ARM.Collect$$libinit$$00000017))

<P><STRONG><a name="[1ca]"></a>__rt_lib_init_lc_time_1</STRONG> (Thumb, 0 bytes, Stack size unknown bytes, libinit2.o(.ARM.Collect$$libinit$$00000019))

<P><STRONG><a name="[1cb]"></a>__rt_lib_init_preinit_1</STRONG> (Thumb, 0 bytes, Stack size unknown bytes, libinit2.o(.ARM.Collect$$libinit$$00000004))

<P><STRONG><a name="[1cc]"></a>__rt_lib_init_rand_1</STRONG> (Thumb, 0 bytes, Stack size unknown bytes, libinit2.o(.ARM.Collect$$libinit$$0000000E))

<P><STRONG><a name="[1cd]"></a>__rt_lib_init_return</STRONG> (Thumb, 0 bytes, Stack size unknown bytes, libinit2.o(.ARM.Collect$$libinit$$00000033))

<P><STRONG><a name="[1ce]"></a>__rt_lib_init_signal_1</STRONG> (Thumb, 0 bytes, Stack size unknown bytes, libinit2.o(.ARM.Collect$$libinit$$0000001D))

<P><STRONG><a name="[1cf]"></a>__rt_lib_init_stdio_1</STRONG> (Thumb, 0 bytes, Stack size unknown bytes, libinit2.o(.ARM.Collect$$libinit$$00000025))

<P><STRONG><a name="[1d0]"></a>__rt_lib_init_user_alloc_1</STRONG> (Thumb, 0 bytes, Stack size unknown bytes, libinit2.o(.ARM.Collect$$libinit$$0000000C))

<P><STRONG><a name="[a2]"></a>__rt_lib_shutdown</STRONG> (Thumb, 0 bytes, Stack size unknown bytes, libshutdown.o(.ARM.Collect$$libshutdown$$00000000))
<BR><BR>[Called By]<UL><LI><a href="#[a1]">&gt;&gt;</a>&nbsp;&nbsp;&nbsp;__rt_exit_ls
</UL>

<P><STRONG><a name="[1d1]"></a>__rt_lib_shutdown_cpp_1</STRONG> (Thumb, 0 bytes, Stack size unknown bytes, libshutdown2.o(.ARM.Collect$$libshutdown$$00000002))

<P><STRONG><a name="[1d2]"></a>__rt_lib_shutdown_fp_trap_1</STRONG> (Thumb, 0 bytes, Stack size unknown bytes, libshutdown2.o(.ARM.Collect$$libshutdown$$00000007))

<P><STRONG><a name="[1d3]"></a>__rt_lib_shutdown_heap_1</STRONG> (Thumb, 0 bytes, Stack size unknown bytes, libshutdown2.o(.ARM.Collect$$libshutdown$$0000000F))

<P><STRONG><a name="[1d4]"></a>__rt_lib_shutdown_return</STRONG> (Thumb, 0 bytes, Stack size unknown bytes, libshutdown2.o(.ARM.Collect$$libshutdown$$00000010))

<P><STRONG><a name="[1d5]"></a>__rt_lib_shutdown_signal_1</STRONG> (Thumb, 0 bytes, Stack size unknown bytes, libshutdown2.o(.ARM.Collect$$libshutdown$$0000000A))

<P><STRONG><a name="[1d6]"></a>__rt_lib_shutdown_stdio_1</STRONG> (Thumb, 0 bytes, Stack size unknown bytes, libshutdown2.o(.ARM.Collect$$libshutdown$$00000004))

<P><STRONG><a name="[1d7]"></a>__rt_lib_shutdown_user_alloc_1</STRONG> (Thumb, 0 bytes, Stack size unknown bytes, libshutdown2.o(.ARM.Collect$$libshutdown$$0000000C))

<P><STRONG><a name="[96]"></a>__rt_entry</STRONG> (Thumb, 0 bytes, Stack size unknown bytes, __rtentry.o(.ARM.Collect$$rtentry$$00000000))
<BR><BR>[Called By]<UL><LI><a href="#[97]">&gt;&gt;</a>&nbsp;&nbsp;&nbsp;__scatterload_rt2
<LI><a href="#[38]">&gt;&gt;</a>&nbsp;&nbsp;&nbsp;__main
</UL>

<P><STRONG><a name="[1d8]"></a>__rt_entry_presh_1</STRONG> (Thumb, 0 bytes, Stack size unknown bytes, __rtentry2.o(.ARM.Collect$$rtentry$$00000002))

<P><STRONG><a name="[99]"></a>__rt_entry_sh</STRONG> (Thumb, 0 bytes, Stack size unknown bytes, __rtentry4.o(.ARM.Collect$$rtentry$$00000004))
<BR><BR>[Stack]<UL><LI>Max Depth = 8 + Unknown Stack Size
<LI>Call Chain = __rt_entry_sh &rArr; __user_setup_stackheap
</UL>
<BR>[Calls]<UL><LI><a href="#[9a]">&gt;&gt;</a>&nbsp;&nbsp;&nbsp;__user_setup_stackheap
</UL>

<P><STRONG><a name="[9b]"></a>__rt_entry_li</STRONG> (Thumb, 0 bytes, Stack size unknown bytes, __rtentry2.o(.ARM.Collect$$rtentry$$0000000A))
<BR><BR>[Calls]<UL><LI><a href="#[9c]">&gt;&gt;</a>&nbsp;&nbsp;&nbsp;__rt_lib_init
</UL>

<P><STRONG><a name="[1d9]"></a>__rt_entry_postsh_1</STRONG> (Thumb, 0 bytes, Stack size unknown bytes, __rtentry2.o(.ARM.Collect$$rtentry$$00000009))

<P><STRONG><a name="[9d]"></a>__rt_entry_postli_1</STRONG> (Thumb, 0 bytes, Stack size unknown bytes, __rtentry2.o(.ARM.Collect$$rtentry$$0000000B))
<BR><BR>[Stack]<UL><LI>Max Depth = 80 + Unknown Stack Size
<LI>Call Chain = __rt_entry_postli_1 &rArr; _platform_post_lib_init &rArr; osKernelInitialize &rArr; svcKernelInitialize &rArr; svcThreadCreate &rArr; rt_tsk_create &rArr; rt_init_context &rArr; rt_init_stack
</UL>
<BR>[Calls]<UL><LI><a href="#[9e]">&gt;&gt;</a>&nbsp;&nbsp;&nbsp;_platform_post_lib_init
</UL>

<P><STRONG><a name="[9f]"></a>__rt_entry_main</STRONG> (Thumb, 0 bytes, Stack size unknown bytes, __rtentry2.o(.ARM.Collect$$rtentry$$0000000D))
<BR><BR>[Stack]<UL><LI>Max Depth = 392 + Unknown Stack Size
<LI>Call Chain = __rt_entry_main &rArr; main &rArr; USBD_Initialize &rArr; USBD_ClassInitialize &rArr; USBD_CDC_Initialize &rArr; USBD_ThreadCreate &rArr; osThreadCreate &rArr; svcThreadCreate &rArr; rt_tsk_create &rArr; rt_init_context &rArr; rt_init_stack
</UL>
<BR>[Calls]<UL><LI><a href="#[8f]">&gt;&gt;</a>&nbsp;&nbsp;&nbsp;main
<LI><a href="#[a0]">&gt;&gt;</a>&nbsp;&nbsp;&nbsp;exit
</UL>

<P><STRONG><a name="[b0]"></a>__rt_exit</STRONG> (Thumb, 0 bytes, Stack size unknown bytes, rtexit.o(.ARM.Collect$$rtexit$$00000000))
<BR><BR>[Called By]<UL><LI><a href="#[a0]">&gt;&gt;</a>&nbsp;&nbsp;&nbsp;exit
</UL>

<P><STRONG><a name="[a1]"></a>__rt_exit_ls</STRONG> (Thumb, 0 bytes, Stack size unknown bytes, rtexit2.o(.ARM.Collect$$rtexit$$00000003))
<BR><BR>[Calls]<UL><LI><a href="#[a2]">&gt;&gt;</a>&nbsp;&nbsp;&nbsp;__rt_lib_shutdown
</UL>

<P><STRONG><a name="[1da]"></a>__rt_exit_prels_1</STRONG> (Thumb, 0 bytes, Stack size unknown bytes, rtexit2.o(.ARM.Collect$$rtexit$$00000002))

<P><STRONG><a name="[a3]"></a>__rt_exit_exit</STRONG> (Thumb, 0 bytes, Stack size unknown bytes, rtexit2.o(.ARM.Collect$$rtexit$$00000004))
<BR><BR>[Calls]<UL><LI><a href="#[a4]">&gt;&gt;</a>&nbsp;&nbsp;&nbsp;_sys_exit
</UL>

<P><STRONG><a name="[1db]"></a>rt_set_PSP</STRONG> (Thumb, 6 bytes, Stack size 0 bytes, hal_cm3.o(.emb_text), UNUSED)

<P><STRONG><a name="[1a5]"></a>rt_get_PSP</STRONG> (Thumb, 6 bytes, Stack size 0 bytes, hal_cm3.o(.emb_text))
<BR><BR>[Called By]<UL><LI><a href="#[1a4]">&gt;&gt;</a>&nbsp;&nbsp;&nbsp;rt_tsk_delete
</UL>

<P><STRONG><a name="[1dc]"></a>os_set_env</STRONG> (Thumb, 24 bytes, Stack size 0 bytes, hal_cm3.o(.emb_text), UNUSED)

<P><STRONG><a name="[1dd]"></a>_alloc_box</STRONG> (Thumb, 28 bytes, Stack size 0 bytes, hal_cm3.o(.emb_text), UNUSED)

<P><STRONG><a name="[1de]"></a>_free_box</STRONG> (Thumb, 28 bytes, Stack size 0 bytes, hal_cm3.o(.emb_text), UNUSED)

<P><STRONG><a name="[6]"></a>SVC_Handler</STRONG> (Thumb, 108 bytes, Stack size 0 bytes, hal_cm3.o(.emb_text))
<BR><BR>[Calls]<UL><LI><a href="#[a5]">&gt;&gt;</a>&nbsp;&nbsp;&nbsp;rt_stk_check
</UL>
<BR>[Address Reference Count : 1]<UL><LI> startup_stm32f10x_md.o(RESET)
</UL>
<P><STRONG><a name="[8]"></a>PendSV_Handler</STRONG> (Thumb, 56 bytes, Stack size 0 bytes, hal_cm3.o(.emb_text))
<BR><BR>[Stack]<UL><LI>Max Depth = 52<LI>Call Chain = PendSV_Handler &rArr; rt_pop_req &rArr; rt_mbx_psh &rArr; rt_put_prio
</UL>
<BR>[Calls]<UL><LI><a href="#[a5]">&gt;&gt;</a>&nbsp;&nbsp;&nbsp;rt_stk_check
<LI><a href="#[a6]">&gt;&gt;</a>&nbsp;&nbsp;&nbsp;rt_pop_req
</UL>
<BR>[Address Reference Count : 1]<UL><LI> startup_stm32f10x_md.o(RESET)
</UL>
<P><STRONG><a name="[9]"></a>SysTick_Handler</STRONG> (Thumb, 8 bytes, Stack size 0 bytes, hal_cm3.o(.emb_text))
<BR><BR>[Stack]<UL><LI>Max Depth = 72<LI>Call Chain = SysTick_Handler &rArr; rt_systick &rArr; sysTimerTick &rArr; isrMessagePut &rArr; isr_mbx_send &rArr; rt_psq_enq
</UL>
<BR>[Calls]<UL><LI><a href="#[a7]">&gt;&gt;</a>&nbsp;&nbsp;&nbsp;rt_systick
</UL>
<BR>[Address Reference Count : 1]<UL><LI> startup_stm32f10x_md.o(RESET)
</UL>
<P><STRONG><a name="[a8]"></a>OS_Tick_Handler</STRONG> (Thumb, 12 bytes, Stack size 0 bytes, hal_cm3.o(.emb_text), UNUSED)
<BR><BR>[Calls]<UL><LI><a href="#[a9]">&gt;&gt;</a>&nbsp;&nbsp;&nbsp;os_tick_irqack
<LI><a href="#[a7]">&gt;&gt;</a>&nbsp;&nbsp;&nbsp;rt_systick
</UL>

<P><STRONG><a name="[0]"></a>Reset_Handler</STRONG> (Thumb, 8 bytes, Stack size 0 bytes, startup_stm32f10x_md.o(.text))
<BR>[Address Reference Count : 1]<UL><LI> startup_stm32f10x_md.o(RESET)
</UL>
<P><STRONG><a name="[1]"></a>NMI_Handler</STRONG> (Thumb, 2 bytes, Stack size 0 bytes, startup_stm32f10x_md.o(.text))
<BR><BR>[Calls]<UL><LI><a href="#[1]">&gt;&gt;</a>&nbsp;&nbsp;&nbsp;NMI_Handler
</UL>
<BR>[Called By]<UL><LI><a href="#[1]">&gt;&gt;</a>&nbsp;&nbsp;&nbsp;NMI_Handler
</UL>
<BR>[Address Reference Count : 1]<UL><LI> startup_stm32f10x_md.o(RESET)
</UL>
<P><STRONG><a name="[2]"></a>HardFault_Handler</STRONG> (Thumb, 2 bytes, Stack size 0 bytes, startup_stm32f10x_md.o(.text))
<BR><BR>[Calls]<UL><LI><a href="#[2]">&gt;&gt;</a>&nbsp;&nbsp;&nbsp;HardFault_Handler
</UL>
<BR>[Called By]<UL><LI><a href="#[2]">&gt;&gt;</a>&nbsp;&nbsp;&nbsp;HardFault_Handler
</UL>
<BR>[Address Reference Count : 1]<UL><LI> startup_stm32f10x_md.o(RESET)
</UL>
<P><STRONG><a name="[3]"></a>MemManage_Handler</STRONG> (Thumb, 2 bytes, Stack size 0 bytes, startup_stm32f10x_md.o(.text))
<BR><BR>[Calls]<UL><LI><a href="#[3]">&gt;&gt;</a>&nbsp;&nbsp;&nbsp;MemManage_Handler
</UL>
<BR>[Called By]<UL><LI><a href="#[3]">&gt;&gt;</a>&nbsp;&nbsp;&nbsp;MemManage_Handler
</UL>
<BR>[Address Reference Count : 1]<UL><LI> startup_stm32f10x_md.o(RESET)
</UL>
<P><STRONG><a name="[4]"></a>BusFault_Handler</STRONG> (Thumb, 2 bytes, Stack size 0 bytes, startup_stm32f10x_md.o(.text))
<BR><BR>[Calls]<UL><LI><a href="#[4]">&gt;&gt;</a>&nbsp;&nbsp;&nbsp;BusFault_Handler
</UL>
<BR>[Called By]<UL><LI><a href="#[4]">&gt;&gt;</a>&nbsp;&nbsp;&nbsp;BusFault_Handler
</UL>
<BR>[Address Reference Count : 1]<UL><LI> startup_stm32f10x_md.o(RESET)
</UL>
<P><STRONG><a name="[5]"></a>UsageFault_Handler</STRONG> (Thumb, 2 bytes, Stack size 0 bytes, startup_stm32f10x_md.o(.text))
<BR><BR>[Calls]<UL><LI><a href="#[5]">&gt;&gt;</a>&nbsp;&nbsp;&nbsp;UsageFault_Handler
</UL>
<BR>[Called By]<UL><LI><a href="#[5]">&gt;&gt;</a>&nbsp;&nbsp;&nbsp;UsageFault_Handler
</UL>
<BR>[Address Reference Count : 1]<UL><LI> startup_stm32f10x_md.o(RESET)
</UL>
<P><STRONG><a name="[7]"></a>DebugMon_Handler</STRONG> (Thumb, 2 bytes, Stack size 0 bytes, startup_stm32f10x_md.o(.text))
<BR><BR>[Calls]<UL><LI><a href="#[7]">&gt;&gt;</a>&nbsp;&nbsp;&nbsp;DebugMon_Handler
</UL>
<BR>[Called By]<UL><LI><a href="#[7]">&gt;&gt;</a>&nbsp;&nbsp;&nbsp;DebugMon_Handler
</UL>
<BR>[Address Reference Count : 1]<UL><LI> startup_stm32f10x_md.o(RESET)
</UL>
<P><STRONG><a name="[1c]"></a>ADC1_2_IRQHandler</STRONG> (Thumb, 0 bytes, Stack size 0 bytes, startup_stm32f10x_md.o(.text))
<BR><BR>[Calls]<UL><LI><a href="#[1c]">&gt;&gt;</a>&nbsp;&nbsp;&nbsp;ADC1_2_IRQHandler
</UL>
<BR>[Called By]<UL><LI><a href="#[1c]">&gt;&gt;</a>&nbsp;&nbsp;&nbsp;ADC1_2_IRQHandler
</UL>
<BR>[Address Reference Count : 1]<UL><LI> startup_stm32f10x_md.o(RESET)
</UL>
<P><STRONG><a name="[1f]"></a>CAN1_RX1_IRQHandler</STRONG> (Thumb, 0 bytes, Stack size 0 bytes, startup_stm32f10x_md.o(.text))
<BR>[Address Reference Count : 1]<UL><LI> startup_stm32f10x_md.o(RESET)
</UL>
<P><STRONG><a name="[20]"></a>CAN1_SCE_IRQHandler</STRONG> (Thumb, 0 bytes, Stack size 0 bytes, startup_stm32f10x_md.o(.text))
<BR>[Address Reference Count : 1]<UL><LI> startup_stm32f10x_md.o(RESET)
</UL>
<P><STRONG><a name="[15]"></a>DMA1_Channel1_IRQHandler</STRONG> (Thumb, 0 bytes, Stack size 0 bytes, startup_stm32f10x_md.o(.text))
<BR>[Address Reference Count : 1]<UL><LI> startup_stm32f10x_md.o(RESET)
</UL>
<P><STRONG><a name="[16]"></a>DMA1_Channel2_IRQHandler</STRONG> (Thumb, 0 bytes, Stack size 0 bytes, startup_stm32f10x_md.o(.text))
<BR>[Address Reference Count : 1]<UL><LI> startup_stm32f10x_md.o(RESET)
</UL>
<P><STRONG><a name="[17]"></a>DMA1_Channel3_IRQHandler</STRONG> (Thumb, 0 bytes, Stack size 0 bytes, startup_stm32f10x_md.o(.text))
<BR>[Address Reference Count : 1]<UL><LI> startup_stm32f10x_md.o(RESET)
</UL>
<P><STRONG><a name="[18]"></a>DMA1_Channel4_IRQHandler</STRONG> (Thumb, 0 bytes, Stack size 0 bytes, startup_stm32f10x_md.o(.text))
<BR>[Address Reference Count : 1]<UL><LI> startup_stm32f10x_md.o(RESET)
</UL>
<P><STRONG><a name="[19]"></a>DMA1_Channel5_IRQHandler</STRONG> (Thumb, 0 bytes, Stack size 0 bytes, startup_stm32f10x_md.o(.text))
<BR>[Address Reference Count : 1]<UL><LI> startup_stm32f10x_md.o(RESET)
</UL>
<P><STRONG><a name="[1a]"></a>DMA1_Channel6_IRQHandler</STRONG> (Thumb, 0 bytes, Stack size 0 bytes, startup_stm32f10x_md.o(.text))
<BR>[Address Reference Count : 1]<UL><LI> startup_stm32f10x_md.o(RESET)
</UL>
<P><STRONG><a name="[1b]"></a>DMA1_Channel7_IRQHandler</STRONG> (Thumb, 0 bytes, Stack size 0 bytes, startup_stm32f10x_md.o(.text))
<BR>[Address Reference Count : 1]<UL><LI> startup_stm32f10x_md.o(RESET)
</UL>
<P><STRONG><a name="[10]"></a>EXTI0_IRQHandler</STRONG> (Thumb, 0 bytes, Stack size 0 bytes, startup_stm32f10x_md.o(.text))
<BR>[Address Reference Count : 1]<UL><LI> startup_stm32f10x_md.o(RESET)
</UL>
<P><STRONG><a name="[32]"></a>EXTI15_10_IRQHandler</STRONG> (Thumb, 0 bytes, Stack size 0 bytes, startup_stm32f10x_md.o(.text))
<BR>[Address Reference Count : 1]<UL><LI> startup_stm32f10x_md.o(RESET)
</UL>
<P><STRONG><a name="[11]"></a>EXTI1_IRQHandler</STRONG> (Thumb, 0 bytes, Stack size 0 bytes, startup_stm32f10x_md.o(.text))
<BR>[Address Reference Count : 1]<UL><LI> startup_stm32f10x_md.o(RESET)
</UL>
<P><STRONG><a name="[12]"></a>EXTI2_IRQHandler</STRONG> (Thumb, 0 bytes, Stack size 0 bytes, startup_stm32f10x_md.o(.text))
<BR>[Address Reference Count : 1]<UL><LI> startup_stm32f10x_md.o(RESET)
</UL>
<P><STRONG><a name="[13]"></a>EXTI3_IRQHandler</STRONG> (Thumb, 0 bytes, Stack size 0 bytes, startup_stm32f10x_md.o(.text))
<BR>[Address Reference Count : 1]<UL><LI> startup_stm32f10x_md.o(RESET)
</UL>
<P><STRONG><a name="[14]"></a>EXTI4_IRQHandler</STRONG> (Thumb, 0 bytes, Stack size 0 bytes, startup_stm32f10x_md.o(.text))
<BR>[Address Reference Count : 1]<UL><LI> startup_stm32f10x_md.o(RESET)
</UL>
<P><STRONG><a name="[21]"></a>EXTI9_5_IRQHandler</STRONG> (Thumb, 0 bytes, Stack size 0 bytes, startup_stm32f10x_md.o(.text))
<BR>[Address Reference Count : 1]<UL><LI> startup_stm32f10x_md.o(RESET)
</UL>
<P><STRONG><a name="[e]"></a>FLASH_IRQHandler</STRONG> (Thumb, 0 bytes, Stack size 0 bytes, startup_stm32f10x_md.o(.text))
<BR>[Address Reference Count : 1]<UL><LI> startup_stm32f10x_md.o(RESET)
</UL>
<P><STRONG><a name="[2a]"></a>I2C1_ER_IRQHandler</STRONG> (Thumb, 0 bytes, Stack size 0 bytes, startup_stm32f10x_md.o(.text))
<BR>[Address Reference Count : 1]<UL><LI> startup_stm32f10x_md.o(RESET)
</UL>
<P><STRONG><a name="[29]"></a>I2C1_EV_IRQHandler</STRONG> (Thumb, 0 bytes, Stack size 0 bytes, startup_stm32f10x_md.o(.text))
<BR>[Address Reference Count : 1]<UL><LI> startup_stm32f10x_md.o(RESET)
</UL>
<P><STRONG><a name="[2c]"></a>I2C2_ER_IRQHandler</STRONG> (Thumb, 0 bytes, Stack size 0 bytes, startup_stm32f10x_md.o(.text))
<BR>[Address Reference Count : 1]<UL><LI> startup_stm32f10x_md.o(RESET)
</UL>
<P><STRONG><a name="[2b]"></a>I2C2_EV_IRQHandler</STRONG> (Thumb, 0 bytes, Stack size 0 bytes, startup_stm32f10x_md.o(.text))
<BR>[Address Reference Count : 1]<UL><LI> startup_stm32f10x_md.o(RESET)
</UL>
<P><STRONG><a name="[b]"></a>PVD_IRQHandler</STRONG> (Thumb, 0 bytes, Stack size 0 bytes, startup_stm32f10x_md.o(.text))
<BR>[Address Reference Count : 1]<UL><LI> startup_stm32f10x_md.o(RESET)
</UL>
<P><STRONG><a name="[f]"></a>RCC_IRQHandler</STRONG> (Thumb, 0 bytes, Stack size 0 bytes, startup_stm32f10x_md.o(.text))
<BR>[Address Reference Count : 1]<UL><LI> startup_stm32f10x_md.o(RESET)
</UL>
<P><STRONG><a name="[33]"></a>RTCAlarm_IRQHandler</STRONG> (Thumb, 0 bytes, Stack size 0 bytes, startup_stm32f10x_md.o(.text))
<BR>[Address Reference Count : 1]<UL><LI> startup_stm32f10x_md.o(RESET)
</UL>
<P><STRONG><a name="[d]"></a>RTC_IRQHandler</STRONG> (Thumb, 0 bytes, Stack size 0 bytes, startup_stm32f10x_md.o(.text))
<BR>[Address Reference Count : 1]<UL><LI> startup_stm32f10x_md.o(RESET)
</UL>
<P><STRONG><a name="[2d]"></a>SPI1_IRQHandler</STRONG> (Thumb, 0 bytes, Stack size 0 bytes, startup_stm32f10x_md.o(.text))
<BR>[Address Reference Count : 1]<UL><LI> startup_stm32f10x_md.o(RESET)
</UL>
<P><STRONG><a name="[2e]"></a>SPI2_IRQHandler</STRONG> (Thumb, 0 bytes, Stack size 0 bytes, startup_stm32f10x_md.o(.text))
<BR>[Address Reference Count : 1]<UL><LI> startup_stm32f10x_md.o(RESET)
</UL>
<P><STRONG><a name="[c]"></a>TAMPER_IRQHandler</STRONG> (Thumb, 0 bytes, Stack size 0 bytes, startup_stm32f10x_md.o(.text))
<BR>[Address Reference Count : 1]<UL><LI> startup_stm32f10x_md.o(RESET)
</UL>
<P><STRONG><a name="[22]"></a>TIM1_BRK_IRQHandler</STRONG> (Thumb, 0 bytes, Stack size 0 bytes, startup_stm32f10x_md.o(.text))
<BR>[Address Reference Count : 1]<UL><LI> startup_stm32f10x_md.o(RESET)
</UL>
<P><STRONG><a name="[25]"></a>TIM1_CC_IRQHandler</STRONG> (Thumb, 0 bytes, Stack size 0 bytes, startup_stm32f10x_md.o(.text))
<BR>[Address Reference Count : 1]<UL><LI> startup_stm32f10x_md.o(RESET)
</UL>
<P><STRONG><a name="[24]"></a>TIM1_TRG_COM_IRQHandler</STRONG> (Thumb, 0 bytes, Stack size 0 bytes, startup_stm32f10x_md.o(.text))
<BR>[Address Reference Count : 1]<UL><LI> startup_stm32f10x_md.o(RESET)
</UL>
<P><STRONG><a name="[23]"></a>TIM1_UP_IRQHandler</STRONG> (Thumb, 0 bytes, Stack size 0 bytes, startup_stm32f10x_md.o(.text))
<BR>[Address Reference Count : 1]<UL><LI> startup_stm32f10x_md.o(RESET)
</UL>
<P><STRONG><a name="[2f]"></a>USART1_IRQHandler</STRONG> (Thumb, 0 bytes, Stack size 0 bytes, startup_stm32f10x_md.o(.text))
<BR>[Address Reference Count : 1]<UL><LI> startup_stm32f10x_md.o(RESET)
</UL>
<P><STRONG><a name="[30]"></a>USART2_IRQHandler</STRONG> (Thumb, 0 bytes, Stack size 0 bytes, startup_stm32f10x_md.o(.text))
<BR>[Address Reference Count : 1]<UL><LI> startup_stm32f10x_md.o(RESET)
</UL>
<P><STRONG><a name="[31]"></a>USART3_IRQHandler</STRONG> (Thumb, 0 bytes, Stack size 0 bytes, startup_stm32f10x_md.o(.text))
<BR>[Address Reference Count : 1]<UL><LI> startup_stm32f10x_md.o(RESET)
</UL>
<P><STRONG><a name="[34]"></a>USBWakeUp_IRQHandler</STRONG> (Thumb, 0 bytes, Stack size 0 bytes, startup_stm32f10x_md.o(.text))
<BR>[Address Reference Count : 1]<UL><LI> startup_stm32f10x_md.o(RESET)
</UL>
<P><STRONG><a name="[1d]"></a>USB_HP_CAN1_TX_IRQHandler</STRONG> (Thumb, 0 bytes, Stack size 0 bytes, startup_stm32f10x_md.o(.text))
<BR>[Address Reference Count : 1]<UL><LI> startup_stm32f10x_md.o(RESET)
</UL>
<P><STRONG><a name="[a]"></a>WWDG_IRQHandler</STRONG> (Thumb, 0 bytes, Stack size 0 bytes, startup_stm32f10x_md.o(.text))
<BR>[Address Reference Count : 1]<UL><LI> startup_stm32f10x_md.o(RESET)
</UL>
<P><STRONG><a name="[af]"></a>__user_initial_stackheap</STRONG> (Thumb, 0 bytes, Stack size unknown bytes, startup_stm32f10x_md.o(.text))
<BR><BR>[Called By]<UL><LI><a href="#[9a]">&gt;&gt;</a>&nbsp;&nbsp;&nbsp;__user_setup_stackheap
</UL>

<P><STRONG><a name="[1df]"></a>__user_libspace</STRONG> (Thumb, 8 bytes, Stack size 0 bytes, libspace.o(.text), UNUSED)

<P><STRONG><a name="[ae]"></a>__user_perproc_libspace</STRONG> (Thumb, 0 bytes, Stack size 0 bytes, libspace.o(.text))
<BR><BR>[Called By]<UL><LI><a href="#[9a]">&gt;&gt;</a>&nbsp;&nbsp;&nbsp;__user_setup_stackheap
</UL>

<P><STRONG><a name="[127]"></a>__aeabi_memcpy</STRONG> (Thumb, 0 bytes, Stack size 0 bytes, rt_memcpy_v6.o(.text))
<BR><BR>[Called By]<UL><LI><a href="#[126]">&gt;&gt;</a>&nbsp;&nbsp;&nbsp;USBD_CDC_ACM_WriteData
<LI><a href="#[125]">&gt;&gt;</a>&nbsp;&nbsp;&nbsp;USBD_CDC_ACM_ReadData
<LI><a href="#[128]">&gt;&gt;</a>&nbsp;&nbsp;&nbsp;USBD_CDC_EpBulkOut
<LI><a href="#[129]">&gt;&gt;</a>&nbsp;&nbsp;&nbsp;USBD_CDC_EpBulkIn
</UL>

<P><STRONG><a name="[aa]"></a>__rt_memcpy</STRONG> (Thumb, 138 bytes, Stack size 0 bytes, rt_memcpy_v6.o(.text), UNUSED)
<BR><BR>[Calls]<UL><LI><a href="#[ab]">&gt;&gt;</a>&nbsp;&nbsp;&nbsp;__aeabi_memcpy4
</UL>

<P><STRONG><a name="[1e0]"></a>_memcpy_lastbytes</STRONG> (Thumb, 0 bytes, Stack size unknown bytes, rt_memcpy_v6.o(.text), UNUSED)

<P><STRONG><a name="[16c]"></a>__aeabi_memclr</STRONG> (Thumb, 0 bytes, Stack size unknown bytes, rt_memclr.o(.text))
<BR><BR>[Called By]<UL><LI><a href="#[103]">&gt;&gt;</a>&nbsp;&nbsp;&nbsp;USBD_Initialize
<LI><a href="#[13f]">&gt;&gt;</a>&nbsp;&nbsp;&nbsp;USBD_ResetCore
</UL>

<P><STRONG><a name="[1e1]"></a>__rt_memclr</STRONG> (Thumb, 0 bytes, Stack size unknown bytes, rt_memclr.o(.text), UNUSED)

<P><STRONG><a name="[ac]"></a>_memset</STRONG> (Thumb, 64 bytes, Stack size 0 bytes, rt_memclr.o(.text), UNUSED)
<BR><BR>[Calls]<UL><LI><a href="#[ad]">&gt;&gt;</a>&nbsp;&nbsp;&nbsp;_memset_w
</UL>

<P><STRONG><a name="[c9]"></a>__aeabi_memclr4</STRONG> (Thumb, 0 bytes, Stack size unknown bytes, rt_memclr_w.o(.text))
<BR><BR>[Called By]<UL><LI><a href="#[ce]">&gt;&gt;</a>&nbsp;&nbsp;&nbsp;USBD_CDC_Reset
<LI><a href="#[ca]">&gt;&gt;</a>&nbsp;&nbsp;&nbsp;USBD_Reset
<LI><a href="#[4f]">&gt;&gt;</a>&nbsp;&nbsp;&nbsp;USBD_PowerControl
<LI><a href="#[fa]">&gt;&gt;</a>&nbsp;&nbsp;&nbsp;gCodeParse
<LI><a href="#[103]">&gt;&gt;</a>&nbsp;&nbsp;&nbsp;USBD_Initialize
</UL>

<P><STRONG><a name="[cc]"></a>__aeabi_memclr8</STRONG> (Thumb, 0 bytes, Stack size unknown bytes, rt_memclr_w.o(.text))
<BR><BR>[Called By]<UL><LI><a href="#[ca]">&gt;&gt;</a>&nbsp;&nbsp;&nbsp;USBD_Reset
</UL>

<P><STRONG><a name="[1e2]"></a>__rt_memclr_w</STRONG> (Thumb, 0 bytes, Stack size unknown bytes, rt_memclr_w.o(.text), UNUSED)

<P><STRONG><a name="[ad]"></a>_memset_w</STRONG> (Thumb, 74 bytes, Stack size 4 bytes, rt_memclr_w.o(.text), UNUSED)
<BR><BR>[Called By]<UL><LI><a href="#[ac]">&gt;&gt;</a>&nbsp;&nbsp;&nbsp;_memset
</UL>

<P><STRONG><a name="[1e3]"></a>__use_two_region_memory</STRONG> (Thumb, 2 bytes, Stack size 0 bytes, heapauxi.o(.text), UNUSED)

<P><STRONG><a name="[1e4]"></a>__rt_heap_escrow$2region</STRONG> (Thumb, 2 bytes, Stack size 0 bytes, heapauxi.o(.text), UNUSED)

<P><STRONG><a name="[1e5]"></a>__rt_heap_expand$2region</STRONG> (Thumb, 2 bytes, Stack size 0 bytes, heapauxi.o(.text), UNUSED)

<P><STRONG><a name="[ab]"></a>__aeabi_memcpy4</STRONG> (Thumb, 0 bytes, Stack size 8 bytes, rt_memcpy_w.o(.text), UNUSED)
<BR><BR>[Called By]<UL><LI><a href="#[aa]">&gt;&gt;</a>&nbsp;&nbsp;&nbsp;__rt_memcpy
</UL>

<P><STRONG><a name="[1e6]"></a>__aeabi_memcpy8</STRONG> (Thumb, 0 bytes, Stack size 8 bytes, rt_memcpy_w.o(.text), UNUSED)

<P><STRONG><a name="[1e7]"></a>__rt_memcpy_w</STRONG> (Thumb, 100 bytes, Stack size 8 bytes, rt_memcpy_w.o(.text), UNUSED)

<P><STRONG><a name="[1e8]"></a>_memcpy_lastbytes_aligned</STRONG> (Thumb, 0 bytes, Stack size unknown bytes, rt_memcpy_w.o(.text), UNUSED)

<P><STRONG><a name="[9a]"></a>__user_setup_stackheap</STRONG> (Thumb, 74 bytes, Stack size 8 bytes, sys_stackheap_outer.o(.text))
<BR><BR>[Stack]<UL><LI>Max Depth = 8 + Unknown Stack Size
<LI>Call Chain = __user_setup_stackheap
</UL>
<BR>[Calls]<UL><LI><a href="#[af]">&gt;&gt;</a>&nbsp;&nbsp;&nbsp;__user_initial_stackheap
<LI><a href="#[ae]">&gt;&gt;</a>&nbsp;&nbsp;&nbsp;__user_perproc_libspace
</UL>
<BR>[Called By]<UL><LI><a href="#[99]">&gt;&gt;</a>&nbsp;&nbsp;&nbsp;__rt_entry_sh
</UL>

<P><STRONG><a name="[a0]"></a>exit</STRONG> (Thumb, 18 bytes, Stack size 8 bytes, exit.o(.text))
<BR><BR>[Stack]<UL><LI>Max Depth = 8 + Unknown Stack Size
<LI>Call Chain = exit
</UL>
<BR>[Calls]<UL><LI><a href="#[b0]">&gt;&gt;</a>&nbsp;&nbsp;&nbsp;__rt_exit
</UL>
<BR>[Called By]<UL><LI><a href="#[9f]">&gt;&gt;</a>&nbsp;&nbsp;&nbsp;__rt_entry_main
</UL>

<P><STRONG><a name="[a4]"></a>_sys_exit</STRONG> (Thumb, 8 bytes, Stack size 0 bytes, sys_exit.o(.text))
<BR><BR>[Called By]<UL><LI><a href="#[a3]">&gt;&gt;</a>&nbsp;&nbsp;&nbsp;__rt_exit_exit
</UL>

<P><STRONG><a name="[1e9]"></a>__I$use$semihosting</STRONG> (Thumb, 0 bytes, Stack size 0 bytes, use_no_semi.o(.text), UNUSED)

<P><STRONG><a name="[1ea]"></a>__use_no_semihosting_swi</STRONG> (Thumb, 2 bytes, Stack size 0 bytes, use_no_semi.o(.text), UNUSED)

<P><STRONG><a name="[1eb]"></a>__semihosting_library_function</STRONG> (Thumb, 0 bytes, Stack size unknown bytes, indicate_semi.o(.text), UNUSED)

<P><STRONG><a name="[b2]"></a>GPIO_GetPortClockState</STRONG> (Thumb, 44 bytes, Stack size 0 bytes, gpio_stm32f10x.o(.text.GPIO_GetPortClockState))
<BR><BR>[Called By]<UL><LI><a href="#[b1]">&gt;&gt;</a>&nbsp;&nbsp;&nbsp;GPIO_PinConfigure
</UL>

<P><STRONG><a name="[e5]"></a>GPIO_Init</STRONG> (Thumb, 176 bytes, Stack size 24 bytes, stm32f10x_gpio.o(.text.GPIO_Init))
<BR><BR>[Stack]<UL><LI>Max Depth = 24<LI>Call Chain = GPIO_Init
</UL>
<BR>[Called By]<UL><LI><a href="#[110]">&gt;&gt;</a>&nbsp;&nbsp;&nbsp;servoOn
<LI><a href="#[e3]">&gt;&gt;</a>&nbsp;&nbsp;&nbsp;a4899ChInit
</UL>

<P><STRONG><a name="[b1]"></a>GPIO_PinConfigure</STRONG> (Thumb, 126 bytes, Stack size 24 bytes, gpio_stm32f10x.o(.text.GPIO_PinConfigure))
<BR><BR>[Stack]<UL><LI>Max Depth = 24<LI>Call Chain = GPIO_PinConfigure
</UL>
<BR>[Calls]<UL><LI><a href="#[b2]">&gt;&gt;</a>&nbsp;&nbsp;&nbsp;GPIO_GetPortClockState
<LI><a href="#[b3]">&gt;&gt;</a>&nbsp;&nbsp;&nbsp;GPIO_PortClock
</UL>
<BR>[Called By]<UL><LI><a href="#[4e]">&gt;&gt;</a>&nbsp;&nbsp;&nbsp;USBD_Uninitialize
<LI><a href="#[4f]">&gt;&gt;</a>&nbsp;&nbsp;&nbsp;USBD_PowerControl
<LI><a href="#[4d]">&gt;&gt;</a>&nbsp;&nbsp;&nbsp;USBD_Initialize
<LI><a href="#[8f]">&gt;&gt;</a>&nbsp;&nbsp;&nbsp;main
</UL>

<P><STRONG><a name="[b3]"></a>GPIO_PortClock</STRONG> (Thumb, 300 bytes, Stack size 0 bytes, gpio_stm32f10x.o(.text.GPIO_PortClock))
<BR><BR>[Called By]<UL><LI><a href="#[4e]">&gt;&gt;</a>&nbsp;&nbsp;&nbsp;USBD_Uninitialize
<LI><a href="#[4d]">&gt;&gt;</a>&nbsp;&nbsp;&nbsp;USBD_Initialize
<LI><a href="#[b1]">&gt;&gt;</a>&nbsp;&nbsp;&nbsp;GPIO_PinConfigure
</UL>

<P><STRONG><a name="[c1]"></a>IN_EP_Status</STRONG> (Thumb, 36 bytes, Stack size 0 bytes, usbd_stm32f10x.o(.text.IN_EP_Status))
<BR><BR>[Called By]<UL><LI><a href="#[57]">&gt;&gt;</a>&nbsp;&nbsp;&nbsp;USBD_EndpointUnconfigure
<LI><a href="#[5b]">&gt;&gt;</a>&nbsp;&nbsp;&nbsp;USBD_EndpointTransferAbort
<LI><a href="#[58]">&gt;&gt;</a>&nbsp;&nbsp;&nbsp;USBD_EndpointStall
<LI><a href="#[56]">&gt;&gt;</a>&nbsp;&nbsp;&nbsp;USBD_EndpointConfigure
<LI><a href="#[c0]">&gt;&gt;</a>&nbsp;&nbsp;&nbsp;USBD_EP_HW_Write
</UL>

<P><STRONG><a name="[c2]"></a>OUT_EP_Status</STRONG> (Thumb, 36 bytes, Stack size 0 bytes, usbd_stm32f10x.o(.text.OUT_EP_Status))
<BR><BR>[Called By]<UL><LI><a href="#[1e]">&gt;&gt;</a>&nbsp;&nbsp;&nbsp;USB_LP_CAN1_RX0_IRQHandler
<LI><a href="#[57]">&gt;&gt;</a>&nbsp;&nbsp;&nbsp;USBD_EndpointUnconfigure
<LI><a href="#[5b]">&gt;&gt;</a>&nbsp;&nbsp;&nbsp;USBD_EndpointTransferAbort
<LI><a href="#[59]">&gt;&gt;</a>&nbsp;&nbsp;&nbsp;USBD_EndpointTransfer
<LI><a href="#[58]">&gt;&gt;</a>&nbsp;&nbsp;&nbsp;USBD_EndpointStall
<LI><a href="#[56]">&gt;&gt;</a>&nbsp;&nbsp;&nbsp;USBD_EndpointConfigure
</UL>

<P><STRONG><a name="[eb]"></a>RCC_APB1PeriphClockCmd</STRONG> (Thumb, 24 bytes, Stack size 0 bytes, stm32f10x_rcc.o(.text.RCC_APB1PeriphClockCmd))
<BR><BR>[Called By]<UL><LI><a href="#[10f]">&gt;&gt;</a>&nbsp;&nbsp;&nbsp;servoInit
<LI><a href="#[f3]">&gt;&gt;</a>&nbsp;&nbsp;&nbsp;a4988Tmr1Init
<LI><a href="#[e8]">&gt;&gt;</a>&nbsp;&nbsp;&nbsp;a4988Tmr0Init
</UL>

<P><STRONG><a name="[e4]"></a>RCC_APB2PeriphClockCmd</STRONG> (Thumb, 24 bytes, Stack size 0 bytes, stm32f10x_rcc.o(.text.RCC_APB2PeriphClockCmd))
<BR><BR>[Called By]<UL><LI><a href="#[110]">&gt;&gt;</a>&nbsp;&nbsp;&nbsp;servoOn
<LI><a href="#[e3]">&gt;&gt;</a>&nbsp;&nbsp;&nbsp;a4899ChInit
</UL>

<P><STRONG><a name="[ea]"></a>RCC_GetClocksFreq</STRONG> (Thumb, 160 bytes, Stack size 8 bytes, stm32f10x_rcc.o(.text.RCC_GetClocksFreq))
<BR><BR>[Stack]<UL><LI>Max Depth = 8<LI>Call Chain = RCC_GetClocksFreq
</UL>
<BR>[Called By]<UL><LI><a href="#[f3]">&gt;&gt;</a>&nbsp;&nbsp;&nbsp;a4988Tmr1Init
<LI><a href="#[e8]">&gt;&gt;</a>&nbsp;&nbsp;&nbsp;a4988Tmr0Init
</UL>

<P><STRONG><a name="[37]"></a>SystemInit</STRONG> (Thumb, 86 bytes, Stack size 8 bytes, system_stm32f10x.o(.text.SystemInit))
<BR><BR>[Stack]<UL><LI>Max Depth = 24<LI>Call Chain = SystemInit &rArr; SetSysClock &rArr; SetSysClockTo72
</UL>
<BR>[Calls]<UL><LI><a href="#[b4]">&gt;&gt;</a>&nbsp;&nbsp;&nbsp;SetSysClock
</UL>
<BR>[Address Reference Count : 1]<UL><LI> startup_stm32f10x_md.o(.text)
</UL>
<P><STRONG><a name="[26]"></a>TIM2_IRQHandler</STRONG> (Thumb, 84 bytes, Stack size 0 bytes, a4988.o(.text.TIM2_IRQHandler))
<BR>[Address Reference Count : 1]<UL><LI> startup_stm32f10x_md.o(RESET)
</UL>
<P><STRONG><a name="[27]"></a>TIM3_IRQHandler</STRONG> (Thumb, 52 bytes, Stack size 0 bytes, a4988.o(.text.TIM3_IRQHandler))
<BR>[Address Reference Count : 1]<UL><LI> startup_stm32f10x_md.o(RESET)
</UL>
<P><STRONG><a name="[28]"></a>TIM4_IRQHandler</STRONG> (Thumb, 178 bytes, Stack size 8 bytes, servo.o(.text.TIM4_IRQHandler))
<BR><BR>[Stack]<UL><LI>Max Depth = 8<LI>Call Chain = TIM4_IRQHandler
</UL>
<BR>[Address Reference Count : 1]<UL><LI> startup_stm32f10x_md.o(RESET)
</UL>
<P><STRONG><a name="[ed]"></a>TIM_ClearFlag</STRONG> (Thumb, 6 bytes, Stack size 0 bytes, stm32f10x_tim.o(.text.TIM_ClearFlag))
<BR><BR>[Called By]<UL><LI><a href="#[110]">&gt;&gt;</a>&nbsp;&nbsp;&nbsp;servoOn
<LI><a href="#[10f]">&gt;&gt;</a>&nbsp;&nbsp;&nbsp;servoInit
<LI><a href="#[f3]">&gt;&gt;</a>&nbsp;&nbsp;&nbsp;a4988Tmr1Init
<LI><a href="#[e8]">&gt;&gt;</a>&nbsp;&nbsp;&nbsp;a4988Tmr0Init
</UL>

<P><STRONG><a name="[f0]"></a>TIM_Cmd</STRONG> (Thumb, 18 bytes, Stack size 0 bytes, stm32f10x_tim.o(.text.TIM_Cmd))
<BR><BR>[Called By]<UL><LI><a href="#[10f]">&gt;&gt;</a>&nbsp;&nbsp;&nbsp;servoInit
<LI><a href="#[f3]">&gt;&gt;</a>&nbsp;&nbsp;&nbsp;a4988Tmr1Init
<LI><a href="#[e8]">&gt;&gt;</a>&nbsp;&nbsp;&nbsp;a4988Tmr0Init
</UL>

<P><STRONG><a name="[ee]"></a>TIM_ITConfig</STRONG> (Thumb, 16 bytes, Stack size 0 bytes, stm32f10x_tim.o(.text.TIM_ITConfig))
<BR><BR>[Called By]<UL><LI><a href="#[110]">&gt;&gt;</a>&nbsp;&nbsp;&nbsp;servoOn
<LI><a href="#[10f]">&gt;&gt;</a>&nbsp;&nbsp;&nbsp;servoInit
<LI><a href="#[f3]">&gt;&gt;</a>&nbsp;&nbsp;&nbsp;a4988Tmr1Init
<LI><a href="#[e8]">&gt;&gt;</a>&nbsp;&nbsp;&nbsp;a4988Tmr0Init
</UL>

<P><STRONG><a name="[112]"></a>TIM_OC1Init</STRONG> (Thumb, 112 bytes, Stack size 16 bytes, stm32f10x_tim.o(.text.TIM_OC1Init))
<BR><BR>[Stack]<UL><LI>Max Depth = 16<LI>Call Chain = TIM_OC1Init
</UL>
<BR>[Called By]<UL><LI><a href="#[10f]">&gt;&gt;</a>&nbsp;&nbsp;&nbsp;servoInit
</UL>

<P><STRONG><a name="[113]"></a>TIM_OC2Init</STRONG> (Thumb, 120 bytes, Stack size 16 bytes, stm32f10x_tim.o(.text.TIM_OC2Init))
<BR><BR>[Stack]<UL><LI>Max Depth = 16<LI>Call Chain = TIM_OC2Init
</UL>
<BR>[Called By]<UL><LI><a href="#[10f]">&gt;&gt;</a>&nbsp;&nbsp;&nbsp;servoInit
</UL>

<P><STRONG><a name="[114]"></a>TIM_OC3Init</STRONG> (Thumb, 120 bytes, Stack size 16 bytes, stm32f10x_tim.o(.text.TIM_OC3Init))
<BR><BR>[Stack]<UL><LI>Max Depth = 16<LI>Call Chain = TIM_OC3Init
</UL>
<BR>[Called By]<UL><LI><a href="#[10f]">&gt;&gt;</a>&nbsp;&nbsp;&nbsp;servoInit
</UL>

<P><STRONG><a name="[111]"></a>TIM_OCStructInit</STRONG> (Thumb, 12 bytes, Stack size 0 bytes, stm32f10x_tim.o(.text.TIM_OCStructInit))
<BR><BR>[Called By]<UL><LI><a href="#[10f]">&gt;&gt;</a>&nbsp;&nbsp;&nbsp;servoInit
</UL>

<P><STRONG><a name="[f2]"></a>TIM_SetAutoreload</STRONG> (Thumb, 4 bytes, Stack size 0 bytes, stm32f10x_tim.o(.text.TIM_SetAutoreload))
<BR><BR>[Called By]<UL><LI><a href="#[f4]">&gt;&gt;</a>&nbsp;&nbsp;&nbsp;a4988Tmr1SetDelay
<LI><a href="#[f1]">&gt;&gt;</a>&nbsp;&nbsp;&nbsp;a4988Tmr0SetDelay
</UL>

<P><STRONG><a name="[116]"></a>TIM_SetCompare1</STRONG> (Thumb, 4 bytes, Stack size 0 bytes, stm32f10x_tim.o(.text.TIM_SetCompare1))
<BR><BR>[Called By]<UL><LI><a href="#[110]">&gt;&gt;</a>&nbsp;&nbsp;&nbsp;servoOn
<LI><a href="#[10d]">&gt;&gt;</a>&nbsp;&nbsp;&nbsp;servoMove
</UL>

<P><STRONG><a name="[118]"></a>TIM_SetCompare2</STRONG> (Thumb, 4 bytes, Stack size 0 bytes, stm32f10x_tim.o(.text.TIM_SetCompare2))
<BR><BR>[Called By]<UL><LI><a href="#[110]">&gt;&gt;</a>&nbsp;&nbsp;&nbsp;servoOn
<LI><a href="#[10d]">&gt;&gt;</a>&nbsp;&nbsp;&nbsp;servoMove
</UL>

<P><STRONG><a name="[117]"></a>TIM_SetCompare3</STRONG> (Thumb, 4 bytes, Stack size 0 bytes, stm32f10x_tim.o(.text.TIM_SetCompare3))
<BR><BR>[Called By]<UL><LI><a href="#[10d]">&gt;&gt;</a>&nbsp;&nbsp;&nbsp;servoMove
</UL>

<P><STRONG><a name="[ec]"></a>TIM_TimeBaseInit</STRONG> (Thumb, 170 bytes, Stack size 0 bytes, stm32f10x_tim.o(.text.TIM_TimeBaseInit))
<BR><BR>[Called By]<UL><LI><a href="#[10f]">&gt;&gt;</a>&nbsp;&nbsp;&nbsp;servoInit
<LI><a href="#[f3]">&gt;&gt;</a>&nbsp;&nbsp;&nbsp;a4988Tmr1Init
<LI><a href="#[e8]">&gt;&gt;</a>&nbsp;&nbsp;&nbsp;a4988Tmr0Init
</UL>

<P><STRONG><a name="[e9]"></a>TIM_TimeBaseStructInit</STRONG> (Thumb, 20 bytes, Stack size 0 bytes, stm32f10x_tim.o(.text.TIM_TimeBaseStructInit))
<BR><BR>[Called By]<UL><LI><a href="#[10f]">&gt;&gt;</a>&nbsp;&nbsp;&nbsp;servoInit
<LI><a href="#[f3]">&gt;&gt;</a>&nbsp;&nbsp;&nbsp;a4988Tmr1Init
<LI><a href="#[e8]">&gt;&gt;</a>&nbsp;&nbsp;&nbsp;a4988Tmr0Init
</UL>

<P><STRONG><a name="[91]"></a>USBD0_SignalDeviceEvent</STRONG> (Thumb, 12 bytes, Stack size 8 bytes, usbd_config_0.o(.text.USBD0_SignalDeviceEvent))
<BR><BR>[Stack]<UL><LI>Max Depth = 56<LI>Call Chain = USBD0_SignalDeviceEvent &rArr; USBD_SignalDeviceEvent &rArr; USBD_ThreadFlagsSet &rArr; osSignalSet &rArr; isrSignalSet &rArr; isr_evt_set &rArr; rt_psq_enq
</UL>
<BR>[Calls]<UL><LI><a href="#[b6]">&gt;&gt;</a>&nbsp;&nbsp;&nbsp;USBD_SignalDeviceEvent
</UL>
<BR>[Address Reference Count : 1]<UL><LI> usbd_config_0.o(.rodata.usbd_cb_device_event_ptr)
</UL>
<P><STRONG><a name="[92]"></a>USBD0_SignalEndpointEvent</STRONG> (Thumb, 14 bytes, Stack size 8 bytes, usbd_config_0.o(.text.USBD0_SignalEndpointEvent))
<BR><BR>[Stack]<UL><LI>Max Depth = 72<LI>Call Chain = USBD0_SignalEndpointEvent &rArr; USBD_SignalEndpointEvent &rArr; USBD_ThreadFlagsSet &rArr; osSignalSet &rArr; isrSignalSet &rArr; isr_evt_set &rArr; rt_psq_enq
</UL>
<BR>[Calls]<UL><LI><a href="#[b7]">&gt;&gt;</a>&nbsp;&nbsp;&nbsp;USBD_SignalEndpointEvent
</UL>
<BR>[Address Reference Count : 1]<UL><LI> usbd_config_0.o(.rodata.usbd_cb_endpoint_event_ptr)
</UL>
<P><STRONG><a name="[5d]"></a>USBD_CDC0_ACM_DataReceived</STRONG> (Thumb, 2 bytes, Stack size 0 bytes, usbd_user_cdc_acm_0.o(.text.USBD_CDC0_ACM_DataReceived))
<BR>[Address Reference Count : 1]<UL><LI> usbd_config_0.o(.rodata.fpUSBD_CDC_ACM_DataReceived)
</UL>
<P><STRONG><a name="[5e]"></a>USBD_CDC0_ACM_DataSent</STRONG> (Thumb, 2 bytes, Stack size 0 bytes, usbd_user_cdc_acm_0.o(.text.USBD_CDC0_ACM_DataSent))
<BR>[Address Reference Count : 1]<UL><LI> usbd_config_0.o(.rodata.fpUSBD_CDC_ACM_DataSent)
</UL>
<P><STRONG><a name="[5f]"></a>USBD_CDC0_ACM_GetEncapsulatedResponse</STRONG> (Thumb, 4 bytes, Stack size 0 bytes, usbd_user_cdc_acm_0.o(.text.USBD_CDC0_ACM_GetEncapsulatedResponse))
<BR>[Address Reference Count : 1]<UL><LI> usbd_config_0.o(.rodata.fpUSBD_CDC_ACM_GetEncapsulatedResponse)
</UL>
<P><STRONG><a name="[60]"></a>USBD_CDC0_ACM_GetLineCoding</STRONG> (Thumb, 26 bytes, Stack size 0 bytes, usbd_user_cdc_acm_0.o(.text.USBD_CDC0_ACM_GetLineCoding))
<BR>[Address Reference Count : 1]<UL><LI> usbd_config_0.o(.rodata.fpUSBD_CDC_ACM_GetLineCoding)
</UL>
<P><STRONG><a name="[61]"></a>USBD_CDC0_ACM_Initialize</STRONG> (Thumb, 2 bytes, Stack size 0 bytes, usbd_user_cdc_acm_0.o(.text.USBD_CDC0_ACM_Initialize))
<BR>[Address Reference Count : 1]<UL><LI> usbd_config_0.o(.rodata.fpUSBD_CDC_ACM_Initialize)
</UL>
<P><STRONG><a name="[62]"></a>USBD_CDC0_ACM_Reset</STRONG> (Thumb, 2 bytes, Stack size 0 bytes, usbd_user_cdc_acm_0.o(.text.USBD_CDC0_ACM_Reset))
<BR>[Address Reference Count : 1]<UL><LI> usbd_config_0.o(.rodata.fpUSBD_CDC_ACM_Reset)
</UL>
<P><STRONG><a name="[63]"></a>USBD_CDC0_ACM_SendEncapsulatedCommand</STRONG> (Thumb, 4 bytes, Stack size 0 bytes, usbd_user_cdc_acm_0.o(.text.USBD_CDC0_ACM_SendEncapsulatedCommand))
<BR>[Address Reference Count : 1]<UL><LI> usbd_config_0.o(.rodata.fpUSBD_CDC_ACM_SendEncapsulatedCommand)
</UL>
<P><STRONG><a name="[64]"></a>USBD_CDC0_ACM_SetControlLineState</STRONG> (Thumb, 4 bytes, Stack size 0 bytes, usbd_user_cdc_acm_0.o(.text.USBD_CDC0_ACM_SetControlLineState))
<BR>[Address Reference Count : 1]<UL><LI> usbd_config_0.o(.rodata.fpUSBD_CDC_ACM_SetControlLineState)
</UL>
<P><STRONG><a name="[65]"></a>USBD_CDC0_ACM_SetLineCoding</STRONG> (Thumb, 24 bytes, Stack size 0 bytes, usbd_user_cdc_acm_0.o(.text.USBD_CDC0_ACM_SetLineCoding))
<BR>[Address Reference Count : 1]<UL><LI> usbd_config_0.o(.rodata.fpUSBD_CDC_ACM_SetLineCoding)
</UL>
<P><STRONG><a name="[66]"></a>USBD_CDC0_ACM_Uninitialize</STRONG> (Thumb, 2 bytes, Stack size 0 bytes, usbd_user_cdc_acm_0.o(.text.USBD_CDC0_ACM_Uninitialize))
<BR>[Address Reference Count : 1]<UL><LI> usbd_config_0.o(.rodata.fpUSBD_CDC_ACM_Uninitialize)
</UL>
<P><STRONG><a name="[67]"></a>USBD_CDC0_NCM_GetCrcMode</STRONG> (Thumb, 4 bytes, Stack size 0 bytes, usbd_config_0.o(.text.USBD_CDC0_NCM_GetCrcMode))
<BR>[Address Reference Count : 1]<UL><LI> usbd_config_0.o(.rodata.fpUSBD_CDC_NCM_GetCrcMode)
</UL>
<P><STRONG><a name="[68]"></a>USBD_CDC0_NCM_GetEthernetPowerManagementPatternFilter</STRONG> (Thumb, 4 bytes, Stack size 0 bytes, usbd_config_0.o(.text.USBD_CDC0_NCM_GetEthernetPowerManagementPatternFilter))
<BR>[Address Reference Count : 1]<UL><LI> usbd_config_0.o(.rodata.fpUSBD_CDC_NCM_GetEthernetPowerManagementPatternFilter)
</UL>
<P><STRONG><a name="[69]"></a>USBD_CDC0_NCM_GetEthernetStatistic</STRONG> (Thumb, 4 bytes, Stack size 0 bytes, usbd_config_0.o(.text.USBD_CDC0_NCM_GetEthernetStatistic))
<BR>[Address Reference Count : 1]<UL><LI> usbd_config_0.o(.rodata.fpUSBD_CDC_NCM_GetEthernetStatistic)
</UL>
<P><STRONG><a name="[6a]"></a>USBD_CDC0_NCM_GetMaxDatagramSize</STRONG> (Thumb, 4 bytes, Stack size 0 bytes, usbd_config_0.o(.text.USBD_CDC0_NCM_GetMaxDatagramSize))
<BR>[Address Reference Count : 1]<UL><LI> usbd_config_0.o(.rodata.fpUSBD_CDC_NCM_GetMaxDatagramSize)
</UL>
<P><STRONG><a name="[6b]"></a>USBD_CDC0_NCM_GetNetAddress</STRONG> (Thumb, 4 bytes, Stack size 0 bytes, usbd_config_0.o(.text.USBD_CDC0_NCM_GetNetAddress))
<BR>[Address Reference Count : 1]<UL><LI> usbd_config_0.o(.rodata.fpUSBD_CDC_NCM_GetNetAddress)
</UL>
<P><STRONG><a name="[6c]"></a>USBD_CDC0_NCM_GetNtbFormat</STRONG> (Thumb, 4 bytes, Stack size 0 bytes, usbd_config_0.o(.text.USBD_CDC0_NCM_GetNtbFormat))
<BR>[Address Reference Count : 1]<UL><LI> usbd_config_0.o(.rodata.fpUSBD_CDC_NCM_GetNtbFormat)
</UL>
<P><STRONG><a name="[6d]"></a>USBD_CDC0_NCM_GetNtbInputSize</STRONG> (Thumb, 4 bytes, Stack size 0 bytes, usbd_config_0.o(.text.USBD_CDC0_NCM_GetNtbInputSize))
<BR>[Address Reference Count : 1]<UL><LI> usbd_config_0.o(.rodata.fpUSBD_CDC_NCM_GetNtbInputSize)
</UL>
<P><STRONG><a name="[6e]"></a>USBD_CDC0_NCM_GetNtbParameters</STRONG> (Thumb, 4 bytes, Stack size 0 bytes, usbd_config_0.o(.text.USBD_CDC0_NCM_GetNtbParameters))
<BR>[Address Reference Count : 1]<UL><LI> usbd_config_0.o(.rodata.fpUSBD_CDC_NCM_GetNtbParameters)
</UL>
<P><STRONG><a name="[6f]"></a>USBD_CDC0_NCM_Initialize</STRONG> (Thumb, 2 bytes, Stack size 0 bytes, usbd_config_0.o(.text.USBD_CDC0_NCM_Initialize))
<BR>[Address Reference Count : 1]<UL><LI> usbd_config_0.o(.rodata.fpUSBD_CDC_NCM_Initialize)
</UL>
<P><STRONG><a name="[70]"></a>USBD_CDC0_NCM_NTB_IN_Sent</STRONG> (Thumb, 2 bytes, Stack size 0 bytes, usbd_config_0.o(.text.USBD_CDC0_NCM_NTB_IN_Sent))
<BR>[Address Reference Count : 1]<UL><LI> usbd_config_0.o(.rodata.fpUSBD_CDC_NCM_NTB_IN_Sent)
</UL>
<P><STRONG><a name="[71]"></a>USBD_CDC0_NCM_NTB_OUT_Received</STRONG> (Thumb, 2 bytes, Stack size 0 bytes, usbd_config_0.o(.text.USBD_CDC0_NCM_NTB_OUT_Received))
<BR>[Address Reference Count : 1]<UL><LI> usbd_config_0.o(.rodata.fpUSBD_CDC_NCM_NTB_OUT_Received)
</UL>
<P><STRONG><a name="[72]"></a>USBD_CDC0_NCM_Reset</STRONG> (Thumb, 2 bytes, Stack size 0 bytes, usbd_config_0.o(.text.USBD_CDC0_NCM_Reset))
<BR>[Address Reference Count : 1]<UL><LI> usbd_config_0.o(.rodata.fpUSBD_CDC_NCM_Reset)
</UL>
<P><STRONG><a name="[73]"></a>USBD_CDC0_NCM_SetCrcMode</STRONG> (Thumb, 4 bytes, Stack size 0 bytes, usbd_config_0.o(.text.USBD_CDC0_NCM_SetCrcMode))
<BR>[Address Reference Count : 1]<UL><LI> usbd_config_0.o(.rodata.fpUSBD_CDC_NCM_SetCrcMode)
</UL>
<P><STRONG><a name="[74]"></a>USBD_CDC0_NCM_SetEthernetMulticastFilters</STRONG> (Thumb, 4 bytes, Stack size 0 bytes, usbd_config_0.o(.text.USBD_CDC0_NCM_SetEthernetMulticastFilters))
<BR>[Address Reference Count : 1]<UL><LI> usbd_config_0.o(.rodata.fpUSBD_CDC_NCM_SetEthernetMulticastFilters)
</UL>
<P><STRONG><a name="[75]"></a>USBD_CDC0_NCM_SetEthernetPacketFilter</STRONG> (Thumb, 4 bytes, Stack size 0 bytes, usbd_config_0.o(.text.USBD_CDC0_NCM_SetEthernetPacketFilter))
<BR>[Address Reference Count : 1]<UL><LI> usbd_config_0.o(.rodata.fpUSBD_CDC_NCM_SetEthernetPacketFilter)
</UL>
<P><STRONG><a name="[76]"></a>USBD_CDC0_NCM_SetEthernetPowerManagementPatternFilter</STRONG> (Thumb, 4 bytes, Stack size 0 bytes, usbd_config_0.o(.text.USBD_CDC0_NCM_SetEthernetPowerManagementPatternFilter))
<BR>[Address Reference Count : 1]<UL><LI> usbd_config_0.o(.rodata.fpUSBD_CDC_NCM_SetEthernetPowerManagementPatternFilter)
</UL>
<P><STRONG><a name="[77]"></a>USBD_CDC0_NCM_SetMaxDatagramSize</STRONG> (Thumb, 4 bytes, Stack size 0 bytes, usbd_config_0.o(.text.USBD_CDC0_NCM_SetMaxDatagramSize))
<BR>[Address Reference Count : 1]<UL><LI> usbd_config_0.o(.rodata.fpUSBD_CDC_NCM_SetMaxDatagramSize)
</UL>
<P><STRONG><a name="[78]"></a>USBD_CDC0_NCM_SetNetAddress</STRONG> (Thumb, 4 bytes, Stack size 0 bytes, usbd_config_0.o(.text.USBD_CDC0_NCM_SetNetAddress))
<BR>[Address Reference Count : 1]<UL><LI> usbd_config_0.o(.rodata.fpUSBD_CDC_NCM_SetNetAddress)
</UL>
<P><STRONG><a name="[79]"></a>USBD_CDC0_NCM_SetNtbFormat</STRONG> (Thumb, 4 bytes, Stack size 0 bytes, usbd_config_0.o(.text.USBD_CDC0_NCM_SetNtbFormat))
<BR>[Address Reference Count : 1]<UL><LI> usbd_config_0.o(.rodata.fpUSBD_CDC_NCM_SetNtbFormat)
</UL>
<P><STRONG><a name="[7a]"></a>USBD_CDC0_NCM_SetNtbInputSize</STRONG> (Thumb, 4 bytes, Stack size 0 bytes, usbd_config_0.o(.text.USBD_CDC0_NCM_SetNtbInputSize))
<BR>[Address Reference Count : 1]<UL><LI> usbd_config_0.o(.rodata.fpUSBD_CDC_NCM_SetNtbInputSize)
</UL>
<P><STRONG><a name="[7b]"></a>USBD_CDC0_NCM_Start</STRONG> (Thumb, 2 bytes, Stack size 0 bytes, usbd_config_0.o(.text.USBD_CDC0_NCM_Start))
<BR>[Address Reference Count : 1]<UL><LI> usbd_config_0.o(.rodata.fpUSBD_CDC_NCM_Start)
</UL>
<P><STRONG><a name="[7c]"></a>USBD_CDC0_NCM_Stop</STRONG> (Thumb, 2 bytes, Stack size 0 bytes, usbd_config_0.o(.text.USBD_CDC0_NCM_Stop))
<BR>[Address Reference Count : 1]<UL><LI> usbd_config_0.o(.rodata.fpUSBD_CDC_NCM_Stop)
</UL>
<P><STRONG><a name="[7d]"></a>USBD_CDC0_NCM_Uninitialize</STRONG> (Thumb, 2 bytes, Stack size 0 bytes, usbd_config_0.o(.text.USBD_CDC0_NCM_Uninitialize))
<BR>[Address Reference Count : 1]<UL><LI> usbd_config_0.o(.rodata.fpUSBD_CDC_NCM_Uninitialize)
</UL>
<P><STRONG><a name="[b8]"></a>USBD_ClassInitialize</STRONG> (Thumb, 18 bytes, Stack size 8 bytes, usbd_config_0.o(.text.USBD_ClassInitialize))
<BR><BR>[Stack]<UL><LI>Max Depth = 104<LI>Call Chain = USBD_ClassInitialize &rArr; USBD_CDC_Initialize &rArr; USBD_ThreadCreate &rArr; osThreadCreate &rArr; svcThreadCreate &rArr; rt_tsk_create &rArr; rt_init_context &rArr; rt_init_stack
</UL>
<BR>[Calls]<UL><LI><a href="#[b9]">&gt;&gt;</a>&nbsp;&nbsp;&nbsp;USBD_CDC_Initialize
</UL>
<BR>[Called By]<UL><LI><a href="#[103]">&gt;&gt;</a>&nbsp;&nbsp;&nbsp;USBD_Initialize
</UL>

<P><STRONG><a name="[ba]"></a>USBD_ClassUninitialize</STRONG> (Thumb, 18 bytes, Stack size 8 bytes, usbd_config_0.o(.text.USBD_ClassUninitialize))
<BR><BR>[Stack]<UL><LI>Max Depth = 40<LI>Call Chain = USBD_ClassUninitialize &rArr; USBD_CDC_Uninitialize &rArr; USBD_ThreadTerminate
</UL>
<BR>[Calls]<UL><LI><a href="#[bb]">&gt;&gt;</a>&nbsp;&nbsp;&nbsp;USBD_CDC_Uninitialize
</UL>
<BR>[Called By]<UL><LI><a href="#[103]">&gt;&gt;</a>&nbsp;&nbsp;&nbsp;USBD_Initialize
</UL>

<P><STRONG><a name="[143]"></a>USBD_Class_Endpoint0_InDataSent</STRONG> (Thumb, 4 bytes, Stack size 0 bytes, usbd_config_0.o(.text.USBD_Class_Endpoint0_InDataSent))
<BR><BR>[Called By]<UL><LI><a href="#[142]">&gt;&gt;</a>&nbsp;&nbsp;&nbsp;USBD_Core_Endpoint0_InDataSent
</UL>

<P><STRONG><a name="[145]"></a>USBD_Class_Endpoint0_OutDataReceived</STRONG> (Thumb, 4 bytes, Stack size 0 bytes, usbd_config_0.o(.text.USBD_Class_Endpoint0_OutDataReceived))
<BR><BR>[Called By]<UL><LI><a href="#[144]">&gt;&gt;</a>&nbsp;&nbsp;&nbsp;USBD_Core_Endpoint0_OutDataReceived
</UL>

<P><STRONG><a name="[147]"></a>USBD_Class_Endpoint0_SetupPacketProcessed</STRONG> (Thumb, 2 bytes, Stack size 0 bytes, usbd_config_0.o(.text.USBD_Class_Endpoint0_SetupPacketProcessed))
<BR><BR>[Called By]<UL><LI><a href="#[146]">&gt;&gt;</a>&nbsp;&nbsp;&nbsp;USBD_Core_Endpoint0_SetupPacketProcessed
</UL>

<P><STRONG><a name="[149]"></a>USBD_Class_Endpoint0_SetupPacketReceived</STRONG> (Thumb, 4 bytes, Stack size 0 bytes, usbd_config_0.o(.text.USBD_Class_Endpoint0_SetupPacketReceived))
<BR><BR>[Called By]<UL><LI><a href="#[148]">&gt;&gt;</a>&nbsp;&nbsp;&nbsp;USBD_Core_Endpoint0_SetupPacketReceived
</UL>

<P><STRONG><a name="[bc]"></a>USBD_Delay</STRONG> (Thumb, 10 bytes, Stack size 8 bytes, usbd_config_0.o(.text.USBD_Delay))
<BR><BR>[Stack]<UL><LI>Max Depth = 8<LI>Call Chain = USBD_Delay
</UL>
<BR>[Calls]<UL><LI><a href="#[bd]">&gt;&gt;</a>&nbsp;&nbsp;&nbsp;osDelay
</UL>
<BR>[Called By]<UL><LI><a href="#[152]">&gt;&gt;</a>&nbsp;&nbsp;&nbsp;USBD_DriverReadSetupPacket
<LI><a href="#[151]">&gt;&gt;</a>&nbsp;&nbsp;&nbsp;USBD_DriverPowerControl
<LI><a href="#[150]">&gt;&gt;</a>&nbsp;&nbsp;&nbsp;USBD_DriverInitialize
<LI><a href="#[14f]">&gt;&gt;</a>&nbsp;&nbsp;&nbsp;USBD_DriverEndpointUnconfigure
<LI><a href="#[12a]">&gt;&gt;</a>&nbsp;&nbsp;&nbsp;USBD_DriverEndpointTransferGetResult
<LI><a href="#[14d]">&gt;&gt;</a>&nbsp;&nbsp;&nbsp;USBD_DriverEndpointTransferAbort
<LI><a href="#[12b]">&gt;&gt;</a>&nbsp;&nbsp;&nbsp;USBD_DriverEndpointTransfer
<LI><a href="#[14e]">&gt;&gt;</a>&nbsp;&nbsp;&nbsp;USBD_DriverEndpointStall
<LI><a href="#[140]">&gt;&gt;</a>&nbsp;&nbsp;&nbsp;USBD_DriverEndpointConfigure
<LI><a href="#[14c]">&gt;&gt;</a>&nbsp;&nbsp;&nbsp;USBD_DriverDeviceSetAddress
<LI><a href="#[13d]">&gt;&gt;</a>&nbsp;&nbsp;&nbsp;USBD_DriverDeviceConnect
</UL>

<P><STRONG><a name="[7e]"></a>USBD_Device0_ConfigurationChanged</STRONG> (Thumb, 2 bytes, Stack size 0 bytes, usbd_config_0.o(.text.USBD_Device0_ConfigurationChanged))
<BR>[Address Reference Count : 1]<UL><LI> usbd_config_0.o(.rodata.fpUSBD_Device_ConfigurationChanged)
</UL>
<P><STRONG><a name="[7f]"></a>USBD_Device0_DisableRemoteWakeup</STRONG> (Thumb, 2 bytes, Stack size 0 bytes, usbd_config_0.o(.text.USBD_Device0_DisableRemoteWakeup))
<BR>[Address Reference Count : 1]<UL><LI> usbd_config_0.o(.rodata.fpUSBD_Device_DisableRemoteWakeup)
</UL>
<P><STRONG><a name="[80]"></a>USBD_Device0_EnableRemoteWakeup</STRONG> (Thumb, 2 bytes, Stack size 0 bytes, usbd_config_0.o(.text.USBD_Device0_EnableRemoteWakeup))
<BR>[Address Reference Count : 1]<UL><LI> usbd_config_0.o(.rodata.fpUSBD_Device_EnableRemoteWakeup)
</UL>
<P><STRONG><a name="[81]"></a>USBD_Device0_Endpoint0_InDataSent</STRONG> (Thumb, 4 bytes, Stack size 0 bytes, usbd_config_0.o(.text.USBD_Device0_Endpoint0_InDataSent))
<BR>[Address Reference Count : 1]<UL><LI> usbd_config_0.o(.rodata.fpUSBD_Device_Endpoint0_InDataSent)
</UL>
<P><STRONG><a name="[82]"></a>USBD_Device0_Endpoint0_OutDataReceived</STRONG> (Thumb, 4 bytes, Stack size 0 bytes, usbd_config_0.o(.text.USBD_Device0_Endpoint0_OutDataReceived))
<BR>[Address Reference Count : 1]<UL><LI> usbd_config_0.o(.rodata.fpUSBD_Device_Endpoint0_OutDataReceived)
</UL>
<P><STRONG><a name="[83]"></a>USBD_Device0_Endpoint0_SetupPacketProcessed</STRONG> (Thumb, 2 bytes, Stack size 0 bytes, usbd_config_0.o(.text.USBD_Device0_Endpoint0_SetupPacketProcessed))
<BR>[Address Reference Count : 1]<UL><LI> usbd_config_0.o(.rodata.fpUSBD_Device_Endpoint0_SetupPacketProcessed)
</UL>
<P><STRONG><a name="[84]"></a>USBD_Device0_Endpoint0_SetupPacketReceived</STRONG> (Thumb, 4 bytes, Stack size 0 bytes, usbd_config_0.o(.text.USBD_Device0_Endpoint0_SetupPacketReceived))
<BR>[Address Reference Count : 1]<UL><LI> usbd_config_0.o(.rodata.fpUSBD_Device_Endpoint0_SetupPacketReceived)
</UL>
<P><STRONG><a name="[be]"></a>USBD_Device0_EventReset</STRONG> (Thumb, 2 bytes, Stack size 0 bytes, usbd_config_0.o(.text.USBD_Device0_EventReset))
<BR><BR>[Called By]<UL><LI><a href="#[87]">&gt;&gt;</a>&nbsp;&nbsp;&nbsp;USBD_Device0_Reset
</UL>

<P><STRONG><a name="[85]"></a>USBD_Device0_HighSpeedActivated</STRONG> (Thumb, 2 bytes, Stack size 0 bytes, usbd_config_0.o(.text.USBD_Device0_HighSpeedActivated))
<BR>[Address Reference Count : 1]<UL><LI> usbd_config_0.o(.rodata.fpUSBD_Device_HighSpeedActivated)
</UL>
<P><STRONG><a name="[86]"></a>USBD_Device0_Initialize</STRONG> (Thumb, 2 bytes, Stack size 0 bytes, usbd_config_0.o(.text.USBD_Device0_Initialize))
<BR>[Address Reference Count : 1]<UL><LI> usbd_config_0.o(.rodata.fpUSBD_Device_Initialize)
</UL>
<P><STRONG><a name="[87]"></a>USBD_Device0_Reset</STRONG> (Thumb, 8 bytes, Stack size 8 bytes, usbd_config_0.o(.text.USBD_Device0_Reset))
<BR><BR>[Stack]<UL><LI>Max Depth = 8<LI>Call Chain = USBD_Device0_Reset
</UL>
<BR>[Calls]<UL><LI><a href="#[be]">&gt;&gt;</a>&nbsp;&nbsp;&nbsp;USBD_Device0_EventReset
</UL>
<BR>[Address Reference Count : 1]<UL><LI> usbd_config_0.o(.rodata.fpUSBD_Device_Reset)
</UL>
<P><STRONG><a name="[88]"></a>USBD_Device0_Resumed</STRONG> (Thumb, 2 bytes, Stack size 0 bytes, usbd_config_0.o(.text.USBD_Device0_Resumed))
<BR>[Address Reference Count : 1]<UL><LI> usbd_config_0.o(.rodata.fpUSBD_Device_Resumed)
</UL>
<P><STRONG><a name="[89]"></a>USBD_Device0_Suspended</STRONG> (Thumb, 2 bytes, Stack size 0 bytes, usbd_config_0.o(.text.USBD_Device0_Suspended))
<BR>[Address Reference Count : 1]<UL><LI> usbd_config_0.o(.rodata.fpUSBD_Device_Suspended)
</UL>
<P><STRONG><a name="[8a]"></a>USBD_Device0_Uninitialize</STRONG> (Thumb, 2 bytes, Stack size 0 bytes, usbd_config_0.o(.text.USBD_Device0_Uninitialize))
<BR>[Address Reference Count : 1]<UL><LI> usbd_config_0.o(.rodata.fpUSBD_Device_Uninitialize)
</UL>
<P><STRONG><a name="[8b]"></a>USBD_Device0_VbusChanged</STRONG> (Thumb, 2 bytes, Stack size 0 bytes, usbd_config_0.o(.text.USBD_Device0_VbusChanged))
<BR>[Address Reference Count : 1]<UL><LI> usbd_config_0.o(.rodata.fpUSBD_Device_VbusChanged)
</UL>
<P><STRONG><a name="[16f]"></a>USBD_Endpoint0_ClearFeatureStall_MSC</STRONG> (Thumb, 2 bytes, Stack size 0 bytes, usbd_config_0.o(.text.USBD_Endpoint0_ClearFeatureStall_MSC))
<BR><BR>[Called By]<UL><LI><a href="#[15c]">&gt;&gt;</a>&nbsp;&nbsp;&nbsp;USBD_ReqSetClrFeature
</UL>

<P><STRONG><a name="[159]"></a>USBD_Endpoint0_Out_ADC_ReqToEP</STRONG> (Thumb, 4 bytes, Stack size 0 bytes, usbd_config_0.o(.text.USBD_Endpoint0_Out_ADC_ReqToEP))
<BR><BR>[Called By]<UL><LI><a href="#[141]">&gt;&gt;</a>&nbsp;&nbsp;&nbsp;USBD_Endpoint0
</UL>

<P><STRONG><a name="[157]"></a>USBD_Endpoint0_Out_ADC_ReqToIF</STRONG> (Thumb, 4 bytes, Stack size 0 bytes, usbd_config_0.o(.text.USBD_Endpoint0_Out_ADC_ReqToIF))
<BR><BR>[Called By]<UL><LI><a href="#[141]">&gt;&gt;</a>&nbsp;&nbsp;&nbsp;USBD_Endpoint0
</UL>

[...]
<BR>[Address Reference Count : 1]<UL><LI> usbd_stm32f10x.o(.rodata.Driver_USBD0)
</UL>
<P><STRONG><a name="[4d]"></a>USBD_Initialize</STRONG> (Thumb, 86 bytes, Stack size 16 bytes, usbd_stm32f10x.o(.text.USBD_Initialize))
<BR><BR>[Stack]<UL><LI>Max Depth = 40<LI>Call Chain = USBD_Initialize &rArr; GPIO_PinConfigure
</UL>
<BR>[Calls]<UL><LI><a href="#[b3]">&gt;&gt;</a>&nbsp;&nbsp;&nbsp;GPIO_PortClock
<LI><a href="#[bf]">&gt;&gt;</a>&nbsp;&nbsp;&nbsp;GPIO_PinWrite
<LI><a href="#[b1]">&gt;&gt;</a>&nbsp;&nbsp;&nbsp;GPIO_PinConfigure
</UL>
<BR>[Address Reference Count : 1]<UL><LI> usbd_stm32f10x.o(.rodata.Driver_USBD0)
</UL>
<P><STRONG><a name="[4f]"></a>USBD_PowerControl</STRONG> (Thumb, 234 bytes, Stack size 16 bytes, usbd_stm32f10x.o(.text.USBD_PowerControl))
<BR><BR>[Stack]<UL><LI>Max Depth = 40 + Unknown Stack Size
<LI>Call Chain = USBD_PowerControl &rArr; GPIO_PinConfigure
</UL>
<BR>[Calls]<UL><LI><a href="#[cb]">&gt;&gt;</a>&nbsp;&nbsp;&nbsp;__NVIC_EnableIRQ
<LI><a href="#[c7]">&gt;&gt;</a>&nbsp;&nbsp;&nbsp;__NVIC_DisableIRQ
<LI><a href="#[c8]">&gt;&gt;</a>&nbsp;&nbsp;&nbsp;__NVIC_ClearPendingIRQ
<LI><a href="#[ca]">&gt;&gt;</a>&nbsp;&nbsp;&nbsp;USBD_Reset
<LI><a href="#[bd]">&gt;&gt;</a>&nbsp;&nbsp;&nbsp;osDelay
<LI><a href="#[b1]">&gt;&gt;</a>&nbsp;&nbsp;&nbsp;GPIO_PinConfigure
<LI><a href="#[c9]">&gt;&gt;</a>&nbsp;&nbsp;&nbsp;__aeabi_memclr4
</UL>
<BR>[Address Reference Count : 1]<UL><LI> usbd_stm32f10x.o(.rodata.Driver_USBD0)
</UL>
<P><STRONG><a name="[55]"></a>USBD_ReadSetupPacket</STRONG> (Thumb, 62 bytes, Stack size 0 bytes, usbd_stm32f10x.o(.text.USBD_ReadSetupPacket))
<BR>[Address Reference Count : 1]<UL><LI> usbd_stm32f10x.o(.rodata.Driver_USBD0)
</UL>
<P><STRONG><a name="[ca]"></a>USBD_Reset</STRONG> (Thumb, 78 bytes, Stack size 16 bytes, usbd_stm32f10x.o(.text.USBD_Reset))
<BR><BR>[Stack]<UL><LI>Max Depth = 16 + Unknown Stack Size
<LI>Call Chain = USBD_Reset
</UL>
<BR>[Calls]<UL><LI><a href="#[cc]">&gt;&gt;</a>&nbsp;&nbsp;&nbsp;__aeabi_memclr8
<LI><a href="#[c9]">&gt;&gt;</a>&nbsp;&nbsp;&nbsp;__aeabi_memclr4
</UL>
<BR>[Called By]<UL><LI><a href="#[1e]">&gt;&gt;</a>&nbsp;&nbsp;&nbsp;USB_LP_CAN1_RX0_IRQHandler
<LI><a href="#[4f]">&gt;&gt;</a>&nbsp;&nbsp;&nbsp;USBD_PowerControl
</UL>

<P><STRONG><a name="[4e]"></a>USBD_Uninitialize</STRONG> (Thumb, 62 bytes, Stack size 8 bytes, usbd_stm32f10x.o(.text.USBD_Uninitialize))
<BR><BR>[Stack]<UL><LI>Max Depth = 32<LI>Call Chain = USBD_Uninitialize &rArr; GPIO_PinConfigure
</UL>
<BR>[Calls]<UL><LI><a href="#[b3]">&gt;&gt;</a>&nbsp;&nbsp;&nbsp;GPIO_PortClock
<LI><a href="#[bf]">&gt;&gt;</a>&nbsp;&nbsp;&nbsp;GPIO_PinWrite
<LI><a href="#[b1]">&gt;&gt;</a>&nbsp;&nbsp;&nbsp;GPIO_PinConfigure
</UL>
<BR>[Address Reference Count : 1]<UL><LI> usbd_stm32f10x.o(.rodata.Driver_USBD0)
</UL>
<P><STRONG><a name="[c8]"></a>__NVIC_ClearPendingIRQ</STRONG> (Thumb, 16 bytes, Stack size 0 bytes, usbd_stm32f10x.o(.text.__NVIC_ClearPendingIRQ))
<BR><BR>[Called By]<UL><LI><a href="#[4f]">&gt;&gt;</a>&nbsp;&nbsp;&nbsp;USBD_PowerControl
</UL>

<P><STRONG><a name="[c7]"></a>__NVIC_DisableIRQ</STRONG> (Thumb, 24 bytes, Stack size 0 bytes, usbd_stm32f10x.o(.text.__NVIC_DisableIRQ))
<BR><BR>[Called By]<UL><LI><a href="#[4f]">&gt;&gt;</a>&nbsp;&nbsp;&nbsp;USBD_PowerControl
</UL>

<P><STRONG><a name="[cb]"></a>__NVIC_EnableIRQ</STRONG> (Thumb, 16 bytes, Stack size 0 bytes, usbd_stm32f10x.o(.text.__NVIC_EnableIRQ))
<BR><BR>[Called By]<UL><LI><a href="#[4f]">&gt;&gt;</a>&nbsp;&nbsp;&nbsp;USBD_PowerControl
</UL>

<P><STRONG><a name="[b4]"></a>SetSysClock</STRONG> (Thumb, 8 bytes, Stack size 8 bytes, system_stm32f10x.o(.text.SetSysClock))
<BR><BR>[Stack]<UL><LI>Max Depth = 16<LI>Call Chain = SetSysClock &rArr; SetSysClockTo72
</UL>
<BR>[Calls]<UL><LI><a href="#[b5]">&gt;&gt;</a>&nbsp;&nbsp;&nbsp;SetSysClockTo72
</UL>
<BR>[Called By]<UL><LI><a href="#[37]">&gt;&gt;</a>&nbsp;&nbsp;&nbsp;SystemInit
</UL>

<P><STRONG><a name="[b5]"></a>SetSysClockTo72</STRONG> (Thumb, 190 bytes, Stack size 8 bytes, system_stm32f10x.o(.text.SetSysClockTo72))
<BR><BR>[Stack]<UL><LI>Max Depth = 8<LI>Call Chain = SetSysClockTo72
</UL>
<BR>[Called By]<UL><LI><a href="#[b4]">&gt;&gt;</a>&nbsp;&nbsp;&nbsp;SetSysClock
</UL>

<P><STRONG><a name="[177]"></a>rt_id2obj</STRONG> (Thumb, 8 bytes, Stack size 0 bytes, rt_cmsis.o(i.rt_id2obj))
<BR><BR>[Called By]<UL><LI><a href="#[48]">&gt;&gt;</a>&nbsp;&nbsp;&nbsp;svcTimerCall
<LI><a href="#[42]">&gt;&gt;</a>&nbsp;&nbsp;&nbsp;svcSemaphoreWait
<LI><a href="#[41]">&gt;&gt;</a>&nbsp;&nbsp;&nbsp;svcSemaphoreRelease
<LI><a href="#[40]">&gt;&gt;</a>&nbsp;&nbsp;&nbsp;svcSemaphoreDelete
<LI><a href="#[176]">&gt;&gt;</a>&nbsp;&nbsp;&nbsp;isrSemaphoreRelease
</UL>

<P><STRONG><a name="[1a7]"></a>rt_ms2tick</STRONG> (Thumb, 58 bytes, Stack size 0 bytes, rt_cmsis.o(i.rt_ms2tick))
<BR><BR>[Called By]<UL><LI><a href="#[44]">&gt;&gt;</a>&nbsp;&nbsp;&nbsp;svcSignalWait
<LI><a href="#[42]">&gt;&gt;</a>&nbsp;&nbsp;&nbsp;svcSemaphoreWait
<LI><a href="#[3e]">&gt;&gt;</a>&nbsp;&nbsp;&nbsp;svcMessageGet
<LI><a href="#[3b]">&gt;&gt;</a>&nbsp;&nbsp;&nbsp;svcDelay
</UL>

<P><STRONG><a name="[17a]"></a>rt_tid2ptcb</STRONG> (Thumb, 18 bytes, Stack size 0 bytes, rt_cmsis.o(i.rt_tid2ptcb))
<BR><BR>[Called By]<UL><LI><a href="#[47]">&gt;&gt;</a>&nbsp;&nbsp;&nbsp;svcThreadTerminate
<LI><a href="#[43]">&gt;&gt;</a>&nbsp;&nbsp;&nbsp;svcSignalSet
<LI><a href="#[179]">&gt;&gt;</a>&nbsp;&nbsp;&nbsp;isrSignalSet
</UL>

<P><STRONG><a name="[1af]"></a>rt_timer_insert</STRONG> (Thumb, 48 bytes, Stack size 12 bytes, rt_cmsis.o(i.rt_timer_insert))
<BR><BR>[Stack]<UL><LI>Max Depth = 12<LI>Call Chain = rt_timer_insert
</UL>
<BR>[Called By]<UL><LI><a href="#[1a1]">&gt;&gt;</a>&nbsp;&nbsp;&nbsp;sysTimerTick
</UL>

<P><STRONG><a name="[18f]"></a>rt_init_context</STRONG> (Thumb, 66 bytes, Stack size 16 bytes, rt_task.o(i.rt_init_context))
<BR><BR>[Stack]<UL><LI>Max Depth = 32<LI>Call Chain = rt_init_context &rArr; rt_init_stack
</UL>
<BR>[Calls]<UL><LI><a href="#[190]">&gt;&gt;</a>&nbsp;&nbsp;&nbsp;rt_init_stack
<LI><a href="#[35]">&gt;&gt;</a>&nbsp;&nbsp;&nbsp;rt_alloc_box
</UL>
<BR>[Called By]<UL><LI><a href="#[1a2]">&gt;&gt;</a>&nbsp;&nbsp;&nbsp;rt_tsk_create
<LI><a href="#[19b]">&gt;&gt;</a>&nbsp;&nbsp;&nbsp;rt_sys_init
</UL>

<P><STRONG><a name="[13c]"></a>USBD_CheckDevice</STRONG> (Thumb, 32 bytes, Stack size 0 bytes, usbd_lib_core.o(i.USBD_CheckDevice))
<BR><BR>[Called By]<UL><LI><a href="#[103]">&gt;&gt;</a>&nbsp;&nbsp;&nbsp;USBD_Initialize
<LI><a href="#[104]">&gt;&gt;</a>&nbsp;&nbsp;&nbsp;USBD_Connect
<LI><a href="#[105]">&gt;&gt;</a>&nbsp;&nbsp;&nbsp;USBD_Configured
</UL>

<P><STRONG><a name="[13e]"></a>USBD_Core</STRONG> (Thumb, 188 bytes, Stack size 16 bytes, usbd_lib_core.o(i.USBD_Core))
<BR><BR>[Stack]<UL><LI>Max Depth = 248 + Unknown Stack Size
<LI>Call Chain = USBD_Core &rArr; USBD_Endpoint0 &rArr; USBD_Endpoint0_Setup_CDC_ReqToIF &rArr; USBD_DataInStage &rArr; USBD_DriverEndpointTransfer &rArr; USBD_DriverEndpointTransferAbort &rArr; USBD_SemaphoreRelease &rArr; osSemaphoreRelease &rArr; isrSemaphoreRelease &rArr; isr_sem_send &rArr; rt_psq_enq
</UL>
<BR>[Calls]<UL><LI><a href="#[140]">&gt;&gt;</a>&nbsp;&nbsp;&nbsp;USBD_DriverEndpointConfigure
<LI><a href="#[13f]">&gt;&gt;</a>&nbsp;&nbsp;&nbsp;USBD_ResetCore
<LI><a href="#[141]">&gt;&gt;</a>&nbsp;&nbsp;&nbsp;USBD_Endpoint0
<LI><a href="#[cd]">&gt;&gt;</a>&nbsp;&nbsp;&nbsp;USBD_Reset
</UL>
<BR>[Called By]<UL><LI><a href="#[11c]">&gt;&gt;</a>&nbsp;&nbsp;&nbsp;USBD_Core_Thread
</UL>

<P><STRONG><a name="[141]"></a>USBD_Endpoint0</STRONG> (Thumb, 886 bytes, Stack size 32 bytes, usbd_lib_core.o(i.USBD_Endpoint0))
<BR><BR>[Stack]<UL><LI>Max Depth = 232<LI>Call Chain = USBD_Endpoint0 &rArr; USBD_Endpoint0_Setup_CDC_ReqToIF &rArr; USBD_DataInStage &rArr; USBD_DriverEndpointTransfer &rArr; USBD_DriverEndpointTransferAbort &rArr; USBD_SemaphoreRelease &rArr; osSemaphoreRelease &rArr; isrSemaphoreRelease &rArr; isr_sem_send &rArr; rt_psq_enq
</UL>
<BR>[Calls]<UL><LI><a href="#[163]">&gt;&gt;</a>&nbsp;&nbsp;&nbsp;USBD_Endpoint0_Setup_CDC_ReqToIF
<LI><a href="#[158]">&gt;&gt;</a>&nbsp;&nbsp;&nbsp;USBD_Endpoint0_Out_CDC_ReqToIF
<LI><a href="#[152]">&gt;&gt;</a>&nbsp;&nbsp;&nbsp;USBD_DriverReadSetupPacket
<LI><a href="#[14e]">&gt;&gt;</a>&nbsp;&nbsp;&nbsp;USBD_DriverEndpointStall
<LI><a href="#[14c]">&gt;&gt;</a>&nbsp;&nbsp;&nbsp;USBD_DriverDeviceSetAddress
<LI><a href="#[148]">&gt;&gt;</a>&nbsp;&nbsp;&nbsp;USBD_Core_Endpoint0_SetupPacketReceived
<LI><a href="#[146]">&gt;&gt;</a>&nbsp;&nbsp;&nbsp;USBD_Core_Endpoint0_SetupPacketProcessed
<LI><a href="#[144]">&gt;&gt;</a>&nbsp;&nbsp;&nbsp;USBD_Core_Endpoint0_OutDataReceived
<LI><a href="#[142]">&gt;&gt;</a>&nbsp;&nbsp;&nbsp;USBD_Core_Endpoint0_InDataSent
<LI><a href="#[15a]">&gt;&gt;</a>&nbsp;&nbsp;&nbsp;USBD_StatusOutStageDone
<LI><a href="#[153]">&gt;&gt;</a>&nbsp;&nbsp;&nbsp;USBD_StatusOutStage
<LI><a href="#[154]">&gt;&gt;</a>&nbsp;&nbsp;&nbsp;USBD_StatusInStageDone
<LI><a href="#[155]">&gt;&gt;</a>&nbsp;&nbsp;&nbsp;USBD_StatusInStage
<LI><a href="#[14b]">&gt;&gt;</a>&nbsp;&nbsp;&nbsp;USBD_DataOutStage
<LI><a href="#[14a]">&gt;&gt;</a>&nbsp;&nbsp;&nbsp;USBD_DataInStage
<LI><a href="#[15f]">&gt;&gt;</a>&nbsp;&nbsp;&nbsp;USBD_ReqSetInterface
<LI><a href="#[15e]">&gt;&gt;</a>&nbsp;&nbsp;&nbsp;USBD_ReqSetConfiguration
<LI><a href="#[15c]">&gt;&gt;</a>&nbsp;&nbsp;&nbsp;USBD_ReqSetClrFeature
<LI><a href="#[15b]">&gt;&gt;</a>&nbsp;&nbsp;&nbsp;USBD_ReqGetStatus
<LI><a href="#[165]">&gt;&gt;</a>&nbsp;&nbsp;&nbsp;USBD_ReqGetMSDescriptor
<LI><a href="#[15d]">&gt;&gt;</a>&nbsp;&nbsp;&nbsp;USBD_ReqGetDescriptor
<LI><a href="#[161]">&gt;&gt;</a>&nbsp;&nbsp;&nbsp;USBD_Endpoint0_Setup_MSC_ReqToIF
<LI><a href="#[160]">&gt;&gt;</a>&nbsp;&nbsp;&nbsp;USBD_Endpoint0_Setup_HID_ReqToIF
<LI><a href="#[162]">&gt;&gt;</a>&nbsp;&nbsp;&nbsp;USBD_Endpoint0_Setup_ADC_ReqToIF
<LI><a href="#[164]">&gt;&gt;</a>&nbsp;&nbsp;&nbsp;USBD_Endpoint0_Setup_ADC_ReqToEP
<LI><a href="#[156]">&gt;&gt;</a>&nbsp;&nbsp;&nbsp;USBD_Endpoint0_Out_HID_ReqToIF
<LI><a href="#[157]">&gt;&gt;</a>&nbsp;&nbsp;&nbsp;USBD_Endpoint0_Out_ADC_ReqToIF
<LI><a href="#[159]">&gt;&gt;</a>&nbsp;&nbsp;&nbsp;USBD_Endpoint0_Out_ADC_ReqToEP
</UL>
<BR>[Called By]<UL><LI><a href="#[13e]">&gt;&gt;</a>&nbsp;&nbsp;&nbsp;USBD_Core
</UL>

<P><STRONG><a name="[15d]"></a>USBD_ReqGetDescriptor</STRONG> (Thumb, 388 bytes, Stack size 24 bytes, usbd_lib_core.o(i.USBD_ReqGetDescriptor))
<BR><BR>[Stack]<UL><LI>Max Depth = 24<LI>Call Chain = USBD_ReqGetDescriptor
</UL>
<BR>[Calls]<UL><LI><a href="#[16d]">&gt;&gt;</a>&nbsp;&nbsp;&nbsp;USBD_Endpoint0_ReqGetDescriptor_HID
</UL>
<BR>[Called By]<UL><LI><a href="#[141]">&gt;&gt;</a>&nbsp;&nbsp;&nbsp;USBD_Endpoint0
</UL>

<P><STRONG><a name="[165]"></a>USBD_ReqGetMSDescriptor</STRONG> (Thumb, 162 bytes, Stack size 16 bytes, usbd_lib_core.o(i.USBD_ReqGetMSDescriptor))
<BR><BR>[Stack]<UL><LI>Max Depth = 16<LI>Call Chain = USBD_ReqGetMSDescriptor
</UL>
<BR>[Calls]<UL><LI><a href="#[16e]">&gt;&gt;</a>&nbsp;&nbsp;&nbsp;USBD_Endpoint0_ReqGetExtProp_CC
</UL>
<BR>[Called By]<UL><LI><a href="#[141]">&gt;&gt;</a>&nbsp;&nbsp;&nbsp;USBD_Endpoint0
</UL>

<P><STRONG><a name="[15b]"></a>USBD_ReqGetStatus</STRONG> (Thumb, 172 bytes, Stack size 20 bytes, usbd_lib_core.o(i.USBD_ReqGetStatus))
<BR><BR>[Stack]<UL><LI>Max Depth = 20<LI>Call Chain = USBD_ReqGetStatus
</UL>
<BR>[Called By]<UL><LI><a href="#[141]">&gt;&gt;</a>&nbsp;&nbsp;&nbsp;USBD_Endpoint0
</UL>

<P><STRONG><a name="[15c]"></a>USBD_ReqSetClrFeature</STRONG> (Thumb, 250 bytes, Stack size 24 bytes, usbd_lib_core.o(i.USBD_ReqSetClrFeature))
<BR><BR>[Stack]<UL><LI>Max Depth = 144<LI>Call Chain = USBD_ReqSetClrFeature &rArr; USBD_DriverEndpointStall &rArr; USBD_DriverEndpointTransferAbort &rArr; USBD_SemaphoreRelease &rArr; osSemaphoreRelease &rArr; isrSemaphoreRelease &rArr; isr_sem_send &rArr; rt_psq_enq
</UL>
<BR>[Calls]<UL><LI><a href="#[14d]">&gt;&gt;</a>&nbsp;&nbsp;&nbsp;USBD_DriverEndpointTransferAbort
<LI><a href="#[14e]">&gt;&gt;</a>&nbsp;&nbsp;&nbsp;USBD_DriverEndpointStall
<LI><a href="#[c5]">&gt;&gt;</a>&nbsp;&nbsp;&nbsp;USBD_EndpointStop
<LI><a href="#[c3]">&gt;&gt;</a>&nbsp;&nbsp;&nbsp;USBD_EndpointStart
<LI><a href="#[16f]">&gt;&gt;</a>&nbsp;&nbsp;&nbsp;USBD_Endpoint0_ClearFeatureStall_MSC
</UL>
<BR>[Called By]<UL><LI><a href="#[141]">&gt;&gt;</a>&nbsp;&nbsp;&nbsp;USBD_Endpoint0
</UL>

<P><STRONG><a name="[15e]"></a>USBD_ReqSetConfiguration</STRONG> (Thumb, 600 bytes, Stack size 48 bytes, usbd_lib_core.o(i.USBD_ReqSetConfiguration))
<BR><BR>[Stack]<UL><LI>Max Depth = 184<LI>Call Chain = USBD_ReqSetConfiguration &rArr; USBD_DriverEndpointConfigure &rArr; USBD_DriverEndpointTransferAbort &rArr; USBD_SemaphoreRelease &rArr; osSemaphoreRelease &rArr; isrSemaphoreRelease &rArr; isr_sem_send &rArr; rt_psq_enq
</UL>
<BR>[Calls]<UL><LI><a href="#[14f]">&gt;&gt;</a>&nbsp;&nbsp;&nbsp;USBD_DriverEndpointUnconfigure
<LI><a href="#[14d]">&gt;&gt;</a>&nbsp;&nbsp;&nbsp;USBD_DriverEndpointTransferAbort
<LI><a href="#[140]">&gt;&gt;</a>&nbsp;&nbsp;&nbsp;USBD_DriverEndpointConfigure
<LI><a href="#[170]">&gt;&gt;</a>&nbsp;&nbsp;&nbsp;USBD_SetConfiguration
<LI><a href="#[c5]">&gt;&gt;</a>&nbsp;&nbsp;&nbsp;USBD_EndpointStop
<LI><a href="#[c3]">&gt;&gt;</a>&nbsp;&nbsp;&nbsp;USBD_EndpointStart
</UL>
<BR>[Called By]<UL><LI><a href="#[141]">&gt;&gt;</a>&nbsp;&nbsp;&nbsp;USBD_Endpoint0
</UL>

<P><STRONG><a name="[15f]"></a>USBD_ReqSetInterface</STRONG> (Thumb, 394 bytes, Stack size 48 bytes, usbd_lib_core.o(i.USBD_ReqSetInterface))
<BR><BR>[Stack]<UL><LI>Max Depth = 184<LI>Call Chain = USBD_ReqSetInterface &rArr; USBD_DriverEndpointConfigure &rArr; USBD_DriverEndpointTransferAbort &rArr; USBD_SemaphoreRelease &rArr; osSemaphoreRelease &rArr; isrSemaphoreRelease &rArr; isr_sem_send &rArr; rt_psq_enq
</UL>
<BR>[Calls]<UL><LI><a href="#[14f]">&gt;&gt;</a>&nbsp;&nbsp;&nbsp;USBD_DriverEndpointUnconfigure
<LI><a href="#[14d]">&gt;&gt;</a>&nbsp;&nbsp;&nbsp;USBD_DriverEndpointTransferAbort
<LI><a href="#[140]">&gt;&gt;</a>&nbsp;&nbsp;&nbsp;USBD_DriverEndpointConfigure
<LI><a href="#[c5]">&gt;&gt;</a>&nbsp;&nbsp;&nbsp;USBD_EndpointStop
<LI><a href="#[c3]">&gt;&gt;</a>&nbsp;&nbsp;&nbsp;USBD_EndpointStart
</UL>
<BR>[Called By]<UL><LI><a href="#[141]">&gt;&gt;</a>&nbsp;&nbsp;&nbsp;USBD_Endpoint0
</UL>

<P><STRONG><a name="[13f]"></a>USBD_ResetCore</STRONG> (Thumb, 36 bytes, Stack size 16 bytes, usbd_lib_core.o(i.USBD_ResetCore))
<BR><BR>[Stack]<UL><LI>Max Depth = 16 + Unknown Stack Size
<LI>Call Chain = USBD_ResetCore
</UL>
<BR>[Calls]<UL><LI><a href="#[16c]">&gt;&gt;</a>&nbsp;&nbsp;&nbsp;__aeabi_memclr
</UL>
<BR>[Called By]<UL><LI><a href="#[13e]">&gt;&gt;</a>&nbsp;&nbsp;&nbsp;USBD_Core
</UL>

<P><STRONG><a name="[120]"></a>USBD_CDC_CheckInstance</STRONG> (Thumb, 54 bytes, Stack size 0 bytes, usbd_lib_cdc.o(i.USBD_CDC_CheckInstance))
<BR><BR>[Called By]<UL><LI><a href="#[bb]">&gt;&gt;</a>&nbsp;&nbsp;&nbsp;USBD_CDC_Uninitialize
<LI><a href="#[ce]">&gt;&gt;</a>&nbsp;&nbsp;&nbsp;USBD_CDC_Reset
<LI><a href="#[b9]">&gt;&gt;</a>&nbsp;&nbsp;&nbsp;USBD_CDC_Initialize
<LI><a href="#[c6]">&gt;&gt;</a>&nbsp;&nbsp;&nbsp;USBD_CDC_EndpointStop
<LI><a href="#[c4]">&gt;&gt;</a>&nbsp;&nbsp;&nbsp;USBD_CDC_EndpointStart
<LI><a href="#[13b]">&gt;&gt;</a>&nbsp;&nbsp;&nbsp;USBD_CDC_NCM_CoreSetNtbInputSize
<LI><a href="#[13a]">&gt;&gt;</a>&nbsp;&nbsp;&nbsp;USBD_CDC_NCM_CoreSetNtbFormat
<LI><a href="#[139]">&gt;&gt;</a>&nbsp;&nbsp;&nbsp;USBD_CDC_NCM_CoreSetNetAddress
<LI><a href="#[138]">&gt;&gt;</a>&nbsp;&nbsp;&nbsp;USBD_CDC_NCM_CoreSetMaxDatagramSize
<LI><a href="#[137]">&gt;&gt;</a>&nbsp;&nbsp;&nbsp;USBD_CDC_NCM_CoreSetEthernetPowerManagementPatternFilter
<LI><a href="#[136]">&gt;&gt;</a>&nbsp;&nbsp;&nbsp;USBD_CDC_NCM_CoreSetEthernetPacketFilter
<LI><a href="#[135]">&gt;&gt;</a>&nbsp;&nbsp;&nbsp;USBD_CDC_NCM_CoreSetEthernetMulticastFilters
<LI><a href="#[134]">&gt;&gt;</a>&nbsp;&nbsp;&nbsp;USBD_CDC_NCM_CoreSetCrcMode
<LI><a href="#[133]">&gt;&gt;</a>&nbsp;&nbsp;&nbsp;USBD_CDC_NCM_CoreGetNtbParameters
<LI><a href="#[132]">&gt;&gt;</a>&nbsp;&nbsp;&nbsp;USBD_CDC_NCM_CoreGetNtbInputSize
<LI><a href="#[131]">&gt;&gt;</a>&nbsp;&nbsp;&nbsp;USBD_CDC_NCM_CoreGetNtbFormat
<LI><a href="#[130]">&gt;&gt;</a>&nbsp;&nbsp;&nbsp;USBD_CDC_NCM_CoreGetNetAddress
<LI><a href="#[12f]">&gt;&gt;</a>&nbsp;&nbsp;&nbsp;USBD_CDC_NCM_CoreGetMaxDatagramSize
<LI><a href="#[12e]">&gt;&gt;</a>&nbsp;&nbsp;&nbsp;USBD_CDC_NCM_CoreGetEthernetStatistic
<LI><a href="#[12d]">&gt;&gt;</a>&nbsp;&nbsp;&nbsp;USBD_CDC_NCM_CoreGetEthernetPowerManagementPatternFilter
<LI><a href="#[12c]">&gt;&gt;</a>&nbsp;&nbsp;&nbsp;USBD_CDC_NCM_CoreGetCrcMode
<LI><a href="#[11e]">&gt;&gt;</a>&nbsp;&nbsp;&nbsp;USBD_CDC_Int_Thread
<LI><a href="#[11d]">&gt;&gt;</a>&nbsp;&nbsp;&nbsp;USBD_CDC_Bulk_Thread
<LI><a href="#[126]">&gt;&gt;</a>&nbsp;&nbsp;&nbsp;USBD_CDC_ACM_WriteData
<LI><a href="#[125]">&gt;&gt;</a>&nbsp;&nbsp;&nbsp;USBD_CDC_ACM_ReadData
<LI><a href="#[124]">&gt;&gt;</a>&nbsp;&nbsp;&nbsp;USBD_CDC_ACM_CoreSetLineCoding
<LI><a href="#[123]">&gt;&gt;</a>&nbsp;&nbsp;&nbsp;USBD_CDC_ACM_CoreSetControlLineState
<LI><a href="#[122]">&gt;&gt;</a>&nbsp;&nbsp;&nbsp;USBD_CDC_ACM_CoreSendEncapsulatedCommand
<LI><a href="#[121]">&gt;&gt;</a>&nbsp;&nbsp;&nbsp;USBD_CDC_ACM_CoreGetLineCoding
<LI><a href="#[11f]">&gt;&gt;</a>&nbsp;&nbsp;&nbsp;USBD_CDC_ACM_CoreGetEncapsulatedResponse
<LI><a href="#[128]">&gt;&gt;</a>&nbsp;&nbsp;&nbsp;USBD_CDC_EpBulkOut
<LI><a href="#[129]">&gt;&gt;</a>&nbsp;&nbsp;&nbsp;USBD_CDC_EpBulkIn
</UL>

<P><STRONG><a name="[129]"></a>USBD_CDC_EpBulkIn</STRONG> (Thumb, 494 bytes, Stack size 40 bytes, usbd_lib_cdc.o(i.USBD_CDC_EpBulkIn))
<BR><BR>[Stack]<UL><LI>Max Depth = 176<LI>Call Chain = USBD_CDC_EpBulkIn &rArr; USBD_DriverEndpointTransfer &rArr; USBD_DriverEndpointTransferAbort &rArr; USBD_SemaphoreRelease &rArr; osSemaphoreRelease &rArr; isrSemaphoreRelease &rArr; isr_sem_send &rArr; rt_psq_enq
</UL>
<BR>[Calls]<UL><LI><a href="#[120]">&gt;&gt;</a>&nbsp;&nbsp;&nbsp;USBD_CDC_CheckInstance
<LI><a href="#[12a]">&gt;&gt;</a>&nbsp;&nbsp;&nbsp;USBD_DriverEndpointTransferGetResult
<LI><a href="#[12b]">&gt;&gt;</a>&nbsp;&nbsp;&nbsp;USBD_DriverEndpointTransfer
<LI><a href="#[127]">&gt;&gt;</a>&nbsp;&nbsp;&nbsp;__aeabi_memcpy
</UL>
<BR>[Called By]<UL><LI><a href="#[11d]">&gt;&gt;</a>&nbsp;&nbsp;&nbsp;USBD_CDC_Bulk_Thread
</UL>

<P><STRONG><a name="[128]"></a>USBD_CDC_EpBulkOut</STRONG> (Thumb, 426 bytes, Stack size 48 bytes, usbd_lib_cdc.o(i.USBD_CDC_EpBulkOut))
<BR><BR>[Stack]<UL><LI>Max Depth = 184<LI>Call Chain = USBD_CDC_EpBulkOut &rArr; USBD_DriverEndpointTransfer &rArr; USBD_DriverEndpointTransferAbort &rArr; USBD_SemaphoreRelease &rArr; osSemaphoreRelease &rArr; isrSemaphoreRelease &rArr; isr_sem_send &rArr; rt_psq_enq
</UL>
<BR>[Calls]<UL><LI><a href="#[120]">&gt;&gt;</a>&nbsp;&nbsp;&nbsp;USBD_CDC_CheckInstance
<LI><a href="#[12a]">&gt;&gt;</a>&nbsp;&nbsp;&nbsp;USBD_DriverEndpointTransferGetResult
<LI><a href="#[12b]">&gt;&gt;</a>&nbsp;&nbsp;&nbsp;USBD_DriverEndpointTransfer
<LI><a href="#[127]">&gt;&gt;</a>&nbsp;&nbsp;&nbsp;__aeabi_memcpy
</UL>
<BR>[Called By]<UL><LI><a href="#[11d]">&gt;&gt;</a>&nbsp;&nbsp;&nbsp;USBD_CDC_Bulk_Thread
</UL>

<P><STRONG><a name="[1b8]"></a>_fadd1</STRONG> (Thumb, 0 bytes, Stack size unknown bytes, faddsub_clz.o(x$fpl$fadd), UNUSED)
<BR><BR>[Called By]<UL><LI><a href="#[1b7]">&gt;&gt;</a>&nbsp;&nbsp;&nbsp;_fsub
</UL>

<P><STRONG><a name="[1b1]"></a>_fsub1</STRONG> (Thumb, 0 bytes, Stack size unknown bytes, faddsub_clz.o(x$fpl$fsub), UNUSED)
<BR><BR>[Called By]<UL><LI><a href="#[1b0]">&gt;&gt;</a>&nbsp;&nbsp;&nbsp;_fadd
</UL>
<P>
<H3>
Undefined Global Symbols
</H3><HR></body></html>
